Archive member included to satisfy reference by file (symbol)

platform/libplatform_s.a(system_nrf91.o)
                              secure_fw/CMakeFiles/tfm_s.dir/__/platform/ext/target/nordic_nrf/common/core/startup.o (SystemInit)
platform/libplatform_s.a(exception_info.o)
                              secure_fw/CMakeFiles/tfm_s.dir/__/platform/ext/target/nordic_nrf/common/core/startup_nrf91.o (store_and_dump_context)
platform/libplatform_s.a(tfm_hal_spm_logdev_peripheral.o)
                              platform/libplatform_s.a(exception_info.o) (tfm_hal_output_spm_log)
platform/libplatform_s.a(uart_stdout.o)
                              platform/libplatform_s.a(tfm_hal_spm_logdev_peripheral.o) (stdio_output_string)
platform/libplatform_s.a(Driver_USART.o)
                              platform/libplatform_s.a(uart_stdout.o) (Driver_USART1)
platform/libplatform_s.a(nrfx_uarte.o)
                              platform/libplatform_s.a(Driver_USART.o) (nrfx_uarte_init)
platform/libplatform_s.a(nrfx_glue.o)
                              platform/libplatform_s.a(nrfx_uarte.o) (nrfx_critical_section_enter)
secure_fw/partitions/lib/runtime/libtfm_sprt.a(crt_memmove.o)
                              platform/libplatform_s.a(nrfx_uarte.o) (memmove)
secure_fw/partitions/lib/runtime/libtfm_sprt.a(crt_memcpy.o)
                              platform/libplatform_s.a(exception_info.o) (memcpy)
secure_fw/partitions/lib/runtime/libtfm_sprt.a(crt_memset.o)
                              c:/ncs/toolchains/66cdf9b75e/opt/zephyr-sdk/arm-zephyr-eabi/bin/../lib/gcc/arm-zephyr-eabi/12.2.0/../../../../arm-zephyr-eabi/lib/thumb/v8-m.main+fp/hard/crt0.o (memset)
secure_fw/partitions/lib/runtime/libtfm_sprt.a(psa_interface_sfn.o)
                              secure_fw/CMakeFiles/tfm_s.dir/partitions/ns_agent_tz/psa_api_veneers_v80m.o (psa_framework_version)
secure_fw/spm/libtfm_spm.a(utilities.o)
                              secure_fw/CMakeFiles/tfm_s.dir/__/platform/ext/target/nordic_nrf/common/core/startup.o (tfm_core_panic)
secure_fw/spm/libtfm_spm.a(spm_log.o)
                              platform/libplatform_s.a(exception_info.o) (spm_log_msgval)
secure_fw/spm/libtfm_spm.a(main.o)
                              c:/ncs/toolchains/66cdf9b75e/opt/zephyr-sdk/arm-zephyr-eabi/bin/../lib/gcc/arm-zephyr-eabi/12.2.0/../../../../arm-zephyr-eabi/lib/thumb/v8-m.main+fp/hard/crt0.o (main)
secure_fw/spm/libtfm_spm.a(spm_ipc.o)
                              secure_fw/spm/libtfm_spm.a(main.o) (tfm_spm_init)
secure_fw/spm/libtfm_spm.a(rom_loader.o)
                              secure_fw/spm/libtfm_spm.a(spm_ipc.o) (load_a_partition_assuredly)
secure_fw/spm/libtfm_spm.a(psa_api.o)
                              secure_fw/partitions/lib/runtime/libtfm_sprt.a(psa_interface_sfn.o) (spm_handle_programmer_errors)
secure_fw/spm/libtfm_spm.a(psa_call_api.o)
                              secure_fw/partitions/lib/runtime/libtfm_sprt.a(psa_interface_sfn.o) (tfm_spm_client_psa_call)
secure_fw/spm/libtfm_spm.a(psa_version_api.o)
                              secure_fw/partitions/lib/runtime/libtfm_sprt.a(psa_interface_sfn.o) (tfm_spm_client_psa_framework_version)
secure_fw/spm/libtfm_spm.a(psa_read_write_skip_api.o)
                              secure_fw/partitions/lib/runtime/libtfm_sprt.a(psa_interface_sfn.o) (tfm_spm_partition_psa_read)
secure_fw/spm/libtfm_spm.a(backend_sfn.o)
                              secure_fw/partitions/lib/runtime/libtfm_sprt.a(psa_interface_sfn.o) (p_current_partition)
secure_fw/spm/libtfm_spm.a(tfm_spm_ns_ctx.o)
                              secure_fw/spm/libtfm_spm.a(backend_sfn.o) (tz_ns_agent_register_client_id_range)
secure_fw/spm/libtfm_spm.a(spm_local_connection.o)
                              secure_fw/spm/libtfm_spm.a(spm_ipc.o) (connection_to_handle)
secure_fw/spm/libtfm_spm.a(tfm_arch_v8m_main.o)
                              secure_fw/spm/libtfm_spm.a(main.o) (tfm_arch_set_secure_exception_priorities)
secure_fw/spm/libtfm_spm.a(ns_agent_tz_v80m.o)
                              secure_fw/CMakeFiles/tfm_s.dir/partitions/ns_agent_tz/load_info_ns_agent_tz.o (ns_agent_tz_main)
secure_fw/spm/libtfm_spm.a(tfm_hal_isolation.o)
                              secure_fw/spm/libtfm_spm.a(spm_ipc.o) (tfm_hal_bind_boundary)
secure_fw/spm/libtfm_spm.a(tfm_hal_platform_common.o)
                              secure_fw/spm/libtfm_spm.a(tfm_spm_ns_ctx.o) (tfm_hal_get_ns_VTOR)
secure_fw/spm/libtfm_spm.a(faults.o)
                              secure_fw/CMakeFiles/tfm_s.dir/__/platform/ext/target/nordic_nrf/common/core/startup_nrf91.o (SPU_IRQHandler)
secure_fw/spm/libtfm_spm.a(target_cfg.o)
                              secure_fw/spm/libtfm_spm.a(tfm_hal_platform_common.o) (enable_fault_handlers)
secure_fw/spm/libtfm_spm.a(target_cfg_53_91.o)
                              secure_fw/spm/libtfm_spm.a(tfm_hal_platform_common.o) (init_debug)
secure_fw/spm/libtfm_spm.a(secure_peripherals_defs.o)
[...]
Memory Configuration

Name             Origin             Length             Attributes
FLASH            0x0000000000000000 0x0000000000008000 xr
RAM              0x0000000020000000 0x0000000000008000 rw
*default*        0x0000000000000000 0xffffffffffffffff

Linker script and memory map

LOAD c:/ncs/toolchains/66cdf9b75e/opt/zephyr-sdk/arm-zephyr-eabi/bin/../lib/gcc/arm-zephyr-eabi/12.2.0/thumb/v8-m.main+fp/hard/crti.o
LOAD c:/ncs/toolchains/66cdf9b75e/opt/zephyr-sdk/arm-zephyr-eabi/bin/../lib/gcc/arm-zephyr-eabi/12.2.0/thumb/v8-m.main+fp/hard/crtbegin.o
LOAD c:/ncs/toolchains/66cdf9b75e/opt/zephyr-sdk/arm-zephyr-eabi/bin/../lib/gcc/arm-zephyr-eabi/12.2.0/../../../../arm-zephyr-eabi/lib/thumb/v8-m.main+fp/hard/crt0.o
LOAD secure_fw/CMakeFiles/tfm_s.dir/partitions/ns_agent_tz/psa_api_veneers_v80m.o
LOAD secure_fw/CMakeFiles/tfm_s.dir/__/platform/ext/target/nordic_nrf/common/core/startup.o
LOAD secure_fw/CMakeFiles/tfm_s.dir/__/platform/ext/target/nordic_nrf/common/core/startup_nrf91.o
LOAD secure_fw/CMakeFiles/tfm_s.dir/__/platform/ext/common/faults.o
LOAD secure_fw/CMakeFiles/tfm_s.dir/__/generated/secure_fw/partitions/crypto/auto_generated/load_info_tfm_crypto.o
LOAD secure_fw/CMakeFiles/tfm_s.dir/__/generated/secure_fw/partitions/platform/auto_generated/load_info_tfm_platform.o
LOAD secure_fw/CMakeFiles/tfm_s.dir/partitions/ns_agent_tz/load_info_ns_agent_tz.o
LOAD secure_fw/CMakeFiles/tfm_s.dir/__/platform/ext/common/syscalls_stub.o
LOAD secure_fw/CMakeFiles/tfm_s.dir/__/lib/tfm_vprintf/src/tfm_vprintf.o
LOAD platform/libplatform_s.a
LOAD secure_fw/partitions/lib/runtime/libtfm_sprt.a
LOAD secure_fw/spm/libtfm_spm.a
LOAD secure_fw/partitions/crypto/libtfm_psa_rot_partition_crypto.a
LOAD platform/libplatform_crypto_keys.a
LOAD secure_fw/partitions/crypto/mbedcrypto/nrf_security_src/libcrypto_service_mbedcrypto.a
LOAD secure_fw/partitions/platform/libtfm_psa_rot_partition_platform.a
LOAD secure_fw/partitions/lib/runtime/libtfm_sp_log.a
LOAD secure_fw/partitions/crypto/mbedcrypto/nrf_security_src/libmbedcrypto_base.a
LOAD secure_fw/partitions/crypto/mbedcrypto/nrf_security_src/core/nrf_oberon/libpsa_core.a
LOAD secure_fw/partitions/crypto/mbedcrypto/nrf_security_src/libnrf_security_utils.a
LOAD secure_fw/partitions/crypto/mbedcrypto/nrf_security_src/drivers/nrf_oberon/liboberon_psa_driver.a
LOAD C:/ncs/v3.2.1/nrfxlib/crypto/nrf_oberon/lib/cortex-m33/hard-float/liboberon_mbedtls_3.0.17.a
LOAD platform/libplatform_s.a
LOAD secure_fw/partitions/lib/runtime/libtfm_sprt.a
LOAD secure_fw/spm/libtfm_spm.a
LOAD secure_fw/partitions/crypto/libtfm_psa_rot_partition_crypto.a
LOAD platform/libplatform_crypto_keys.a
LOAD secure_fw/partitions/crypto/mbedcrypto/nrf_security_src/libcrypto_service_mbedcrypto.a
LOAD secure_fw/partitions/platform/libtfm_psa_rot_partition_platform.a
LOAD secure_fw/partitions/lib/runtime/libtfm_sp_log.a
LOAD secure_fw/partitions/crypto/mbedcrypto/nrf_security_src/libmbedcrypto_base.a
LOAD secure_fw/partitions/crypto/mbedcrypto/nrf_security_src/core/nrf_oberon/libpsa_core.a
LOAD secure_fw/partitions/crypto/mbedcrypto/nrf_security_src/libnrf_security_utils.a
LOAD secure_fw/partitions/crypto/mbedcrypto/nrf_security_src/drivers/nrf_oberon/liboberon_psa_driver.a
LOAD C:/ncs/v3.2.1/nrfxlib/crypto/nrf_oberon/lib/cortex-m33/hard-float/liboberon_mbedtls_3.0.17.a
LOAD platform/libplatform_s.a
LOAD secure_fw/partitions/lib/runtime/libtfm_sprt.a
LOAD secure_fw/spm/libtfm_spm.a
LOAD secure_fw/partitions/crypto/libtfm_psa_rot_partition_crypto.a
LOAD platform/libplatform_crypto_keys.a
LOAD secure_fw/partitions/crypto/mbedcrypto/nrf_security_src/libcrypto_service_mbedcrypto.a
LOAD secure_fw/partitions/platform/libtfm_psa_rot_partition_platform.a
LOAD secure_fw/partitions/lib/runtime/libtfm_sp_log.a
LOAD secure_fw/partitions/crypto/mbedcrypto/nrf_security_src/libmbedcrypto_base.a
LOAD secure_fw/partitions/crypto/mbedcrypto/nrf_security_src/core/nrf_oberon/libpsa_core.a
LOAD secure_fw/partitions/crypto/mbedcrypto/nrf_security_src/libnrf_security_utils.a
LOAD secure_fw/partitions/crypto/mbedcrypto/nrf_security_src/drivers/nrf_oberon/liboberon_psa_driver.a
LOAD C:/ncs/v3.2.1/nrfxlib/crypto/nrf_oberon/lib/cortex-m33/hard-float/liboberon_mbedtls_3.0.17.a
LOAD C:/ncs/v3.2.1/nrfxlib/crypto/nrf_cc310_platform/lib/cortex-m33/hard-float/no-interrupts/libnrf_cc310_platform_0.9.19.a
LOAD C:/ncs/v3.2.1/nrfxlib/crypto/nrf_oberon/lib/cortex-m33/hard-float/liboberon_3.0.17.a
START GROUP
LOAD c:/ncs/toolchains/66cdf9b75e/opt/zephyr-sdk/arm-zephyr-eabi/bin/../lib/gcc/arm-zephyr-eabi/12.2.0/thumb/v8-m.main+fp/hard\libgcc.a
LOAD c:/ncs/toolchains/66cdf9b75e/opt/zephyr-sdk/arm-zephyr-eabi/bin/../lib/gcc/arm-zephyr-eabi/12.2.0/../../../../arm-zephyr-eabi/lib/thumb/v8-m.main+fp/hard\libc_nano.a
END GROUP
START GROUP
LOAD c:/ncs/toolchains/66cdf9b75e/opt/zephyr-sdk/arm-zephyr-eabi/bin/../lib/gcc/arm-zephyr-eabi/12.2.0/thumb/v8-m.main+fp/hard\libgcc.a
LOAD c:/ncs/toolchains/66cdf9b75e/opt/zephyr-sdk/arm-zephyr-eabi/bin/../lib/gcc/arm-zephyr-eabi/12.2.0/../../../../arm-zephyr-eabi/lib/thumb/v8-m.main+fp/hard\libc_nano.a
LOAD c:/ncs/toolchains/66cdf9b75e/opt/zephyr-sdk/arm-zephyr-eabi/bin/../lib/gcc/arm-zephyr-eabi/12.2.0/../../../../arm-zephyr-eabi/lib/thumb/v8-m.main+fp/hard\libnosys.a
END GROUP
START GROUP
LOAD c:/ncs/toolchains/66cdf9b75e/opt/zephyr-sdk/arm-zephyr-eabi/bin/../lib/gcc/arm-zephyr-eabi/12.2.0/thumb/v8-m.main+fp/hard\libgcc.a
LOAD c:/ncs/toolchains/66cdf9b75e/opt/zephyr-sdk/arm-zephyr-eabi/bin/../lib/gcc/arm-zephyr-eabi/12.2.0/../../../../arm-zephyr-eabi/lib/thumb/v8-m.main+fp/hard\libc_nano.a
LOAD c:/ncs/toolchains/66cdf9b75e/opt/zephyr-sdk/arm-zephyr-eabi/bin/../lib/gcc/arm-zephyr-eabi/12.2.0/../../../../arm-zephyr-eabi/lib/thumb/v8-m.main+fp/hard\libnosys.a
END GROUP
LOAD c:/ncs/toolchains/66cdf9b75e/opt/zephyr-sdk/arm-zephyr-eabi/bin/../lib/gcc/arm-zephyr-eabi/12.2.0/thumb/v8-m.main+fp/hard/crtend.o
LOAD c:/ncs/toolchains/66cdf9b75e/opt/zephyr-sdk/arm-zephyr-eabi/bin/../lib/gcc/arm-zephyr-eabi/12.2.0/thumb/v8-m.main+fp/hard/crtn.o
                0x0000000000000800                __msp_stack_size__ = 0x800
                0x0000000000000000                Image$$PT_RO_START$$Base = ADDR (.TFM_VECTORS)

.TFM_VECTORS    0x0000000000000000      0x144
                0x0000000000000000                __vectors_start__ = .
 *(.vectors)
 .vectors       0x0000000000000000      0x144 secure_fw/CMakeFiles/tfm_s.dir/__/platform/ext/target/nordic_nrf/common/core/startup_nrf91.o
                0x0000000000000000                __Vectors
                0x0000000000000144                . = ALIGN (0x4)
                0x0000000000000144                __vectors_end__ = .
                0x0000000000000001                ASSERT ((__vectors_start__ != __vectors_end__), .vectors should not be empty)
                0x0000000000000001                ASSERT ((. <= (ADDR (.TFM_VECTORS) + 0x144)), .TFM_VECTORS section size overflow.)
                0x0000000000000144                . = (ADDR (.TFM_VECTORS) + 0x144)

.TFM_SP_LOAD_LIST
                0x0000000000000144       0xd4
 *(.part_load_priority_00)
 .part_load_priority_00
                0x0000000000000144       0x38 secure_fw/CMakeFiles/tfm_s.dir/partitions/ns_agent_tz/load_info_ns_agent_tz.o
                0x0000000000000144                tfm_sp_ns_agent_tz_load
 *(.part_load_priority_01)
 *(.part_load_priority_02)
 .part_load_priority_02
                0x000000000000017c       0x50 secure_fw/CMakeFiles/tfm_s.dir/__/generated/secure_fw/partitions/crypto/auto_generated/load_info_tfm_crypto.o
                0x000000000000017c                tfm_sp_crypto_load
 .part_load_priority_02
                0x00000000000001cc       0x4c secure_fw/CMakeFiles/tfm_s.dir/__/generated/secure_fw/partitions/platform/auto_generated/load_info_tfm_platform.o
                0x00000000000001cc                tfm_sp_platform_load
 *(.part_load_priority_03)
                0x0000000000000144                Image$$TFM_SP_LOAD_LIST$$RO$$Base = ADDR (.TFM_SP_LOAD_LIST)
                0x0000000000000218                Image$$TFM_SP_LOAD_LIST$$RO$$Limit = (ADDR (.TFM_SP_LOAD_LIST) + SIZEOF (.TFM_SP_LOAD_LIST))
                0x0000000000000220                . = ALIGN (0x20)
                0x0000000000000220                Image$$TFM_PSA_CODE_START$$Base = .

.TFM_PSA_ROT_LINKER
                0x0000000000000220      0x6e0
 *tfm_psa_rot_partition*:(SORT_BY_ALIGNMENT(.text*))
 .text.tfm_crypto_clear_scratch
                0x0000000000000220       0x20 secure_fw/partitions/crypto/libtfm_psa_rot_partition_crypto.a(crypto_init.o)
 .text.tfm_crypto_sfn
                0x0000000000000240      0x22c secure_fw/partitions/crypto/libtfm_psa_rot_partition_crypto.a(crypto_init.o)
                0x0000000000000240                tfm_crypto_sfn
 .text.tfm_crypto_init_alloc
                0x000000000000046c       0x14 secure_fw/partitions/crypto/libtfm_psa_rot_partition_crypto.a(crypto_alloc.o)
                0x000000000000046c                tfm_crypto_init_alloc
 .text.tfm_crypto_library_get_info
                0x0000000000000480       0x1c secure_fw/partitions/crypto/libtfm_psa_rot_partition_crypto.a(crypto_library.o)
                0x0000000000000480                tfm_crypto_library_get_info
 .text.tfm_crypto_core_library_init
                0x000000000000049c       0x1c secure_fw/partitions/crypto/libtfm_psa_rot_partition_crypto.a(crypto_library.o)
                0x000000000000049c                tfm_crypto_core_library_init
 .text.tfm_crypto_init
                0x00000000000004b8       0x1c secure_fw/partitions/crypto/libtfm_psa_rot_partition_crypto.a(crypto_init.o)
                0x00000000000004b8                tfm_crypto_init
 .text.tfm_crypto_cipher_interface
                0x00000000000004d4        0x6 secure_fw/partitions/crypto/libtfm_psa_rot_partition_crypto.a(crypto_cipher.o)
                0x00000000000004d4                tfm_crypto_cipher_interface
 .text.tfm_crypto_hash_interface
                0x00000000000004da        0x6 secure_fw/partitions/crypto/libtfm_psa_rot_partition_crypto.a(crypto_hash.o)
                0x00000000000004da                tfm_crypto_hash_interface
 .text.tfm_crypto_mac_interface
                0x00000000000004e0        0x6 secure_fw/partitions/crypto/libtfm_psa_rot_partition_crypto.a(crypto_mac.o)
                0x00000000000004e0                tfm_crypto_mac_interface
 .text.tfm_crypto_aead_interface
                0x00000000000004e6        0x6 secure_fw/partitions/crypto/libtfm_psa_rot_partition_crypto.a(crypto_aead.o)
                0x00000000000004e6                tfm_crypto_aead_interface
 .text.tfm_crypto_asymmetric_sign_interface
                0x00000000000004ec        0x6 secure_fw/partitions/crypto/libtfm_psa_rot_partition_crypto.a(crypto_asymmetric.o)
                0x00000000000004ec                tfm_crypto_asymmetric_sign_interface
 .text.tfm_crypto_asymmetric_encrypt_interface
                0x00000000000004f2        0x6 secure_fw/partitions/crypto/libtfm_psa_rot_partition_crypto.a(crypto_asymmetric.o)
                0x00000000000004f2                tfm_crypto_asymmetric_encrypt_interface
 .text.tfm_crypto_key_derivation_interface
                0x00000000000004f8        0x6 secure_fw/partitions/crypto/libtfm_psa_rot_partition_crypto.a(crypto_key_derivation.o)
                0x00000000000004f8                tfm_crypto_key_derivation_interface
 .text.tfm_crypto_key_management_interface
                0x00000000000004fe        0x6 secure_fw/partitions/crypto/libtfm_psa_rot_partition_crypto.a(crypto_key_management.o)
                0x00000000000004fe                tfm_crypto_key_management_interface
 .text.tfm_crypto_random_interface
                0x0000000000000504        0x8 secure_fw/partitions/crypto/libtfm_psa_rot_partition_crypto.a(crypto_rng.o)
                0x0000000000000504                tfm_crypto_random_interface
 .text.null_printf
                0x000000000000050c        0x8 secure_fw/partitions/crypto/libtfm_psa_rot_partition_crypto.a(crypto_library.o)
 .text.tfm_crypto_pake_interface
                0x0000000000000514        0x6 secure_fw/partitions/crypto/libtfm_psa_rot_partition_crypto.a(crypto_pake.o)
                0x0000000000000514                tfm_crypto_pake_interface
 .text.tfm_platform_service_sfn
                0x000000000000051a      0x114 secure_fw/partitions/platform/libtfm_psa_rot_partition_platform.a(platform_sp.o)
                0x000000000000051a                tfm_platform_service_sfn
 .text.platform_sp_init
                0x000000000000062e        0x4 secure_fw/partitions/platform/libtfm_psa_rot_partition_platform.a(platform_sp.o)
                0x000000000000062e                platform_sp_init
 *tfm_psa_rot_partition*:(SORT_BY_ALIGNMENT(.rodata*))
 .rodata.tfm_crypto_library_get_info.str1.1
                0x0000000000000632        0xf secure_fw/partitions/crypto/libtfm_psa_rot_partition_crypto.a(crypto_library.o)
 *tfm_*partition_crypto.*:(SORT_BY_ALIGNMENT(.text*))
 *tfm_*partition_crypto.*:(SORT_BY_ALIGNMENT(.rodata*))
 *mbedcrypto.*:(SORT_BY_ALIGNMENT(.text*))
 *fill*         0x0000000000000641        0x3 
 .text.verify_header
                0x0000000000000644       0x40 secure_fw/partitions/crypto/mbedcrypto/nrf_security_src/libcrypto_service_mbedcrypto.a(memory_buffer_alloc.o)
 .text.verify_chain
                0x0000000000000684       0x3c secure_fw/partitions/crypto/mbedcrypto/nrf_security_src/libcrypto_service_mbedcrypto.a(memory_buffer_alloc.o)
 .text.buffer_alloc_calloc
                0x00000000000006c0       0xf4 secure_fw/partitions/crypto/mbedcrypto/nrf_security_src/libcrypto_service_mbedcrypto.a(memory_buffer_alloc.o)
 .text.buffer_alloc_free
                0x00000000000007b4       0xe8 secure_fw/partitions/crypto/mbedcrypto/nrf_security_src/libcrypto_service_mbedcrypto.a(memory_buffer_alloc.o)
 .text.mbedtls_memory_buffer_alloc_init
                0x000000000000089c       0x64 secure_fw/partitions/crypto/mbedcrypto/nrf_security_src/libcrypto_service_mbedcrypto.a(memory_buffer_alloc.o)
                0x000000000000089c                mbedtls_memory_buffer_alloc_init
 *mbedcrypto.*:(SORT_BY_ALIGNMENT(.rodata*))
 *mbedtls*acceleration.*:(SORT_BY_ALIGNMENT(.text*))
 *mbedtls*acceleration.*:(SORT_BY_ALIGNMENT(.rodata*))
 *(TFM_SP_CRYPTO_PSA-ROT_ATTR_FN)
 *tfm_*partition_platform.*:(SORT_BY_ALIGNMENT(.text*))
 *tfm_*partition_platform.*:(SORT_BY_ALIGNMENT(.rodata*))
 *(TFM_SP_PLATFORM_PSA-ROT_ATTR_FN)
 *(TFM_*_PSA-ROT_ATTR_FN)
                0x0000000000000900                . = ALIGN (0x20)
                0x0000000000000220                Image$$TFM_PSA_ROT_LINKER$$RO$$Base = ADDR (.TFM_PSA_ROT_LINKER)
                0x0000000000000900                Image$$TFM_PSA_ROT_LINKER$$RO$$Limit = (ADDR (.TFM_PSA_ROT_LINKER) + SIZEOF (.TFM_PSA_ROT_LINKER))
                0x0000000000000220                Image$$TFM_PSA_ROT_LINKER$$Base = ADDR (.TFM_PSA_ROT_LINKER)
                0x0000000000000900                Image$$TFM_PSA_ROT_LINKER$$Limit = (ADDR (.TFM_PSA_ROT_LINKER) + SIZEOF (.TFM_PSA_ROT_LINKER))
                0x0000000000000900                Image$$TFM_PSA_CODE_END$$Base = .
                0x0000000000000900                Image$$TFM_APP_CODE_START$$Base = .

.TFM_APP_ROT_LINKER
                0x0000000000000900        0x0
 *tfm_app_rot_partition*:(SORT_BY_ALIGNMENT(.text*))
 *tfm_app_rot_partition*:(SORT_BY_ALIGNMENT(.rodata*))
 *(TFM_*_APP-ROT_ATTR_FN)
                0x0000000000000900                . = ALIGN (0x20)
                0x0000000000000900                Image$$TFM_APP_ROT_LINKER$$RO$$Base = ADDR (.TFM_APP_ROT_LINKER)
                0x0000000000000900                Image$$TFM_APP_ROT_LINKER$$RO$$Limit = (ADDR (.TFM_APP_ROT_LINKER) + SIZEOF (.TFM_APP_ROT_LINKER))
                0x0000000000000900                Image$$TFM_APP_ROT_LINKER$$Base = ADDR (.TFM_APP_ROT_LINKER)
                0x0000000000000900                Image$$TFM_APP_ROT_LINKER$$Limit = (ADDR (.TFM_APP_ROT_LINKER) + SIZEOF (.TFM_APP_ROT_LINKER))
                0x0000000000000900                Image$$TFM_APP_CODE_END$$Base = .

.ARM.extab
 *(.ARM.extab* .gnu.linkonce.armextab.*)
                0x0000000000000900                __exidx_start = .

.ARM.exidx      0x0000000000000900        0x8
 *(.ARM.exidx* .gnu.linkonce.armexidx.*)
 .ARM.exidx     0x0000000000000900        0x8 c:/ncs/toolchains/66cdf9b75e/opt/zephyr-sdk/arm-zephyr-eabi/bin/../lib/gcc/arm-zephyr-eabi/12.2.0/../../../../arm-zephyr-eabi/lib/thumb/v8-m.main+fp/hard/crt0.o
                                         0x10 (size before relaxing)
                0x0000000000000908                __exidx_end = .

.ER_TFM_CODE    0x0000000000000908     0x30a7
                0x0000000000000908                . = ALIGN (0x4)
                0x0000000000000908                PROVIDE (__preinit_array_start = .)
 *(.preinit_array)
                0x0000000000000908                PROVIDE (__preinit_array_end = .)
                0x0000000000000908                . = ALIGN (0x4)
                0x0000000000000908                PROVIDE (__init_array_start = .)
 *(SORT_BY_NAME(.init_array.*))
 *(.init_array)
 .init_array    0x0000000000000908        0x4 c:/ncs/toolchains/66cdf9b75e/opt/zephyr-sdk/arm-zephyr-eabi/bin/../lib/gcc/arm-zephyr-eabi/12.2.0/thumb/v8-m.main+fp/hard/crtbegin.o
                0x000000000000090c                PROVIDE (__init_array_end = .)
                0x000000000000090c                . = ALIGN (0x4)
                [!provide]                        PROVIDE (__fini_array_start = .)
 *(SORT_BY_NAME(.fini_array.*))
 *(.fini_array)
 .fini_array    0x000000000000090c        0x4 c:/ncs/toolchains/66cdf9b75e/opt/zephyr-sdk/arm-zephyr-eabi/bin/../lib/gcc/arm-zephyr-eabi/12.2.0/thumb/v8-m.main+fp/hard/crtbegin.o
                [!provide]                        PROVIDE (__fini_array_end = .)
                0x0000000000000910                . = ALIGN (0x4)
                0x0000000000000910                __copy_table_start__ = .
                0x0000000000000910        0x4 LONG 0x7c40 LOADADDR (.TFM_DATA)
                0x0000000000000914        0x4 LONG 0x20001080 ADDR (.TFM_DATA)
                0x0000000000000918        0x4 LONG 0x66 (SIZEOF (.TFM_DATA) / 0x4)
                0x000000000000091c        0x4 LONG 0x7c40 LOADADDR (.TFM_PSA_ROT_LINKER_DATA)
                0x0000000000000920        0x4 LONG 0x20000c20 ADDR (.TFM_PSA_ROT_LINKER_DATA)
                0x0000000000000924        0x4 LONG 0x0 (SIZEOF (.TFM_PSA_ROT_LINKER_DATA) / 0x4)
                0x0000000000000928        0x4 LONG 0x7c40 LOADADDR (.TFM_APP_ROT_LINKER_DATA)
                0x000000000000092c        0x4 LONG 0x20000c00 ADDR (.TFM_APP_ROT_LINKER_DATA)
                0x0000000000000930        0x4 LONG 0x0 (SIZEOF (.TFM_APP_ROT_LINKER_DATA) / 0x4)
                0x0000000000000934                __copy_table_end__ = .
                0x0000000000000934                . = ALIGN (0x4)
                0x0000000000000934                __zero_table_start__ = .
                0x0000000000000934        0x4 LONG 0x20000c20 ADDR (.TFM_PSA_ROT_LINKER_BSS)
                0x0000000000000938        0x4 LONG 0x118 (SIZEOF (.TFM_PSA_ROT_LINKER_BSS) / 0x4)
                0x000000000000093c        0x4 LONG 0x20000c00 ADDR (.TFM_APP_ROT_LINKER_BSS)
                0x0000000000000940        0x4 LONG 0x8 (SIZEOF (.TFM_APP_ROT_LINKER_BSS) / 0x4)
                0x0000000000000944                __zero_table_end__ = .
 *startup*(.text*)
 .text.default_irq_handler
                0x0000000000000944        0x4 secure_fw/CMakeFiles/tfm_s.dir/__/platform/ext/target/nordic_nrf/common/core/startup.o
                0x0000000000000944                default_irq_handler
 .text.Reset_Handler
                0x0000000000000948       0xa4 secure_fw/CMakeFiles/tfm_s.dir/__/platform/ext/target/nordic_nrf/common/core/startup.o
                0x0000000000000948                Reset_Handler
 .text.default_tfm_IRQHandler
                0x00000000000009ec       0x1c secure_fw/CMakeFiles/tfm_s.dir/__/platform/ext/target/nordic_nrf/common/core/startup_nrf91.o
                0x00000000000009ec                default_tfm_IRQHandler
 .text.NMI_Handler
                0x0000000000000a08        0x6 secure_fw/CMakeFiles/tfm_s.dir/__/platform/ext/target/nordic_nrf/common/core/startup_nrf91.o
                0x0000000000000a08                NMI_Handler
 .text.CRYPTOCELL_IRQHandler
                0x0000000000000a0e        0x6 secure_fw/CMakeFiles/tfm_s.dir/__/platform/ext/target/nordic_nrf/common/core/startup_nrf91.o
                0x0000000000000a0e                CRYPTOCELL_IRQHandler
 .text.DebugMon_Handler
                0x0000000000000a14        0x6 secure_fw/CMakeFiles/tfm_s.dir/__/platform/ext/target/nordic_nrf/common/core/startup_nrf91.o
                0x0000000000000a14                DebugMon_Handler
 .text.PendSV_Handler
                0x0000000000000a1a        0x6 secure_fw/CMakeFiles/tfm_s.dir/__/platform/ext/target/nordic_nrf/common/core/startup_nrf91.o
                0x0000000000000a1a                PendSV_Handler
 .text.SysTick_Handler
                0x0000000000000a20        0x6 secure_fw/CMakeFiles/tfm_s.dir/__/platform/ext/target/nordic_nrf/common/core/startup_nrf91.o
                0x0000000000000a20                SysTick_Handler
 .text.CLOCK_POWER_IRQHandler
                0x0000000000000a26        0x6 secure_fw/CMakeFiles/tfm_s.dir/__/platform/ext/target/nordic_nrf/common/core/startup_nrf91.o
                0x0000000000000a26                CLOCK_POWER_IRQHandler
 .text.SPIM0_SPIS0_TWIM0_TWIS0_UARTE0_IRQHandler
                0x0000000000000a2c        0x6 secure_fw/CMakeFiles/tfm_s.dir/__/platform/ext/target/nordic_nrf/common/core/startup_nrf91.o
                0x0000000000000a2c                SPIM0_SPIS0_TWIM0_TWIS0_UARTE0_IRQHandler
 .text.SPIM1_SPIS1_TWIM1_TWIS1_UARTE1_IRQHandler
                0x0000000000000a32        0x6 secure_fw/CMakeFiles/tfm_s.dir/__/platform/ext/target/nordic_nrf/common/core/startup_nrf91.o
                0x0000000000000a32                SPIM1_SPIS1_TWIM1_TWIS1_UARTE1_IRQHandler
 .text.SPIM2_SPIS2_TWIM2_TWIS2_UARTE2_IRQHandler
                0x0000000000000a38        0x6 secure_fw/CMakeFiles/tfm_s.dir/__/platform/ext/target/nordic_nrf/common/core/startup_nrf91.o
                0x0000000000000a38                SPIM2_SPIS2_TWIM2_TWIS2_UARTE2_IRQHandler
 .text.UARTE3_SPIM3_SPIS3_TWIM3_TWIS3_IRQHandler
                0x0000000000000a3e        0x6 secure_fw/CMakeFiles/tfm_s.dir/__/platform/ext/target/nordic_nrf/common/core/startup_nrf91.o
                0x0000000000000a3e                UARTE3_SPIM3_SPIS3_TWIM3_TWIS3_IRQHandler
 .text.GPIOTE0_IRQHandler
                0x0000000000000a44        0x6 secure_fw/CMakeFiles/tfm_s.dir/__/platform/ext/target/nordic_nrf/common/core/startup_nrf91.o
                0x0000000000000a44                GPIOTE0_IRQHandler
 .text.SAADC_IRQHandler
                0x0000000000000a4a        0x6 secure_fw/CMakeFiles/tfm_s.dir/__/platform/ext/target/nordic_nrf/common/core/startup_nrf91.o
                0x0000000000000a4a                SAADC_IRQHandler
 .text.TIMER0_IRQHandler
                0x0000000000000a50        0x6 secure_fw/CMakeFiles/tfm_s.dir/__/platform/ext/target/nordic_nrf/common/core/startup_nrf91.o
                0x0000000000000a50                TIMER0_IRQHandler
 .text.TIMER1_IRQHandler
                0x0000000000000a56        0x6 secure_fw/CMakeFiles/tfm_s.dir/__/platform/ext/target/nordic_nrf/common/core/startup_nrf91.o
                0x0000000000000a56                TIMER1_IRQHandler
 .text.TIMER2_IRQHandler
                0x0000000000000a5c        0x6 secure_fw/CMakeFiles/tfm_s.dir/__/platform/ext/target/nordic_nrf/common/core/startup_nrf91.o
                0x0000000000000a5c                TIMER2_IRQHandler
 .text.RTC0_IRQHandler
                0x0000000000000a62        0x6 secure_fw/CMakeFiles/tfm_s.dir/__/platform/ext/target/nordic_nrf/common/core/startup_nrf91.o
                0x0000000000000a62                RTC0_IRQHandler
 .text.RTC1_IRQHandler
                0x0000000000000a68        0x6 secure_fw/CMakeFiles/tfm_s.dir/__/platform/ext/target/nordic_nrf/common/core/startup_nrf91.o
                0x0000000000000a68                RTC1_IRQHandler
 .text.WDT_IRQHandler
                0x0000000000000a6e        0x6 secure_fw/CMakeFiles/tfm_s.dir/__/platform/ext/target/nordic_nrf/common/core/startup_nrf91.o
                0x0000000000000a6e                WDT_IRQHandler
 .text.EGU0_IRQHandler
                0x0000000000000a74        0x6 secure_fw/CMakeFiles/tfm_s.dir/__/platform/ext/target/nordic_nrf/common/core/startup_nrf91.o
                0x0000000000000a74                EGU0_IRQHandler
 .text.EGU1_IRQHandler
                0x0000000000000a7a        0x6 secure_fw/CMakeFiles/tfm_s.dir/__/platform/ext/target/nordic_nrf/common/core/startup_nrf91.o
                0x0000000000000a7a                EGU1_IRQHandler
 .text.EGU2_IRQHandler
                0x0000000000000a80        0x6 secure_fw/CMakeFiles/tfm_s.dir/__/platform/ext/target/nordic_nrf/common/core/startup_nrf91.o
                0x0000000000000a80                EGU2_IRQHandler
 .text.EGU3_IRQHandler
                0x0000000000000a86        0x6 secure_fw/CMakeFiles/tfm_s.dir/__/platform/ext/target/nordic_nrf/common/core/startup_nrf91.o
                0x0000000000000a86                EGU3_IRQHandler
 .text.EGU4_IRQHandler
                0x0000000000000a8c        0x6 secure_fw/CMakeFiles/tfm_s.dir/__/platform/ext/target/nordic_nrf/common/core/startup_nrf91.o
                0x0000000000000a8c                EGU4_IRQHandler
 .text.EGU5_IRQHandler
                0x0000000000000a92        0x6 secure_fw/CMakeFiles/tfm_s.dir/__/platform/ext/target/nordic_nrf/common/core/startup_nrf91.o
                0x0000000000000a92                EGU5_IRQHandler
 .text.PWM0_IRQHandler
                0x0000000000000a98        0x6 secure_fw/CMakeFiles/tfm_s.dir/__/platform/ext/target/nordic_nrf/common/core/startup_nrf91.o
                0x0000000000000a98                PWM0_IRQHandler
 .text.PWM1_IRQHandler
                0x0000000000000a9e        0x6 secure_fw/CMakeFiles/tfm_s.dir/__/platform/ext/target/nordic_nrf/common/core/startup_nrf91.o
                0x0000000000000a9e                PWM1_IRQHandler
 .text.PWM2_IRQHandler
                0x0000000000000aa4        0x6 secure_fw/CMakeFiles/tfm_s.dir/__/platform/ext/target/nordic_nrf/common/core/startup_nrf91.o
                0x0000000000000aa4                PWM2_IRQHandler
 .text.PWM3_IRQHandler
                0x0000000000000aaa        0x6 secure_fw/CMakeFiles/tfm_s.dir/__/platform/ext/target/nordic_nrf/common/core/startup_nrf91.o
                0x0000000000000aaa                PWM3_IRQHandler
 .text.PDM_IRQHandler
                0x0000000000000ab0        0x6 secure_fw/CMakeFiles/tfm_s.dir/__/platform/ext/target/nordic_nrf/common/core/startup_nrf91.o
                0x0000000000000ab0                PDM_IRQHandler
 .text.I2S_IRQHandler
                0x0000000000000ab6        0x6 secure_fw/CMakeFiles/tfm_s.dir/__/platform/ext/target/nordic_nrf/common/core/startup_nrf91.o
                0x0000000000000ab6                I2S_IRQHandler
 .text.IPC_IRQHandler
                0x0000000000000abc        0x6 secure_fw/CMakeFiles/tfm_s.dir/__/platform/ext/target/nordic_nrf/common/core/startup_nrf91.o
                0x0000000000000abc                IPC_IRQHandler
 .text.FPU_IRQHandler
                0x0000000000000ac2        0x6 secure_fw/CMakeFiles/tfm_s.dir/__/platform/ext/target/nordic_nrf/common/core/startup_nrf91.o
                0x0000000000000ac2                FPU_IRQHandler
 .text.GPIOTE1_IRQHandler
                0x0000000000000ac8        0x6 secure_fw/CMakeFiles/tfm_s.dir/__/platform/ext/target/nordic_nrf/common/core/startup_nrf91.o
                0x0000000000000ac8                GPIOTE1_IRQHandler
 .text.KMU_IRQHandler
                0x0000000000000ace        0x6 secure_fw/CMakeFiles/tfm_s.dir/__/platform/ext/target/nordic_nrf/common/core/startup_nrf91.o
                0x0000000000000ace                KMU_IRQHandler
 *libplatform_s*:(SORT_BY_ALIGNMENT(.text*))
 .text.uicr_HFXOCNT_erased
                0x0000000000000ad4       0x40 platform/libplatform_s.a(system_nrf91.o)
 .text.uicr_HFXOSRC_erased
                0x0000000000000b14       0x3c platform/libplatform_s.a(system_nrf91.o)
 .text.SystemInit
                0x0000000000000b50      0x1e0 platform/libplatform_s.a(system_nrf91.o)
                0x0000000000000b50                SystemInit
 .text.tfm_exception_info_get_context
                0x0000000000000d30        0xc platform/libplatform_s.a(exception_info.o)
                0x0000000000000d30                tfm_exception_info_get_context
 .text.store_and_dump_context
                0x0000000000000d3c      0x11c platform/libplatform_s.a(exception_info.o)
                0x0000000000000d3c                store_and_dump_context
 .text.stdio_output_string
                0x0000000000000e58       0x28 platform/libplatform_s.a(uart_stdout.o)
                0x0000000000000e58                stdio_output_string
 .text.stdio_init
                0x0000000000000e80       0x38 platform/libplatform_s.a(uart_stdout.o)
                0x0000000000000e80                stdio_init
 .text.ARM_USART_GetVersion
                0x0000000000000eb8       0x20 platform/libplatform_s.a(Driver_USART.o)
 .text.ARM_USART1_GetTxCount
                0x0000000000000ed8        0xc platform/libplatform_s.a(Driver_USART.o)
 .text.ARM_USART1_GetRxCount
                0x0000000000000ee4        0xc platform/libplatform_s.a(Driver_USART.o)
 .text.ARM_USART1_Uninitialize
                0x0000000000000ef0       0x10 platform/libplatform_s.a(Driver_USART.o)
 .text.ARM_USART1_Control
                0x0000000000000f00      0x1b8 platform/libplatform_s.a(Driver_USART.o)
 .text.ARM_USART1_Receive
                0x00000000000010b8       0x78 platform/libplatform_s.a(Driver_USART.o)
 .text.ARM_USARTx_Send.constprop.0
                0x0000000000001130       0x74 platform/libplatform_s.a(Driver_USART.o)
 .text.ARM_USART1_Initialize
                0x00000000000011a4       0x30 platform/libplatform_s.a(Driver_USART.o)
 .text.on_rx_disabled
                0x00000000000011d4       0x64 platform/libplatform_s.a(nrfx_uarte.o)
 .text.nrfx_coredep_delay_us.part.0
                0x0000000000001238       0x20 platform/libplatform_s.a(nrfx_uarte.o)
 .text.nrf_gpio_cfg_input.constprop.0
                0x0000000000001258       0x30 platform/libplatform_s.a(nrfx_uarte.o)
 .text.nrf_gpio_pin_set
                0x0000000000001288       0x18 platform/libplatform_s.a(nrfx_uarte.o)
 .text.nrf_gpio_cfg_output
                0x00000000000012a0       0x34 platform/libplatform_s.a(nrfx_uarte.o)
 .text.uarte_configure
                0x00000000000012d4      0x16c platform/libplatform_s.a(nrfx_uarte.o)
 .text.nrf_gpio_cfg_default
                0x0000000000001440       0x34 platform/libplatform_s.a(nrfx_uarte.o)
 .text.rx_abort
                0x0000000000001474      0x118 platform/libplatform_s.a(nrfx_uarte.o)
 .text.nrfx_uarte_init
                0x000000000000158c      0x124 platform/libplatform_s.a(nrfx_uarte.o)
                0x000000000000158c                nrfx_uarte_init
 .text.nrfx_uarte_uninit
                0x00000000000016b0       0xb8 platform/libplatform_s.a(nrfx_uarte.o)
                0x00000000000016b0                nrfx_uarte_uninit
 .text.nrfx_uarte_rx_enable
                0x0000000000001768      0x104 platform/libplatform_s.a(nrfx_uarte.o)
                0x0000000000001768                nrfx_uarte_rx_enable
 .text.nrfx_critical_section_enter
                0x000000000000186c       0x10 platform/libplatform_s.a(nrfx_glue.o)
                0x000000000000186c                nrfx_critical_section_enter
 .text.nrfx_critical_section_exit
                0x000000000000187c       0x14 platform/libplatform_s.a(nrfx_glue.o)
                0x000000000000187c                nrfx_critical_section_exit
 .text.mpu_armv8m_enable
                0x0000000000001890       0x34 platform/libplatform_s.a(mpu_armv8m_drv.o)
                0x0000000000001890                mpu_armv8m_enable
 .text.spu_enable_interrupts
                0x00000000000018c4       0x10 platform/libplatform_s.a(spu.o)
                0x00000000000018c4                spu_enable_interrupts
 .text.spu_events_get
                0x00000000000018d4       0x28 platform/libplatform_s.a(spu.o)
                0x00000000000018d4                spu_events_get
 .text.spu_clear_events
                0x00000000000018fc       0x24 platform/libplatform_s.a(spu.o)
                0x00000000000018fc                spu_clear_events
 .text.spu_regions_reset_unlocked_secure
                0x0000000000001920       0x30 platform/libplatform_s.a(spu.o)
                0x0000000000001920                spu_regions_reset_unlocked_secure
 .text.spu_regions_flash_config
                0x0000000000001950       0x2c platform/libplatform_s.a(spu.o)
                0x0000000000001950                spu_regions_flash_config
 .text.spu_regions_sram_config
                0x000000000000197c       0x34 platform/libplatform_s.a(spu.o)
                0x000000000000197c                spu_regions_sram_config
 .text.spu_regions_flash_config_non_secure_callable
                0x00000000000019b0       0x30 platform/libplatform_s.a(spu.o)
                0x00000000000019b0                spu_regions_flash_config_non_secure_callable
 .text.spu_regions_sram_get_last_address_in_region
                0x00000000000019e0        0xc platform/libplatform_s.a(spu.o)
                0x00000000000019e0                spu_regions_sram_get_last_address_in_region
 .text.spu_peripheral_config_secure
                0x00000000000019ec       0x1c platform/libplatform_s.a(spu.o)
                0x00000000000019ec                spu_peripheral_config_secure
 .text.spu_peripheral_config_non_secure
                0x0000000000001a08       0x18 platform/libplatform_s.a(spu.o)
                0x0000000000001a08                spu_peripheral_config_non_secure
 .text.nrf_exception_info_store_context
                0x0000000000001a20       0x20 platform/libplatform_s.a(nrf_exception_info.o)
                0x0000000000001a20                nrf_exception_info_store_context
 .text.nrf_exception_info_get_context
                0x0000000000001a40        0xc platform/libplatform_s.a(nrf_exception_info.o)
                0x0000000000001a40                nrf_exception_info_get_context
 .text.tfm_hal_platform_init
                0x0000000000001a4c       0x44 platform/libplatform_s.a(tfm_hal_platform.o)
                0x0000000000001a4c                tfm_hal_platform_init
 .text.ns_fault_service_set_handler
                0x0000000000001a90       0x14 platform/libplatform_s.a(ns_fault_service.o)
                0x0000000000001a90                ns_fault_service_set_handler
 .text.call_ns_callback
                0x0000000000001aa4       0xe8 platform/libplatform_s.a(ns_fault_service.o)
                0x0000000000001aa4                call_ns_callback
 .text.ns_fault_service_call_handler
                0x0000000000001b8c       0x34 platform/libplatform_s.a(ns_fault_service.o)
                0x0000000000001b8c                ns_fault_service_call_handler
 .text.tfm_platform_hal_system_reset
                0x0000000000001bc0       0x24 platform/libplatform_s.a(tfm_platform_system.o)
                0x0000000000001bc0                tfm_platform_hal_system_reset
 .text.tfm_platform_hal_read_service
                0x0000000000001be4       0xe8 platform/libplatform_s.a(tfm_platform_hal_ioctl.o)
                0x0000000000001be4                tfm_platform_hal_read_service
 .text.nrf91_errata_6
                0x0000000000001ccc       0x1e platform/libplatform_s.a(system_nrf91.o)
 .text.nrf91_errata_14
                0x0000000000001cea       0x24 platform/libplatform_s.a(system_nrf91.o)
 .text.tfm_hal_output_spm_log
                0x0000000000001d0e        0x4 platform/libplatform_s.a(tfm_hal_spm_logdev_peripheral.o)
                0x0000000000001d0e                tfm_hal_output_spm_log
 .text.ARM_USART_GetCapabilities
                0x0000000000001d12        0x4 platform/libplatform_s.a(Driver_USART.o)
 .text.ARM_USART_Transfer
                0x0000000000001d16        0x6 platform/libplatform_s.a(Driver_USART.o)
 .text.ARM_USART_GetStatus
                0x0000000000001d1c        0x4 platform/libplatform_s.a(Driver_USART.o)
 .text.ARM_USART_SetModemControl
                0x0000000000001d20        0x6 platform/libplatform_s.a(Driver_USART.o)
 .text.ARM_USART_GetModemStatus
                0x0000000000001d26        0x4 platform/libplatform_s.a(Driver_USART.o)
 .text.ARM_USART1_PowerControl
                0x0000000000001d2a        0xc platform/libplatform_s.a(Driver_USART.o)
 .text.ARM_USART1_Send
                0x0000000000001d36        0x4 platform/libplatform_s.a(Driver_USART.o)
 .text.uart_config_set_uart_pins
                0x0000000000001d3a       0x3e platform/libplatform_s.a(Driver_USART.o)
                0x0000000000001d3a                uart_config_set_uart_pins
 .text.is_tx_ready
                0x0000000000001d78       0x1a platform/libplatform_s.a(nrfx_uarte.o)
 .text.user_handler
                0x0000000000001d92       0x22 platform/libplatform_s.a(nrfx_uarte.o)
 .text.user_handler_on_rx_done
                0x0000000000001db4       0x28 platform/libplatform_s.a(nrfx_uarte.o)
 .text.disable_hw_from_rx
                0x0000000000001ddc       0x24 platform/libplatform_s.a(nrfx_uarte.o)
 .text.disable_hw_from_tx
                0x0000000000001e00       0x16 platform/libplatform_s.a(nrfx_uarte.o)
 .text.blocking_tx
                0x0000000000001e16      0x160 platform/libplatform_s.a(nrfx_uarte.o)
 .text.tx_prepare_start.isra.0
                0x0000000000001f76       0x7e platform/libplatform_s.a(nrfx_uarte.o)
 .text.nrfx_uarte_reconfigure
                0x0000000000001ff4       0x78 platform/libplatform_s.a(nrfx_uarte.o)
                0x0000000000001ff4                nrfx_uarte_reconfigure
 .text.nrfx_uarte_init_check
                0x000000000000206c        0xc platform/libplatform_s.a(nrfx_uarte.o)
                0x000000000000206c                nrfx_uarte_init_check
 .text.nrfx_uarte_tx
                0x0000000000002078      0x110 platform/libplatform_s.a(nrfx_uarte.o)
                0x0000000000002078                nrfx_uarte_tx
 .text.nrfx_uarte_tx_abort
                0x0000000000002188       0x8a platform/libplatform_s.a(nrfx_uarte.o)
                0x0000000000002188                nrfx_uarte_tx_abort
 .text.nrfx_uarte_rx_buffer_set
                0x0000000000002212      0x154 platform/libplatform_s.a(nrfx_uarte.o)
                0x0000000000002212                nrfx_uarte_rx_buffer_set
 .text.nrfx_uarte_rx_abort
                0x0000000000002366        0x4 platform/libplatform_s.a(nrfx_uarte.o)
                0x0000000000002366                nrfx_uarte_rx_abort
 .text.nrfx_uarte_rx_ready
                0x000000000000236a       0x3a platform/libplatform_s.a(nrfx_uarte.o)
                0x000000000000236a                nrfx_uarte_rx_ready
 .text.mpu_armv8m_region_enable
                0x00000000000023a4       0x6a platform/libplatform_s.a(mpu_armv8m_drv.o)
                0x00000000000023a4                mpu_armv8m_region_enable
 .text.mpu_armv8m_region_disable
                0x000000000000240e       0x14 platform/libplatform_s.a(mpu_armv8m_drv.o)
                0x000000000000240e                mpu_armv8m_region_disable
 .text.mpu_armv8m_clean
                0x0000000000002422       0x22 platform/libplatform_s.a(mpu_armv8m_drv.o)
                0x0000000000002422                mpu_armv8m_clean
 .text.spu_regions_flash_get_base_address_in_region
                0x0000000000002444        0x4 platform/libplatform_s.a(spu.o)
                0x0000000000002444                spu_regions_flash_get_base_address_in_region
 .text.spu_regions_flash_get_last_address_in_region
                0x0000000000002448        0xa platform/libplatform_s.a(spu.o)
                0x0000000000002448                spu_regions_flash_get_last_address_in_region
 .text.spu_regions_flash_get_start_id
                0x0000000000002452        0x4 platform/libplatform_s.a(spu.o)
                0x0000000000002452                spu_regions_flash_get_start_id
 .text.spu_regions_flash_get_last_id
                0x0000000000002456        0x4 platform/libplatform_s.a(spu.o)
                0x0000000000002456                spu_regions_flash_get_last_id
 .text.spu_regions_flash_get_region_size
                0x000000000000245a        0x6 platform/libplatform_s.a(spu.o)
                0x000000000000245a                spu_regions_flash_get_region_size
 .text.spu_regions_sram_get_base_address_in_region
                0x0000000000002460        0xa platform/libplatform_s.a(spu.o)
                0x0000000000002460                spu_regions_sram_get_base_address_in_region
 .text.spu_regions_sram_get_start_id
                0x000000000000246a        0x4 platform/libplatform_s.a(spu.o)
                0x000000000000246a                spu_regions_sram_get_start_id
 .text.spu_regions_sram_get_last_id
                0x000000000000246e        0x4 platform/libplatform_s.a(spu.o)
                0x000000000000246e                spu_regions_sram_get_last_id
 .text.spu_regions_sram_get_region_size
                0x0000000000002472        0x6 platform/libplatform_s.a(spu.o)
                0x0000000000002472                spu_regions_sram_get_region_size
 .text.tfm_plat_otp_init
                0x0000000000002478        0x4 platform/libplatform_s.a(dummy_otp.o)
                0x0000000000002478                tfm_plat_otp_init
 .text.tfm_hal_system_halt
                0x000000000000247c        0xc platform/libplatform_s.a(tfm_hal_reset_halt.o)
                0x000000000000247c                tfm_hal_system_halt
 .text.tfm_plat_provisioning_is_required
                0x0000000000002488       0x10 platform/libplatform_s.a(dummy_provisioning.o)
                0x0000000000002488                tfm_plat_provisioning_is_required
 .text.tfm_plat_provisioning_perform
                0x0000000000002498        0x4 platform/libplatform_s.a(dummy_provisioning.o)
                0x0000000000002498                tfm_plat_provisioning_perform
 .text.tfm_plat_provisioning_check_for_dummy_keys
                0x000000000000249c        0x2 platform/libplatform_s.a(dummy_provisioning.o)
                0x000000000000249c                tfm_plat_provisioning_check_for_dummy_keys
 .text.tfm_platform_hal_ioctl
                0x000000000000249e       0x7c platform/libplatform_s.a(tfm_platform_system.o)
                0x000000000000249e                tfm_platform_hal_ioctl
 .text.tfm_platform_hal_write32_service
                0x000000000000251a       0x2c platform/libplatform_s.a(tfm_platform_hal_ioctl.o)
                0x000000000000251a                tfm_platform_hal_write32_service
 *libtfm_spm*:(SORT_BY_ALIGNMENT(.text*))
 *fill*         0x0000000000002546        0x2 
 .text.spm_log_msgval
                0x0000000000002548       0x58 secure_fw/spm/libtfm_spm.a(spm_log.o)
                0x0000000000002548                spm_log_msgval
 .text.startup.main
                0x00000000000025a0       0x94 secure_fw/spm/libtfm_spm.a(main.o)
                0x00000000000025a0                main
 .text.tfm_spm_get_service_by_sid
                0x0000000000002634       0x2c secure_fw/spm/libtfm_spm.a(spm_ipc.o)
                0x0000000000002634                tfm_spm_get_service_by_sid
 .text.tfm_spm_check_authorization
                0x0000000000002660       0x44 secure_fw/spm/libtfm_spm.a(spm_ipc.o)
                0x0000000000002660                tfm_spm_check_authorization
 .text.spm_init_idle_connection
                0x00000000000026a4       0x30 secure_fw/spm/libtfm_spm.a(spm_ipc.o)
                0x00000000000026a4                spm_init_idle_connection
 .text.tfm_spm_partition_get_running_partition_id
                0x00000000000026d4       0x14 secure_fw/spm/libtfm_spm.a(spm_ipc.o)
                0x00000000000026d4                tfm_spm_partition_get_running_partition_id
 .text.tfm_spm_is_ns_caller
                0x00000000000026e8       0x20 secure_fw/spm/libtfm_spm.a(spm_ipc.o)
                0x00000000000026e8                tfm_spm_is_ns_caller
 .text.spm_get_idle_connection
                0x0000000000002708       0x70 secure_fw/spm/libtfm_spm.a(spm_ipc.o)
                0x0000000000002708                spm_get_idle_connection
 .text.tfm_spm_init
                0x0000000000002778       0x64 secure_fw/spm/libtfm_spm.a(spm_ipc.o)
                0x0000000000002778                tfm_spm_init
 .text.load_a_partition_assuredly
                0x00000000000027dc      0x120 secure_fw/spm/libtfm_spm.a(rom_loader.o)
                0x00000000000027dc                load_a_partition_assuredly
 .text.load_services_assuredly
                0x00000000000028fc       0xb4 secure_fw/spm/libtfm_spm.a(rom_loader.o)
                0x00000000000028fc                load_services_assuredly
 .text.spm_associate_call_params
                0x00000000000029b0      0x188 secure_fw/spm/libtfm_spm.a(psa_call_api.o)
                0x00000000000029b0                spm_associate_call_params
 .text.tfm_spm_partition_psa_read
                0x0000000000002b38       0x74 secure_fw/spm/libtfm_spm.a(psa_read_write_skip_api.o)
                0x0000000000002b38                tfm_spm_partition_psa_read
 .text.tfm_spm_partition_psa_write
                0x0000000000002bac       0x74 secure_fw/spm/libtfm_spm.a(psa_read_write_skip_api.o)
                0x0000000000002bac                tfm_spm_partition_psa_write
 .text.spm_init_function
                0x0000000000002c20       0x4c secure_fw/spm/libtfm_spm.a(backend_sfn.o)
 .text.backend_messaging
                0x0000000000002c6c       0x48 secure_fw/spm/libtfm_spm.a(backend_sfn.o)
                0x0000000000002c6c                backend_messaging
 .text.backend_replying
                0x0000000000002cb4       0x10 secure_fw/spm/libtfm_spm.a(backend_sfn.o)
                0x0000000000002cb4                backend_replying
 .text.backend_init_comp_assuredly
                0x0000000000002cc4       0x2c secure_fw/spm/libtfm_spm.a(backend_sfn.o)
                0x0000000000002cc4                backend_init_comp_assuredly
 .text.backend_system_run
                0x0000000000002cf0       0x5c secure_fw/spm/libtfm_spm.a(backend_sfn.o)
                0x0000000000002cf0                backend_system_run
 .text.tz_ns_agent_register_client_id_range
                0x0000000000002d4c        0xc secure_fw/spm/libtfm_spm.a(tfm_spm_ns_ctx.o)
                0x0000000000002d4c                tz_ns_agent_register_client_id_range
 .text.tfm_nspm_get_current_client_id
                0x0000000000002d58       0x14 secure_fw/spm/libtfm_spm.a(tfm_spm_ns_ctx.o)
                0x0000000000002d58                tfm_nspm_get_current_client_id
 .text.tfm_nspm_ctx_init
                0x0000000000002d6c       0x18 secure_fw/spm/libtfm_spm.a(tfm_spm_ns_ctx.o)
                0x0000000000002d6c                tfm_nspm_ctx_init
 .text.SVC_Handler
                0x0000000000002d84       0x70 secure_fw/spm/libtfm_spm.a(tfm_arch_v8m_main.o)
                0x0000000000002d84                SVC_Handler
 .text.tfm_arch_set_secure_exception_priorities
                0x0000000000002df4       0x28 secure_fw/spm/libtfm_spm.a(tfm_arch_v8m_main.o)
                0x0000000000002df4                tfm_arch_set_secure_exception_priorities
 .text.tfm_arch_config_extensions
                0x0000000000002e1c       0x4c secure_fw/spm/libtfm_spm.a(tfm_arch_v8m_main.o)
                0x0000000000002e1c                tfm_arch_config_extensions
 .text.ns_agent_tz_main
                0x0000000000002e68       0x60 secure_fw/spm/libtfm_spm.a(ns_agent_tz_v80m.o)
                0x0000000000002e68                ns_agent_tz_main
 .text.tfm_hal_bind_boundary
                0x0000000000002ec8       0x78 secure_fw/spm/libtfm_spm.a(tfm_hal_isolation.o)
                0x0000000000002ec8                tfm_hal_bind_boundary
 .text.mpu_init_cfg
                0x0000000000002f40       0xf0 secure_fw/spm/libtfm_spm.a(tfm_hal_isolation.o)
                0x0000000000002f40                mpu_init_cfg
 .text.tfm_hal_get_ns_VTOR
                0x0000000000003030        0xc secure_fw/spm/libtfm_spm.a(tfm_hal_platform_common.o)
                0x0000000000003030                tfm_hal_get_ns_VTOR
 .text.tfm_hal_get_ns_MSP
                0x000000000000303c        0xc secure_fw/spm/libtfm_spm.a(tfm_hal_platform_common.o)
                0x000000000000303c                tfm_hal_get_ns_MSP
 .text.tfm_hal_get_ns_entry_point
                0x0000000000003048        0xc secure_fw/spm/libtfm_spm.a(tfm_hal_platform_common.o)
                0x0000000000003048                tfm_hal_get_ns_entry_point
 .text.SPU_Handler
                0x0000000000003054       0x3c secure_fw/spm/libtfm_spm.a(faults.o)
                0x0000000000003054                SPU_Handler
 .text.enable_fault_handlers
                0x0000000000003090       0x14 secure_fw/spm/libtfm_spm.a(target_cfg.o)
                0x0000000000003090                enable_fault_handlers
 .text.system_reset_cfg
                0x00000000000030a4       0x18 secure_fw/spm/libtfm_spm.a(target_cfg.o)
                0x00000000000030a4                system_reset_cfg
 .text.sau_and_idau_cfg
                0x00000000000030bc       0x20 secure_fw/spm/libtfm_spm.a(target_cfg_53_91.o)
                0x00000000000030bc                sau_and_idau_cfg
 .text.spu_init_cfg
                0x00000000000030dc       0x68 secure_fw/spm/libtfm_spm.a(target_cfg_53_91.o)
                0x00000000000030dc                spu_init_cfg
 .text.spu_periph_init_cfg
                0x0000000000003144       0x54 secure_fw/spm/libtfm_spm.a(target_cfg_53_91.o)
                0x0000000000003144                spu_periph_init_cfg
 .text.nvic_interrupt_target_state_cfg
                0x0000000000003198       0x40 secure_fw/spm/libtfm_spm.a(target_cfg_53_91.o)
                0x0000000000003198                nvic_interrupt_target_state_cfg
 .text.nvic_interrupt_enable
                0x00000000000031d8       0x18 secure_fw/spm/libtfm_spm.a(target_cfg_53_91.o)
                0x00000000000031d8                nvic_interrupt_enable
 .text.tfm_core_validate_boot_data
                0x00000000000031f0        0xc secure_fw/spm/libtfm_spm.a(tfm_boot_data.o)
                0x00000000000031f0                tfm_core_validate_boot_data
 .text.tfm_core_get_boot_data_handler
                0x00000000000031fc       0x34 secure_fw/spm/libtfm_spm.a(tfm_boot_data.o)
                0x00000000000031fc                tfm_core_get_boot_data_handler
 .text.spm_svc_handler
                0x0000000000003230       0x88 secure_fw/spm/libtfm_spm.a(tfm_svcalls.o)
                0x0000000000003230                spm_svc_handler
 .text.tfm_core_panic
                0x00000000000032b8        0x4 secure_fw/spm/libtfm_spm.a(utilities.o)
                0x00000000000032b8                tfm_core_panic
 .text.tfm_spm_check_client_version
                0x00000000000032bc       0x24 secure_fw/spm/libtfm_spm.a(spm_ipc.o)
                0x00000000000032bc                tfm_spm_check_client_version
 .text.spm_msg_handle_to_connection
                0x00000000000032e0       0x28 secure_fw/spm/libtfm_spm.a(spm_ipc.o)
                0x00000000000032e0                spm_msg_handle_to_connection
 .text.tfm_spm_get_client_id
                0x0000000000003308       0x20 secure_fw/spm/libtfm_spm.a(spm_ipc.o)
                0x0000000000003308                tfm_spm_get_client_id
 .text.load_irqs_assuredly
                0x0000000000003328        0x2 secure_fw/spm/libtfm_spm.a(rom_loader.o)
                0x0000000000003328                load_irqs_assuredly
 .text.spm_handle_programmer_errors
                0x000000000000332a       0x18 secure_fw/spm/libtfm_spm.a(psa_api.o)
                0x000000000000332a                spm_handle_programmer_errors
 .text.tfm_spm_partition_psa_reply
                0x0000000000003342       0xbc secure_fw/spm/libtfm_spm.a(psa_api.o)
                0x0000000000003342                tfm_spm_partition_psa_reply
 .text.tfm_spm_partition_psa_panic
                0x00000000000033fe        0xc secure_fw/spm/libtfm_spm.a(psa_api.o)
                0x00000000000033fe                tfm_spm_partition_psa_panic
 .text.tfm_spm_client_psa_call
                0x000000000000340a       0x54 secure_fw/spm/libtfm_spm.a(psa_call_api.o)
                0x000000000000340a                tfm_spm_client_psa_call
 .text.tfm_spm_client_psa_framework_version
                0x000000000000345e        0x6 secure_fw/spm/libtfm_spm.a(psa_version_api.o)
                0x000000000000345e                tfm_spm_client_psa_framework_version
 .text.tfm_spm_client_psa_version
                0x0000000000003464       0x2c secure_fw/spm/libtfm_spm.a(psa_version_api.o)
                0x0000000000003464                tfm_spm_client_psa_version
 .text.connection_to_handle
                0x0000000000003490        0x6 secure_fw/spm/libtfm_spm.a(spm_local_connection.o)
                0x0000000000003490                connection_to_handle
 .text.handle_to_connection
                0x0000000000003496       0x12 secure_fw/spm/libtfm_spm.a(spm_local_connection.o)
                0x0000000000003496                handle_to_connection
 .text.spm_init_connection_space
                0x00000000000034a8        0x2 secure_fw/spm/libtfm_spm.a(spm_local_connection.o)
                0x00000000000034a8                spm_init_connection_space
 .text.spm_allocate_connection
                0x00000000000034aa        0xe secure_fw/spm/libtfm_spm.a(spm_local_connection.o)
                0x00000000000034aa                spm_allocate_connection
 .text.spm_validate_connection
                0x00000000000034b8        0x4 secure_fw/spm/libtfm_spm.a(spm_local_connection.o)
                0x00000000000034b8                spm_validate_connection
 .text.spm_free_connection
                0x00000000000034bc        0xc secure_fw/spm/libtfm_spm.a(spm_local_connection.o)
                0x00000000000034bc                spm_free_connection
 .text.tfm_arch_clear_fp_data
                0x00000000000034c8       0x8a secure_fw/spm/libtfm_spm.a(tfm_arch_v8m_main.o)
                0x00000000000034c8                tfm_arch_clear_fp_data
 .text.tfm_hal_memory_check
                0x0000000000003552      0x132 secure_fw/spm/libtfm_spm.a(tfm_hal_isolation.o)
                0x0000000000003552                tfm_hal_memory_check
 .text.tfm_hal_set_up_static_boundaries
                0x0000000000003684       0x2a secure_fw/spm/libtfm_spm.a(tfm_hal_isolation.o)
                0x0000000000003684                tfm_hal_set_up_static_boundaries
 .text.tfm_hal_platform_common_init
                0x00000000000036ae       0x36 secure_fw/spm/libtfm_spm.a(tfm_hal_platform_common.o)
                0x00000000000036ae                tfm_hal_platform_common_init
 .text.SPU_IRQHandler
                0x00000000000036e4       0x1c secure_fw/spm/libtfm_spm.a(faults.o)
                0x00000000000036e4                SPU_IRQHandler
 .text.init_debug
                0x0000000000003700        0x2 secure_fw/spm/libtfm_spm.a(target_cfg_53_91.o)
                0x0000000000003700                init_debug
 .text.tfm_arch_free_msp_and_exc_ret
                0x0000000000003702        0xc secure_fw/spm/libtfm_spm.a(tfm_arch.o)
                0x0000000000003702                tfm_arch_free_msp_and_exc_ret
 .text.arch_clean_stack_and_launch
                0x000000000000370e       0x18 secure_fw/spm/libtfm_spm.a(tfm_arch.o)
                0x000000000000370e                arch_clean_stack_and_launch
 *libplatform_s*:*(.rodata*)
 .rodata.CSWTCH.17
                0x0000000000003726        0x3 platform/libplatform_s.a(system_nrf91.o)
 .rodata.store_and_dump_context.str1.1
                0x0000000000003729       0x8b platform/libplatform_s.a(exception_info.o)
 .rodata.Driver_USART1
                0x00000000000037b4       0x38 platform/libplatform_s.a(Driver_USART.o)
                0x00000000000037b4                Driver_USART1
 .rodata.UART1_pins
                0x00000000000037ec       0x10 platform/libplatform_s.a(Driver_USART.o)
 .rodata.DriverVersion
                0x00000000000037fc        0x4 platform/libplatform_s.a(Driver_USART.o)
 *fill*         0x0000000000003800        0x0 
 .rodata.delay_machine_code.0
                0x0000000000003800        0x6 platform/libplatform_s.a(nrfx_uarte.o)
 .rodata.nrf_exception_info_store_context.str1.1
                0x0000000000003806       0x16 platform/libplatform_s.a(nrf_exception_info.o)
 .rodata.tfm_hal_platform_init.str1.1
                0x000000000000381c       0x2e platform/libplatform_s.a(tfm_hal_platform.o)
 *libtfm_spm*:*(.rodata*)
 .rodata.HEX_TABLE
                0x000000000000384a       0x10 secure_fw/spm/libtfm_spm.a(spm_log.o)
 .rodata.main.str1.1
                0x000000000000385a       0x85 secure_fw/spm/libtfm_spm.a(main.o)
 *fill*         0x00000000000038df        0x1 
 .rodata.serv_pool_ea
                0x00000000000038e0        0x4 secure_fw/spm/libtfm_spm.a(rom_loader.o)
 .rodata.part_pool_ea
                0x00000000000038e4        0x4 secure_fw/spm/libtfm_spm.a(rom_loader.o)
 .rodata.ldinf_ea
                0x00000000000038e8        0x4 secure_fw/spm/libtfm_spm.a(rom_loader.o)
 .rodata.memory_regions
                0x00000000000038ec       0x14 secure_fw/spm/libtfm_spm.a(target_cfg.o)
                0x00000000000038ec                memory_regions
 .rodata.target_peripherals.0
                0x0000000000003900       0x74 secure_fw/spm/libtfm_spm.a(target_cfg_53_91.o)
 .rodata.spm_svc_handler.str1.1
                0x0000000000003974       0x3b secure_fw/spm/libtfm_spm.a(tfm_svcalls.o)

.glue_7         0x00000000000039b0        0x0
 .glue_7        0x00000000000039b0        0x0 linker stubs

.glue_7t        0x00000000000039b0        0x0
 .glue_7t       0x00000000000039b0        0x0 linker stubs

.vfp11_veneer   0x00000000000039b0        0x0
 .vfp11_veneer  0x00000000000039b0        0x0 linker stubs

.v4_bx          0x00000000000039b0        0x0
 .v4_bx         0x00000000000039b0        0x0 linker stubs

.iplt           0x00000000000039b0        0x0
 .iplt          0x00000000000039b0        0x0 c:/ncs/toolchains/66cdf9b75e/opt/zephyr-sdk/arm-zephyr-eabi/bin/../lib/gcc/arm-zephyr-eabi/12.2.0/thumb/v8-m.main+fp/hard/crtbegin.o

.TFM_UNPRIV_CODE
                0x00000000000039c0     0x26c0
 *(SORT_BY_ALIGNMENT(.text*))
 .text          0x00000000000039c0       0x88 c:/ncs/toolchains/66cdf9b75e/opt/zephyr-sdk/arm-zephyr-eabi/bin/../lib/gcc/arm-zephyr-eabi/12.2.0/thumb/v8-m.main+fp/hard/crtbegin.o
 .text          0x0000000000003a48       0x7c c:/ncs/toolchains/66cdf9b75e/opt/zephyr-sdk/arm-zephyr-eabi/bin/../lib/gcc/arm-zephyr-eabi/12.2.0/../../../../arm-zephyr-eabi/lib/thumb/v8-m.main+fp/hard/crt0.o
                0x0000000000003a48                _stack_init
                0x0000000000003a50                _start
                0x0000000000003a50                _mainCRTStartup
 .text.tfm_psa_framework_version_veneer
                0x0000000000003ac4       0x24 secure_fw/CMakeFiles/tfm_s.dir/partitions/ns_agent_tz/psa_api_veneers_v80m.o
                0x0000000000003ac4                __acle_se_tfm_psa_framework_version_veneer
 .text.tfm_psa_version_veneer
                0x0000000000003ae8       0x24 secure_fw/CMakeFiles/tfm_s.dir/partitions/ns_agent_tz/psa_api_veneers_v80m.o
                0x0000000000003ae8                __acle_se_tfm_psa_version_veneer
 .text.tfm_psa_call_veneer
                0x0000000000003b0c       0x2c secure_fw/CMakeFiles/tfm_s.dir/partitions/ns_agent_tz/psa_api_veneers_v80m.o
                0x0000000000003b0c                __acle_se_tfm_psa_call_veneer
 .text.tfm_psa_connect_veneer
                0x0000000000003b38       0x1c secure_fw/CMakeFiles/tfm_s.dir/partitions/ns_agent_tz/psa_api_veneers_v80m.o
                0x0000000000003b38                __acle_se_tfm_psa_connect_veneer
 .text.tfm_psa_close_veneer
                0x0000000000003b54       0x14 secure_fw/CMakeFiles/tfm_s.dir/partitions/ns_agent_tz/psa_api_veneers_v80m.o
                0x0000000000003b54                __acle_se_tfm_psa_close_veneer
 .text.tfm_psa_call_pack
                0x0000000000003b68       0x54 secure_fw/partitions/lib/runtime/libtfm_sprt.a(psa_interface_sfn.o)
                0x0000000000003b68                tfm_psa_call_pack
 .text.mbedtls_free
                0x0000000000003bbc        0xc secure_fw/partitions/crypto/mbedcrypto/nrf_security_src/core/nrf_oberon/libpsa_core.a(platform.o)
                0x0000000000003bbc                mbedtls_free
 .text.mbedtls_platform_set_calloc_free
                0x0000000000003bc8       0x14 secure_fw/partitions/crypto/mbedcrypto/nrf_security_src/core/nrf_oberon/libpsa_core.a(platform.o)
                0x0000000000003bc8                mbedtls_platform_set_calloc_free
 .text.mbedtls_platform_set_printf
                0x0000000000003bdc        0xc secure_fw/partitions/crypto/mbedcrypto/nrf_security_src/core/nrf_oberon/libpsa_core.a(platform.o)
                0x0000000000003bdc                mbedtls_platform_set_printf
 .text.mbedtls_platform_zeroize
                0x0000000000003be8       0x18 secure_fw/partitions/crypto/mbedcrypto/nrf_security_src/core/nrf_oberon/libpsa_core.a(platform_util.o)
                0x0000000000003be8                mbedtls_platform_zeroize
 .text.mbedcrypto__psa_generate_random
                0x0000000000003c00       0x24 secure_fw/partitions/crypto/mbedcrypto/nrf_security_src/core/nrf_oberon/libpsa_core.a(psa_crypto.o)
                0x0000000000003c00                mbedcrypto__psa_generate_random
 .text.mbedtls_psa_crypto_free
                0x0000000000003c24       0x54 secure_fw/partitions/crypto/mbedcrypto/nrf_security_src/core/nrf_oberon/libpsa_core.a(psa_crypto.o)
                0x0000000000003c24                mbedtls_psa_crypto_free
 .text.mbedcrypto__psa_crypto_init
                0x0000000000003c78       0x7c secure_fw/partitions/crypto/mbedcrypto/nrf_security_src/core/nrf_oberon/libpsa_core.a(psa_crypto.o)
                0x0000000000003c78                mbedcrypto__psa_crypto_init
 .text.psa_initialize_key_slots
                0x0000000000003cf4       0x10 secure_fw/partitions/crypto/mbedcrypto/nrf_security_src/core/nrf_oberon/libpsa_core.a(psa_crypto_slot_management.o)
                0x0000000000003cf4                psa_initialize_key_slots
 .text.psa_wipe_all_key_slots
                0x0000000000003d04       0x34 secure_fw/partitions/crypto/mbedcrypto/nrf_security_src/core/nrf_oberon/libpsa_core.a(psa_crypto_slot_management.o)
                0x0000000000003d04                psa_wipe_all_key_slots
 .text.nrf_cc3xx_platform_init_hmac_drbg
                0x0000000000003d38       0x44 C:/ncs/v3.2.1/nrfxlib/crypto/nrf_cc310_platform/lib/cortex-m33/hard-float/no-interrupts/libnrf_cc310_platform_0.9.19.a(nrf_cc3xx_platform.c.obj)
                0x0000000000003d38                nrf_cc3xx_platform_init_hmac_drbg
 .text.nrf_cc3xx_platform_hmac_drbg_init
                0x0000000000003d7c       0x60 C:/ncs/v3.2.1/nrfxlib/crypto/nrf_cc310_platform/lib/cortex-m33/hard-float/no-interrupts/libnrf_cc310_platform_0.9.19.a(nrf_cc3xx_platform_hmac_drbg.c.obj)
                0x0000000000003d7c                nrf_cc3xx_platform_hmac_drbg_init
 .text.nrf_cc3xx_platform_hmac_drbg_get
                0x0000000000003ddc       0x44 C:/ncs/v3.2.1/nrfxlib/crypto/nrf_cc310_platform/lib/cortex-m33/hard-float/no-interrupts/libnrf_cc310_platform_0.9.19.a(nrf_cc3xx_platform_hmac_drbg.c.obj)
                0x0000000000003ddc                nrf_cc3xx_platform_hmac_drbg_get
 .text.mbedtls_zeroize_internal
                0x0000000000003e20       0x14 C:/ncs/v3.2.1/nrfxlib/crypto/nrf_cc310_platform/lib/cortex-m33/hard-float/no-interrupts/libnrf_cc310_platform_0.9.19.a(mbedtls_common.c.obj)
                0x0000000000003e20                mbedtls_zeroize_internal
 .text.cc_mbedtls_platform_zeroize
                0x0000000000003e34       0x14 C:/ncs/v3.2.1/nrfxlib/crypto/nrf_cc310_platform/lib/cortex-m33/hard-float/no-interrupts/libnrf_cc310_platform_0.9.19.a(mbedtls_common.c.obj)
                0x0000000000003e34                cc_mbedtls_platform_zeroize
 .text.entropy_update
                0x0000000000003e48       0x7c C:/ncs/v3.2.1/nrfxlib/crypto/nrf_cc310_platform/lib/cortex-m33/hard-float/no-interrupts/libnrf_cc310_platform_0.9.19.a(custom_entropy.c.obj)
 .text.entropy_gather_internal.part.0
                0x0000000000003ec4       0x88 C:/ncs/v3.2.1/nrfxlib/crypto/nrf_cc310_platform/lib/cortex-m33/hard-float/no-interrupts/libnrf_cc310_platform_0.9.19.a(custom_entropy.c.obj)
 .text.cc_mbedtls_entropy_init
                0x0000000000003f4c       0x84 C:/ncs/v3.2.1/nrfxlib/crypto/nrf_cc310_platform/lib/cortex-m33/hard-float/no-interrupts/libnrf_cc310_platform_0.9.19.a(custom_entropy.c.obj)
                0x0000000000003f4c                cc_mbedtls_entropy_init
 .text.cc_mbedtls_entropy_func
                0x0000000000003fd0      0x110 C:/ncs/v3.2.1/nrfxlib/crypto/nrf_cc310_platform/lib/cortex-m33/hard-float/no-interrupts/libnrf_cc310_platform_0.9.19.a(custom_entropy.c.obj)
                0x0000000000003fd0                cc_mbedtls_entropy_func
 .text.cc_hmac_sha256_starts.constprop.0
                0x00000000000040e0      0x108 C:/ncs/v3.2.1/nrfxlib/crypto/nrf_cc310_platform/lib/cortex-m33/hard-float/no-interrupts/libnrf_cc310_platform_0.9.19.a(hmac_drbg_alt.c.obj)
 .text.cc_mbedtls_hmac_drbg_init
                0x00000000000041e8       0x28 C:/ncs/v3.2.1/nrfxlib/crypto/nrf_cc310_platform/lib/cortex-m33/hard-float/no-interrupts/libnrf_cc310_platform_0.9.19.a(hmac_drbg_alt.c.obj)
                0x00000000000041e8                cc_mbedtls_hmac_drbg_init
 .text.cc_mbedtls_hmac_drbg_update
                0x0000000000004210      0x170 C:/ncs/v3.2.1/nrfxlib/crypto/nrf_cc310_platform/lib/cortex-m33/hard-float/no-interrupts/libnrf_cc310_platform_0.9.19.a(hmac_drbg_alt.c.obj)
                0x0000000000004210                cc_mbedtls_hmac_drbg_update
 .text.cc_hmac_drbg_reseed_core
                0x0000000000004380       0xac C:/ncs/v3.2.1/nrfxlib/crypto/nrf_cc310_platform/lib/cortex-m33/hard-float/no-interrupts/libnrf_cc310_platform_0.9.19.a(hmac_drbg_alt.c.obj)
 .text.cc_mbedtls_hmac_drbg_seed
                0x000000000000442c       0x54 C:/ncs/v3.2.1/nrfxlib/crypto/nrf_cc310_platform/lib/cortex-m33/hard-float/no-interrupts/libnrf_cc310_platform_0.9.19.a(hmac_drbg_alt.c.obj)
                0x000000000000442c                cc_mbedtls_hmac_drbg_seed
 .text.cc_mbedtls_hmac_drbg_random_with_add
                0x0000000000004480      0x144 C:/ncs/v3.2.1/nrfxlib/crypto/nrf_cc310_platform/lib/cortex-m33/hard-float/no-interrupts/libnrf_cc310_platform_0.9.19.a(hmac_drbg_alt.c.obj)
                0x0000000000004480                cc_mbedtls_hmac_drbg_random_with_add
 .text.RndStartupTest.constprop.0
                0x00000000000045c4       0x98 C:/ncs/v3.2.1/nrfxlib/crypto/nrf_cc310_platform/lib/cortex-m33/hard-float/no-interrupts/libnrf_cc310_platform_0.9.19.a(cc_lib.c.obj)
 .text.CC_LibInit_HMAC_DRBG
                0x000000000000465c       0xc0 C:/ncs/v3.2.1/nrfxlib/crypto/nrf_cc310_platform/lib/cortex-m33/hard-float/no-interrupts/libnrf_cc310_platform_0.9.19.a(cc_lib.c.obj)
                0x000000000000465c                CC_LibInit_HMAC_DRBG
 .text.CC_HalInit
                0x000000000000471c        0x4 C:/ncs/v3.2.1/nrfxlib/crypto/nrf_cc310_platform/lib/cortex-m33/hard-float/no-interrupts/libnrf_cc310_platform_0.9.19.a(cc_hal.c.obj)
                0x000000000000471c                CC_HalInit
 .text.CC_HalTerminate
                0x0000000000004720        0x4 C:/ncs/v3.2.1/nrfxlib/crypto/nrf_cc310_platform/lib/cortex-m33/hard-float/no-interrupts/libnrf_cc310_platform_0.9.19.a(cc_hal.c.obj)
                0x0000000000004720                CC_HalTerminate
 .text.CC_HalClearInterruptBit
                0x0000000000004724       0x1c C:/ncs/v3.2.1/nrfxlib/crypto/nrf_cc310_platform/lib/cortex-m33/hard-float/no-interrupts/libnrf_cc310_platform_0.9.19.a(cc_hal.c.obj)
                0x0000000000004724                CC_HalClearInterruptBit
 .text.CC_HalMaskInterrupt
                0x0000000000004740        0xc C:/ncs/v3.2.1/nrfxlib/crypto/nrf_cc310_platform/lib/cortex-m33/hard-float/no-interrupts/libnrf_cc310_platform_0.9.19.a(cc_hal.c.obj)
                0x0000000000004740                CC_HalMaskInterrupt
 .text.CC_HalWaitInterrupt
                0x000000000000474c        0xc C:/ncs/v3.2.1/nrfxlib/crypto/nrf_cc310_platform/lib/cortex-m33/hard-float/no-interrupts/libnrf_cc310_platform_0.9.19.a(cc_hal.c.obj)
                0x000000000000474c                CC_HalWaitInterrupt
 .text.CC_HalWaitInterruptRND
                0x0000000000004758        0xc C:/ncs/v3.2.1/nrfxlib/crypto/nrf_cc310_platform/lib/cortex-m33/hard-float/no-interrupts/libnrf_cc310_platform_0.9.19.a(cc_hal.c.obj)
                0x0000000000004758                CC_HalWaitInterruptRND
 .text.CC_PalInit
                0x0000000000004764       0x5c C:/ncs/v3.2.1/nrfxlib/crypto/nrf_cc310_platform/lib/cortex-m33/hard-float/no-interrupts/libnrf_cc310_platform_0.9.19.a(cc_pal.c.obj)
                0x0000000000004764                CC_PalInit
 .text.CC_PalTerminate
                0x00000000000047c0       0x34 C:/ncs/v3.2.1/nrfxlib/crypto/nrf_cc310_platform/lib/cortex-m33/hard-float/no-interrupts/libnrf_cc310_platform_0.9.19.a(cc_pal.c.obj)
                0x00000000000047c0                CC_PalTerminate
 .text.CC_PalDmaInit
                0x00000000000047f4        0x4 C:/ncs/v3.2.1/nrfxlib/crypto/nrf_cc310_platform/lib/cortex-m33/hard-float/no-interrupts/libnrf_cc310_platform_0.9.19.a(cc_pal_dma.c.obj)
                0x00000000000047f4                CC_PalDmaInit
 .text.CC_PalDmaTerminate
                0x00000000000047f8        0x4 C:/ncs/v3.2.1/nrfxlib/crypto/nrf_cc310_platform/lib/cortex-m33/hard-float/no-interrupts/libnrf_cc310_platform_0.9.19.a(cc_pal_dma.c.obj)
                0x00000000000047f8                CC_PalDmaTerminate
 .text.CC_PalWaitInterruptRND
                0x00000000000047fc       0x2c C:/ncs/v3.2.1/nrfxlib/crypto/nrf_cc310_platform/lib/cortex-m33/hard-float/no-interrupts/libnrf_cc310_platform_0.9.19.a(cc_pal_interrupt_ctrl.c.obj)
                0x00000000000047fc                CC_PalWaitInterruptRND
 .text.CC_PalWaitInterrupt
                0x0000000000004828       0x18 C:/ncs/v3.2.1/nrfxlib/crypto/nrf_cc310_platform/lib/cortex-m33/hard-float/no-interrupts/libnrf_cc310_platform_0.9.19.a(cc_pal_interrupt_ctrl.c.obj)
                0x0000000000004828                CC_PalWaitInterrupt
 .text.CC_PalMemCopyPlat
                0x0000000000004840        0x4 C:/ncs/v3.2.1/nrfxlib/crypto/nrf_cc310_platform/lib/cortex-m33/hard-float/no-interrupts/libnrf_cc310_platform_0.9.19.a(cc_pal_mem.c.obj)
                0x0000000000004840                CC_PalMemCopyPlat
 .text.CC_PalMemSetZeroPlat
                0x0000000000004844        0x8 C:/ncs/v3.2.1/nrfxlib/crypto/nrf_cc310_platform/lib/cortex-m33/hard-float/no-interrupts/libnrf_cc310_platform_0.9.19.a(cc_pal_mem.c.obj)
                0x0000000000004844                CC_PalMemSetZeroPlat
 .text.CC_PalMutexCreate
                0x000000000000484c       0x14 C:/ncs/v3.2.1/nrfxlib/crypto/nrf_cc310_platform/lib/cortex-m33/hard-float/no-interrupts/libnrf_cc310_platform_0.9.19.a(cc_pal_mutex.c.obj)
                0x000000000000484c                CC_PalMutexCreate
 .text.CC_PalMutexDestroy
                0x0000000000004860       0x14 C:/ncs/v3.2.1/nrfxlib/crypto/nrf_cc310_platform/lib/cortex-m33/hard-float/no-interrupts/libnrf_cc310_platform_0.9.19.a(cc_pal_mutex.c.obj)
                0x0000000000004860                CC_PalMutexDestroy
 .text.CC_PalMutexLock
                0x0000000000004874       0x10 C:/ncs/v3.2.1/nrfxlib/crypto/nrf_cc310_platform/lib/cortex-m33/hard-float/no-interrupts/libnrf_cc310_platform_0.9.19.a(cc_pal_mutex.c.obj)
                0x0000000000004874                CC_PalMutexLock
 .text.CC_PalMutexUnlock
                0x0000000000004884       0x14 C:/ncs/v3.2.1/nrfxlib/crypto/nrf_cc310_platform/lib/cortex-m33/hard-float/no-interrupts/libnrf_cc310_platform_0.9.19.a(cc_pal_mutex.c.obj)
                0x0000000000004884                CC_PalMutexUnlock
 .text.CC_PalPowerSaveModeInit
                0x0000000000004898       0x3c C:/ncs/v3.2.1/nrfxlib/crypto/nrf_cc310_platform/lib/cortex-m33/hard-float/no-interrupts/libnrf_cc310_platform_0.9.19.a(cc_pal_pm.c.obj)
                0x0000000000004898                CC_PalPowerSaveModeInit
 .text.CC_PalPowerSaveModeSelect
                0x00000000000048d4       0x84 C:/ncs/v3.2.1/nrfxlib/crypto/nrf_cc310_platform/lib/cortex-m33/hard-float/no-interrupts/libnrf_cc310_platform_0.9.19.a(cc_pal_pm.c.obj)
                0x00000000000048d4                CC_PalPowerSaveModeSelect
 .text.mutex_init
                0x0000000000004958        0xc C:/ncs/v3.2.1/nrfxlib/crypto/nrf_cc310_platform/lib/cortex-m33/hard-float/no-interrupts/libnrf_cc310_platform_0.9.19.a(threading_alt.c.obj)
                0x0000000000004958                mutex_init
 .text.mutex_lock
                0x0000000000004964        0xc C:/ncs/v3.2.1/nrfxlib/crypto/nrf_cc310_platform/lib/cortex-m33/hard-float/no-interrupts/libnrf_cc310_platform_0.9.19.a(threading_alt.c.obj)
                0x0000000000004964                mutex_lock
 .text.mutex_unlock
                0x0000000000004970        0xc C:/ncs/v3.2.1/nrfxlib/crypto/nrf_cc310_platform/lib/cortex-m33/hard-float/no-interrupts/libnrf_cc310_platform_0.9.19.a(threading_alt.c.obj)
                0x0000000000004970                mutex_unlock
 .text.nrf_cc3xx_platform_abort
                0x000000000000497c       0x24 C:/ncs/v3.2.1/nrfxlib/crypto/nrf_cc310_platform/lib/cortex-m33/hard-float/no-interrupts/libnrf_cc310_platform_0.9.19.a(nrf_cc3xx_platform_abort.c.obj)
 .text.CC_PalAbort
                0x00000000000049a0       0x34 C:/ncs/v3.2.1/nrfxlib/crypto/nrf_cc310_platform/lib/cortex-m33/hard-float/no-interrupts/libnrf_cc310_platform_0.9.19.a(nrf_cc3xx_platform_abort.c.obj)
                0x00000000000049a0                CC_PalAbort
 .text.mutex_free
                0x00000000000049d4       0x34 C:/ncs/v3.2.1/nrfxlib/crypto/nrf_cc310_platform/lib/cortex-m33/hard-float/no-interrupts/libnrf_cc310_platform_0.9.19.a(nrf_cc3xx_platform_mutex.c.obj)
 .text.mutex_lock
                0x0000000000004a08       0x48 C:/ncs/v3.2.1/nrfxlib/crypto/nrf_cc310_platform/lib/cortex-m33/hard-float/no-interrupts/libnrf_cc310_platform_0.9.19.a(nrf_cc3xx_platform_mutex.c.obj)
 .text.mutex_unlock
                0x0000000000004a50       0x38 C:/ncs/v3.2.1/nrfxlib/crypto/nrf_cc310_platform/lib/cortex-m33/hard-float/no-interrupts/libnrf_cc310_platform_0.9.19.a(nrf_cc3xx_platform_mutex.c.obj)
 .text.mutex_init
                0x0000000000004a88       0x20 C:/ncs/v3.2.1/nrfxlib/crypto/nrf_cc310_platform/lib/cortex-m33/hard-float/no-interrupts/libnrf_cc310_platform_0.9.19.a(nrf_cc3xx_platform_mutex.c.obj)
 .text.startTrngHW
                0x0000000000004aa8      0x140 C:/ncs/v3.2.1/nrfxlib/crypto/nrf_cc310_platform/lib/cortex-m33/hard-float/no-interrupts/libnrf_cc310_platform_0.9.19.a(llf_rnd_trng90b.c.obj)
 .text.LLF_RND_RepetitionCounterTest
                0x0000000000004be8       0x64 C:/ncs/v3.2.1/nrfxlib/crypto/nrf_cc310_platform/lib/cortex-m33/hard-float/no-interrupts/libnrf_cc310_platform_0.9.19.a(llf_rnd_trng90b.c.obj)
                0x0000000000004be8                LLF_RND_RepetitionCounterTest
 .text.LLF_RND_AdaptiveProportionTest
                0x0000000000004c4c       0x80 C:/ncs/v3.2.1/nrfxlib/crypto/nrf_cc310_platform/lib/cortex-m33/hard-float/no-interrupts/libnrf_cc310_platform_0.9.19.a(llf_rnd_trng90b.c.obj)
                0x0000000000004c4c                LLF_RND_AdaptiveProportionTest
 .text.getTrngSource
                0x0000000000004ccc      0x2b4 C:/ncs/v3.2.1/nrfxlib/crypto/nrf_cc310_platform/lib/cortex-m33/hard-float/no-interrupts/libnrf_cc310_platform_0.9.19.a(llf_rnd_trng90b.c.obj)
 .text.LLF_RND_GetTrngSource
                0x0000000000004f80       0x18 C:/ncs/v3.2.1/nrfxlib/crypto/nrf_cc310_platform/lib/cortex-m33/hard-float/no-interrupts/libnrf_cc310_platform_0.9.19.a(llf_rnd_trng90b.c.obj)
                0x0000000000004f80                LLF_RND_GetTrngSource
 .text.LLF_RND_RunTrngStartupTest
                0x0000000000004f98       0x1c C:/ncs/v3.2.1/nrfxlib/crypto/nrf_cc310_platform/lib/cortex-m33/hard-float/no-interrupts/libnrf_cc310_platform_0.9.19.a(llf_rnd_trng90b.c.obj)
                0x0000000000004f98                LLF_RND_RunTrngStartupTest
 .text.mbedtls_hardware_poll
                0x0000000000004fb4       0xfc C:/ncs/v3.2.1/nrfxlib/crypto/nrf_cc310_platform/lib/cortex-m33/hard-float/no-interrupts/libnrf_cc310_platform_0.9.19.a(trng_api.c.obj)
                0x0000000000004fb4                mbedtls_hardware_poll
 .text.cc_mbedtls_sha256_init
                0x00000000000050b0       0x28 C:/ncs/v3.2.1/nrfxlib/crypto/nrf_cc310_platform/lib/cortex-m33/hard-float/no-interrupts/libnrf_cc310_platform_0.9.19.a(sha256_alt.c.obj)
                0x00000000000050b0                cc_mbedtls_sha256_init
 .text.cc_mbedtls_sha256_free
                0x00000000000050d8        0xc C:/ncs/v3.2.1/nrfxlib/crypto/nrf_cc310_platform/lib/cortex-m33/hard-float/no-interrupts/libnrf_cc310_platform_0.9.19.a(sha256_alt.c.obj)
                0x00000000000050d8                cc_mbedtls_sha256_free
 .text.cc_mbedtls_sha256_starts
                0x00000000000050e4       0x28 C:/ncs/v3.2.1/nrfxlib/crypto/nrf_cc310_platform/lib/cortex-m33/hard-float/no-interrupts/libnrf_cc310_platform_0.9.19.a(sha256_alt.c.obj)
                0x00000000000050e4                cc_mbedtls_sha256_starts
 .text.cc_mbedtls_sha256_update
                0x000000000000510c       0x54 C:/ncs/v3.2.1/nrfxlib/crypto/nrf_cc310_platform/lib/cortex-m33/hard-float/no-interrupts/libnrf_cc310_platform_0.9.19.a(sha256_alt.c.obj)
                0x000000000000510c                cc_mbedtls_sha256_update
 .text.cc_mbedtls_sha256_finish
                0x0000000000005160       0x48 C:/ncs/v3.2.1/nrfxlib/crypto/nrf_cc310_platform/lib/cortex-m33/hard-float/no-interrupts/libnrf_cc310_platform_0.9.19.a(sha256_alt.c.obj)
                0x0000000000005160                cc_mbedtls_sha256_finish
 .text.mbedtls_sha_starts_internal
                0x00000000000051a8       0x28 C:/ncs/v3.2.1/nrfxlib/crypto/nrf_cc310_platform/lib/cortex-m33/hard-float/no-interrupts/libnrf_cc310_platform_0.9.19.a(mbedtls_hash_common.c.obj)
                0x00000000000051a8                mbedtls_sha_starts_internal
 .text.mbedtls_sha_finish_internal
                0x00000000000051d0       0x5c C:/ncs/v3.2.1/nrfxlib/crypto/nrf_cc310_platform/lib/cortex-m33/hard-float/no-interrupts/libnrf_cc310_platform_0.9.19.a(mbedtls_hash_common.c.obj)
                0x00000000000051d0                mbedtls_sha_finish_internal
 .text.mbedtls_sha_update_internal
                0x000000000000522c      0x1ec C:/ncs/v3.2.1/nrfxlib/crypto/nrf_cc310_platform/lib/cortex-m33/hard-float/no-interrupts/libnrf_cc310_platform_0.9.19.a(mbedtls_hash_common.c.obj)
                0x000000000000522c                mbedtls_sha_update_internal
 .text.cc_mbedtls_sha256
                0x0000000000005418       0x50 C:/ncs/v3.2.1/nrfxlib/crypto/nrf_cc310_platform/lib/cortex-m33/hard-float/no-interrupts/libnrf_cc310_platform_0.9.19.a(sha256.c.obj)
                0x0000000000005418                cc_mbedtls_sha256
 .text.RNG_PLAT_SetUserRngParameters
                0x0000000000005468       0x74 C:/ncs/v3.2.1/nrfxlib/crypto/nrf_cc310_platform/lib/cortex-m33/hard-float/no-interrupts/libnrf_cc310_platform_0.9.19.a(cc_rng_plat.c.obj)
                0x0000000000005468                RNG_PLAT_SetUserRngParameters
 .text.CC_PalTrngParamGet
                0x00000000000054dc      0x114 C:/ncs/v3.2.1/nrfxlib/crypto/nrf_cc310_platform/lib/cortex-m33/hard-float/no-interrupts/libnrf_cc310_platform_0.9.19.a(cc_pal_trng.c.obj)
                0x00000000000054dc                CC_PalTrngParamGet
 .text.LLF_RND_WaitRngInterrupt
                0x00000000000055f0       0x20 C:/ncs/v3.2.1/nrfxlib/crypto/nrf_cc310_platform/lib/cortex-m33/hard-float/no-interrupts/libnrf_cc310_platform_0.9.19.a(llf_rnd.c.obj)
                0x00000000000055f0                LLF_RND_WaitRngInterrupt
 .text.LLF_RND_GetRoscSampleCnt
                0x0000000000005610       0x34 C:/ncs/v3.2.1/nrfxlib/crypto/nrf_cc310_platform/lib/cortex-m33/hard-float/no-interrupts/libnrf_cc310_platform_0.9.19.a(llf_rnd.c.obj)
                0x0000000000005610                LLF_RND_GetRoscSampleCnt
 .text.LLF_RND_GetFastestRosc
                0x0000000000005644       0x20 C:/ncs/v3.2.1/nrfxlib/crypto/nrf_cc310_platform/lib/cortex-m33/hard-float/no-interrupts/libnrf_cc310_platform_0.9.19.a(llf_rnd.c.obj)
                0x0000000000005644                LLF_RND_GetFastestRosc
 .text.LLF_RND_TurnOffTrng
                0x0000000000005664       0x18 C:/ncs/v3.2.1/nrfxlib/crypto/nrf_cc310_platform/lib/cortex-m33/hard-float/no-interrupts/libnrf_cc310_platform_0.9.19.a(llf_rnd.c.obj)
                0x0000000000005664                LLF_RND_TurnOffTrng
 .text.SetDataBuffersInfo
                0x000000000000567c       0x68 C:/ncs/v3.2.1/nrfxlib/crypto/nrf_cc310_platform/lib/cortex-m33/hard-float/no-interrupts/libnrf_cc310_platform_0.9.19.a(driver_common.c.obj)
                0x000000000000567c                SetDataBuffersInfo
 .text.InitHashDrv
                0x00000000000056e4       0x50 C:/ncs/v3.2.1/nrfxlib/crypto/nrf_cc310_platform/lib/cortex-m33/hard-float/no-interrupts/libnrf_cc310_platform_0.9.19.a(hash_driver.c.obj)
                0x00000000000056e4                InitHashDrv
 .text.ProcessHashDrv
                0x0000000000005734      0x22c C:/ncs/v3.2.1/nrfxlib/crypto/nrf_cc310_platform/lib/cortex-m33/hard-float/no-interrupts/libnrf_cc310_platform_0.9.19.a(hash_driver.c.obj)
                0x0000000000005734                ProcessHashDrv
 .text.FinishHashDrv
                0x0000000000005960       0x74 C:/ncs/v3.2.1/nrfxlib/crypto/nrf_cc310_platform/lib/cortex-m33/hard-float/no-interrupts/libnrf_cc310_platform_0.9.19.a(hash_driver.c.obj)
                0x0000000000005960                FinishHashDrv
 .text.CC_PalDataBufferAttrGet
                0x00000000000059d4        0x8 C:/ncs/v3.2.1/nrfxlib/crypto/nrf_cc310_platform/lib/cortex-m33/hard-float/no-interrupts/libnrf_cc310_platform_0.9.19.a(cc_pal_buff_attr.c.obj)
                0x00000000000059d4                CC_PalDataBufferAttrGet
 .text          0x00000000000059dc       0xc8 c:/ncs/toolchains/66cdf9b75e/opt/zephyr-sdk/arm-zephyr-eabi/bin/../lib/gcc/arm-zephyr-eabi/12.2.0/thumb/v8-m.main+fp/hard\libgcc.a(cmse.o)
                0x00000000000059dc                cmse_check_address_range
 .text.exit     0x0000000000005aa4       0x28 c:/ncs/toolchains/66cdf9b75e/opt/zephyr-sdk/arm-zephyr-eabi/bin/../lib/gcc/arm-zephyr-eabi/12.2.0/../../../../arm-zephyr-eabi/lib/thumb/v8-m.main+fp/hard\libc_nano.a(lib_a-exit.o)
                0x0000000000005aa4                exit
 .text.__libc_init_array
                0x0000000000005acc       0x48 c:/ncs/toolchains/66cdf9b75e/opt/zephyr-sdk/arm-zephyr-eabi/bin/../lib/gcc/arm-zephyr-eabi/12.2.0/../../../../arm-zephyr-eabi/lib/thumb/v8-m.main+fp/hard\libc_nano.a(lib_a-init.o)
                0x0000000000005acc                __libc_init_array
 .text._exit    0x0000000000005b14        0x4 c:/ncs/toolchains/66cdf9b75e/opt/zephyr-sdk/arm-zephyr-eabi/bin/../lib/gcc/arm-zephyr-eabi/12.2.0/../../../../arm-zephyr-eabi/lib/thumb/v8-m.main+fp/hard\libnosys.a(_exit.o)
                0x0000000000005b14                _exit
 .text.clear_caller_context
                0x0000000000005b18       0x5c secure_fw/CMakeFiles/tfm_s.dir/partitions/ns_agent_tz/psa_api_veneers_v80m.o
 .text.C_HardFault_Handler
                0x0000000000005b74        0x4 secure_fw/CMakeFiles/tfm_s.dir/__/platform/ext/common/faults.o
                0x0000000000005b74                C_HardFault_Handler
 .text.HardFault_Handler
                0x0000000000005b78       0x1c secure_fw/CMakeFiles/tfm_s.dir/__/platform/ext/common/faults.o
                0x0000000000005b78                HardFault_Handler
 .text.C_MemManage_Handler
                0x0000000000005b94        0x4 secure_fw/CMakeFiles/tfm_s.dir/__/platform/ext/common/faults.o
                0x0000000000005b94                C_MemManage_Handler
 .text.MemManage_Handler
                0x0000000000005b98       0x1c secure_fw/CMakeFiles/tfm_s.dir/__/platform/ext/common/faults.o
                0x0000000000005b98                MemManage_Handler
 .text.C_BusFault_Handler
                0x0000000000005bb4        0x4 secure_fw/CMakeFiles/tfm_s.dir/__/platform/ext/common/faults.o
                0x0000000000005bb4                C_BusFault_Handler
 .text.BusFault_Handler
                0x0000000000005bb8       0x1c secure_fw/CMakeFiles/tfm_s.dir/__/platform/ext/common/faults.o
                0x0000000000005bb8                BusFault_Handler
 .text.C_SecureFault_Handler
                0x0000000000005bd4        0x4 secure_fw/CMakeFiles/tfm_s.dir/__/platform/ext/common/faults.o
                0x0000000000005bd4                C_SecureFault_Handler
 .text.SecureFault_Handler
                0x0000000000005bd8       0x1c secure_fw/CMakeFiles/tfm_s.dir/__/platform/ext/common/faults.o
                0x0000000000005bd8                SecureFault_Handler
 .text.C_UsageFault_Handler
                0x0000000000005bf4        0x4 secure_fw/CMakeFiles/tfm_s.dir/__/platform/ext/common/faults.o
                0x0000000000005bf4                C_UsageFault_Handler
 .text.UsageFault_Handler
                0x0000000000005bf8       0x1c secure_fw/CMakeFiles/tfm_s.dir/__/platform/ext/common/faults.o
                0x0000000000005bf8                UsageFault_Handler
 .text.memmove  0x0000000000005c14       0x6c secure_fw/partitions/lib/runtime/libtfm_sprt.a(crt_memmove.o)
                0x0000000000005c14                memmove
 .text.memcpy   0x0000000000005c80       0x4a secure_fw/partitions/lib/runtime/libtfm_sprt.a(crt_memcpy.o)
                0x0000000000005c80                memcpy
 .text.memset   0x0000000000005cca       0x46 secure_fw/partitions/lib/runtime/libtfm_sprt.a(crt_memset.o)
                0x0000000000005cca                memset
 .text.psa_framework_version
                0x0000000000005d10       0x18 secure_fw/partitions/lib/runtime/libtfm_sprt.a(psa_interface_sfn.o)
                0x0000000000005d10                psa_framework_version
 .text.psa_version
                0x0000000000005d28       0x1c secure_fw/partitions/lib/runtime/libtfm_sprt.a(psa_interface_sfn.o)
                0x0000000000005d28                psa_version
 .text.psa_read
                0x0000000000005d44       0x2a secure_fw/partitions/lib/runtime/libtfm_sprt.a(psa_interface_sfn.o)
                0x0000000000005d44                psa_read
 .text.psa_write
                0x0000000000005d6e       0x2a secure_fw/partitions/lib/runtime/libtfm_sprt.a(psa_interface_sfn.o)
                0x0000000000005d6e                psa_write
 .text.psa_panic
                0x0000000000005d98       0x18 secure_fw/partitions/lib/runtime/libtfm_sprt.a(psa_interface_sfn.o)
                0x0000000000005d98                psa_panic
 .text.platform_calloc_uninit
                0x0000000000005db0        0x4 secure_fw/partitions/crypto/mbedcrypto/nrf_security_src/core/nrf_oberon/libpsa_core.a(platform.o)
 .text.platform_free_uninit
                0x0000000000005db4        0x2 secure_fw/partitions/crypto/mbedcrypto/nrf_security_src/core/nrf_oberon/libpsa_core.a(platform.o)
 .text.mbedtls_zeroize_and_free
                0x0000000000005db6       0x14 secure_fw/partitions/crypto/mbedcrypto/nrf_security_src/core/nrf_oberon/libpsa_core.a(platform_util.o)
                0x0000000000005db6                mbedtls_zeroize_and_free
 .text.psa_remove_key_data_from_memory
                0x0000000000005dca       0x16 secure_fw/partitions/crypto/mbedcrypto/nrf_security_src/core/nrf_oberon/libpsa_core.a(psa_crypto.o)
                0x0000000000005dca                psa_remove_key_data_from_memory
 .text.psa_wipe_key_slot
                0x0000000000005de0       0x3a secure_fw/partitions/crypto/mbedcrypto/nrf_security_src/core/nrf_oberon/libpsa_core.a(psa_crypto.o)
                0x0000000000005de0                psa_wipe_key_slot
 .text.psa_driver_wrapper_init
                0x0000000000005e1a        0x4 secure_fw/partitions/crypto/mbedcrypto/nrf_security_src/core/nrf_oberon/libpsa_core.a(psa_crypto_driver_wrappers.o)
                0x0000000000005e1a                psa_driver_wrapper_init
 .text.psa_driver_wrapper_free
                0x0000000000005e1e        0x2 secure_fw/partitions/crypto/mbedcrypto/nrf_security_src/core/nrf_oberon/libpsa_core.a(psa_crypto_driver_wrappers.o)
                0x0000000000005e1e                psa_driver_wrapper_free
 .text.psa_driver_wrapper_init_random
                0x0000000000005e20        0x4 secure_fw/partitions/crypto/mbedcrypto/nrf_security_src/core/nrf_oberon/libpsa_core.a(psa_crypto_driver_wrappers.o)
                0x0000000000005e20                psa_driver_wrapper_init_random
 .text.psa_driver_wrapper_get_random
                0x0000000000005e24       0x22 secure_fw/partitions/crypto/mbedcrypto/nrf_security_src/core/nrf_oberon/libpsa_core.a(psa_crypto_driver_wrappers.o)
                0x0000000000005e24                psa_driver_wrapper_get_random
 .text.psa_driver_wrapper_free_random
                0x0000000000005e46        0x4 secure_fw/partitions/crypto/mbedcrypto/nrf_security_src/core/nrf_oberon/libpsa_core.a(psa_crypto_driver_wrappers.o)
                0x0000000000005e46                psa_driver_wrapper_free_random
 .text.printf   0x0000000000005e4a        0x8 secure_fw/partitions/lib/runtime/libtfm_sprt.a(dummy_tfm_sp_log_raw.o)
                0x0000000000005e4a                printf
 .text          0x0000000000005e52       0x5c c:/ncs/toolchains/66cdf9b75e/opt/zephyr-sdk/arm-zephyr-eabi/bin/../lib/gcc/arm-zephyr-eabi/12.2.0/thumb/v8-m.main+fp/hard\libgcc.a(cmse_nonsecure_call.o)
                0x0000000000005e52                __gnu_cmse_nonsecure_call
 *(.init)
 *fill*         0x0000000000005eae        0x2 
 .init          0x0000000000005eb0        0x4 c:/ncs/toolchains/66cdf9b75e/opt/zephyr-sdk/arm-zephyr-eabi/bin/../lib/gcc/arm-zephyr-eabi/12.2.0/thumb/v8-m.main+fp/hard/crti.o
                0x0000000000005eb0                _init
 .init          0x0000000000005eb4        0x8 c:/ncs/toolchains/66cdf9b75e/opt/zephyr-sdk/arm-zephyr-eabi/bin/../lib/gcc/arm-zephyr-eabi/12.2.0/thumb/v8-m.main+fp/hard/crtn.o
 *(.fini)
 .fini          0x0000000000005ebc        0x4 c:/ncs/toolchains/66cdf9b75e/opt/zephyr-sdk/arm-zephyr-eabi/bin/../lib/gcc/arm-zephyr-eabi/12.2.0/thumb/v8-m.main+fp/hard/crti.o
                0x0000000000005ebc                _fini
 .fini          0x0000000000005ec0        0x8 c:/ncs/toolchains/66cdf9b75e/opt/zephyr-sdk/arm-zephyr-eabi/bin/../lib/gcc/arm-zephyr-eabi/12.2.0/thumb/v8-m.main+fp/hard/crtn.o
 *crtbegin.o(.ctors)
 *crtbegin?.o(.ctors)
 *(EXCLUDE_FILE(*crtend.o *crtend?.o) .ctors)
 *(SORT_BY_NAME(.ctors.*))
 *(.ctors)
 *crtbegin.o(.dtors)
 *crtbegin?.o(.dtors)
 *(EXCLUDE_FILE(*crtend.o *crtend?.o) .dtors)
 *(SORT_BY_NAME(.dtors.*))
 *(.dtors)
 *(SORT_BY_ALIGNMENT(.rodata*))
 .rodata.ret_err
                0x0000000000005ec8        0x4 secure_fw/CMakeFiles/tfm_s.dir/partitions/ns_agent_tz/psa_api_veneers_v80m.o
                0x0000000000005ec8                ret_err
 .rodata.CSWTCH.10
                0x0000000000005ecc       0x1c C:/ncs/v3.2.1/nrfxlib/crypto/nrf_cc310_platform/lib/cortex-m33/hard-float/no-interrupts/libnrf_cc310_platform_0.9.19.a(nrf_cc3xx_platform.c.obj)
 .rodata.RndStartupTest.constprop.0.str1.4
                0x0000000000005ee8       0x6f C:/ncs/v3.2.1/nrfxlib/crypto/nrf_cc310_platform/lib/cortex-m33/hard-float/no-interrupts/libnrf_cc310_platform_0.9.19.a(cc_lib.c.obj)
 *fill*         0x0000000000005f57        0x1 
 .rodata.CC_PalPowerSaveModeInit.str1.4
                0x0000000000005f58       0x20 C:/ncs/v3.2.1/nrfxlib/crypto/nrf_cc310_platform/lib/cortex-m33/hard-float/no-interrupts/libnrf_cc310_platform_0.9.19.a(cc_pal_pm.c.obj)
 .rodata.mutex_free.str1.4
                0x0000000000005f78       0x26 C:/ncs/v3.2.1/nrfxlib/crypto/nrf_cc310_platform/lib/cortex-m33/hard-float/no-interrupts/libnrf_cc310_platform_0.9.19.a(nrf_cc3xx_platform_mutex.c.obj)
 *fill*         0x0000000000005f9e        0x2 
 .rodata.mutex_init.str1.4
                0x0000000000005fa0       0x23 C:/ncs/v3.2.1/nrfxlib/crypto/nrf_cc310_platform/lib/cortex-m33/hard-float/no-interrupts/libnrf_cc310_platform_0.9.19.a(nrf_cc3xx_platform_mutex.c.obj)
 *fill*         0x0000000000005fc3        0x1 
 .rodata.mbedtls_hardware_poll.str1.4
                0x0000000000005fc4       0x16 C:/ncs/v3.2.1/nrfxlib/crypto/nrf_cc310_platform/lib/cortex-m33/hard-float/no-interrupts/libnrf_cc310_platform_0.9.19.a(trng_api.c.obj)
                                         0x6e (size before relaxing)
 *fill*         0x0000000000005fda        0x2 
 .rodata.cc_mbedtls_sha256_init.str1.4
                0x0000000000005fdc        0xe C:/ncs/v3.2.1/nrfxlib/crypto/nrf_cc310_platform/lib/cortex-m33/hard-float/no-interrupts/libnrf_cc310_platform_0.9.19.a(sha256_alt.c.obj)
 .rodata.ProcessHashDrv.str1.4
                0x0000000000005fea       0x6f C:/ncs/v3.2.1/nrfxlib/crypto/nrf_cc310_platform/lib/cortex-m33/hard-float/no-interrupts/libnrf_cc310_platform_0.9.19.a(hash_driver.c.obj)
 *fill*         0x0000000000005fea        0x2 
 .rodata.HASH_LARVAL_SHA256
                0x0000000000005fec       0x20 C:/ncs/v3.2.1/nrfxlib/crypto/nrf_cc310_platform/lib/cortex-m33/hard-float/no-interrupts/libnrf_cc310_platform_0.9.19.a(hash_driver.c.obj)
 .rodata.HASH_LARVAL_SHA224