../Core/Src/main.c:29:6:usart2_send_char	2
../Core/Src/main.c:34:6:usart2_send_string	2
../Core/Src/main.c:39:6:uint_to_str	4
../Core/Src/main.c:55:6:float_to_str	6
../Core/Src/main.c:88:6:usart2_printf	12
../Core/Src/main.c:140:5:main	1
../Core/Src/main.c:156:13:prvCreateTasks	1
../Core/Src/main.c:162:6:vHeartbeat	1
../Core/Src/main.c:173:6:vIMURead	1
../Core/Src/main.c:226:6:GPIOPortConfig	1
../Core/Src/main.c:236:6:SysTick_Init	1
../Core/Src/main.c:242:6:SystemClock_Config	4
../Core/Src/main.c:283:6:Error_Handler	1
