../Core/Src/main.c:76:5:main	16	static
../Core/Src/main.c:101:6:usartTest	16	static
../Core/Src/main.c:122:8:MPU9250_Config	32	static
../Core/Src/main.c:148:8:I2C_BurstRead	40	static
../Core/Src/main.c:169:8:I2C_Read	24	static
../Core/Src/main.c:203:8:I2C_Write	32	static
../Core/Src/main.c:238:6:ClearBuffer	24	static
../Core/Src/main.c:246:6:wait	16	static
../Core/Src/main.c:250:6:Good_USART_Confirmation	8	static
../Core/Src/main.c:257:6:Bad_USART_Confirmation	8	static
../Core/Src/main.c:264:6:ClearStuckI2CBus	16	static
../Core/Src/main.c:270:6:USART2_IRQHandler	8	static
../Core/Src/main.c:307:6:TurretUp	4	static
../Core/Src/main.c:311:6:TurretDown	4	static
../Core/Src/main.c:315:6:TurretLeft	4	static
../Core/Src/main.c:319:6:TurretRight	4	static
../Core/Src/main.c:323:6:TurretUpDownDoNothing	4	static
../Core/Src/main.c:326:6:TurretLeftRightDoNothing	4	static
../Core/Src/main.c:329:6:TurretFire	4	static
../Core/Src/main.c:332:6:TurretFireDoNothing	4	static
../Core/Src/main.c:336:6:TurretMotors_Config	4	static
../Core/Src/main.c:401:6:USART2_Config	8	static
../Core/Src/main.c:436:6:NVIC_SetIRQ	16	static
../Core/Src/main.c:440:6:TurretFire_Config	4	static
../Core/Src/main.c:445:6:I2C1_Config	8	static
../Core/Src/main.c:493:6:DMA1_Config	8	static
../Core/Src/main.c:531:6:MPU9250EXTI_Config	8	static
../Core/Src/main.c:546:6:SystemClock_Config	96	static
../Core/Src/main.c:579:6:Error_Handler	4	static,ignoring_inline_asm
