../Core/Src/main.c:33:6:systick_init	16	static
../Core/Src/main.c:40:6:usart2_send_char	16	static
../Core/Src/main.c:45:6:usart2_send_string	16	static
../Core/Src/main.c:50:6:uint_to_str	40	static
../Core/Src/main.c:66:6:float_to_str	72	static
../Core/Src/main.c:99:6:usart2_printf	72	static
../Core/Src/main.c:151:5:main	8	static
../Core/Src/main.c:167:13:prvCreateTasks	16	static
../Core/Src/main.c:173:6:vHeartbeat	72	static
../Core/Src/main.c:184:6:vIMURead	40	static
../Core/Src/main.c:237:6:GPIOPortConfig	16	static
../Core/Src/main.c:247:6:SystemClock_Config	96	static
../Core/Src/main.c:288:6:Error_Handler	4	static,ignoring_inline_asm
