Archive member included to satisfy reference by file (symbol)

C:/ST/STM32CubeIDE_1.16.1/STM32CubeIDE/plugins/com.st.stm32cube.ide.mcu.externaltools.gnu-tools-for-stm32.12.3.rel1.win32_1.0.200.202406191623/tools/bin/../lib/gcc/arm-none-eabi/12.3.1/../../../../arm-none-eabi/lib/thumb/v7e-m+fp/hard\libc_nano.a(libc_a-exit.o)
                              C:/ST/STM32CubeIDE_1.16.1/STM32CubeIDE/plugins/com.st.stm32cube.ide.mcu.externaltools.gnu-tools-for-stm32.12.3.rel1.win32_1.0.200.202406191623/tools/bin/../lib/gcc/arm-none-eabi/12.3.1/../../../../arm-none-eabi/lib/thumb/v7e-m+fp/hard/crt0.o (exit)
C:/ST/STM32CubeIDE_1.16.1/STM32CubeIDE/plugins/com.st.stm32cube.ide.mcu.externaltools.gnu-tools-for-stm32.12.3.rel1.win32_1.0.200.202406191623/tools/bin/../lib/gcc/arm-none-eabi/12.3.1/../../../../arm-none-eabi/lib/thumb/v7e-m+fp/hard\libc_nano.a(libc_a-findfp.o)
                              C:/ST/STM32CubeIDE_1.16.1/STM32CubeIDE/plugins/com.st.stm32cube.ide.mcu.externaltools.gnu-tools-for-stm32.12.3.rel1.win32_1.0.200.202406191623/tools/bin/../lib/gcc/arm-none-eabi/12.3.1/../../../../arm-none-eabi/lib/thumb/v7e-m+fp/hard\libc_nano.a(libc_a-exit.o) (__stdio_exit_handler)
C:/ST/STM32CubeIDE_1.16.1/STM32CubeIDE/plugins/com.st.stm32cube.ide.mcu.externaltools.gnu-tools-for-stm32.12.3.rel1.win32_1.0.200.202406191623/tools/bin/../lib/gcc/arm-none-eabi/12.3.1/../../../../arm-none-eabi/lib/thumb/v7e-m+fp/hard\libc_nano.a(libc_a-fwalk.o)
                              C:/ST/STM32CubeIDE_1.16.1/STM32CubeIDE/plugins/com.st.stm32cube.ide.mcu.externaltools.gnu-tools-for-stm32.12.3.rel1.win32_1.0.200.202406191623/tools/bin/../lib/gcc/arm-none-eabi/12.3.1/../../../../arm-none-eabi/lib/thumb/v7e-m+fp/hard\libc_nano.a(libc_a-findfp.o) (_fwalk_sglue)
C:/ST/STM32CubeIDE_1.16.1/STM32CubeIDE/plugins/com.st.stm32cube.ide.mcu.externaltools.gnu-tools-for-stm32.12.3.rel1.win32_1.0.200.202406191623/tools/bin/../lib/gcc/arm-none-eabi/12.3.1/../../../../arm-none-eabi/lib/thumb/v7e-m+fp/hard\libc_nano.a(libc_a-printf.o)
                              ./Core/Src/main.o (printf)
C:/ST/STM32CubeIDE_1.16.1/STM32CubeIDE/plugins/com.st.stm32cube.ide.mcu.externaltools.gnu-tools-for-stm32.12.3.rel1.win32_1.0.200.202406191623/tools/bin/../lib/gcc/arm-none-eabi/12.3.1/../../../../arm-none-eabi/lib/thumb/v7e-m+fp/hard\libc_nano.a(libc_a-stdio.o)
                              C:/ST/STM32CubeIDE_1.16.1/STM32CubeIDE/plugins/com.st.stm32cube.ide.mcu.externaltools.gnu-tools-for-stm32.12.3.rel1.win32_1.0.200.202406191623/tools/bin/../lib/gcc/arm-none-eabi/12.3.1/../../../../arm-none-eabi/lib/thumb/v7e-m+fp/hard\libc_nano.a(libc_a-findfp.o) (__sread)
C:/ST/STM32CubeIDE_1.16.1/STM32CubeIDE/plugins/com.st.stm32cube.ide.mcu.externaltools.gnu-tools-for-stm32.12.3.rel1.win32_1.0.200.202406191623/tools/bin/../lib/gcc/arm-none-eabi/12.3.1/../../../../arm-none-eabi/lib/thumb/v7e-m+fp/hard\libc_nano.a(libc_a-memset.o)
                              C:/ST/STM32CubeIDE_1.16.1/STM32CubeIDE/plugins/com.st.stm32cube.ide.mcu.externaltools.gnu-tools-for-stm32.12.3.rel1.win32_1.0.200.202406191623/tools/bin/../lib/gcc/arm-none-eabi/12.3.1/../../../../arm-none-eabi/lib/thumb/v7e-m+fp/hard/crt0.o (memset)
C:/ST/STM32CubeIDE_1.16.1/STM32CubeIDE/plugins/com.st.stm32cube.ide.mcu.externaltools.gnu-tools-for-stm32.12.3.rel1.win32_1.0.200.202406191623/tools/bin/../lib/gcc/arm-none-eabi/12.3.1/../../../../arm-none-eabi/lib/thumb/v7e-m+fp/hard\libc_nano.a(libc_a-closer.o)
                              C:/ST/STM32CubeIDE_1.16.1/STM32CubeIDE/plugins/com.st.stm32cube.ide.mcu.externaltools.gnu-tools-for-stm32.12.3.rel1.win32_1.0.200.202406191623/tools/bin/../lib/gcc/arm-none-eabi/12.3.1/../../../../arm-none-eabi/lib/thumb/v7e-m+fp/hard\libc_nano.a(libc_a-stdio.o) (_close_r)
C:/ST/STM32CubeIDE_1.16.1/STM32CubeIDE/plugins/com.st.stm32cube.ide.mcu.externaltools.gnu-tools-for-stm32.12.3.rel1.win32_1.0.200.202406191623/tools/bin/../lib/gcc/arm-none-eabi/12.3.1/../../../../arm-none-eabi/lib/thumb/v7e-m+fp/hard\libc_nano.a(libc_a-reent.o)
                              C:/ST/STM32CubeIDE_1.16.1/STM32CubeIDE/plugins/com.st.stm32cube.ide.mcu.externaltools.gnu-tools-for-stm32.12.3.rel1.win32_1.0.200.202406191623/tools/bin/../lib/gcc/arm-none-eabi/12.3.1/../../../../arm-none-eabi/lib/thumb/v7e-m+fp/hard\libc_nano.a(libc_a-closer.o) (errno)
C:/ST/STM32CubeIDE_1.16.1/STM32CubeIDE/plugins/com.st.stm32cube.ide.mcu.externaltools.gnu-tools-for-stm32.12.3.rel1.win32_1.0.200.202406191623/tools/bin/../lib/gcc/arm-none-eabi/12.3.1/../../../../arm-none-eabi/lib/thumb/v7e-m+fp/hard\libc_nano.a(libc_a-impure.o)
                              C:/ST/STM32CubeIDE_1.16.1/STM32CubeIDE/plugins/com.st.stm32cube.ide.mcu.externaltools.gnu-tools-for-stm32.12.3.rel1.win32_1.0.200.202406191623/tools/bin/../lib/gcc/arm-none-eabi/12.3.1/../../../../arm-none-eabi/lib/thumb/v7e-m+fp/hard\libc_nano.a(libc_a-printf.o) (_impure_ptr)
[...]
Memory Configuration

Name             Origin             Length             Attributes
RAM              0x20000000         0x00018000         xrw
RAM2             0x10000000         0x00008000         xrw
FLASH            0x08000000         0x00100000         xr
*default*        0x00000000         0xffffffff

Linker script and memory map

LOAD C:/ST/STM32CubeIDE_1.16.1/STM32CubeIDE/plugins/com.st.stm32cube.ide.mcu.externaltools.gnu-tools-for-stm32.12.3.rel1.win32_1.0.200.202406191623/tools/bin/../lib/gcc/arm-none-eabi/12.3.1/thumb/v7e-m+fp/hard/crti.o
LOAD C:/ST/STM32CubeIDE_1.16.1/STM32CubeIDE/plugins/com.st.stm32cube.ide.mcu.externaltools.gnu-tools-for-stm32.12.3.rel1.win32_1.0.200.202406191623/tools/bin/../lib/gcc/arm-none-eabi/12.3.1/thumb/v7e-m+fp/hard/crtbegin.o
LOAD C:/ST/STM32CubeIDE_1.16.1/STM32CubeIDE/plugins/com.st.stm32cube.ide.mcu.externaltools.gnu-tools-for-stm32.12.3.rel1.win32_1.0.200.202406191623/tools/bin/../lib/gcc/arm-none-eabi/12.3.1/../../../../arm-none-eabi/lib/thumb/v7e-m+fp/hard/crt0.o
LOAD ./Core/Src/Drivers/I2C.o
LOAD ./Core/Src/Drivers/LSM6DS3.o
LOAD ./Core/Src/freertos_hooks.o
LOAD ./Core/Src/main.o
LOAD ./Core/Src/stm32l4xx_hal_msp.o
LOAD ./Core/Src/stm32l4xx_it.o
LOAD ./Core/Src/syscalls.o
LOAD ./Core/Src/sysmem.o
LOAD ./Core/Src/system_stm32l4xx.o
LOAD ./Core/Startup/startup_stm32l476rgtx.o
LOAD ./Drivers/STM32L4xx_HAL_Driver/Src/stm32l4xx_hal.o
LOAD ./Drivers/STM32L4xx_HAL_Driver/Src/stm32l4xx_hal_cortex.o
LOAD ./Drivers/STM32L4xx_HAL_Driver/Src/stm32l4xx_hal_dma.o
LOAD ./Drivers/STM32L4xx_HAL_Driver/Src/stm32l4xx_hal_dma_ex.o
LOAD ./Drivers/STM32L4xx_HAL_Driver/Src/stm32l4xx_hal_exti.o
LOAD ./Drivers/STM32L4xx_HAL_Driver/Src/stm32l4xx_hal_flash.o
LOAD ./Drivers/STM32L4xx_HAL_Driver/Src/stm32l4xx_hal_flash_ex.o
LOAD ./Drivers/STM32L4xx_HAL_Driver/Src/stm32l4xx_hal_flash_ramfunc.o
LOAD ./Drivers/STM32L4xx_HAL_Driver/Src/stm32l4xx_hal_gpio.o
LOAD ./Drivers/STM32L4xx_HAL_Driver/Src/stm32l4xx_hal_i2c.o
LOAD ./Drivers/STM32L4xx_HAL_Driver/Src/stm32l4xx_hal_i2c_ex.o
LOAD ./Drivers/STM32L4xx_HAL_Driver/Src/stm32l4xx_hal_pwr.o
LOAD ./Drivers/STM32L4xx_HAL_Driver/Src/stm32l4xx_hal_pwr_ex.o
LOAD ./Drivers/STM32L4xx_HAL_Driver/Src/stm32l4xx_hal_rcc.o
LOAD ./Drivers/STM32L4xx_HAL_Driver/Src/stm32l4xx_hal_rcc_ex.o
LOAD ./FreeRTOS/ARM_CM4F/port.o
LOAD ./FreeRTOS/heap_4.o
LOAD ./FreeRTOS/source/event_groups.o
LOAD ./FreeRTOS/source/list.o
LOAD ./FreeRTOS/source/queue.o
LOAD ./FreeRTOS/source/stream_buffer.o
LOAD ./FreeRTOS/source/tasks.o
LOAD ./FreeRTOS/source/timers.o
START GROUP
LOAD C:/ST/STM32CubeIDE_1.16.1/STM32CubeIDE/plugins/com.st.stm32cube.ide.mcu.externaltools.gnu-tools-for-stm32.12.3.rel1.win32_1.0.200.202406191623/tools/bin/../lib/gcc/arm-none-eabi/12.3.1/../../../../arm-none-eabi/lib/thumb/v7e-m+fp/hard\libc_nano.a
LOAD C:/ST/STM32CubeIDE_1.16.1/STM32CubeIDE/plugins/com.st.stm32cube.ide.mcu.externaltools.gnu-tools-for-stm32.12.3.rel1.win32_1.0.200.202406191623/tools/bin/../lib/gcc/arm-none-eabi/12.3.1/../../../../arm-none-eabi/lib/thumb/v7e-m+fp/hard\libm.a
END GROUP
START GROUP
LOAD C:/ST/STM32CubeIDE_1.16.1/STM32CubeIDE/plugins/com.st.stm32cube.ide.mcu.externaltools.gnu-tools-for-stm32.12.3.rel1.win32_1.0.200.202406191623/tools/bin/../lib/gcc/arm-none-eabi/12.3.1/thumb/v7e-m+fp/hard\libgcc.a
LOAD C:/ST/STM32CubeIDE_1.16.1/STM32CubeIDE/plugins/com.st.stm32cube.ide.mcu.externaltools.gnu-tools-for-stm32.12.3.rel1.win32_1.0.200.202406191623/tools/bin/../lib/gcc/arm-none-eabi/12.3.1/../../../../arm-none-eabi/lib/thumb/v7e-m+fp/hard\libc_nano.a
END GROUP
START GROUP
LOAD C:/ST/STM32CubeIDE_1.16.1/STM32CubeIDE/plugins/com.st.stm32cube.ide.mcu.externaltools.gnu-tools-for-stm32.12.3.rel1.win32_1.0.200.202406191623/tools/bin/../lib/gcc/arm-none-eabi/12.3.1/thumb/v7e-m+fp/hard\libgcc.a
LOAD C:/ST/STM32CubeIDE_1.16.1/STM32CubeIDE/plugins/com.st.stm32cube.ide.mcu.externaltools.gnu-tools-for-stm32.12.3.rel1.win32_1.0.200.202406191623/tools/bin/../lib/gcc/arm-none-eabi/12.3.1/../../../../arm-none-eabi/lib/thumb/v7e-m+fp/hard\libc_nano.a
LOAD C:/ST/STM32CubeIDE_1.16.1/STM32CubeIDE/plugins/com.st.stm32cube.ide.mcu.externaltools.gnu-tools-for-stm32.12.3.rel1.win32_1.0.200.202406191623/tools/bin/../lib/gcc/arm-none-eabi/12.3.1/../../../../arm-none-eabi/lib/thumb/v7e-m+fp/hard\libnosys.a
END GROUP
START GROUP
LOAD C:/ST/STM32CubeIDE_1.16.1/STM32CubeIDE/plugins/com.st.stm32cube.ide.mcu.externaltools.gnu-tools-for-stm32.12.3.rel1.win32_1.0.200.202406191623/tools/bin/../lib/gcc/arm-none-eabi/12.3.1/thumb/v7e-m+fp/hard\libgcc.a
LOAD C:/ST/STM32CubeIDE_1.16.1/STM32CubeIDE/plugins/com.st.stm32cube.ide.mcu.externaltools.gnu-tools-for-stm32.12.3.rel1.win32_1.0.200.202406191623/tools/bin/../lib/gcc/arm-none-eabi/12.3.1/../../../../arm-none-eabi/lib/thumb/v7e-m+fp/hard\libc_nano.a
LOAD C:/ST/STM32CubeIDE_1.16.1/STM32CubeIDE/plugins/com.st.stm32cube.ide.mcu.externaltools.gnu-tools-for-stm32.12.3.rel1.win32_1.0.200.202406191623/tools/bin/../lib/gcc/arm-none-eabi/12.3.1/../../../../arm-none-eabi/lib/thumb/v7e-m+fp/hard\libnosys.a
END GROUP
LOAD C:/ST/STM32CubeIDE_1.16.1/STM32CubeIDE/plugins/com.st.stm32cube.ide.mcu.externaltools.gnu-tools-for-stm32.12.3.rel1.win32_1.0.200.202406191623/tools/bin/../lib/gcc/arm-none-eabi/12.3.1/thumb/v7e-m+fp/hard/crtend.o
LOAD C:/ST/STM32CubeIDE_1.16.1/STM32CubeIDE/plugins/com.st.stm32cube.ide.mcu.externaltools.gnu-tools-for-stm32.12.3.rel1.win32_1.0.200.202406191623/tools/bin/../lib/gcc/arm-none-eabi/12.3.1/thumb/v7e-m+fp/hard/crtn.o
                0x20018000                        _estack = (ORIGIN (RAM) + LENGTH (RAM))
                0x00000200                        _Min_Heap_Size = 0x200
                0x00000400                        _Min_Stack_Size = 0x400

.isr_vector     0x08000000      0x188
                0x08000000                        . = ALIGN (0x4)
 *(.isr_vector)
 .isr_vector    0x08000000      0x188 ./Core/Startup/startup_stm32l476rgtx.o
                0x08000000                g_pfnVectors
                0x08000188                        . = ALIGN (0x4)

.text           0x08000188     0x2ba0
                0x08000188                        . = ALIGN (0x4)
 *(.text)
 .text          0x08000188       0x40 C:/ST/STM32CubeIDE_1.16.1/STM32CubeIDE/plugins/com.st.stm32cube.ide.mcu.externaltools.gnu-tools-for-stm32.12.3.rel1.win32_1.0.200.202406191623/tools/bin/../lib/gcc/arm-none-eabi/12.3.1/thumb/v7e-m+fp/hard/crtbegin.o
 .text          0x080001c8       0x30 C:/ST/STM32CubeIDE_1.16.1/STM32CubeIDE/plugins/com.st.stm32cube.ide.mcu.externaltools.gnu-tools-for-stm32.12.3.rel1.win32_1.0.200.202406191623/tools/bin/../lib/gcc/arm-none-eabi/12.3.1/thumb/v7e-m+fp/hard\libgcc.a(_aeabi_uldivmod.o)
                0x080001c8                __aeabi_uldivmod
 .text          0x080001f8      0x2bc C:/ST/STM32CubeIDE_1.16.1/STM32CubeIDE/plugins/com.st.stm32cube.ide.mcu.externaltools.gnu-tools-for-stm32.12.3.rel1.win32_1.0.200.202406191623/tools/bin/../lib/gcc/arm-none-eabi/12.3.1/thumb/v7e-m+fp/hard\libgcc.a(_udivmoddi4.o)
                0x080001f8                __udivmoddi4
 .text          0x080004b4        0x4 C:/ST/STM32CubeIDE_1.16.1/STM32CubeIDE/plugins/com.st.stm32cube.ide.mcu.externaltools.gnu-tools-for-stm32.12.3.rel1.win32_1.0.200.202406191623/tools/bin/../lib/gcc/arm-none-eabi/12.3.1/thumb/v7e-m+fp/hard\libgcc.a(_dvmd_tls.o)
                0x080004b4                __aeabi_idiv0
                0x080004b4                __aeabi_ldiv0
 *(.text*)
 .text.I2C1_Read
                0x080004b8       0xb0 ./Core/Src/Drivers/I2C.o
                0x080004b8                I2C1_Read
 .text.I2C1_Write
                0x08000568       0x88 ./Core/Src/Drivers/I2C.o
                0x08000568                I2C1_Write
 .text.I2C1_Config
                0x080005f0      0x118 ./Core/Src/Drivers/I2C.o
                0x080005f0                I2C1_Config
 .text.LSM6DS3_Init
                0x08000708       0x44 ./Core/Src/Drivers/LSM6DS3.o
                0x08000708                LSM6DS3_Init
 .text.vApplicationStackOverflowHook
                0x0800074c        0xe ./Core/Src/freertos_hooks.o
                0x0800074c                vApplicationStackOverflowHook
 .text.vApplicationTickHook
                0x0800075a        0xc ./Core/Src/freertos_hooks.o
                0x0800075a                vApplicationTickHook
 .text.main     0x08000766       0x24 ./Core/Src/main.o
                0x08000766                main
 *fill*         0x0800078a        0x2 
 .text.prvCreateTasks
                0x0800078c       0x2c ./Core/Src/main.o
 .text.vHeartbeat
                0x080007b8      0x142 ./Core/Src/main.o
                0x080007b8                vHeartbeat
 *fill*         0x080008fa        0x2 
 .text.GPIOPortConfig
                0x080008fc       0x4c ./Core/Src/main.o
                0x080008fc                GPIOPortConfig
 .text.SystemClock_Config
                0x08000948       0xa4 ./Core/Src/main.o
                0x08000948                SystemClock_Config
 .text.Error_Handler
                0x080009ec        0xc ./Core/Src/main.o
                0x080009ec                Error_Handler
 .text.HAL_MspInit
                0x080009f8       0x48 ./Core/Src/stm32l4xx_hal_msp.o
                0x080009f8                HAL_MspInit
 .text.NMI_Handler
                0x08000a40        0x8 ./Core/Src/stm32l4xx_it.o
                0x08000a40                NMI_Handler
 .text.HardFault_Handler
                0x08000a48        0x8 ./Core/Src/stm32l4xx_it.o
                0x08000a48                HardFault_Handler
 .text.MemManage_Handler
                0x08000a50        0x8 ./Core/Src/stm32l4xx_it.o
                0x08000a50                MemManage_Handler
 .text.BusFault_Handler
                0x08000a58        0x8 ./Core/Src/stm32l4xx_it.o
                0x08000a58                BusFault_Handler
 .text.UsageFault_Handler
                0x08000a60        0x8 ./Core/Src/stm32l4xx_it.o
                0x08000a60                UsageFault_Handler
 .text.DebugMon_Handler
                0x08000a68        0xe ./Core/Src/stm32l4xx_it.o
                0x08000a68                DebugMon_Handler
 *fill*         0x08000a76        0x2 
 .text.SystemInit
                0x08000a78       0x24 ./Core/Src/system_stm32l4xx.o
                0x08000a78                SystemInit
 .text.Reset_Handler
                0x08000a9c       0x50 ./Core/Startup/startup_stm32l476rgtx.o
                0x08000a9c                Reset_Handler
 .text.Default_Handler
                0x08000aec        0x2 ./Core/Startup/startup_stm32l476rgtx.o
                0x08000aec                RTC_Alarm_IRQHandler
                0x08000aec                EXTI2_IRQHandler
                0x08000aec                TIM8_TRG_COM_IRQHandler
                0x08000aec                TIM8_CC_IRQHandler
                0x08000aec                TIM1_CC_IRQHandler
                0x08000aec                TSC_IRQHandler
                0x08000aec                TAMP_STAMP_IRQHandler
                0x08000aec                EXTI3_IRQHandler
                0x08000aec                LPTIM2_IRQHandler
                0x08000aec                DFSDM1_FLT1_IRQHandler
                0x08000aec                I2C3_ER_IRQHandler
                0x08000aec                DFSDM1_FLT2_IRQHandler
                0x08000aec                EXTI0_IRQHandler
                0x08000aec                I2C2_EV_IRQHandler
                0x08000aec                CAN1_RX0_IRQHandler
                0x08000aec                FPU_IRQHandler
                0x08000aec                TIM1_UP_TIM16_IRQHandler
                0x08000aec                ADC1_2_IRQHandler
                0x08000aec                SPI1_IRQHandler
                0x08000aec                TIM6_DAC_IRQHandler
                0x08000aec                TIM8_UP_IRQHandler
                0x08000aec                DMA2_Channel2_IRQHandler
                0x08000aec                DMA1_Channel4_IRQHandler
                0x08000aec                SAI2_IRQHandler
                0x08000aec                DFSDM1_FLT3_IRQHandler
                0x08000aec                USART3_IRQHandler
                0x08000aec                DMA1_Channel7_IRQHandler
                0x08000aec                CAN1_RX1_IRQHandler
                0x08000aec                LCD_IRQHandler
                0x08000aec                UART5_IRQHandler
                0x08000aec                ADC3_IRQHandler
                0x08000aec                TIM4_IRQHandler
                0x08000aec                DMA2_Channel1_IRQHandler
                0x08000aec                QUADSPI_IRQHandler
                0x08000aec                I2C1_EV_IRQHandler
                0x08000aec                DMA1_Channel6_IRQHandler
                0x08000aec                UART4_IRQHandler
                0x08000aec                DMA2_Channel4_IRQHandler
                0x08000aec                TIM3_IRQHandler
                0x08000aec                RCC_IRQHandler
                0x08000aec                DMA1_Channel1_IRQHandler
                0x08000aec                Default_Handler
                0x08000aec                DMA2_Channel7_IRQHandler
                0x08000aec                EXTI15_10_IRQHandler
                0x08000aec                TIM7_IRQHandler
                0x08000aec                SDMMC1_IRQHandler
                0x08000aec                TIM5_IRQHandler
                0x08000aec                I2C3_EV_IRQHandler
                0x08000aec                EXTI9_5_IRQHandler
                0x08000aec                RTC_WKUP_IRQHandler
                0x08000aec                PVD_PVM_IRQHandler
                0x08000aec                SPI2_IRQHandler
                0x08000aec                CAN1_TX_IRQHandler
                0x08000aec                DMA2_Channel5_IRQHandler
                0x08000aec                DMA1_Channel5_IRQHandler
                0x08000aec                EXTI4_IRQHandler
                0x08000aec                RNG_IRQHandler
                0x08000aec                TIM1_TRG_COM_TIM17_IRQHandler
                0x08000aec                DMA1_Channel3_IRQHandler
                0x08000aec                COMP_IRQHandler
                0x08000aec                WWDG_IRQHandler
                0x08000aec                LPUART1_IRQHandler
                0x08000aec                DMA2_Channel6_IRQHandler
                0x08000aec                TIM2_IRQHandler
                0x08000aec                EXTI1_IRQHandler
                0x08000aec                USART2_IRQHandler
                0x08000aec                DFSDM1_FLT0_IRQHandler
                0x08000aec                I2C2_ER_IRQHandler
                0x08000aec                DMA1_Channel2_IRQHandler
                0x08000aec                TIM8_BRK_IRQHandler
                0x08000aec                CAN1_SCE_IRQHandler
                0x08000aec                FLASH_IRQHandler
                0x08000aec                USART1_IRQHandler
                0x08000aec                OTG_FS_IRQHandler
                0x08000aec                SPI3_IRQHandler
                0x08000aec                I2C1_ER_IRQHandler
                0x08000aec                FMC_IRQHandler
                0x08000aec                SWPMI1_IRQHandler
                0x08000aec                LPTIM1_IRQHandler
                0x08000aec                SAI1_IRQHandler
                0x08000aec                DMA2_Channel3_IRQHandler
                0x08000aec                TIM1_BRK_TIM15_IRQHandler
 .text.HAL_Init
                0x08000aee       0x30 ./Drivers/STM32L4xx_HAL_Driver/Src/stm32l4xx_hal.o
                0x08000aee                HAL_Init
 *fill*         0x08000b1e        0x2 
 .text.HAL_InitTick
                0x08000b20       0x78 ./Drivers/STM32L4xx_HAL_Driver/Src/stm32l4xx_hal.o
                0x08000b20                HAL_InitTick
 .text.HAL_IncTick
                0x08000b98       0x28 ./Drivers/STM32L4xx_HAL_Driver/Src/stm32l4xx_hal.o
                0x08000b98                HAL_IncTick
 .text.HAL_GetTick
                0x08000bc0       0x18 ./Drivers/STM32L4xx_HAL_Driver/Src/stm32l4xx_hal.o
                0x08000bc0                HAL_GetTick
 .text.__NVIC_SetPriorityGrouping
                0x08000bd8       0x48 ./Drivers/STM32L4xx_HAL_Driver/Src/stm32l4xx_hal_cortex.o
 .text.__NVIC_GetPriorityGrouping
                0x08000c20       0x1c ./Drivers/STM32L4xx_HAL_Driver/Src/stm32l4xx_hal_cortex.o
 .text.__NVIC_SetPriority
                0x08000c3c       0x54 ./Drivers/STM32L4xx_HAL_Driver/Src/stm32l4xx_hal_cortex.o
 .text.NVIC_EncodePriority
                0x08000c90       0x66 ./Drivers/STM32L4xx_HAL_Driver/Src/stm32l4xx_hal_cortex.o
 *fill*         0x08000cf6        0x2 
 .text.SysTick_Config
                0x08000cf8       0x44 ./Drivers/STM32L4xx_HAL_Driver/Src/stm32l4xx_hal_cortex.o
 .text.HAL_NVIC_SetPriorityGrouping
                0x08000d3c       0x16 ./Drivers/STM32L4xx_HAL_Driver/Src/stm32l4xx_hal_cortex.o
                0x08000d3c                HAL_NVIC_SetPriorityGrouping
 .text.HAL_NVIC_SetPriority
                0x08000d52       0x38 ./Drivers/STM32L4xx_HAL_Driver/Src/stm32l4xx_hal_cortex.o
                0x08000d52                HAL_NVIC_SetPriority
 .text.HAL_SYSTICK_Config
                0x08000d8a       0x18 ./Drivers/STM32L4xx_HAL_Driver/Src/stm32l4xx_hal_cortex.o
                0x08000d8a                HAL_SYSTICK_Config
 *fill*         0x08000da2        0x2 
 .text.HAL_PWREx_GetVoltageRange
                0x08000da4       0x1c ./Drivers/STM32L4xx_HAL_Driver/Src/stm32l4xx_hal_pwr_ex.o
                0x08000da4                HAL_PWREx_GetVoltageRange
 .text.HAL_PWREx_ControlVoltageScaling
                0x08000dc0       0xac ./Drivers/STM32L4xx_HAL_Driver/Src/stm32l4xx_hal_pwr_ex.o
                0x08000dc0                HAL_PWREx_ControlVoltageScaling
 .text.HAL_RCC_OscConfig
                0x08000e6c      0x7b8 ./Drivers/STM32L4xx_HAL_Driver/Src/stm32l4xx_hal_rcc.o
                0x08000e6c                HAL_RCC_OscConfig
 .text.HAL_RCC_ClockConfig
                0x08001624      0x200 ./Drivers/STM32L4xx_HAL_Driver/Src/stm32l4xx_hal_rcc.o
                0x08001624                HAL_RCC_ClockConfig
 .text.HAL_RCC_GetSysClockFreq
                0x08001824      0x118 ./Drivers/STM32L4xx_HAL_Driver/Src/stm32l4xx_hal_rcc.o
                0x08001824                HAL_RCC_GetSysClockFreq
 .text.RCC_SetFlashLatencyFromMSIRange
                0x0800193c       0xc0 ./Drivers/STM32L4xx_HAL_Driver/Src/stm32l4xx_hal_rcc.o
 .text.pxPortInitialiseStack
                0x080019fc       0x68 ./FreeRTOS/ARM_CM4F/port.o
                0x080019fc                pxPortInitialiseStack
 .text.prvTaskExitError
                0x08001a64       0x34 ./FreeRTOS/ARM_CM4F/port.o
 .text.SVC_Handler
                0x08001a98       0x24 ./FreeRTOS/ARM_CM4F/port.o
                0x08001a98                SVC_Handler
 .text.prvPortStartFirstTask
                0x08001abc       0x2c ./FreeRTOS/ARM_CM4F/port.o
 .text.xPortStartScheduler
                0x08001ae8       0x70 ./FreeRTOS/ARM_CM4F/port.o
                0x08001ae8                xPortStartScheduler
 .text.vPortEnterCritical
                0x08001b58       0x34 ./FreeRTOS/ARM_CM4F/port.o
                0x08001b58                vPortEnterCritical
 .text.vPortExitCritical
                0x08001b8c       0x34 ./FreeRTOS/ARM_CM4F/port.o
                0x08001b8c                vPortExitCritical
 .text.PendSV_Handler
                0x08001bc0       0x64 ./FreeRTOS/ARM_CM4F/port.o
                0x08001bc0                PendSV_Handler
 .text.SysTick_Handler
                0x08001c24       0x44 ./FreeRTOS/ARM_CM4F/port.o
                0x08001c24                SysTick_Handler
 .text.vPortSetupTimerInterrupt
                0x08001c68       0x38 ./FreeRTOS/ARM_CM4F/port.o
                0x08001c68                vPortSetupTimerInterrupt
 .text.vPortEnableVFP
                0x08001ca0       0x18 ./FreeRTOS/ARM_CM4F/port.o
 .text.pvPortMalloc
                0x08001cb8      0x164 ./FreeRTOS/heap_4.o
                0x08001cb8                pvPortMalloc
 .text.vPortFree
                0x08001e1c       0x7c ./FreeRTOS/heap_4.o
                0x08001e1c                vPortFree
 .text.prvHeapInit
                0x08001e98       0xb4 ./FreeRTOS/heap_4.o
 .text.prvInsertBlockIntoFreeList
                0x08001f4c       0xb4 ./FreeRTOS/heap_4.o
 .text.vListInitialise
                0x08002000       0x40 ./FreeRTOS/source/list.o
                0x08002000                vListInitialise
 .text.vListInitialiseItem
                0x08002040       0x1a ./FreeRTOS/source/list.o
                0x08002040                vListInitialiseItem
 .text.vListInsert
                0x0800205a       0x72 ./FreeRTOS/source/list.o
                0x0800205a                vListInsert
 .text.uxListRemove
                0x080020cc       0x54 ./FreeRTOS/source/list.o
                0x080020cc                uxListRemove
 .text.prvCreateTask
                0x08002120       0x78 ./FreeRTOS/source/tasks.o
 .text.xTaskCreate
                0x08002198       0x46 ./FreeRTOS/source/tasks.o
                0x08002198                xTaskCreate
 .text.prvInitialiseNewTask
                0x080021de       0xe0 ./FreeRTOS/source/tasks.o
 *fill*         0x080022be        0x2 
 .text.prvAddNewTaskToReadyList
                0x080022c0      0x128 ./FreeRTOS/source/tasks.o
 .text.vTaskDelay
                0x080023e8       0x48 ./FreeRTOS/source/tasks.o
                0x080023e8                vTaskDelay
 .text.prvCreateIdleTasks
                0x08002430       0xac ./FreeRTOS/source/tasks.o
 .text.vTaskStartScheduler
                0x080024dc       0x5c ./FreeRTOS/source/tasks.o
                0x080024dc                vTaskStartScheduler
 .text.vTaskSuspendAll
                0x08002538       0x1c ./FreeRTOS/source/tasks.o
                0x08002538                vTaskSuspendAll
 .text.xTaskResumeAll
                0x08002554      0x1f0 ./FreeRTOS/source/tasks.o
                0x08002554                xTaskResumeAll
 .text.xTaskIncrementTick
                0x08002744      0x220 ./FreeRTOS/source/tasks.o
                0x08002744                xTaskIncrementTick
 .text.vTaskSwitchContext
                0x08002964       0xec ./FreeRTOS/source/tasks.o
                0x08002964                vTaskSwitchContext
 .text.prvIdleTask
                0x08002a50       0x30 ./FreeRTOS/source/tasks.o
 .text.prvInitialiseTaskLists
                0x08002a80       0x80 ./FreeRTOS/source/tasks.o
 .text.prvCheckTasksWaitingTermination
                0x08002b00       0x5c ./FreeRTOS/source/tasks.o
 .text.prvDeleteTCB
                0x08002b5c       0x20 ./FreeRTOS/source/tasks.o
 .text.prvResetNextTaskUnblockTime
                0x08002b7c       0x38 ./FreeRTOS/source/tasks.o
 .text.prvAddCurrentTaskToDelayedList
                0x08002bb4      0x104 ./FreeRTOS/source/tasks.o
 .text.memset   0x08002cb8       0x10 C:/ST/STM32CubeIDE_1.16.1/STM32CubeIDE/plugins/com.st.stm32cube.ide.mcu.externaltools.gnu-tools-for-stm32.12.3.rel1.win32_1.0.200.202406191623/tools/bin/../lib/gcc/arm-none-eabi/12.3.1/../../../../arm-none-eabi/lib/thumb/v7e-m+fp/hard\libc_nano.a(libc_a-memset.o)
                0x08002cb8                memset
 .text.__libc_init_array
                0x08002cc8       0x48 C:/ST/STM32CubeIDE_1.16.1/STM32CubeIDE/plugins/com.st.stm32cube.ide.mcu.externaltools.gnu-tools-for-stm32.12.3.rel1.win32_1.0.200.202406191623/tools/bin/../lib/gcc/arm-none-eabi/12.3.1/../../../../arm-none-eabi/lib/thumb/v7e-m+fp/hard\libc_nano.a(libc_a-init.o)
                0x08002cc8                __libc_init_array
 *(.glue_7)
 .glue_7        0x08002d10        0x0 linker stubs
 *(.glue_7t)
 .glue_7t       0x08002d10        0x0 linker stubs
 *(.eh_frame)
 .eh_frame      0x08002d10        0x0 C:/ST/STM32CubeIDE_1.16.1/STM32CubeIDE/plugins/com.st.stm32cube.ide.mcu.externaltools.gnu-tools-for-stm32.12.3.rel1.win32_1.0.200.202406191623/tools/bin/../lib/gcc/arm-none-eabi/12.3.1/thumb/v7e-m+fp/hard/crtbegin.o
 *(.init)
 .init          0x08002d10        0x4 C:/ST/STM32CubeIDE_1.16.1/STM32CubeIDE/plugins/com.st.stm32cube.ide.mcu.externaltools.gnu-tools-for-stm32.12.3.rel1.win32_1.0.200.202406191623/tools/bin/../lib/gcc/arm-none-eabi/12.3.1/thumb/v7e-m+fp/hard/crti.o
                0x08002d10                _init
 .init          0x08002d14        0x8 C:/ST/STM32CubeIDE_1.16.1/STM32CubeIDE/plugins/com.st.stm32cube.ide.mcu.externaltools.gnu-tools-for-stm32.12.3.rel1.win32_1.0.200.202406191623/tools/bin/../lib/gcc/arm-none-eabi/12.3.1/thumb/v7e-m+fp/hard/crtn.o
 *(.fini)
 .fini          0x08002d1c        0x4 C:/ST/STM32CubeIDE_1.16.1/STM32CubeIDE/plugins/com.st.stm32cube.ide.mcu.externaltools.gnu-tools-for-stm32.12.3.rel1.win32_1.0.200.202406191623/tools/bin/../lib/gcc/arm-none-eabi/12.3.1/thumb/v7e-m+fp/hard/crti.o
                0x08002d1c                _fini
 .fini          0x08002d20        0x8 C:/ST/STM32CubeIDE_1.16.1/STM32CubeIDE/plugins/com.st.stm32cube.ide.mcu.externaltools.gnu-tools-for-stm32.12.3.rel1.win32_1.0.200.202406191623/tools/bin/../lib/gcc/arm-none-eabi/12.3.1/thumb/v7e-m+fp/hard/crtn.o
                0x08002d28                        . = ALIGN (0x4)
                0x08002d28                        _etext = .

.vfp11_veneer   0x08002d28        0x0
 .vfp11_veneer  0x08002d28        0x0 linker stubs

.v4_bx          0x08002d28        0x0
 .v4_bx         0x08002d28        0x0 linker stubs

.iplt           0x08002d28        0x0
 .iplt          0x08002d28        0x0 C:/ST/STM32CubeIDE_1.16.1/STM32CubeIDE/plugins/com.st.stm32cube.ide.mcu.externaltools.gnu-tools-for-stm32.12.3.rel1.win32_1.0.200.202406191623/tools/bin/../lib/gcc/arm-none-eabi/12.3.1/thumb/v7e-m+fp/hard/crtbegin.o

.rodata         0x08002d28       0x6c
                0x08002d28                        . = ALIGN (0x4)
 *(.rodata)
 .rodata        0x08002d28       0x24 ./Core/Src/main.o
 .rodata        0x08002d4c        0x5 ./FreeRTOS/source/tasks.o
 *(.rodata*)
 *fill*         0x08002d51        0x3 
 .rodata.AHBPrescTable
                0x08002d54       0x10 ./Core/Src/system_stm32l4xx.o
                0x08002d54                AHBPrescTable
 .rodata.MSIRangeTable
                0x08002d64       0x30 ./Core/Src/system_stm32l4xx.o
                0x08002d64                MSIRangeTable
                0x08002d94                        . = ALIGN (0x4)

.ARM.extab      0x08002d94        0x0
                0x08002d94                        . = ALIGN (0x4)
 *(.ARM.extab* .gnu.linkonce.armextab.*)
                0x08002d94                        . = ALIGN (0x4)

.ARM            0x08002d94        0x8
                0x08002d94                        . = ALIGN (0x4)
                0x08002d94                        __exidx_start = .
 *(.ARM.exidx*)
 .ARM.exidx     0x08002d94        0x8 C:/ST/STM32CubeIDE_1.16.1/STM32CubeIDE/plugins/com.st.stm32cube.ide.mcu.externaltools.gnu-tools-for-stm32.12.3.rel1.win32_1.0.200.202406191623/tools/bin/../lib/gcc/arm-none-eabi/12.3.1/thumb/v7e-m+fp/hard\libgcc.a(_udivmoddi4.o)
                0x08002d9c                        __exidx_end = .
                0x08002d9c                        . = ALIGN (0x4)

.preinit_array  0x08002d9c        0x0
                0x08002d9c                        . = ALIGN (0x4)
                0x08002d9c                        PROVIDE (__preinit_array_start = .)
 *(.preinit_array*)
                0x08002d9c                        PROVIDE (__preinit_array_end = .)
                0x08002d9c                        . = ALIGN (0x4)

.init_array     0x08002d9c        0x4
                0x08002d9c                        . = ALIGN (0x4)
                0x08002d9c                        PROVIDE (__init_array_start = .)
 *(SORT_BY_NAME(.init_array.*))
 *(.init_array*)
 .init_array    0x08002d9c        0x4 C:/ST/STM32CubeIDE_1.16.1/STM32CubeIDE/plugins/com.st.stm32cube.ide.mcu.externaltools.gnu-tools-for-stm32.12.3.rel1.win32_1.0.200.202406191623/tools/bin/../lib/gcc/arm-none-eabi/12.3.1/thumb/v7e-m+fp/hard/crtbegin.o
                0x08002da0                        PROVIDE (__init_array_end = .)
                0x08002da0                        . = ALIGN (0x4)

.fini_array     0x08002da0        0x4
                0x08002da0                        . = ALIGN (0x4)
                [!provide]                        PROVIDE (__fini_array_start = .)
 *(SORT_BY_NAME(.fini_array.*))
 *(.fini_array*)
 .fini_array    0x08002da0        0x4 C:/ST/STM32CubeIDE_1.16.1/STM32CubeIDE/plugins/com.st.stm32cube.ide.mcu.externaltools.gnu-tools-for-stm32.12.3.rel1.win32_1.0.200.202406191623/tools/bin/../lib/gcc/arm-none-eabi/12.3.1/thumb/v7e-m+fp/hard/crtbegin.o
                [!provide]                        PROVIDE (__fini_array_end = .)
                0x08002da4                        . = ALIGN (0x4)
                0x08002da4                        _sidata = LOADADDR (.data)

.rel.dyn        0x08002da4        0x0
 .rel.iplt      0x08002da4        0x0 C:/ST/STM32CubeIDE_1.16.1/STM32CubeIDE/plugins/com.st.stm32cube.ide.mcu.externaltools.gnu-tools-for-stm32.12.3.rel1.win32_1.0.200.202406191623/tools/bin/../lib/gcc/arm-none-eabi/12.3.1/thumb/v7e-m+fp/hard/crtbegin.o

.data           0x20000000       0x18 load address 0x08002da4
                0x20000000                        . = ALIGN (0x4)
                0x20000000                        _sdata = .
 *(.data)
 *(.data*)
 .data.rate.1   0x20000000        0x4 ./Core/Src/main.o
 .data.SystemCoreClock
                0x20000004        0x4 ./Core/Src/system_stm32l4xx.o
                0x20000004                SystemCoreClock
 .data.uwTickPrio
                0x20000008        0x4 ./Drivers/STM32L4xx_HAL_Driver/Src/stm32l4xx_hal.o
                0x20000008                uwTickPrio
 .data.uwTickFreq
                0x2000000c        0x1 ./Drivers/STM32L4xx_HAL_Driver/Src/stm32l4xx_hal.o
                0x2000000c                uwTickFreq
 *fill*         0x2000000d        0x3 
 .data.uxCriticalNesting
                0x20000010        0x4 ./FreeRTOS/ARM_CM4F/port.o
 .data.uxTopUsedPriority
                0x20000014        0x4 ./FreeRTOS/source/tasks.o
 *(.RamFunc)
 *(.RamFunc*)
                0x20000018                        . = ALIGN (0x4)
                0x20000018                        _edata = .

.igot.plt       0x20000018        0x0 load address 0x08002dbc
 .igot.plt      0x20000018        0x0 C:/ST/STM32CubeIDE_1.16.1/STM32CubeIDE/plugins/com.st.stm32cube.ide.mcu.externaltools.gnu-tools-for-stm32.12.3.rel1.win32_1.0.200.202406191623/tools/bin/../lib/gcc/arm-none-eabi/12.3.1/thumb/v7e-m+fp/hard/crtbegin.o
                0x20000018                        . = ALIGN (0x4)

.bss            0x20000018     0x3d44 load address 0x08002dbc
                0x20000018                        _sbss = .
                0x20000018                        __bss_start__ = _sbss
 *(.bss)
 .bss           0x20000018       0x1c C:/ST/STM32CubeIDE_1.16.1/STM32CubeIDE/plugins/com.st.stm32cube.ide.mcu.externaltools.gnu-tools-for-stm32.12.3.rel1.win32_1.0.200.202406191623/tools/bin/../lib/gcc/arm-none-eabi/12.3.1/thumb/v7e-m+fp/hard/crtbegin.o
 *(.bss*)
 .bss.tmpreg    0x20000034        0x4 ./Core/Src/Drivers/I2C.o
                0x20000034                tmpreg
 .bss.uwTick    0x20000038        0x4 ./Drivers/STM32L4xx_HAL_Driver/Src/stm32l4xx_hal.o
                0x20000038                uwTick
 .bss.ucHeap    0x2000003c     0x3c00 ./FreeRTOS/heap_4.o
 .bss.xStart    0x20003c3c        0x8 ./FreeRTOS/heap_4.o
 .bss.pxEnd     0x20003c44        0x4 ./FreeRTOS/heap_4.o
 .bss.xFreeBytesRemaining
                0x20003c48        0x4 ./FreeRTOS/heap_4.o
 .bss.xMinimumEverFreeBytesRemaining
                0x20003c4c        0x4 ./FreeRTOS/heap_4.o
 .bss.xNumberOfSuccessfulAllocations
                0x20003c50        0x4 ./FreeRTOS/heap_4.o
 .bss.xNumberOfSuccessfulFrees
                0x20003c54        0x4 ./FreeRTOS/heap_4.o
 .bss.pxCurrentTCB
                0x20003c58        0x4 ./FreeRTOS/source/tasks.o
                0x20003c58                pxCurrentTCB
 .bss.pxReadyTasksLists
                0x20003c5c       0x64 ./FreeRTOS/source/tasks.o
 .bss.xDelayedTaskList1
                0x20003cc0       0x14 ./FreeRTOS/source/tasks.o
 .bss.xDelayedTaskList2
                0x20003cd4       0x14 ./FreeRTOS/source/tasks.o
 .bss.pxDelayedTaskList
                0x20003ce8        0x4 ./FreeRTOS/source/tasks.o
 .bss.pxOverflowDelayedTaskList
                0x20003cec        0x4 ./FreeRTOS/source/tasks.o
 .bss.xPendingReadyList
                0x20003cf0       0x14 ./FreeRTOS/source/tasks.o
 .bss.xTasksWaitingTermination
                0x20003d04       0x14 ./FreeRTOS/source/tasks.o
 .bss.uxDeletedTasksWaitingCleanUp
                0x20003d18        0x4 ./FreeRTOS/source/tasks.o
 .bss.xSuspendedTaskList
                0x20003d1c       0x14 ./FreeRTOS/source/tasks.o
 .bss.uxCurrentNumberOfTasks
                0x20003d30        0x4 ./FreeRTOS/source/tasks.o
 .bss.xTickCount
                0x20003d34        0x4 ./FreeRTOS/source/tasks.o
 .bss.uxTopReadyPriority
                0x20003d38        0x4 ./FreeRTOS/source/tasks.o
 .bss.xSchedulerRunning
                0x20003d3c        0x4 ./FreeRTOS/source/tasks.o
 .bss.xPendedTicks
                0x20003d40        0x4 ./FreeRTOS/source/tasks.o
 .bss.xYieldPendings
                0x20003d44        0x4 ./FreeRTOS/source/tasks.o
 .bss.xNumOfOverflows
                0x20003d48        0x4 ./FreeRTOS/source/tasks.o
 .bss.uxTaskNumber
                0x20003d4c        0x4 ./FreeRTOS/source/tasks.o
 .bss.xNextTaskUnblockTime
                0x20003d50        0x4 ./FreeRTOS/source/tasks.o
 .bss.xIdleTaskHandles
                0x20003d54        0x4 ./FreeRTOS/source/tasks.o
 .bss.uxSchedulerSuspended
                0x20003d58        0x4 ./FreeRTOS/source/tasks.o
 *(COMMON)
                0x20003d5c                        . = ALIGN (0x4)
                0x20003d5c                        _ebss = .
                0x20003d5c                        __bss_end__ = _ebss

._user_heap_stack
                0x20003d5c      0x604 load address 0x08002dbc
                0x20003d60                        . = ALIGN (0x8)
 *fill*         0x20003d5c        0x4 
                [!provide]                        PROVIDE (end = .)
                0x20003d60                        PROVIDE (_end = .)
                0x20003f60                        . = (. + _Min_Heap_Size)
 *fill*         0x20003d60      0x200 
                0x20004360                        . = (. + _Min_Stack_Size)
 *fill*         0x20003f60      0x400 
                0x20004360                        . = ALIGN (0x8)

/DISCARD/
 libc.a(*)
 libm.a(*)
 libgcc.a(*)

.ARM.attributes
                0x00000000       0x30
 *(.ARM.attributes)
 .ARM.attributes
                0x00000000       0x22 C:/ST/STM32CubeIDE_1.16.1/STM32CubeIDE/plugins/com.st.stm32cube.ide.mcu.externaltools.gnu-tools-for-stm32.12.3.rel1.win32_1.0.200.202406191623/tools/bin/../lib/gcc/arm-none-eabi/12.3.1/thumb/v7e-m+fp/hard/crti.o
 .ARM.attributes
                0x00000022       0x34 C:/ST/STM32CubeIDE_1.16.1/STM32CubeIDE/plugins/com.st.stm32cube.ide.mcu.externaltools.gnu-tools-for-stm32.12.3.rel1.win32_1.0.200.202406191623/tools/bin/../lib/gcc/arm-none-eabi/12.3.1/thumb/v7e-m+fp/hard/crtbegin.o
 .ARM.attributes
                0x00000056       0x34 ./Core/Src/Drivers/I2C.o
 .ARM.attributes
                0x0000008a       0x34 ./Core/Src/Drivers/LSM6DS3.o
 .ARM.attributes
                0x000000be       0x34 ./Core/Src/freertos_hooks.o
 .ARM.attributes
                0x000000f2       0x34 ./Core/Src/main.o
 .ARM.attributes
                0x00000126       0x34 ./Core/Src/stm32l4xx_hal_msp.o
 .ARM.attributes
                0x0000015a       0x34 ./Core/Src/stm32l4xx_it.o
 .ARM.attributes
                0x0000018e       0x34 ./Core/Src/system_stm32l4xx.o
 .ARM.attributes
                0x000001c2       0x21 ./Core/Startup/startup_stm32l476rgtx.o
 .ARM.attributes
                0x000001e3       0x34 ./Drivers/STM32L4xx_HAL_Driver/Src/stm32l4xx_hal.o
 .ARM.attributes
                0x00000217       0x34 ./Drivers/STM32L4xx_HAL_Driver/Src/stm32l4xx_hal_cortex.o
 .ARM.attributes
                0x0000024b       0x34 ./Drivers/STM32L4xx_HAL_Driver/Src/stm32l4xx_hal_pwr_ex.o
 .ARM.attributes
                0x0000027f       0x34 ./Drivers/STM32L4xx_HAL_Driver/Src/stm32l4xx_hal_rcc.o
 .ARM.attributes
                0x000002b3       0x34 ./FreeRTOS/ARM_CM4F/port.o
 .ARM.attributes
                0x000002e7       0x34 ./FreeRTOS/heap_4.o
 .ARM.attributes
                0x0000031b       0x34 ./FreeRTOS/source/list.o
 .ARM.attributes
                0x0000034f       0x34 ./FreeRTOS/source/tasks.o
 .ARM.attributes
                0x00000383       0x34 C:/ST/STM32CubeIDE_1.16.1/STM32CubeIDE/plugins/com.st.stm32cube.ide.mcu.externaltools.gnu-tools-for-stm32.12.3.rel1.win32_1.0.200.202406191623/tools/bin/../lib/gcc/arm-none-eabi/12.3.1/../../../../arm-none-eabi/lib/thumb/v7e-m+fp/hard\libc_nano.a(libc_a-memset.o)
 .ARM.attributes
                0x000003b7       0x34 C:/ST/STM32CubeIDE_1.16.1/STM32CubeIDE/plugins/com.st.stm32cube.ide.mcu.externaltools.gnu-tools-for-stm32.12.3.rel1.win32_1.0.200.202406191623/tools/bin/../lib/gcc/arm-none-eabi/12.3.1/../../../../arm-none-eabi/lib/thumb/v7e-m+fp/hard\libc_nano.a(libc_a-init.o)
 .ARM.attributes
                0x000003eb       0x22 C:/ST/STM32CubeIDE_1.16.1/STM32CubeIDE/plugins/com.st.stm32cube.ide.mcu.externaltools.gnu-tools-for-stm32.12.3.rel1.win32_1.0.200.202406191623/tools/bin/../lib/gcc/arm-none-eabi/12.3.1/thumb/v7e-m+fp/hard\libgcc.a(_aeabi_uldivmod.o)
 .ARM.attributes
                0x0000040d       0x34 C:/ST/STM32CubeIDE_1.16.1/STM32CubeIDE/plugins/com.st.stm32cube.ide.mcu.externaltools.gnu-tools-for-stm32.12.3.rel1.win32_1.0.200.202406191623/tools/bin/../lib/gcc/arm-none-eabi/12.3.1/thumb/v7e-m+fp/hard\libgcc.a(_udivmoddi4.o)
 .ARM.attributes
                0x00000441       0x22 C:/ST/STM32CubeIDE_1.16.1/STM32CubeIDE/plugins/com.st.stm32cube.ide.mcu.externaltools.gnu-tools-for-stm32.12.3.rel1.win32_1.0.200.202406191623/tools/bin/../lib/gcc/arm-none-eabi/12.3.1/thumb/v7e-m+fp/hard\libgcc.a(_dvmd_tls.o)
 .ARM.attributes
                0x00000463       0x22 C:/ST/STM32CubeIDE_1.16.1/STM32CubeIDE/plugins/com.st.stm32cube.ide.mcu.externaltools.gnu-tools-for-stm32.12.3.rel1.win32_1.0.200.202406191623/tools/bin/../lib/gcc/arm-none-eabi/12.3.1/thumb/v7e-m+fp/hard/crtn.o
OUTPUT(IMUTransceiverSTM32L476RG.elf elf32-littlearm)
LOAD linker stubs
LOAD C:/ST/STM32CubeIDE_1.16.1/STM32CubeIDE/plugins/com.st.stm32cube.ide.mcu.externaltools.gnu-tools-for-stm32.12.3.rel1.win32_1.0.200.202406191623/tools/bin/../lib/gcc/arm-none-eabi/12.3.1/../../../../arm-none-eabi/lib/thumb/v7e-m+fp/hard\libc.a
LOAD C:/ST/STM32CubeIDE_1.16.1/STM32CubeIDE/plugins/com.st.stm32cube.ide.mcu.externaltools.gnu-tools-for-stm32.12.3.rel1.win32_1.0.200.202406191623/tools/bin/../lib/gcc/arm-none-eabi/12.3.1/../../../../arm-none-eabi/lib/thumb/v7e-m+fp/hard\libm.a
LOAD C:/ST/STM32CubeIDE_1.16.1/STM32CubeIDE/plugins/com.st.stm32cube.ide.mcu.externaltools.gnu-tools-for-stm32.12.3.rel1.win32_1.0.200.202406191623/tools/bin/../lib/gcc/arm-none-eabi/12.3.1/thumb/v7e-m+fp/hard\libgcc.a

.debug_info     0x00000000     0x71c9
 .debug_info    0x00000000      0x4d7 ./Core/Src/Drivers/I2C.o
 .debug_info    0x000004d7      0x1da ./Core/Src/Drivers/LSM6DS3.o
 .debug_info    0x000006b1      0x12a ./Core/Src/freertos_hooks.o
 .debug_info    0x000007db      0x825 ./Core/Src/main.o
 .debug_info    0x00001000      0x301 ./Core/Src/stm32l4xx_hal_msp.o
 .debug_info    0x00001301      0x11c ./Core/Src/stm32l4xx_it.o
 .debug_info    0x0000141d      0x5e2 ./Core/Src/system_stm32l4xx.o
 .debug_info    0x000019ff       0x30 ./Core/Startup/startup_stm32l476rgtx.o
 .debug_info    0x00001a2f      0xb2d ./Drivers/STM32L4xx_HAL_Driver/Src/stm32l4xx_hal.o
 .debug_info    0x0000255c      0xdad ./Drivers/STM32L4xx_HAL_Driver/Src/stm32l4xx_hal_cortex.o
 .debug_info    0x00003309      0x9ca ./Drivers/STM32L4xx_HAL_Driver/Src/stm32l4xx_hal_pwr_ex.o
 .debug_info    0x00003cd3      0xc45 ./Drivers/STM32L4xx_HAL_Driver/Src/stm32l4xx_hal_rcc.o
 .debug_info    0x00004918      0x32b ./FreeRTOS/ARM_CM4F/port.o
 .debug_info    0x00004c43      0x4bc ./FreeRTOS/heap_4.o
 .debug_info    0x000050ff      0x2aa ./FreeRTOS/source/list.o
 .debug_info    0x000053a9     0x1e20 ./FreeRTOS/source/tasks.o

.debug_abbrev   0x00000000     0x1b2b
 .debug_abbrev  0x00000000      0x15b ./Core/Src/Drivers/I2C.o
 .debug_abbrev  0x0000015b      0x116 ./Core/Src/Drivers/LSM6DS3.o
 .debug_abbrev  0x00000271       0xd2 ./Core/Src/freertos_hooks.o
 .debug_abbrev  0x00000343      0x28e ./Core/Src/main.o
 .debug_abbrev  0x000005d1       0xdd ./Core/Src/stm32l4xx_hal_msp.o
 .debug_abbrev  0x000006ae       0x80 ./Core/Src/stm32l4xx_it.o
 .debug_abbrev  0x0000072e      0x117 ./Core/Src/system_stm32l4xx.o
 .debug_abbrev  0x00000845       0x24 ./Core/Startup/startup_stm32l476rgtx.o
 .debug_abbrev  0x00000869      0x243 ./Drivers/STM32L4xx_HAL_Driver/Src/stm32l4xx_hal.o
 .debug_abbrev  0x00000aac      0x31c ./Drivers/STM32L4xx_HAL_Driver/Src/stm32l4xx_hal_cortex.o
 .debug_abbrev  0x00000dc8      0x1f9 ./Drivers/STM32L4xx_HAL_Driver/Src/stm32l4xx_hal_pwr_ex.o
 .debug_abbrev  0x00000fc1      0x2dc ./Drivers/STM32L4xx_HAL_Driver/Src/stm32l4xx_hal_rcc.o
 .debug_abbrev  0x0000129d      0x21f ./FreeRTOS/ARM_CM4F/port.o
 .debug_abbrev  0x000014bc      0x1f5 ./FreeRTOS/heap_4.o
 .debug_abbrev  0x000016b1       0xee ./FreeRTOS/source/list.o
 .debug_abbrev  0x0000179f      0x38c ./FreeRTOS/source/tasks.o

.debug_aranges  0x00000000      0x8e0
 .debug_aranges
                0x00000000       0x38 ./Core/Src/Drivers/I2C.o
 .debug_aranges
                0x00000038       0x28 ./Core/Src/Drivers/LSM6DS3.o
 .debug_aranges
                0x00000060       0x28 ./Core/Src/freertos_hooks.o
 .debug_aranges
                0x00000088       0x50 ./Core/Src/main.o
 .debug_aranges
                0x000000d8       0x20 ./Core/Src/stm32l4xx_hal_msp.o
 .debug_aranges
                0x000000f8       0x48 ./Core/Src/stm32l4xx_it.o
 .debug_aranges
                0x00000140       0x28 ./Core/Src/system_stm32l4xx.o
 .debug_aranges
                0x00000168       0x28 ./Core/Startup/startup_stm32l476rgtx.o
 .debug_aranges
                0x00000190      0x130 ./Drivers/STM32L4xx_HAL_Driver/Src/stm32l4xx_hal.o
 .debug_aranges
                0x000002c0      0x128 ./Drivers/STM32L4xx_HAL_Driver/Src/stm32l4xx_hal_cortex.o
 .debug_aranges
                0x000003e8      0x160 ./Drivers/STM32L4xx_HAL_Driver/Src/stm32l4xx_hal_pwr_ex.o
 .debug_aranges
                0x00000548       0x90 ./Drivers/STM32L4xx_HAL_Driver/Src/stm32l4xx_hal_rcc.o
 .debug_aranges
                0x000005d8       0x78 ./FreeRTOS/ARM_CM4F/port.o
 .debug_aranges
                0x00000650       0x70 ./FreeRTOS/heap_4.o
 .debug_aranges
                0x000006c0       0x40 ./FreeRTOS/source/list.o
 .debug_aranges
                0x00000700      0x1e0 ./FreeRTOS/source/tasks.o

.debug_rnglists
                0x00000000      0x69a
 .debug_rnglists
                0x00000000       0x29 ./Core/Src/Drivers/I2C.o
 .debug_rnglists
                0x00000029       0x1a ./Core/Src/Drivers/LSM6DS3.o
 .debug_rnglists
                0x00000043       0x19 ./Core/Src/freertos_hooks.o
 .debug_rnglists
                0x0000005c       0x39 ./Core/Src/main.o
 .debug_rnglists
                0x00000095       0x13 ./Core/Src/stm32l4xx_hal_msp.o
 .debug_rnglists
                0x000000a8       0x31 ./Core/Src/stm32l4xx_it.o
 .debug_rnglists
                0x000000d9       0x1a ./Core/Src/system_stm32l4xx.o
 .debug_rnglists
                0x000000f3       0x19 ./Core/Startup/startup_stm32l476rgtx.o
 .debug_rnglists
                0x0000010c       0xdf ./Drivers/STM32L4xx_HAL_Driver/Src/stm32l4xx_hal.o
 .debug_rnglists
                0x000001eb       0xda ./Drivers/STM32L4xx_HAL_Driver/Src/stm32l4xx_hal_cortex.o
 .debug_rnglists
                0x000002c5      0x109 ./Drivers/STM32L4xx_HAL_Driver/Src/stm32l4xx_hal_pwr_ex.o
 .debug_rnglists
                0x000003ce       0x6d ./Drivers/STM32L4xx_HAL_Driver/Src/stm32l4xx_hal_rcc.o
 .debug_rnglists
                0x0000043b       0x55 ./FreeRTOS/ARM_CM4F/port.o
 .debug_rnglists
                0x00000490       0x53 ./FreeRTOS/heap_4.o
 .debug_rnglists
                0x000004e3       0x2b ./FreeRTOS/source/list.o
 .debug_rnglists
                0x0000050e      0x18c ./FreeRTOS/source/tasks.o

.debug_macro    0x00000000    0x276c9
 .debug_macro   0x00000000       0xc8 ./Core/Src/Drivers/I2C.o
 .debug_macro   0x000000c8      0xab4 ./Core/Src/Drivers/I2C.o
 .debug_macro   0x00000b7c       0x10 ./Core/Src/Drivers/I2C.o
 .debug_macro   0x00000b8c       0x22 ./Core/Src/Drivers/I2C.o
 .debug_macro   0x00000bae       0x8e ./Core/Src/Drivers/I2C.o
 .debug_macro   0x00000c3c       0x51 ./Core/Src/Drivers/I2C.o
 .debug_macro   0x00000c8d      0x103 ./Core/Src/Drivers/I2C.o
 .debug_macro   0x00000d90       0x6a ./Core/Src/Drivers/I2C.o
 .debug_macro   0x00000dfa      0x1df ./Core/Src/Drivers/I2C.o
 .debug_macro   0x00000fd9       0x28 ./Core/Src/Drivers/I2C.o
 .debug_macro   0x00001001       0x1c ./Core/Src/Drivers/I2C.o
 .debug_macro   0x0000101d       0x22 ./Core/Src/Drivers/I2C.o
 .debug_macro   0x0000103f       0xfb ./Core/Src/Drivers/I2C.o
 .debug_macro   0x0000113a     0x1011 ./Core/Src/Drivers/I2C.o
 .debug_macro   0x0000214b      0x11f ./Core/Src/Drivers/I2C.o
 .debug_macro   0x0000226a    0x1a192 ./Core/Src/Drivers/I2C.o
 .debug_macro   0x0001c3fc       0xd7 ./Core/Src/Drivers/LSM6DS3.o
 .debug_macro   0x0001c4d3       0x70 ./Core/Src/Drivers/LSM6DS3.o
 .debug_macro   0x0001c543      0x21e ./Core/Src/freertos_hooks.o
 .debug_macro   0x0001c761      0x189 ./Core/Src/freertos_hooks.o
 .debug_macro   0x0001c8ea       0x16 ./Core/Src/freertos_hooks.o
 .debug_macro   0x0001c900       0xe2 ./Core/Src/freertos_hooks.o
 .debug_macro   0x0001c9e2       0x3a ./Core/Src/freertos_hooks.o
 .debug_macro   0x0001ca1c      0x182 ./Core/Src/freertos_hooks.o
 .debug_macro   0x0001cb9e       0xe0 ./Core/Src/freertos_hooks.o
 .debug_macro   0x0001cc7e       0x3a ./Core/Src/freertos_hooks.o
 .debug_macro   0x0001ccb8       0x1f ./Core/Src/freertos_hooks.o
 .debug_macro   0x0001ccd7       0x12 ./Core/Src/freertos_hooks.o
 .debug_macro   0x0001cce9     0x1121 ./Core/Src/freertos_hooks.o
 .debug_macro   0x0001de0a       0xc3 ./Core/Src/freertos_hooks.o
 .debug_macro   0x0001decd      0x14f ./Core/Src/freertos_hooks.o
 .debug_macro   0x0001e01c      0x19b ./Core/Src/freertos_hooks.o
 .debug_macro   0x0001e1b7       0x2e ./Core/Src/freertos_hooks.o
 .debug_macro   0x0001e1e5       0x6d ./Core/Src/freertos_hooks.o
 .debug_macro   0x0001e252     0x38fb ./Core/Src/freertos_hooks.o
 .debug_macro   0x00021b4d       0x5c ./Core/Src/freertos_hooks.o
 .debug_macro   0x00021ba9     0x159e ./Core/Src/freertos_hooks.o
 .debug_macro   0x00023147      0x5a5 ./Core/Src/freertos_hooks.o
 .debug_macro   0x000236ec      0x1b9 ./Core/Src/freertos_hooks.o
 .debug_macro   0x000238a5      0x18b ./Core/Src/freertos_hooks.o
 .debug_macro   0x00023a30      0x2c4 ./Core/Src/freertos_hooks.o
 .debug_macro   0x00023cf4      0x27a ./Core/Src/freertos_hooks.o
 .debug_macro   0x00023f6e      0x23d ./Core/Src/freertos_hooks.o
 .debug_macro   0x000241ab      0x241 ./Core/Src/freertos_hooks.o
 .debug_macro   0x000243ec      0x37c ./Core/Src/freertos_hooks.o
 .debug_macro   0x00024768       0xd6 ./Core/Src/freertos_hooks.o
 .debug_macro   0x0002483e      0x122 ./Core/Src/freertos_hooks.o
 .debug_macro   0x00024960      0x3ef ./Core/Src/freertos_hooks.o
 .debug_macro   0x00024d4f      0x330 ./Core/Src/freertos_hooks.o
 .debug_macro   0x0002507f      0x310 ./Core/Src/main.o
 .debug_macro   0x0002538f       0x5b ./Core/Src/main.o
 .debug_macro   0x000253ea       0x2a ./Core/Src/main.o
 .debug_macro   0x00025414       0x94 ./Core/Src/main.o
 .debug_macro   0x000254a8       0x43 ./Core/Src/main.o
 .debug_macro   0x000254eb       0x34 ./Core/Src/main.o
 .debug_macro   0x0002551f       0x16 ./Core/Src/main.o
 .debug_macro   0x00025535       0x57 ./Core/Src/main.o
 .debug_macro   0x0002558c       0x9e ./Core/Src/main.o
 .debug_macro   0x0002562a      0x369 ./Core/Src/main.o
 .debug_macro   0x00025993      0x10b ./Core/Src/main.o
 .debug_macro   0x00025a9e       0x10 ./Core/Src/main.o
 .debug_macro   0x00025aae       0x16 ./Core/Src/main.o
 .debug_macro   0x00025ac4       0x43 ./Core/Src/main.o
 .debug_macro   0x00025b07       0x34 ./Core/Src/main.o
 .debug_macro   0x00025b3b       0x10 ./Core/Src/main.o
 .debug_macro   0x00025b4b       0x58 ./Core/Src/main.o
 .debug_macro   0x00025ba3       0x8e ./Core/Src/main.o
 .debug_macro   0x00025c31       0x1c ./Core/Src/main.o
 .debug_macro   0x00025c4d      0x177 ./Core/Src/main.o
 .debug_macro   0x00025dc4       0x16 ./Core/Src/main.o
 .debug_macro   0x00025dda       0x16 ./Core/Src/main.o
 .debug_macro   0x00025df0      0x146 ./Core/Src/main.o
 .debug_macro   0x00025f36       0x76 ./Core/Src/main.o
 .debug_macro   0x00025fac       0x50 ./Core/Src/main.o
 .debug_macro   0x00025ffc      0x1b1 ./Core/Src/stm32l4xx_hal_msp.o
 .debug_macro   0x000261ad      0x1bb ./Core/Src/stm32l4xx_it.o
 .debug_macro   0x00026368      0x1a7 ./Core/Src/system_stm32l4xx.o
 .debug_macro   0x0002650f      0x1f5 ./Drivers/STM32L4xx_HAL_Driver/Src/stm32l4xx_hal.o
 .debug_macro   0x00026704      0x1a7 ./Drivers/STM32L4xx_HAL_Driver/Src/stm32l4xx_hal_cortex.o
 .debug_macro   0x000268ab      0x1cb ./Drivers/STM32L4xx_HAL_Driver/Src/stm32l4xx_hal_pwr_ex.o
 .debug_macro   0x00026a76      0x1e9 ./Drivers/STM32L4xx_HAL_Driver/Src/stm32l4xx_hal_rcc.o
 .debug_macro   0x00026c5f      0x1cf ./FreeRTOS/ARM_CM4F/port.o
 .debug_macro   0x00026e2e      0x237 ./FreeRTOS/heap_4.o
 .debug_macro   0x00027065      0x11c ./FreeRTOS/heap_4.o
 .debug_macro   0x00027181       0x94 ./FreeRTOS/heap_4.o
 .debug_macro   0x00027215       0x16 ./FreeRTOS/heap_4.o
 .debug_macro   0x0002722b       0x20 ./FreeRTOS/heap_4.o
 .debug_macro   0x0002724b      0x1a2 ./FreeRTOS/source/list.o
 .debug_macro   0x000273ed      0x2c6 ./FreeRTOS/source/tasks.o
 .debug_macro   0x000276b3       0x16 ./FreeRTOS/source/tasks.o

.debug_line     0x00000000     0x9b12
 .debug_line    0x00000000      0x7be ./Core/Src/Drivers/I2C.o
 .debug_line    0x000007be      0x595 ./Core/Src/Drivers/LSM6DS3.o
 .debug_line    0x00000d53      0x7c1 ./Core/Src/freertos_hooks.o
 .debug_line    0x00001514      0xa7c ./Core/Src/main.o
 .debug_line    0x00001f90      0x702 ./Core/Src/stm32l4xx_hal_msp.o
 .debug_line    0x00002692      0x786 ./Core/Src/stm32l4xx_it.o
 .debug_line    0x00002e18      0x79c ./Core/Src/system_stm32l4xx.o
 .debug_line    0x000035b4       0x7a ./Core/Startup/startup_stm32l476rgtx.o
 .debug_line    0x0000362e      0xaf7 ./Drivers/STM32L4xx_HAL_Driver/Src/stm32l4xx_hal.o
 .debug_line    0x00004125      0xcc0 ./Drivers/STM32L4xx_HAL_Driver/Src/stm32l4xx_hal_cortex.o
 .debug_line    0x00004de5      0xce9 ./Drivers/STM32L4xx_HAL_Driver/Src/stm32l4xx_hal_pwr_ex.o
 .debug_line    0x00005ace      0xf70 ./Drivers/STM32L4xx_HAL_Driver/Src/stm32l4xx_hal_rcc.o
 .debug_line    0x00006a3e      0x6be ./FreeRTOS/ARM_CM4F/port.o
 .debug_line    0x000070fc      0x994 ./FreeRTOS/heap_4.o
 .debug_line    0x00007a90      0x744 ./FreeRTOS/source/list.o
 .debug_line    0x000081d4     0x193e ./FreeRTOS/source/tasks.o

.debug_str      0x00000000    0xf13ae
 .debug_str     0x00000000    0x9e2d1 ./Core/Src/Drivers/I2C.o
                              0x9e477 (size before relaxing)
 .debug_str     0x0009e2d1      0x1a9 ./Core/Src/Drivers/LSM6DS3.o
                              0x9e42a (size before relaxing)
 .debug_str     0x0009e47a    0x4a809 ./Core/Src/freertos_hooks.o
                              0xe8b94 (size before relaxing)
 .debug_str     0x000e8c83     0x399e ./Core/Src/main.o
                              0xec846 (size before relaxing)
 .debug_str     0x000ec621       0x2c ./Core/Src/stm32l4xx_hal_msp.o
                              0xde168 (size before relaxing)
 .debug_str     0x000ec64d       0x92 ./Core/Src/stm32l4xx_it.o
                              0xde06a (size before relaxing)
 .debug_str     0x000ec6df       0xf2 ./Core/Src/system_stm32l4xx.o
                              0xde21d (size before relaxing)
 .debug_str     0x000ec7d1       0x44 ./Core/Startup/startup_stm32l476rgtx.o
                                 0x81 (size before relaxing)
 .debug_str     0x000ec815      0xab2 ./Drivers/STM32L4xx_HAL_Driver/Src/stm32l4xx_hal.o
                              0xdedc5 (size before relaxing)
 .debug_str     0x000ed2c7      0x37c ./Drivers/STM32L4xx_HAL_Driver/Src/stm32l4xx_hal_cortex.o
                              0xdea96 (size before relaxing)
 .debug_str     0x000ed643      0x52a ./Drivers/STM32L4xx_HAL_Driver/Src/stm32l4xx_hal_pwr_ex.o
                              0xde778 (size before relaxing)
 .debug_str     0x000edb6d      0x3f0 ./Drivers/STM32L4xx_HAL_Driver/Src/stm32l4xx_hal_rcc.o
                              0xde863 (size before relaxing)
 .debug_str     0x000edf5d      0x8c6 ./FreeRTOS/ARM_CM4F/port.o
                               0xf4db (size before relaxing)
 .debug_str     0x000ee823      0x8ff ./FreeRTOS/heap_4.o
                              0x1260c (size before relaxing)
 .debug_str     0x000ef122      0x119 ./FreeRTOS/source/list.o
                              0x10abc (size before relaxing)
 .debug_str     0x000ef23b     0x2173 ./FreeRTOS/source/tasks.o
                              0x142f2 (size before relaxing)

.comment        0x00000000       0x43
 .comment       0x00000000       0x43 ./Core/Src/Drivers/I2C.o
                                 0x44 (size before relaxing)
 .comment       0x00000043       0x44 ./Core/Src/Drivers/LSM6DS3.o
 .comment       0x00000043       0x44 ./Core/Src/freertos_hooks.o
 .comment       0x00000043       0x44 ./Core/Src/main.o
 .comment       0x00000043       0x44 ./Core/Src/stm32l4xx_hal_msp.o
 .comment       0x00000043       0x44 ./Core/Src/stm32l4xx_it.o
 .comment       0x00000043       0x44 ./Core/Src/system_stm32l4xx.o
 .comment       0x00000043       0x44 ./Drivers/STM32L4xx_HAL_Driver/Src/stm32l4xx_hal.o
 .comment       0x00000043       0x44 ./Drivers/STM32L4xx_HAL_Driver/Src/stm32l4xx_hal_cortex.o
 .comment       0x00000043       0x44 ./Drivers/STM32L4xx_HAL_Driver/Src/stm32l4xx_hal_pwr_ex.o
 .comment       0x00000043       0x44 ./Drivers/STM32L4xx_HAL_Driver/Src/stm32l4xx_hal_rcc.o
 .comment       0x00000043       0x44 ./FreeRTOS/ARM_CM4F/port.o
 .comment       0x00000043       0x44 ./FreeRTOS/heap_4.o
 .comment       0x00000043       0x44 ./FreeRTOS/source/list.o
 .comment       0x00000043       0x44 ./FreeRTOS/source/tasks.o

.debug_frame    0x00000000     0x2174
 .debug_frame   0x00000000       0xa8 ./Core/Src/Drivers/I2C.o
 .debug_frame   0x000000a8       0x58 ./Core/Src/Drivers/LSM6DS3.o
 .debug_frame   0x00000100       0x48 ./Core/Src/freertos_hooks.o
 .debug_frame   0x00000148      0x104 ./Core/Src/main.o
 .debug_frame   0x0000024c       0x38 ./Core/Src/stm32l4xx_hal_msp.o
 .debug_frame   0x00000284       0xa8 ./Core/Src/stm32l4xx_it.o
 .debug_frame   0x0000032c       0x58 ./Core/Src/system_stm32l4xx.o
 .debug_frame   0x00000384      0x498 ./Drivers/STM32L4xx_HAL_Driver/Src/stm32l4xx_hal.o
 .debug_frame   0x0000081c      0x4e8 ./Drivers/STM32L4xx_HAL_Driver/Src/stm32l4xx_hal_cortex.o
 .debug_frame   0x00000d04      0x584 ./Drivers/STM32L4xx_HAL_Driver/Src/stm32l4xx_hal_pwr_ex.o
 .debug_frame   0x00001288      0x21c ./Drivers/STM32L4xx_HAL_Driver/Src/stm32l4xx_hal_rcc.o
 .debug_frame   0x000014a4      0x178 ./FreeRTOS/ARM_CM4F/port.o
 .debug_frame   0x0000161c      0x190 ./FreeRTOS/heap_4.o
 .debug_frame   0x000017ac       0xd8 ./FreeRTOS/source/list.o
 .debug_frame   0x00001884      0x844 ./FreeRTOS/source/tasks.o
 .debug_frame   0x000020c8       0x20 C:/ST/STM32CubeIDE_1.16.1/STM32CubeIDE/plugins/com.st.stm32cube.ide.mcu.externaltools.gnu-tools-for-stm32.12.3.rel1.win32_1.0.200.202406191623/tools/bin/../lib/gcc/arm-none-eabi/12.3.1/../../../../arm-none-eabi/lib/thumb/v7e-m+fp/hard\libc_nano.a(libc_a-memset.o)
 .debug_frame   0x000020e8       0x2c C:/ST/STM32CubeIDE_1.16.1/STM32CubeIDE/plugins/com.st.stm32cube.ide.mcu.externaltools.gnu-tools-for-stm32.12.3.rel1.win32_1.0.200.202406191623/tools/bin/../lib/gcc/arm-none-eabi/12.3.1/../../../../arm-none-eabi/lib/thumb/v7e-m+fp/hard\libc_nano.a(libc_a-init.o)
 .debug_frame   0x00002114       0x2c C:/ST/STM32CubeIDE_1.16.1/STM32CubeIDE/plugins/com.st.stm32cube.ide.mcu.externaltools.gnu-tools-for-stm32.12.3.rel1.win32_1.0.200.202406191623/tools/bin/../lib/gcc/arm-none-eabi/12.3.1/thumb/v7e-m+fp/hard\libgcc.a(_aeabi_uldivmod.o)
 .debug_frame   0x00002140       0x34 C:/ST/STM32CubeIDE_1.16.1/STM32CubeIDE/plugins/com.st.stm32cube.ide.mcu.externaltools.gnu-tools-for-stm32.12.3.rel1.win32_1.0.200.202406191623/tools/bin/../lib/gcc/arm-none-eabi/12.3.1/thumb/v7e-m+fp/hard\libgcc.a(_udivmoddi4.o)

.debug_line_str
                0x00000000       0x65
 .debug_line_str
                0x00000000       0x65 ./Core/Startup/startup_stm32l476rgtx.o
