Archive member included to satisfy reference by file (symbol)

C:/ST/STM32CubeIDE_1.16.1/STM32CubeIDE/plugins/com.st.stm32cube.ide.mcu.externaltools.gnu-tools-for-stm32.12.3.rel1.win32_1.0.200.202406191623/tools/bin/../lib/gcc/arm-none-eabi/12.3.1/../../../../arm-none-eabi/lib/thumb/v7e-m+fp/hard\libc_nano.a(libc_a-exit.o)
                              C:/ST/STM32CubeIDE_1.16.1/STM32CubeIDE/plugins/com.st.stm32cube.ide.mcu.externaltools.gnu-tools-for-stm32.12.3.rel1.win32_1.0.200.202406191623/tools/bin/../lib/gcc/arm-none-eabi/12.3.1/../../../../arm-none-eabi/lib/thumb/v7e-m+fp/hard/crt0.o (exit)
C:/ST/STM32CubeIDE_1.16.1/STM32CubeIDE/plugins/com.st.stm32cube.ide.mcu.externaltools.gnu-tools-for-stm32.12.3.rel1.win32_1.0.200.202406191623/tools/bin/../lib/gcc/arm-none-eabi/12.3.1/../../../../arm-none-eabi/lib/thumb/v7e-m+fp/hard\libc_nano.a(libc_a-findfp.o)
                              C:/ST/STM32CubeIDE_1.16.1/STM32CubeIDE/plugins/com.st.stm32cube.ide.mcu.externaltools.gnu-tools-for-stm32.12.3.rel1.win32_1.0.200.202406191623/tools/bin/../lib/gcc/arm-none-eabi/12.3.1/../../../../arm-none-eabi/lib/thumb/v7e-m+fp/hard\libc_nano.a(libc_a-exit.o) (__stdio_exit_handler)
C:/ST/STM32CubeIDE_1.16.1/STM32CubeIDE/plugins/com.st.stm32cube.ide.mcu.externaltools.gnu-tools-for-stm32.12.3.rel1.win32_1.0.200.202406191623/tools/bin/../lib/gcc/arm-none-eabi/12.3.1/../../../../arm-none-eabi/lib/thumb/v7e-m+fp/hard\libc_nano.a(libc_a-fwalk.o)
                              C:/ST/STM32CubeIDE_1.16.1/STM32CubeIDE/plugins/com.st.stm32cube.ide.mcu.externaltools.gnu-tools-for-stm32.12.3.rel1.win32_1.0.200.202406191623/tools/bin/../lib/gcc/arm-none-eabi/12.3.1/../../../../arm-none-eabi/lib/thumb/v7e-m+fp/hard\libc_nano.a(libc_a-findfp.o) (_fwalk_sglue)
C:/ST/STM32CubeIDE_1.16.1/STM32CubeIDE/plugins/com.st.stm32cube.ide.mcu.externaltools.gnu-tools-for-stm32.12.3.rel1.win32_1.0.200.202406191623/tools/bin/../lib/gcc/arm-none-eabi/12.3.1/../../../../arm-none-eabi/lib/thumb/v7e-m+fp/hard\libc_nano.a(libc_a-printf.o)
                              ./Core/Src/main.o (printf)
C:/ST/STM32CubeIDE_1.16.1/STM32CubeIDE/plugins/com.st.stm32cube.ide.mcu.externaltools.gnu-tools-for-stm32.12.3.rel1.win32_1.0.200.202406191623/tools/bin/../lib/gcc/arm-none-eabi/12.3.1/../../../../arm-none-eabi/lib/thumb/v7e-m+fp/hard\libc_nano.a(libc_a-stdio.o)
                              C:/ST/STM32CubeIDE_1.16.1/STM32CubeIDE/plugins/com.st.stm32cube.ide.mcu.externaltools.gnu-tools-for-stm32.12.3.rel1.win32_1.0.200.202406191623/tools/bin/../lib/gcc/arm-none-eabi/12.3.1/../../../../arm-none-eabi/lib/thumb/v7e-m+fp/hard\libc_nano.a(libc_a-findfp.o) (__sread)
C:/ST/STM32CubeIDE_1.16.1/STM32CubeIDE/plugins/com.st.stm32cube.ide.mcu.externaltools.gnu-tools-for-stm32.12.3.rel1.win32_1.0.200.202406191623/tools/bin/../lib/gcc/arm-none-eabi/12.3.1/../../../../arm-none-eabi/lib/thumb/v7e-m+fp/hard\libc_nano.a(libc_a-memset.o)
                              C:/ST/STM32CubeIDE_1.16.1/STM32CubeIDE/plugins/com.st.stm32cube.ide.mcu.externaltools.gnu-tools-for-stm32.12.3.rel1.win32_1.0.200.202406191623/tools/bin/../lib/gcc/arm-none-eabi/12.3.1/../../../../arm-none-eabi/lib/thumb/v7e-m+fp/hard/crt0.o (memset)
C:/ST/STM32CubeIDE_1.16.1/STM32CubeIDE/plugins/com.st.stm32cube.ide.mcu.externaltools.gnu-tools-for-stm32.12.3.rel1.win32_1.0.200.202406191623/tools/bin/../lib/gcc/arm-none-eabi/12.3.1/../../../../arm-none-eabi/lib/thumb/v7e-m+fp/hard\libc_nano.a(libc_a-closer.o)
                              C:/ST/STM32CubeIDE_1.16.1/STM32CubeIDE/plugins/com.st.stm32cube.ide.mcu.externaltools.gnu-tools-for-stm32.12.3.rel1.win32_1.0.200.202406191623/tools/bin/../lib/gcc/arm-none-eabi/12.3.1/../../../../arm-none-eabi/lib/thumb/v7e-m+fp/hard\libc_nano.a(libc_a-stdio.o) (_close_r)
C:/ST/STM32CubeIDE_1.16.1/STM32CubeIDE/plugins/com.st.stm32cube.ide.mcu.externaltools.gnu-tools-for-stm32.12.3.rel1.win32_1.0.200.202406191623/tools/bin/../lib/gcc/arm-none-eabi/12.3.1/../../../../arm-none-eabi/lib/thumb/v7e-m+fp/hard\libc_nano.a(libc_a-reent.o)
                              C:/ST/STM32CubeIDE_1.16.1/STM32CubeIDE/plugins/com.st.stm32cube.ide.mcu.externaltools.gnu-tools-for-stm32.12.3.rel1.win32_1.0.200.202406191623/tools/bin/../lib/gcc/arm-none-eabi/12.3.1/../../../../arm-none-eabi/lib/thumb/v7e-m+fp/hard\libc_nano.a(libc_a-closer.o) (errno)
C:/ST/STM32CubeIDE_1.16.1/STM32CubeIDE/plugins/com.st.stm32cube.ide.mcu.externaltools.gnu-tools-for-stm32.12.3.rel1.win32_1.0.200.202406191623/tools/bin/../lib/gcc/arm-none-eabi/12.3.1/../../../../arm-none-eabi/lib/thumb/v7e-m+fp/hard\libc_nano.a(libc_a-impure.o)
                              C:/ST/STM32CubeIDE_1.16.1/STM32CubeIDE/plugins/com.st.stm32cube.ide.mcu.externaltools.gnu-tools-for-stm32.12.3.rel1.win32_1.0.200.202406191623/tools/bin/../lib/gcc/arm-none-eabi/12.3.1/../../../../arm-none-eabi/lib/thumb/v7e-m+fp/hard\libc_nano.a(libc_a-printf.o) (_impure_ptr)
[...]
Memory Configuration

Name             Origin             Length             Attributes
RAM              0x20000000         0x00018000         xrw
RAM2             0x10000000         0x00008000         xrw
FLASH            0x08000000         0x00100000         xr
*default*        0x00000000         0xffffffff

Linker script and memory map

LOAD C:/ST/STM32CubeIDE_1.16.1/STM32CubeIDE/plugins/com.st.stm32cube.ide.mcu.externaltools.gnu-tools-for-stm32.12.3.rel1.win32_1.0.200.202406191623/tools/bin/../lib/gcc/arm-none-eabi/12.3.1/thumb/v7e-m+fp/hard/crti.o
LOAD C:/ST/STM32CubeIDE_1.16.1/STM32CubeIDE/plugins/com.st.stm32cube.ide.mcu.externaltools.gnu-tools-for-stm32.12.3.rel1.win32_1.0.200.202406191623/tools/bin/../lib/gcc/arm-none-eabi/12.3.1/thumb/v7e-m+fp/hard/crtbegin.o
LOAD C:/ST/STM32CubeIDE_1.16.1/STM32CubeIDE/plugins/com.st.stm32cube.ide.mcu.externaltools.gnu-tools-for-stm32.12.3.rel1.win32_1.0.200.202406191623/tools/bin/../lib/gcc/arm-none-eabi/12.3.1/../../../../arm-none-eabi/lib/thumb/v7e-m+fp/hard/crt0.o
LOAD ./Core/Src/Drivers/I2C.o
LOAD ./Core/Src/Drivers/LSM6DS3.o
LOAD ./Core/Src/freertos_hooks.o
LOAD ./Core/Src/main.o
LOAD ./Core/Src/stm32l4xx_hal_msp.o
LOAD ./Core/Src/stm32l4xx_it.o
LOAD ./Core/Src/syscalls.o
LOAD ./Core/Src/sysmem.o
LOAD ./Core/Src/system_stm32l4xx.o
LOAD ./Core/Startup/startup_stm32l476rgtx.o
LOAD ./Drivers/STM32L4xx_HAL_Driver/Src/stm32l4xx_hal.o
LOAD ./Drivers/STM32L4xx_HAL_Driver/Src/stm32l4xx_hal_cortex.o
LOAD ./Drivers/STM32L4xx_HAL_Driver/Src/stm32l4xx_hal_dma.o
LOAD ./Drivers/STM32L4xx_HAL_Driver/Src/stm32l4xx_hal_dma_ex.o
LOAD ./Drivers/STM32L4xx_HAL_Driver/Src/stm32l4xx_hal_exti.o
LOAD ./Drivers/STM32L4xx_HAL_Driver/Src/stm32l4xx_hal_flash.o
LOAD ./Drivers/STM32L4xx_HAL_Driver/Src/stm32l4xx_hal_flash_ex.o
LOAD ./Drivers/STM32L4xx_HAL_Driver/Src/stm32l4xx_hal_flash_ramfunc.o
LOAD ./Drivers/STM32L4xx_HAL_Driver/Src/stm32l4xx_hal_gpio.o
LOAD ./Drivers/STM32L4xx_HAL_Driver/Src/stm32l4xx_hal_i2c.o
LOAD ./Drivers/STM32L4xx_HAL_Driver/Src/stm32l4xx_hal_i2c_ex.o
LOAD ./Drivers/STM32L4xx_HAL_Driver/Src/stm32l4xx_hal_pwr.o
LOAD ./Drivers/STM32L4xx_HAL_Driver/Src/stm32l4xx_hal_pwr_ex.o
LOAD ./Drivers/STM32L4xx_HAL_Driver/Src/stm32l4xx_hal_rcc.o
LOAD ./Drivers/STM32L4xx_HAL_Driver/Src/stm32l4xx_hal_rcc_ex.o
LOAD ./FreeRTOS/ARM_CM4F/port.o
LOAD ./FreeRTOS/heap_4.o
LOAD ./FreeRTOS/source/event_groups.o
LOAD ./FreeRTOS/source/list.o
LOAD ./FreeRTOS/source/queue.o
LOAD ./FreeRTOS/source/stream_buffer.o
LOAD ./FreeRTOS/source/tasks.o
LOAD ./FreeRTOS/source/timers.o
START GROUP
LOAD C:/ST/STM32CubeIDE_1.16.1/STM32CubeIDE/plugins/com.st.stm32cube.ide.mcu.externaltools.gnu-tools-for-stm32.12.3.rel1.win32_1.0.200.202406191623/tools/bin/../lib/gcc/arm-none-eabi/12.3.1/../../../../arm-none-eabi/lib/thumb/v7e-m+fp/hard\libc_nano.a
LOAD C:/ST/STM32CubeIDE_1.16.1/STM32CubeIDE/plugins/com.st.stm32cube.ide.mcu.externaltools.gnu-tools-for-stm32.12.3.rel1.win32_1.0.200.202406191623/tools/bin/../lib/gcc/arm-none-eabi/12.3.1/../../../../arm-none-eabi/lib/thumb/v7e-m+fp/hard\libm.a
END GROUP
START GROUP
LOAD C:/ST/STM32CubeIDE_1.16.1/STM32CubeIDE/plugins/com.st.stm32cube.ide.mcu.externaltools.gnu-tools-for-stm32.12.3.rel1.win32_1.0.200.202406191623/tools/bin/../lib/gcc/arm-none-eabi/12.3.1/thumb/v7e-m+fp/hard\libgcc.a
LOAD C:/ST/STM32CubeIDE_1.16.1/STM32CubeIDE/plugins/com.st.stm32cube.ide.mcu.externaltools.gnu-tools-for-stm32.12.3.rel1.win32_1.0.200.202406191623/tools/bin/../lib/gcc/arm-none-eabi/12.3.1/../../../../arm-none-eabi/lib/thumb/v7e-m+fp/hard\libc_nano.a
END GROUP
START GROUP
LOAD C:/ST/STM32CubeIDE_1.16.1/STM32CubeIDE/plugins/com.st.stm32cube.ide.mcu.externaltools.gnu-tools-for-stm32.12.3.rel1.win32_1.0.200.202406191623/tools/bin/../lib/gcc/arm-none-eabi/12.3.1/thumb/v7e-m+fp/hard\libgcc.a
LOAD C:/ST/STM32CubeIDE_1.16.1/STM32CubeIDE/plugins/com.st.stm32cube.ide.mcu.externaltools.gnu-tools-for-stm32.12.3.rel1.win32_1.0.200.202406191623/tools/bin/../lib/gcc/arm-none-eabi/12.3.1/../../../../arm-none-eabi/lib/thumb/v7e-m+fp/hard\libc_nano.a
LOAD C:/ST/STM32CubeIDE_1.16.1/STM32CubeIDE/plugins/com.st.stm32cube.ide.mcu.externaltools.gnu-tools-for-stm32.12.3.rel1.win32_1.0.200.202406191623/tools/bin/../lib/gcc/arm-none-eabi/12.3.1/../../../../arm-none-eabi/lib/thumb/v7e-m+fp/hard\libnosys.a
END GROUP
START GROUP
LOAD C:/ST/STM32CubeIDE_1.16.1/STM32CubeIDE/plugins/com.st.stm32cube.ide.mcu.externaltools.gnu-tools-for-stm32.12.3.rel1.win32_1.0.200.202406191623/tools/bin/../lib/gcc/arm-none-eabi/12.3.1/thumb/v7e-m+fp/hard\libgcc.a
LOAD C:/ST/STM32CubeIDE_1.16.1/STM32CubeIDE/plugins/com.st.stm32cube.ide.mcu.externaltools.gnu-tools-for-stm32.12.3.rel1.win32_1.0.200.202406191623/tools/bin/../lib/gcc/arm-none-eabi/12.3.1/../../../../arm-none-eabi/lib/thumb/v7e-m+fp/hard\libc_nano.a
LOAD C:/ST/STM32CubeIDE_1.16.1/STM32CubeIDE/plugins/com.st.stm32cube.ide.mcu.externaltools.gnu-tools-for-stm32.12.3.rel1.win32_1.0.200.202406191623/tools/bin/../lib/gcc/arm-none-eabi/12.3.1/../../../../arm-none-eabi/lib/thumb/v7e-m+fp/hard\libnosys.a
END GROUP
LOAD C:/ST/STM32CubeIDE_1.16.1/STM32CubeIDE/plugins/com.st.stm32cube.ide.mcu.externaltools.gnu-tools-for-stm32.12.3.rel1.win32_1.0.200.202406191623/tools/bin/../lib/gcc/arm-none-eabi/12.3.1/thumb/v7e-m+fp/hard/crtend.o
LOAD C:/ST/STM32CubeIDE_1.16.1/STM32CubeIDE/plugins/com.st.stm32cube.ide.mcu.externaltools.gnu-tools-for-stm32.12.3.rel1.win32_1.0.200.202406191623/tools/bin/../lib/gcc/arm-none-eabi/12.3.1/thumb/v7e-m+fp/hard/crtn.o
                0x20018000                        _estack = (ORIGIN (RAM) + LENGTH (RAM))
                0x00000200                        _Min_Heap_Size = 0x200
                0x00000400                        _Min_Stack_Size = 0x400

.isr_vector     0x08000000      0x188
                0x08000000                        . = ALIGN (0x4)
 *(.isr_vector)
 .isr_vector    0x08000000      0x188 ./Core/Startup/startup_stm32l476rgtx.o
                0x08000000                g_pfnVectors
                0x08000188                        . = ALIGN (0x4)

.text           0x08000190     0x3d40
                0x08000190                        . = ALIGN (0x4)
 *(.text)
 .text          0x08000190       0x40 C:/ST/STM32CubeIDE_1.16.1/STM32CubeIDE/plugins/com.st.stm32cube.ide.mcu.externaltools.gnu-tools-for-stm32.12.3.rel1.win32_1.0.200.202406191623/tools/bin/../lib/gcc/arm-none-eabi/12.3.1/thumb/v7e-m+fp/hard/crtbegin.o
 .text          0x080001d0       0xa0 C:/ST/STM32CubeIDE_1.16.1/STM32CubeIDE/plugins/com.st.stm32cube.ide.mcu.externaltools.gnu-tools-for-stm32.12.3.rel1.win32_1.0.200.202406191623/tools/bin/../lib/gcc/arm-none-eabi/12.3.1/../../../../arm-none-eabi/lib/thumb/v7e-m+fp/hard\libc_nano.a(libc_a-memchr.o)
                0x080001d0                memchr
 .text          0x08000270       0x30 C:/ST/STM32CubeIDE_1.16.1/STM32CubeIDE/plugins/com.st.stm32cube.ide.mcu.externaltools.gnu-tools-for-stm32.12.3.rel1.win32_1.0.200.202406191623/tools/bin/../lib/gcc/arm-none-eabi/12.3.1/thumb/v7e-m+fp/hard\libgcc.a(_aeabi_uldivmod.o)
                0x08000270                __aeabi_uldivmod
 .text          0x080002a0      0x2bc C:/ST/STM32CubeIDE_1.16.1/STM32CubeIDE/plugins/com.st.stm32cube.ide.mcu.externaltools.gnu-tools-for-stm32.12.3.rel1.win32_1.0.200.202406191623/tools/bin/../lib/gcc/arm-none-eabi/12.3.1/thumb/v7e-m+fp/hard\libgcc.a(_udivmoddi4.o)
                0x080002a0                __udivmoddi4
 .text          0x0800055c        0x4 C:/ST/STM32CubeIDE_1.16.1/STM32CubeIDE/plugins/com.st.stm32cube.ide.mcu.externaltools.gnu-tools-for-stm32.12.3.rel1.win32_1.0.200.202406191623/tools/bin/../lib/gcc/arm-none-eabi/12.3.1/thumb/v7e-m+fp/hard\libgcc.a(_dvmd_tls.o)
                0x0800055c                __aeabi_idiv0
                0x0800055c                __aeabi_ldiv0
 *(.text*)
 .text.I2C1_MultiRead
                0x08000560       0xd4 ./Core/Src/Drivers/I2C.o
                0x08000560                I2C1_MultiRead
 .text.I2C1_Read
                0x08000634       0xb8 ./Core/Src/Drivers/I2C.o
                0x08000634                I2C1_Read
 .text.I2C1_Write
                0x080006ec       0x88 ./Core/Src/Drivers/I2C.o
                0x080006ec                I2C1_Write
 .text.I2C1_Config
                0x08000774      0x118 ./Core/Src/Drivers/I2C.o
                0x08000774                I2C1_Config
 .text.LSM6DS3_Init
                0x0800088c       0x44 ./Core/Src/Drivers/LSM6DS3.o
                0x0800088c                LSM6DS3_Init
 .text.LSM6DS3_GyroAccelRead
                0x080008d0       0x8a ./Core/Src/Drivers/LSM6DS3.o
                0x080008d0                LSM6DS3_GyroAccelRead
 .text.vApplicationStackOverflowHook
                0x0800095a        0xe ./Core/Src/freertos_hooks.o
                0x0800095a                vApplicationStackOverflowHook
 .text.vApplicationTickHook
                0x08000968        0xc ./Core/Src/freertos_hooks.o
                0x08000968                vApplicationTickHook
 .text.main     0x08000974       0x28 ./Core/Src/main.o
                0x08000974                main
 .text.prvCreateTasks
                0x0800099c       0x2c ./Core/Src/main.o
 .text.vHeartbeat
                0x080009c8      0x142 ./Core/Src/main.o
                0x080009c8                vHeartbeat
 *fill*         0x08000b0a        0x2 
 .text.vIMURead
                0x08000b0c       0x4c ./Core/Src/main.o
                0x08000b0c                vIMURead
 .text.GPIOPortConfig
                0x08000b58       0x4c ./Core/Src/main.o
                0x08000b58                GPIOPortConfig
 .text.SystemClock_Config
                0x08000ba4       0xa4 ./Core/Src/main.o
                0x08000ba4                SystemClock_Config
 .text.Error_Handler
                0x08000c48        0xc ./Core/Src/main.o
                0x08000c48                Error_Handler
 .text.HAL_MspInit
                0x08000c54       0x48 ./Core/Src/stm32l4xx_hal_msp.o
                0x08000c54                HAL_MspInit
 .text.NMI_Handler
                0x08000c9c        0x8 ./Core/Src/stm32l4xx_it.o
                0x08000c9c                NMI_Handler
 .text.HardFault_Handler
                0x08000ca4        0x8 ./Core/Src/stm32l4xx_it.o
                0x08000ca4                HardFault_Handler
 .text.MemManage_Handler
                0x08000cac        0x8 ./Core/Src/stm32l4xx_it.o
                0x08000cac                MemManage_Handler
 .text.BusFault_Handler
                0x08000cb4        0x8 ./Core/Src/stm32l4xx_it.o
                0x08000cb4                BusFault_Handler
 .text.UsageFault_Handler
                0x08000cbc        0x8 ./Core/Src/stm32l4xx_it.o
                0x08000cbc                UsageFault_Handler
 .text.DebugMon_Handler
                0x08000cc4        0xe ./Core/Src/stm32l4xx_it.o
                0x08000cc4                DebugMon_Handler
 .text._read    0x08000cd2       0x3a ./Core/Src/syscalls.o
                0x08000cd2                _read
 .text._write   0x08000d0c       0x38 ./Core/Src/syscalls.o
                0x08000d0c                _write
 .text._close   0x08000d44       0x18 ./Core/Src/syscalls.o
                0x08000d44                _close
 .text._fstat   0x08000d5c       0x20 ./Core/Src/syscalls.o
                0x08000d5c                _fstat
 .text._isatty  0x08000d7c       0x16 ./Core/Src/syscalls.o
                0x08000d7c                _isatty
 .text._lseek   0x08000d92       0x1a ./Core/Src/syscalls.o
                0x08000d92                _lseek
 .text._sbrk    0x08000dac       0x6c ./Core/Src/sysmem.o
                0x08000dac                _sbrk
 .text.SystemInit
                0x08000e18       0x24 ./Core/Src/system_stm32l4xx.o
                0x08000e18                SystemInit
 .text.Reset_Handler
                0x08000e3c       0x50 ./Core/Startup/startup_stm32l476rgtx.o
                0x08000e3c                Reset_Handler
 .text.Default_Handler
                0x08000e8c        0x2 ./Core/Startup/startup_stm32l476rgtx.o
                0x08000e8c                RTC_Alarm_IRQHandler
                0x08000e8c                EXTI2_IRQHandler
                0x08000e8c                TIM8_TRG_COM_IRQHandler
                0x08000e8c                TIM8_CC_IRQHandler
                0x08000e8c                TIM1_CC_IRQHandler
                0x08000e8c                TSC_IRQHandler
                0x08000e8c                TAMP_STAMP_IRQHandler
                0x08000e8c                EXTI3_IRQHandler
                0x08000e8c                LPTIM2_IRQHandler
                0x08000e8c                DFSDM1_FLT1_IRQHandler
                0x08000e8c                I2C3_ER_IRQHandler
                0x08000e8c                DFSDM1_FLT2_IRQHandler
                0x08000e8c                EXTI0_IRQHandler
                0x08000e8c                I2C2_EV_IRQHandler
                0x08000e8c                CAN1_RX0_IRQHandler
                0x08000e8c                FPU_IRQHandler
                0x08000e8c                TIM1_UP_TIM16_IRQHandler
                0x08000e8c                ADC1_2_IRQHandler
                0x08000e8c                SPI1_IRQHandler
                0x08000e8c                TIM6_DAC_IRQHandler
                0x08000e8c                TIM8_UP_IRQHandler
                0x08000e8c                DMA2_Channel2_IRQHandler
                0x08000e8c                DMA1_Channel4_IRQHandler
                0x08000e8c                SAI2_IRQHandler
                0x08000e8c                DFSDM1_FLT3_IRQHandler
                0x08000e8c                USART3_IRQHandler
                0x08000e8c                DMA1_Channel7_IRQHandler
                0x08000e8c                CAN1_RX1_IRQHandler
                0x08000e8c                LCD_IRQHandler
                0x08000e8c                UART5_IRQHandler
                0x08000e8c                ADC3_IRQHandler
                0x08000e8c                TIM4_IRQHandler
                0x08000e8c                DMA2_Channel1_IRQHandler
                0x08000e8c                QUADSPI_IRQHandler
                0x08000e8c                I2C1_EV_IRQHandler
                0x08000e8c                DMA1_Channel6_IRQHandler
                0x08000e8c                UART4_IRQHandler
                0x08000e8c                DMA2_Channel4_IRQHandler
                0x08000e8c                TIM3_IRQHandler
                0x08000e8c                RCC_IRQHandler
                0x08000e8c                DMA1_Channel1_IRQHandler
                0x08000e8c                Default_Handler
                0x08000e8c                DMA2_Channel7_IRQHandler
                0x08000e8c                EXTI15_10_IRQHandler
                0x08000e8c                TIM7_IRQHandler
                0x08000e8c                SDMMC1_IRQHandler
                0x08000e8c                TIM5_IRQHandler
                0x08000e8c                I2C3_EV_IRQHandler
                0x08000e8c                EXTI9_5_IRQHandler
                0x08000e8c                RTC_WKUP_IRQHandler
                0x08000e8c                PVD_PVM_IRQHandler
                0x08000e8c                SPI2_IRQHandler
                0x08000e8c                CAN1_TX_IRQHandler
                0x08000e8c                DMA2_Channel5_IRQHandler
                0x08000e8c                DMA1_Channel5_IRQHandler
                0x08000e8c                EXTI4_IRQHandler
                0x08000e8c                RNG_IRQHandler
                0x08000e8c                TIM1_TRG_COM_TIM17_IRQHandler
                0x08000e8c                DMA1_Channel3_IRQHandler
                0x08000e8c                COMP_IRQHandler
                0x08000e8c                WWDG_IRQHandler
                0x08000e8c                LPUART1_IRQHandler
                0x08000e8c                DMA2_Channel6_IRQHandler
                0x08000e8c                TIM2_IRQHandler
                0x08000e8c                EXTI1_IRQHandler
                0x08000e8c                USART2_IRQHandler
                0x08000e8c                DFSDM1_FLT0_IRQHandler
                0x08000e8c                I2C2_ER_IRQHandler
                0x08000e8c                DMA1_Channel2_IRQHandler
                0x08000e8c                TIM8_BRK_IRQHandler
                0x08000e8c                CAN1_SCE_IRQHandler
                0x08000e8c                FLASH_IRQHandler
                0x08000e8c                USART1_IRQHandler
                0x08000e8c                OTG_FS_IRQHandler
                0x08000e8c                SPI3_IRQHandler
                0x08000e8c                I2C1_ER_IRQHandler
                0x08000e8c                FMC_IRQHandler
                0x08000e8c                SWPMI1_IRQHandler
                0x08000e8c                LPTIM1_IRQHandler
                0x08000e8c                SAI1_IRQHandler
                0x08000e8c                DMA2_Channel3_IRQHandler
                0x08000e8c                TIM1_BRK_TIM15_IRQHandler
 .text.HAL_Init
                0x08000e8e       0x30 ./Drivers/STM32L4xx_HAL_Driver/Src/stm32l4xx_hal.o
                0x08000e8e                HAL_Init
 *fill*         0x08000ebe        0x2 
 .text.HAL_InitTick
                0x08000ec0       0x78 ./Drivers/STM32L4xx_HAL_Driver/Src/stm32l4xx_hal.o
                0x08000ec0                HAL_InitTick
 .text.HAL_IncTick
                0x08000f38       0x28 ./Drivers/STM32L4xx_HAL_Driver/Src/stm32l4xx_hal.o
                0x08000f38                HAL_IncTick
 .text.HAL_GetTick
                0x08000f60       0x18 ./Drivers/STM32L4xx_HAL_Driver/Src/stm32l4xx_hal.o
                0x08000f60                HAL_GetTick
 .text.__NVIC_SetPriorityGrouping
                0x08000f78       0x48 ./Drivers/STM32L4xx_HAL_Driver/Src/stm32l4xx_hal_cortex.o
 .text.__NVIC_GetPriorityGrouping
                0x08000fc0       0x1c ./Drivers/STM32L4xx_HAL_Driver/Src/stm32l4xx_hal_cortex.o
 .text.__NVIC_SetPriority
                0x08000fdc       0x54 ./Drivers/STM32L4xx_HAL_Driver/Src/stm32l4xx_hal_cortex.o
 .text.NVIC_EncodePriority
                0x08001030       0x66 ./Drivers/STM32L4xx_HAL_Driver/Src/stm32l4xx_hal_cortex.o
 *fill*         0x08001096        0x2 
 .text.SysTick_Config
                0x08001098       0x44 ./Drivers/STM32L4xx_HAL_Driver/Src/stm32l4xx_hal_cortex.o
 .text.HAL_NVIC_SetPriorityGrouping
                0x080010dc       0x16 ./Drivers/STM32L4xx_HAL_Driver/Src/stm32l4xx_hal_cortex.o
                0x080010dc                HAL_NVIC_SetPriorityGrouping
 .text.HAL_NVIC_SetPriority
                0x080010f2       0x38 ./Drivers/STM32L4xx_HAL_Driver/Src/stm32l4xx_hal_cortex.o
                0x080010f2                HAL_NVIC_SetPriority
 .text.HAL_SYSTICK_Config
                0x0800112a       0x18 ./Drivers/STM32L4xx_HAL_Driver/Src/stm32l4xx_hal_cortex.o
                0x0800112a                HAL_SYSTICK_Config
 *fill*         0x08001142        0x2 
 .text.HAL_PWREx_GetVoltageRange
                0x08001144       0x1c ./Drivers/STM32L4xx_HAL_Driver/Src/stm32l4xx_hal_pwr_ex.o
                0x08001144                HAL_PWREx_GetVoltageRange
 .text.HAL_PWREx_ControlVoltageScaling
                0x08001160       0xac ./Drivers/STM32L4xx_HAL_Driver/Src/stm32l4xx_hal_pwr_ex.o
                0x08001160                HAL_PWREx_ControlVoltageScaling
 .text.HAL_RCC_OscConfig
                0x0800120c      0x7b8 ./Drivers/STM32L4xx_HAL_Driver/Src/stm32l4xx_hal_rcc.o
                0x0800120c                HAL_RCC_OscConfig
 .text.HAL_RCC_ClockConfig
                0x080019c4      0x200 ./Drivers/STM32L4xx_HAL_Driver/Src/stm32l4xx_hal_rcc.o
                0x080019c4                HAL_RCC_ClockConfig
 .text.HAL_RCC_GetSysClockFreq
                0x08001bc4      0x118 ./Drivers/STM32L4xx_HAL_Driver/Src/stm32l4xx_hal_rcc.o
                0x08001bc4                HAL_RCC_GetSysClockFreq
 .text.RCC_SetFlashLatencyFromMSIRange
                0x08001cdc       0xc0 ./Drivers/STM32L4xx_HAL_Driver/Src/stm32l4xx_hal_rcc.o
 .text.pxPortInitialiseStack
                0x08001d9c       0x68 ./FreeRTOS/ARM_CM4F/port.o
                0x08001d9c                pxPortInitialiseStack
 .text.prvTaskExitError
                0x08001e04       0x34 ./FreeRTOS/ARM_CM4F/port.o
 .text.SVC_Handler
                0x08001e38       0x24 ./FreeRTOS/ARM_CM4F/port.o
                0x08001e38                SVC_Handler
 .text.prvPortStartFirstTask
                0x08001e5c       0x2c ./FreeRTOS/ARM_CM4F/port.o
 .text.xPortStartScheduler
                0x08001e88       0x70 ./FreeRTOS/ARM_CM4F/port.o
                0x08001e88                xPortStartScheduler
 .text.vPortEnterCritical
                0x08001ef8       0x34 ./FreeRTOS/ARM_CM4F/port.o
                0x08001ef8                vPortEnterCritical
 .text.vPortExitCritical
                0x08001f2c       0x34 ./FreeRTOS/ARM_CM4F/port.o
                0x08001f2c                vPortExitCritical
 .text.PendSV_Handler
                0x08001f60       0x64 ./FreeRTOS/ARM_CM4F/port.o
                0x08001f60                PendSV_Handler
 .text.SysTick_Handler
                0x08001fc4       0x44 ./FreeRTOS/ARM_CM4F/port.o
                0x08001fc4                SysTick_Handler
 .text.vPortSetupTimerInterrupt
                0x08002008       0x38 ./FreeRTOS/ARM_CM4F/port.o
                0x08002008                vPortSetupTimerInterrupt
 .text.vPortEnableVFP
                0x08002040       0x18 ./FreeRTOS/ARM_CM4F/port.o
 .text.pvPortMalloc
                0x08002058      0x164 ./FreeRTOS/heap_4.o
                0x08002058                pvPortMalloc
 .text.vPortFree
                0x080021bc       0x7c ./FreeRTOS/heap_4.o
                0x080021bc                vPortFree
 .text.prvHeapInit
                0x08002238       0xb4 ./FreeRTOS/heap_4.o
 .text.prvInsertBlockIntoFreeList
                0x080022ec       0xb4 ./FreeRTOS/heap_4.o
 .text.vListInitialise
                0x080023a0       0x40 ./FreeRTOS/source/list.o
                0x080023a0                vListInitialise
 .text.vListInitialiseItem
                0x080023e0       0x1a ./FreeRTOS/source/list.o
                0x080023e0                vListInitialiseItem
 .text.vListInsert
                0x080023fa       0x72 ./FreeRTOS/source/list.o
                0x080023fa                vListInsert
 .text.uxListRemove
                0x0800246c       0x54 ./FreeRTOS/source/list.o
                0x0800246c                uxListRemove
 .text.prvCreateTask
                0x080024c0       0x78 ./FreeRTOS/source/tasks.o
 .text.xTaskCreate
                0x08002538       0x46 ./FreeRTOS/source/tasks.o
                0x08002538                xTaskCreate
 .text.prvInitialiseNewTask
                0x0800257e       0xe0 ./FreeRTOS/source/tasks.o
 *fill*         0x0800265e        0x2 
 .text.prvAddNewTaskToReadyList
                0x08002660      0x128 ./FreeRTOS/source/tasks.o
 .text.vTaskDelay
                0x08002788       0x48 ./FreeRTOS/source/tasks.o
                0x08002788                vTaskDelay
 .text.prvCreateIdleTasks
                0x080027d0       0xac ./FreeRTOS/source/tasks.o
 .text.vTaskStartScheduler
                0x0800287c       0x5c ./FreeRTOS/source/tasks.o
                0x0800287c                vTaskStartScheduler
 .text.vTaskSuspendAll
                0x080028d8       0x1c ./FreeRTOS/source/tasks.o
                0x080028d8                vTaskSuspendAll
 .text.xTaskResumeAll
                0x080028f4      0x1f0 ./FreeRTOS/source/tasks.o
                0x080028f4                xTaskResumeAll
 .text.xTaskIncrementTick
                0x08002ae4      0x220 ./FreeRTOS/source/tasks.o
                0x08002ae4                xTaskIncrementTick
 .text.vTaskSwitchContext
                0x08002d04       0xec ./FreeRTOS/source/tasks.o
                0x08002d04                vTaskSwitchContext
 .text.prvIdleTask
                0x08002df0       0x30 ./FreeRTOS/source/tasks.o
 .text.prvInitialiseTaskLists
                0x08002e20       0x80 ./FreeRTOS/source/tasks.o
 .text.prvCheckTasksWaitingTermination
                0x08002ea0       0x5c ./FreeRTOS/source/tasks.o
 .text.prvDeleteTCB
                0x08002efc       0x20 ./FreeRTOS/source/tasks.o
 .text.prvResetNextTaskUnblockTime
                0x08002f1c       0x38 ./FreeRTOS/source/tasks.o
 .text.prvAddCurrentTaskToDelayedList
                0x08002f54      0x104 ./FreeRTOS/source/tasks.o
 .text.std      0x08003058       0x6c C:/ST/STM32CubeIDE_1.16.1/STM32CubeIDE/plugins/com.st.stm32cube.ide.mcu.externaltools.gnu-tools-for-stm32.12.3.rel1.win32_1.0.200.202406191623/tools/bin/../lib/gcc/arm-none-eabi/12.3.1/../../../../arm-none-eabi/lib/thumb/v7e-m+fp/hard\libc_nano.a(libc_a-findfp.o)
 .text.stdio_exit_handler
                0x080030c4       0x18 C:/ST/STM32CubeIDE_1.16.1/STM32CubeIDE/plugins/com.st.stm32cube.ide.mcu.externaltools.gnu-tools-for-stm32.12.3.rel1.win32_1.0.200.202406191623/tools/bin/../lib/gcc/arm-none-eabi/12.3.1/../../../../arm-none-eabi/lib/thumb/v7e-m+fp/hard\libc_nano.a(libc_a-findfp.o)
 .text.cleanup_stdio
                0x080030dc       0x40 C:/ST/STM32CubeIDE_1.16.1/STM32CubeIDE/plugins/com.st.stm32cube.ide.mcu.externaltools.gnu-tools-for-stm32.12.3.rel1.win32_1.0.200.202406191623/tools/bin/../lib/gcc/arm-none-eabi/12.3.1/../../../../arm-none-eabi/lib/thumb/v7e-m+fp/hard\libc_nano.a(libc_a-findfp.o)
 .text.global_stdio_init.part.0
                0x0800311c       0x3c C:/ST/STM32CubeIDE_1.16.1/STM32CubeIDE/plugins/com.st.stm32cube.ide.mcu.externaltools.gnu-tools-for-stm32.12.3.rel1.win32_1.0.200.202406191623/tools/bin/../lib/gcc/arm-none-eabi/12.3.1/../../../../arm-none-eabi/lib/thumb/v7e-m+fp/hard\libc_nano.a(libc_a-findfp.o)
 .text.__sfp_lock_acquire
                0x08003158        0xc C:/ST/STM32CubeIDE_1.16.1/STM32CubeIDE/plugins/com.st.stm32cube.ide.mcu.externaltools.gnu-tools-for-stm32.12.3.rel1.win32_1.0.200.202406191623/tools/bin/../lib/gcc/arm-none-eabi/12.3.1/../../../../arm-none-eabi/lib/thumb/v7e-m+fp/hard\libc_nano.a(libc_a-findfp.o)
                0x08003158                __sfp_lock_acquire
 .text.__sfp_lock_release
                0x08003164        0xc C:/ST/STM32CubeIDE_1.16.1/STM32CubeIDE/plugins/com.st.stm32cube.ide.mcu.externaltools.gnu-tools-for-stm32.12.3.rel1.win32_1.0.200.202406191623/tools/bin/../lib/gcc/arm-none-eabi/12.3.1/../../../../arm-none-eabi/lib/thumb/v7e-m+fp/hard\libc_nano.a(libc_a-findfp.o)
                0x08003164                __sfp_lock_release
 .text.__sinit  0x08003170       0x30 C:/ST/STM32CubeIDE_1.16.1/STM32CubeIDE/plugins/com.st.stm32cube.ide.mcu.externaltools.gnu-tools-for-stm32.12.3.rel1.win32_1.0.200.202406191623/tools/bin/../lib/gcc/arm-none-eabi/12.3.1/../../../../arm-none-eabi/lib/thumb/v7e-m+fp/hard\libc_nano.a(libc_a-findfp.o)
                0x08003170                __sinit
 .text._fwalk_sglue
                0x080031a0       0x3c C:/ST/STM32CubeIDE_1.16.1/STM32CubeIDE/plugins/com.st.stm32cube.ide.mcu.externaltools.gnu-tools-for-stm32.12.3.rel1.win32_1.0.200.202406191623/tools/bin/../lib/gcc/arm-none-eabi/12.3.1/../../../../arm-none-eabi/lib/thumb/v7e-m+fp/hard\libc_nano.a(libc_a-fwalk.o)
                0x080031a0                _fwalk_sglue
 .text.printf   0x080031dc       0x24 C:/ST/STM32CubeIDE_1.16.1/STM32CubeIDE/plugins/com.st.stm32cube.ide.mcu.externaltools.gnu-tools-for-stm32.12.3.rel1.win32_1.0.200.202406191623/tools/bin/../lib/gcc/arm-none-eabi/12.3.1/../../../../arm-none-eabi/lib/thumb/v7e-m+fp/hard\libc_nano.a(libc_a-printf.o)
                0x080031dc                iprintf
                0x080031dc                printf
 .text.__sread  0x08003200       0x22 C:/ST/STM32CubeIDE_1.16.1/STM32CubeIDE/plugins/com.st.stm32cube.ide.mcu.externaltools.gnu-tools-for-stm32.12.3.rel1.win32_1.0.200.202406191623/tools/bin/../lib/gcc/arm-none-eabi/12.3.1/../../../../arm-none-eabi/lib/thumb/v7e-m+fp/hard\libc_nano.a(libc_a-stdio.o)
                0x08003200                __sread
 .text.__swrite
                0x08003222       0x38 C:/ST/STM32CubeIDE_1.16.1/STM32CubeIDE/plugins/com.st.stm32cube.ide.mcu.externaltools.gnu-tools-for-stm32.12.3.rel1.win32_1.0.200.202406191623/tools/bin/../lib/gcc/arm-none-eabi/12.3.1/../../../../arm-none-eabi/lib/thumb/v7e-m+fp/hard\libc_nano.a(libc_a-stdio.o)
                0x08003222                __swrite
 .text.__sseek  0x0800325a       0x24 C:/ST/STM32CubeIDE_1.16.1/STM32CubeIDE/plugins/com.st.stm32cube.ide.mcu.externaltools.gnu-tools-for-stm32.12.3.rel1.win32_1.0.200.202406191623/tools/bin/../lib/gcc/arm-none-eabi/12.3.1/../../../../arm-none-eabi/lib/thumb/v7e-m+fp/hard\libc_nano.a(libc_a-stdio.o)
                0x0800325a                __sseek
 .text.__sclose
                0x0800327e        0x8 C:/ST/STM32CubeIDE_1.16.1/STM32CubeIDE/plugins/com.st.stm32cube.ide.mcu.externaltools.gnu-tools-for-stm32.12.3.rel1.win32_1.0.200.202406191623/tools/bin/../lib/gcc/arm-none-eabi/12.3.1/../../../../arm-none-eabi/lib/thumb/v7e-m+fp/hard\libc_nano.a(libc_a-stdio.o)
                0x0800327e                __sclose
 .text.memset   0x08003286       0x10 C:/ST/STM32CubeIDE_1.16.1/STM32CubeIDE/plugins/com.st.stm32cube.ide.mcu.externaltools.gnu-tools-for-stm32.12.3.rel1.win32_1.0.200.202406191623/tools/bin/../lib/gcc/arm-none-eabi/12.3.1/../../../../arm-none-eabi/lib/thumb/v7e-m+fp/hard\libc_nano.a(libc_a-memset.o)
                0x08003286                memset
 *fill*         0x08003296        0x2 
 .text._close_r
                0x08003298       0x20 C:/ST/STM32CubeIDE_1.16.1/STM32CubeIDE/plugins/com.st.stm32cube.ide.mcu.externaltools.gnu-tools-for-stm32.12.3.rel1.win32_1.0.200.202406191623/tools/bin/../lib/gcc/arm-none-eabi/12.3.1/../../../../arm-none-eabi/lib/thumb/v7e-m+fp/hard\libc_nano.a(libc_a-closer.o)
                0x08003298                _close_r
 .text._lseek_r
                0x080032b8       0x24 C:/ST/STM32CubeIDE_1.16.1/STM32CubeIDE/plugins/com.st.stm32cube.ide.mcu.externaltools.gnu-tools-for-stm32.12.3.rel1.win32_1.0.200.202406191623/tools/bin/../lib/gcc/arm-none-eabi/12.3.1/../../../../arm-none-eabi/lib/thumb/v7e-m+fp/hard\libc_nano.a(libc_a-lseekr.o)
                0x080032b8                _lseek_r
 .text._read_r  0x080032dc       0x24 C:/ST/STM32CubeIDE_1.16.1/STM32CubeIDE/plugins/com.st.stm32cube.ide.mcu.externaltools.gnu-tools-for-stm32.12.3.rel1.win32_1.0.200.202406191623/tools/bin/../lib/gcc/arm-none-eabi/12.3.1/../../../../arm-none-eabi/lib/thumb/v7e-m+fp/hard\libc_nano.a(libc_a-readr.o)
                0x080032dc                _read_r
 .text._write_r
                0x08003300       0x24 C:/ST/STM32CubeIDE_1.16.1/STM32CubeIDE/plugins/com.st.stm32cube.ide.mcu.externaltools.gnu-tools-for-stm32.12.3.rel1.win32_1.0.200.202406191623/tools/bin/../lib/gcc/arm-none-eabi/12.3.1/../../../../arm-none-eabi/lib/thumb/v7e-m+fp/hard\libc_nano.a(libc_a-writer.o)
                0x08003300                _write_r
 .text.__errno  0x08003324        0xc C:/ST/STM32CubeIDE_1.16.1/STM32CubeIDE/plugins/com.st.stm32cube.ide.mcu.externaltools.gnu-tools-for-stm32.12.3.rel1.win32_1.0.200.202406191623/tools/bin/../lib/gcc/arm-none-eabi/12.3.1/../../../../arm-none-eabi/lib/thumb/v7e-m+fp/hard\libc_nano.a(libc_a-errno.o)
                0x08003324                __errno
 .text.__libc_init_array
                0x08003330       0x48 C:/ST/STM32CubeIDE_1.16.1/STM32CubeIDE/plugins/com.st.stm32cube.ide.mcu.externaltools.gnu-tools-for-stm32.12.3.rel1.win32_1.0.200.202406191623/tools/bin/../lib/gcc/arm-none-eabi/12.3.1/../../../../arm-none-eabi/lib/thumb/v7e-m+fp/hard\libc_nano.a(libc_a-init.o)
                0x08003330                __libc_init_array
 .text.__retarget_lock_init_recursive
                0x08003378        0x2 C:/ST/STM32CubeIDE_1.16.1/STM32CubeIDE/plugins/com.st.stm32cube.ide.mcu.externaltools.gnu-tools-for-stm32.12.3.rel1.win32_1.0.200.202406191623/tools/bin/../lib/gcc/arm-none-eabi/12.3.1/../../../../arm-none-eabi/lib/thumb/v7e-m+fp/hard\libc_nano.a(libc_a-lock.o)
                0x08003378                __retarget_lock_init_recursive
 .text.__retarget_lock_acquire_recursive
                0x0800337a        0x2 C:/ST/STM32CubeIDE_1.16.1/STM32CubeIDE/plugins/com.st.stm32cube.ide.mcu.externaltools.gnu-tools-for-stm32.12.3.rel1.win32_1.0.200.202406191623/tools/bin/../lib/gcc/arm-none-eabi/12.3.1/../../../../arm-none-eabi/lib/thumb/v7e-m+fp/hard\libc_nano.a(libc_a-lock.o)
                0x0800337a                __retarget_lock_acquire_recursive
 .text.__retarget_lock_release_recursive
                0x0800337c        0x2 C:/ST/STM32CubeIDE_1.16.1/STM32CubeIDE/plugins/com.st.stm32cube.ide.mcu.externaltools.gnu-tools-for-stm32.12.3.rel1.win32_1.0.200.202406191623/tools/bin/../lib/gcc/arm-none-eabi/12.3.1/../../../../arm-none-eabi/lib/thumb/v7e-m+fp/hard\libc_nano.a(libc_a-lock.o)
                0x0800337c                __retarget_lock_release_recursive
 *fill*         0x0800337e        0x2 
 .text._free_r  0x08003380       0x94 C:/ST/STM32CubeIDE_1.16.1/STM32CubeIDE/plugins/com.st.stm32cube.ide.mcu.externaltools.gnu-tools-for-stm32.12.3.rel1.win32_1.0.200.202406191623/tools/bin/../lib/gcc/arm-none-eabi/12.3.1/../../../../arm-none-eabi/lib/thumb/v7e-m+fp/hard\libc_nano.a(libc_a-freer.o)
                0x08003380                _free_r
 .text.sbrk_aligned
                0x08003414       0x44 C:/ST/STM32CubeIDE_1.16.1/STM32CubeIDE/plugins/com.st.stm32cube.ide.mcu.externaltools.gnu-tools-for-stm32.12.3.rel1.win32_1.0.200.202406191623/tools/bin/../lib/gcc/arm-none-eabi/12.3.1/../../../../arm-none-eabi/lib/thumb/v7e-m+fp/hard\libc_nano.a(libc_a-mallocr.o)
 .text._malloc_r
                0x08003458      0x100 C:/ST/STM32CubeIDE_1.16.1/STM32CubeIDE/plugins/com.st.stm32cube.ide.mcu.externaltools.gnu-tools-for-stm32.12.3.rel1.win32_1.0.200.202406191623/tools/bin/../lib/gcc/arm-none-eabi/12.3.1/../../../../arm-none-eabi/lib/thumb/v7e-m+fp/hard\libc_nano.a(libc_a-mallocr.o)
                0x08003458                _malloc_r
 .text.__malloc_lock
                0x08003558        0xc C:/ST/STM32CubeIDE_1.16.1/STM32CubeIDE/plugins/com.st.stm32cube.ide.mcu.externaltools.gnu-tools-for-stm32.12.3.rel1.win32_1.0.200.202406191623/tools/bin/../lib/gcc/arm-none-eabi/12.3.1/../../../../arm-none-eabi/lib/thumb/v7e-m+fp/hard\libc_nano.a(libc_a-mlock.o)
                0x08003558                __malloc_lock
 .text.__malloc_unlock
                0x08003564        0xc C:/ST/STM32CubeIDE_1.16.1/STM32CubeIDE/plugins/com.st.stm32cube.ide.mcu.externaltools.gnu-tools-for-stm32.12.3.rel1.win32_1.0.200.202406191623/tools/bin/../lib/gcc/arm-none-eabi/12.3.1/../../../../arm-none-eabi/lib/thumb/v7e-m+fp/hard\libc_nano.a(libc_a-mlock.o)
                0x08003564                __malloc_unlock
 .text.__sfputc_r
                0x08003570       0x2e C:/ST/STM32CubeIDE_1.16.1/STM32CubeIDE/plugins/com.st.stm32cube.ide.mcu.externaltools.gnu-tools-for-stm32.12.3.rel1.win32_1.0.200.202406191623/tools/bin/../lib/gcc/arm-none-eabi/12.3.1/../../../../arm-none-eabi/lib/thumb/v7e-m+fp/hard\libc_nano.a(libc_a-nano-vfprintf.o)
 .text.__sfputs_r
                0x0800359e       0x24 C:/ST/STM32CubeIDE_1.16.1/STM32CubeIDE/plugins/com.st.stm32cube.ide.mcu.externaltools.gnu-tools-for-stm32.12.3.rel1.win32_1.0.200.202406191623/tools/bin/../lib/gcc/arm-none-eabi/12.3.1/../../../../arm-none-eabi/lib/thumb/v7e-m+fp/hard\libc_nano.a(libc_a-nano-vfprintf.o)
                0x0800359e                __sfputs_r
 *fill*         0x080035c2        0x2 
 .text._vfprintf_r
                0x080035c4      0x230 C:/ST/STM32CubeIDE_1.16.1/STM32CubeIDE/plugins/com.st.stm32cube.ide.mcu.externaltools.gnu-tools-for-stm32.12.3.rel1.win32_1.0.200.202406191623/tools/bin/../lib/gcc/arm-none-eabi/12.3.1/../../../../arm-none-eabi/lib/thumb/v7e-m+fp/hard\libc_nano.a(libc_a-nano-vfprintf.o)
                0x080035c4                _vfprintf_r
                0x080035c4                _vfiprintf_r
 .text._printf_common
                0x080037f4       0xda C:/ST/STM32CubeIDE_1.16.1/STM32CubeIDE/plugins/com.st.stm32cube.ide.mcu.externaltools.gnu-tools-for-stm32.12.3.rel1.win32_1.0.200.202406191623/tools/bin/../lib/gcc/arm-none-eabi/12.3.1/../../../../arm-none-eabi/lib/thumb/v7e-m+fp/hard\libc_nano.a(libc_a-nano-vfprintf_i.o)
                0x080037f4                _printf_common
 *fill*         0x080038ce        0x2 
 .text._printf_i
                0x080038d0      0x240 C:/ST/STM32CubeIDE_1.16.1/STM32CubeIDE/plugins/com.st.stm32cube.ide.mcu.externaltools.gnu-tools-for-stm32.12.3.rel1.win32_1.0.200.202406191623/tools/bin/../lib/gcc/arm-none-eabi/12.3.1/../../../../arm-none-eabi/lib/thumb/v7e-m+fp/hard\libc_nano.a(libc_a-nano-vfprintf_i.o)
                0x080038d0                _printf_i
 .text.__sflush_r
                0x08003b10      0x108 C:/ST/STM32CubeIDE_1.16.1/STM32CubeIDE/plugins/com.st.stm32cube.ide.mcu.externaltools.gnu-tools-for-stm32.12.3.rel1.win32_1.0.200.202406191623/tools/bin/../lib/gcc/arm-none-eabi/12.3.1/../../../../arm-none-eabi/lib/thumb/v7e-m+fp/hard\libc_nano.a(libc_a-fflush.o)
                0x08003b10                __sflush_r
 .text._fflush_r
                0x08003c18       0x50 C:/ST/STM32CubeIDE_1.16.1/STM32CubeIDE/plugins/com.st.stm32cube.ide.mcu.externaltools.gnu-tools-for-stm32.12.3.rel1.win32_1.0.200.202406191623/tools/bin/../lib/gcc/arm-none-eabi/12.3.1/../../../../arm-none-eabi/lib/thumb/v7e-m+fp/hard\libc_nano.a(libc_a-fflush.o)
                0x08003c18                _fflush_r
 .text.__swbuf_r
                0x08003c68       0x7c C:/ST/STM32CubeIDE_1.16.1/STM32CubeIDE/plugins/com.st.stm32cube.ide.mcu.externaltools.gnu-tools-for-stm32.12.3.rel1.win32_1.0.200.202406191623/tools/bin/../lib/gcc/arm-none-eabi/12.3.1/../../../../arm-none-eabi/lib/thumb/v7e-m+fp/hard\libc_nano.a(libc_a-wbuf.o)
                0x08003c68                __swbuf_r
 .text.__swsetup_r
                0x08003ce4       0xac C:/ST/STM32CubeIDE_1.16.1/STM32CubeIDE/plugins/com.st.stm32cube.ide.mcu.externaltools.gnu-tools-for-stm32.12.3.rel1.win32_1.0.200.202406191623/tools/bin/../lib/gcc/arm-none-eabi/12.3.1/../../../../arm-none-eabi/lib/thumb/v7e-m+fp/hard\libc_nano.a(libc_a-wsetup.o)
                0x08003ce4                __swsetup_r
 .text._sbrk_r  0x08003d90       0x20 C:/ST/STM32CubeIDE_1.16.1/STM32CubeIDE/plugins/com.st.stm32cube.ide.mcu.externaltools.gnu-tools-for-stm32.12.3.rel1.win32_1.0.200.202406191623/tools/bin/../lib/gcc/arm-none-eabi/12.3.1/../../../../arm-none-eabi/lib/thumb/v7e-m+fp/hard\libc_nano.a(libc_a-sbrkr.o)
                0x08003d90                _sbrk_r
 .text.__swhatbuf_r
                0x08003db0       0x4c C:/ST/STM32CubeIDE_1.16.1/STM32CubeIDE/plugins/com.st.stm32cube.ide.mcu.externaltools.gnu-tools-for-stm32.12.3.rel1.win32_1.0.200.202406191623/tools/bin/../lib/gcc/arm-none-eabi/12.3.1/../../../../arm-none-eabi/lib/thumb/v7e-m+fp/hard\libc_nano.a(libc_a-makebuf.o)
                0x08003db0                __swhatbuf_r
 .text.__smakebuf_r
                0x08003dfc       0x78 C:/ST/STM32CubeIDE_1.16.1/STM32CubeIDE/plugins/com.st.stm32cube.ide.mcu.externaltools.gnu-tools-for-stm32.12.3.rel1.win32_1.0.200.202406191623/tools/bin/../lib/gcc/arm-none-eabi/12.3.1/../../../../arm-none-eabi/lib/thumb/v7e-m+fp/hard\libc_nano.a(libc_a-makebuf.o)
                0x08003dfc                __smakebuf_r
 .text._fstat_r
                0x08003e74       0x24 C:/ST/STM32CubeIDE_1.16.1/STM32CubeIDE/plugins/com.st.stm32cube.ide.mcu.externaltools.gnu-tools-for-stm32.12.3.rel1.win32_1.0.200.202406191623/tools/bin/../lib/gcc/arm-none-eabi/12.3.1/../../../../arm-none-eabi/lib/thumb/v7e-m+fp/hard\libc_nano.a(libc_a-fstatr.o)
                0x08003e74                _fstat_r
 .text._isatty_r
                0x08003e98       0x20 C:/ST/STM32CubeIDE_1.16.1/STM32CubeIDE/plugins/com.st.stm32cube.ide.mcu.externaltools.gnu-tools-for-stm32.12.3.rel1.win32_1.0.200.202406191623/tools/bin/../lib/gcc/arm-none-eabi/12.3.1/../../../../arm-none-eabi/lib/thumb/v7e-m+fp/hard\libc_nano.a(libc_a-isattyr.o)
                0x08003e98                _isatty_r
 *(.glue_7)
 .glue_7        0x08003eb8        0x0 linker stubs
 *(.glue_7t)
 .glue_7t       0x08003eb8        0x0 linker stubs
 *(.eh_frame)
 .eh_frame      0x08003eb8        0x0 C:/ST/STM32CubeIDE_1.16.1/STM32CubeIDE/plugins/com.st.stm32cube.ide.mcu.externaltools.gnu-tools-for-stm32.12.3.rel1.win32_1.0.200.202406191623/tools/bin/../lib/gcc/arm-none-eabi/12.3.1/thumb/v7e-m+fp/hard/crtbegin.o
 *(.init)
 .init          0x08003eb8        0x4 C:/ST/STM32CubeIDE_1.16.1/STM32CubeIDE/plugins/com.st.stm32cube.ide.mcu.externaltools.gnu-tools-for-stm32.12.3.rel1.win32_1.0.200.202406191623/tools/bin/../lib/gcc/arm-none-eabi/12.3.1/thumb/v7e-m+fp/hard/crti.o
                0x08003eb8                _init
 .init          0x08003ebc        0x8 C:/ST/STM32CubeIDE_1.16.1/STM32CubeIDE/plugins/com.st.stm32cube.ide.mcu.externaltools.gnu-tools-for-stm32.12.3.rel1.win32_1.0.200.202406191623/tools/bin/../lib/gcc/arm-none-eabi/12.3.1/thumb/v7e-m+fp/hard/crtn.o
 *(.fini)
 .fini          0x08003ec4        0x4 C:/ST/STM32CubeIDE_1.16.1/STM32CubeIDE/plugins/com.st.stm32cube.ide.mcu.externaltools.gnu-tools-for-stm32.12.3.rel1.win32_1.0.200.202406191623/tools/bin/../lib/gcc/arm-none-eabi/12.3.1/thumb/v7e-m+fp/hard/crti.o
                0x08003ec4                _fini
 .fini          0x08003ec8        0x8 C:/ST/STM32CubeIDE_1.16.1/STM32CubeIDE/plugins/com.st.stm32cube.ide.mcu.externaltools.gnu-tools-for-stm32.12.3.rel1.win32_1.0.200.202406191623/tools/bin/../lib/gcc/arm-none-eabi/12.3.1/thumb/v7e-m+fp/hard/crtn.o
                0x08003ed0                        . = ALIGN (0x4)
                0x08003ed0                        _etext = .

.vfp11_veneer   0x08003ed0        0x0
 .vfp11_veneer  0x08003ed0        0x0 linker stubs

.v4_bx          0x08003ed0        0x0
 .v4_bx         0x08003ed0        0x0 linker stubs

.iplt           0x08003ed0        0x0
 .iplt          0x08003ed0        0x0 C:/ST/STM32CubeIDE_1.16.1/STM32CubeIDE/plugins/com.st.stm32cube.ide.mcu.externaltools.gnu-tools-for-stm32.12.3.rel1.win32_1.0.200.202406191623/tools/bin/../lib/gcc/arm-none-eabi/12.3.1/thumb/v7e-m+fp/hard/crtbegin.o

.rodata         0x08003ed0       0xbc
                0x08003ed0                        . = ALIGN (0x4)
 *(.rodata)
 .rodata        0x08003ed0       0x3d ./Core/Src/main.o
 *fill*         0x08003f0d        0x3 
 .rodata        0x08003f10        0x5 ./FreeRTOS/source/tasks.o
 *(.rodata*)
 *fill*         0x08003f15        0x3 
 .rodata.AHBPrescTable
                0x08003f18       0x10 ./Core/Src/system_stm32l4xx.o
                0x08003f18                AHBPrescTable
 .rodata.MSIRangeTable
                0x08003f28       0x30 ./Core/Src/system_stm32l4xx.o
                0x08003f28                MSIRangeTable
 .rodata._vfprintf_r.str1.1
                0x08003f58       0x11 C:/ST/STM32CubeIDE_1.16.1/STM32CubeIDE/plugins/com.st.stm32cube.ide.mcu.externaltools.gnu-tools-for-stm32.12.3.rel1.win32_1.0.200.202406191623/tools/bin/../lib/gcc/arm-none-eabi/12.3.1/../../../../arm-none-eabi/lib/thumb/v7e-m+fp/hard\libc_nano.a(libc_a-nano-vfprintf.o)
 .rodata._printf_i.str1.1
                0x08003f69       0x22 C:/ST/STM32CubeIDE_1.16.1/STM32CubeIDE/plugins/com.st.stm32cube.ide.mcu.externaltools.gnu-tools-for-stm32.12.3.rel1.win32_1.0.200.202406191623/tools/bin/../lib/gcc/arm-none-eabi/12.3.1/../../../../arm-none-eabi/lib/thumb/v7e-m+fp/hard\libc_nano.a(libc_a-nano-vfprintf_i.o)
                0x08003f8c                        . = ALIGN (0x4)
 *fill*         0x08003f8b        0x1 

.ARM.extab      0x08003f8c        0x0
                0x08003f8c                        . = ALIGN (0x4)
 *(.ARM.extab* .gnu.linkonce.armextab.*)
                0x08003f8c                        . = ALIGN (0x4)

.ARM            0x08003f8c        0x8
                0x08003f8c                        . = ALIGN (0x4)
                0x08003f8c                        __exidx_start = .
 *(.ARM.exidx*)
 .ARM.exidx     0x08003f8c        0x8 C:/ST/STM32CubeIDE_1.16.1/STM32CubeIDE/plugins/com.st.stm32cube.ide.mcu.externaltools.gnu-tools-for-stm32.12.3.rel1.win32_1.0.200.202406191623/tools/bin/../lib/gcc/arm-none-eabi/12.3.1/../../../../arm-none-eabi/lib/thumb/v7e-m+fp/hard\libc_nano.a(libc_a-memchr.o)
 .ARM.exidx     0x08003f94        0x0 C:/ST/STM32CubeIDE_1.16.1/STM32CubeIDE/plugins/com.st.stm32cube.ide.mcu.externaltools.gnu-tools-for-stm32.12.3.rel1.win32_1.0.200.202406191623/tools/bin/../lib/gcc/arm-none-eabi/12.3.1/thumb/v7e-m+fp/hard\libgcc.a(_udivmoddi4.o)
                                  0x8 (size before relaxing)
                0x08003f94                        __exidx_end = .
                0x08003f94                        . = ALIGN (0x4)

.preinit_array  0x08003f94        0x0
                0x08003f94                        . = ALIGN (0x4)
                0x08003f94                        PROVIDE (__preinit_array_start = .)
 *(.preinit_array*)
                0x08003f94                        PROVIDE (__preinit_array_end = .)
                0x08003f94                        . = ALIGN (0x4)

.init_array     0x08003f94        0x4
                0x08003f94                        . = ALIGN (0x4)
                0x08003f94                        PROVIDE (__init_array_start = .)
 *(SORT_BY_NAME(.init_array.*))
 *(.init_array*)
 .init_array    0x08003f94        0x4 C:/ST/STM32CubeIDE_1.16.1/STM32CubeIDE/plugins/com.st.stm32cube.ide.mcu.externaltools.gnu-tools-for-stm32.12.3.rel1.win32_1.0.200.202406191623/tools/bin/../lib/gcc/arm-none-eabi/12.3.1/thumb/v7e-m+fp/hard/crtbegin.o
                0x08003f98                        PROVIDE (__init_array_end = .)
                0x08003f98                        . = ALIGN (0x4)

.fini_array     0x08003f98        0x4
                0x08003f98                        . = ALIGN (0x4)
                [!provide]                        PROVIDE (__fini_array_start = .)
 *(SORT_BY_NAME(.fini_array.*))
 *(.fini_array*)
 .fini_array    0x08003f98        0x4 C:/ST/STM32CubeIDE_1.16.1/STM32CubeIDE/plugins/com.st.stm32cube.ide.mcu.externaltools.gnu-tools-for-stm32.12.3.rel1.win32_1.0.200.202406191623/tools/bin/../lib/gcc/arm-none-eabi/12.3.1/thumb/v7e-m+fp/hard/crtbegin.o
                [!provide]                        PROVIDE (__fini_array_end = .)
                0x08003f9c                        . = ALIGN (0x4)
                0x08003f9c                        _sidata = LOADADDR (.data)

.rel.dyn        0x08003f9c        0x0
 .rel.iplt      0x08003f9c        0x0 C:/ST/STM32CubeIDE_1.16.1/STM32CubeIDE/plugins/com.st.stm32cube.ide.mcu.externaltools.gnu-tools-for-stm32.12.3.rel1.win32_1.0.200.202406191623/tools/bin/../lib/gcc/arm-none-eabi/12.3.1/thumb/v7e-m+fp/hard/crtbegin.o

.data           0x20000000       0x74 load address 0x08003f9c
                0x20000000                        . = ALIGN (0x4)
                0x20000000                        _sdata = .
 *(.data)
 *(.data*)
 .data.rate.0   0x20000000        0x4 ./Core/Src/main.o
 .data.SystemCoreClock
                0x20000004        0x4 ./Core/Src/system_stm32l4xx.o
                0x20000004                SystemCoreClock
 .data.uwTickPrio
                0x20000008        0x4 ./Drivers/STM32L4xx_HAL_Driver/Src/stm32l4xx_hal.o
                0x20000008                uwTickPrio
 .data.uwTickFreq
                0x2000000c        0x1 ./Drivers/STM32L4xx_HAL_Driver/Src/stm32l4xx_hal.o
                0x2000000c                uwTickFreq
 *fill*         0x2000000d        0x3 
 .data.uxCriticalNesting
                0x20000010        0x4 ./FreeRTOS/ARM_CM4F/port.o
 .data.uxTopUsedPriority
                0x20000014        0x4 ./FreeRTOS/source/tasks.o
 .data.__sglue  0x20000018        0xc C:/ST/STM32CubeIDE_1.16.1/STM32CubeIDE/plugins/com.st.stm32cube.ide.mcu.externaltools.gnu-tools-for-stm32.12.3.rel1.win32_1.0.200.202406191623/tools/bin/../lib/gcc/arm-none-eabi/12.3.1/../../../../arm-none-eabi/lib/thumb/v7e-m+fp/hard\libc_nano.a(libc_a-findfp.o)
                0x20000018                __sglue
 .data._impure_ptr
                0x20000024        0x4 C:/ST/STM32CubeIDE_1.16.1/STM32CubeIDE/plugins/com.st.stm32cube.ide.mcu.externaltools.gnu-tools-for-stm32.12.3.rel1.win32_1.0.200.202406191623/tools/bin/../lib/gcc/arm-none-eabi/12.3.1/../../../../arm-none-eabi/lib/thumb/v7e-m+fp/hard\libc_nano.a(libc_a-impure.o)
                0x20000024                _impure_ptr
 .data._impure_data
                0x20000028       0x4c C:/ST/STM32CubeIDE_1.16.1/STM32CubeIDE/plugins/com.st.stm32cube.ide.mcu.externaltools.gnu-tools-for-stm32.12.3.rel1.win32_1.0.200.202406191623/tools/bin/../lib/gcc/arm-none-eabi/12.3.1/../../../../arm-none-eabi/lib/thumb/v7e-m+fp/hard\libc_nano.a(libc_a-impure.o)
                0x20000028                _impure_data
 *(.RamFunc)
 *(.RamFunc*)
                0x20000074                        . = ALIGN (0x4)
                0x20000074                        _edata = .

.igot.plt       0x20000074        0x0 load address 0x08004010
 .igot.plt      0x20000074        0x0 C:/ST/STM32CubeIDE_1.16.1/STM32CubeIDE/plugins/com.st.stm32cube.ide.mcu.externaltools.gnu-tools-for-stm32.12.3.rel1.win32_1.0.200.202406191623/tools/bin/../lib/gcc/arm-none-eabi/12.3.1/thumb/v7e-m+fp/hard/crtbegin.o
                0x20000074                        . = ALIGN (0x4)

.bss            0x20000074     0x3e94 load address 0x08004010
                0x20000074                        _sbss = .
                0x20000074                        __bss_start__ = _sbss
 *(.bss)
 .bss           0x20000074       0x1c C:/ST/STM32CubeIDE_1.16.1/STM32CubeIDE/plugins/com.st.stm32cube.ide.mcu.externaltools.gnu-tools-for-stm32.12.3.rel1.win32_1.0.200.202406191623/tools/bin/../lib/gcc/arm-none-eabi/12.3.1/thumb/v7e-m+fp/hard/crtbegin.o
 *(.bss*)
 .bss.tmpreg    0x20000090        0x4 ./Core/Src/Drivers/I2C.o
                0x20000090                tmpreg
 .bss.__sbrk_heap_end
                0x20000094        0x4 ./Core/Src/sysmem.o
 .bss.uwTick    0x20000098        0x4 ./Drivers/STM32L4xx_HAL_Driver/Src/stm32l4xx_hal.o
                0x20000098                uwTick
 .bss.ucHeap    0x2000009c     0x3c00 ./FreeRTOS/heap_4.o
 .bss.xStart    0x20003c9c        0x8 ./FreeRTOS/heap_4.o
 .bss.pxEnd     0x20003ca4        0x4 ./FreeRTOS/heap_4.o
 .bss.xFreeBytesRemaining
                0x20003ca8        0x4 ./FreeRTOS/heap_4.o
 .bss.xMinimumEverFreeBytesRemaining
                0x20003cac        0x4 ./FreeRTOS/heap_4.o
 .bss.xNumberOfSuccessfulAllocations
                0x20003cb0        0x4 ./FreeRTOS/heap_4.o
 .bss.xNumberOfSuccessfulFrees
                0x20003cb4        0x4 ./FreeRTOS/heap_4.o
 .bss.pxCurrentTCB
                0x20003cb8        0x4 ./FreeRTOS/source/tasks.o
                0x20003cb8                pxCurrentTCB
 .bss.pxReadyTasksLists
                0x20003cbc       0x64 ./FreeRTOS/source/tasks.o
 .bss.xDelayedTaskList1
                0x20003d20       0x14 ./FreeRTOS/source/tasks.o
 .bss.xDelayedTaskList2
                0x20003d34       0x14 ./FreeRTOS/source/tasks.o
 .bss.pxDelayedTaskList
                0x20003d48        0x4 ./FreeRTOS/source/tasks.o
 .bss.pxOverflowDelayedTaskList
                0x20003d4c        0x4 ./FreeRTOS/source/tasks.o
 .bss.xPendingReadyList
                0x20003d50       0x14 ./FreeRTOS/source/tasks.o
 .bss.xTasksWaitingTermination
                0x20003d64       0x14 ./FreeRTOS/source/tasks.o
 .bss.uxDeletedTasksWaitingCleanUp
                0x20003d78        0x4 ./FreeRTOS/source/tasks.o
 .bss.xSuspendedTaskList
                0x20003d7c       0x14 ./FreeRTOS/source/tasks.o
 .bss.uxCurrentNumberOfTasks
                0x20003d90        0x4 ./FreeRTOS/source/tasks.o
 .bss.xTickCount
                0x20003d94        0x4 ./FreeRTOS/source/tasks.o
 .bss.uxTopReadyPriority
                0x20003d98        0x4 ./FreeRTOS/source/tasks.o
 .bss.xSchedulerRunning
                0x20003d9c        0x4 ./FreeRTOS/source/tasks.o
 .bss.xPendedTicks
                0x20003da0        0x4 ./FreeRTOS/source/tasks.o
 .bss.xYieldPendings
                0x20003da4        0x4 ./FreeRTOS/source/tasks.o
 .bss.xNumOfOverflows
                0x20003da8        0x4 ./FreeRTOS/source/tasks.o
 .bss.uxTaskNumber
                0x20003dac        0x4 ./FreeRTOS/source/tasks.o
 .bss.xNextTaskUnblockTime
                0x20003db0        0x4 ./FreeRTOS/source/tasks.o
 .bss.xIdleTaskHandles
                0x20003db4        0x4 ./FreeRTOS/source/tasks.o
 .bss.uxSchedulerSuspended
                0x20003db8        0x4 ./FreeRTOS/source/tasks.o
 .bss.__sf      0x20003dbc      0x138 C:/ST/STM32CubeIDE_1.16.1/STM32CubeIDE/plugins/com.st.stm32cube.ide.mcu.externaltools.gnu-tools-for-stm32.12.3.rel1.win32_1.0.200.202406191623/tools/bin/../lib/gcc/arm-none-eabi/12.3.1/../../../../arm-none-eabi/lib/thumb/v7e-m+fp/hard\libc_nano.a(libc_a-findfp.o)
                0x20003dbc                __sf
 .bss.__stdio_exit_handler
                0x20003ef4        0x4 C:/ST/STM32CubeIDE_1.16.1/STM32CubeIDE/plugins/com.st.stm32cube.ide.mcu.externaltools.gnu-tools-for-stm32.12.3.rel1.win32_1.0.200.202406191623/tools/bin/../lib/gcc/arm-none-eabi/12.3.1/../../../../arm-none-eabi/lib/thumb/v7e-m+fp/hard\libc_nano.a(libc_a-findfp.o)
                0x20003ef4                __stdio_exit_handler
 .bss.errno     0x20003ef8        0x4 C:/ST/STM32CubeIDE_1.16.1/STM32CubeIDE/plugins/com.st.stm32cube.ide.mcu.externaltools.gnu-tools-for-stm32.12.3.rel1.win32_1.0.200.202406191623/tools/bin/../lib/gcc/arm-none-eabi/12.3.1/../../../../arm-none-eabi/lib/thumb/v7e-m+fp/hard\libc_nano.a(libc_a-reent.o)
                0x20003ef8                errno
 .bss.__lock___malloc_recursive_mutex
                0x20003efc        0x1 C:/ST/STM32CubeIDE_1.16.1/STM32CubeIDE/plugins/com.st.stm32cube.ide.mcu.externaltools.gnu-tools-for-stm32.12.3.rel1.win32_1.0.200.202406191623/tools/bin/../lib/gcc/arm-none-eabi/12.3.1/../../../../arm-none-eabi/lib/thumb/v7e-m+fp/hard\libc_nano.a(libc_a-lock.o)
                0x20003efc                __lock___malloc_recursive_mutex
 .bss.__lock___sfp_recursive_mutex
                0x20003efd        0x1 C:/ST/STM32CubeIDE_1.16.1/STM32CubeIDE/plugins/com.st.stm32cube.ide.mcu.externaltools.gnu-tools-for-stm32.12.3.rel1.win32_1.0.200.202406191623/tools/bin/../lib/gcc/arm-none-eabi/12.3.1/../../../../arm-none-eabi/lib/thumb/v7e-m+fp/hard\libc_nano.a(libc_a-lock.o)
                0x20003efd                __lock___sfp_recursive_mutex
 *fill*         0x20003efe        0x2 
 .bss.__malloc_sbrk_start
                0x20003f00        0x4 C:/ST/STM32CubeIDE_1.16.1/STM32CubeIDE/plugins/com.st.stm32cube.ide.mcu.externaltools.gnu-tools-for-stm32.12.3.rel1.win32_1.0.200.202406191623/tools/bin/../lib/gcc/arm-none-eabi/12.3.1/../../../../arm-none-eabi/lib/thumb/v7e-m+fp/hard\libc_nano.a(libc_a-mallocr.o)
                0x20003f00                __malloc_sbrk_start
 .bss.__malloc_free_list
                0x20003f04        0x4 C:/ST/STM32CubeIDE_1.16.1/STM32CubeIDE/plugins/com.st.stm32cube.ide.mcu.externaltools.gnu-tools-for-stm32.12.3.rel1.win32_1.0.200.202406191623/tools/bin/../lib/gcc/arm-none-eabi/12.3.1/../../../../arm-none-eabi/lib/thumb/v7e-m+fp/hard\libc_nano.a(libc_a-mallocr.o)
                0x20003f04                __malloc_free_list
 *(COMMON)
                0x20003f08                        . = ALIGN (0x4)
                0x20003f08                        _ebss = .
                0x20003f08                        __bss_end__ = _ebss

._user_heap_stack
                0x20003f08      0x600 load address 0x08004010
                0x20003f08                        . = ALIGN (0x8)
                [!provide]                        PROVIDE (end = .)
                0x20003f08                        PROVIDE (_end = .)
                0x20004108                        . = (. + _Min_Heap_Size)
 *fill*         0x20003f08      0x200 
                0x20004508                        . = (. + _Min_Stack_Size)
 *fill*         0x20004108      0x400 
                0x20004508                        . = ALIGN (0x8)

/DISCARD/
 libc.a(*)
 libm.a(*)
 libgcc.a(*)

.ARM.attributes
                0x00000000       0x30
 *(.ARM.attributes)
 .ARM.attributes
                0x00000000       0x22 C:/ST/STM32CubeIDE_1.16.1/STM32CubeIDE/plugins/com.st.stm32cube.ide.mcu.externaltools.gnu-tools-for-stm32.12.3.rel1.win32_1.0.200.202406191623/tools/bin/../lib/gcc/arm-none-eabi/12.3.1/thumb/v7e-m+fp/hard/crti.o
 .ARM.attributes
                0x00000022       0x34 C:/ST/STM32CubeIDE_1.16.1/STM32CubeIDE/plugins/com.st.stm32cube.ide.mcu.externaltools.gnu-tools-for-stm32.12.3.rel1.win32_1.0.200.202406191623/tools/bin/../lib/gcc/arm-none-eabi/12.3.1/thumb/v7e-m+fp/hard/crtbegin.o
 .ARM.attributes
                0x00000056       0x34 ./Core/Src/Drivers/I2C.o
 .ARM.attributes
                0x0000008a       0x34 ./Core/Src/Drivers/LSM6DS3.o
 .ARM.attributes
                0x000000be       0x34 ./Core/Src/freertos_hooks.o
 .ARM.attributes
                0x000000f2       0x34 ./Core/Src/main.o
 .ARM.attributes
                0x00000126       0x34 ./Core/Src/stm32l4xx_hal_msp.o
 .ARM.attributes
                0x0000015a       0x34 ./Core/Src/stm32l4xx_it.o
 .ARM.attributes
                0x0000018e       0x34 ./Core/Src/syscalls.o
 .ARM.attributes
                0x000001c2       0x34 ./Core/Src/sysmem.o
 .ARM.attributes
                0x000001f6       0x34 ./Core/Src/system_stm32l4xx.o
 .ARM.attributes
                0x0000022a       0x21 ./Core/Startup/startup_stm32l476rgtx.o
 .ARM.attributes
                0x0000024b       0x34 ./Drivers/STM32L4xx_HAL_Driver/Src/stm32l4xx_hal.o
 .ARM.attributes
                0x0000027f       0x34 ./Drivers/STM32L4xx_HAL_Driver/Src/stm32l4xx_hal_cortex.o
 .ARM.attributes
                0x000002b3       0x34 ./Drivers/STM32L4xx_HAL_Driver/Src/stm32l4xx_hal_pwr_ex.o
 .ARM.attributes
                0x000002e7       0x34 ./Drivers/STM32L4xx_HAL_Driver/Src/stm32l4xx_hal_rcc.o
 .ARM.attributes
                0x0000031b       0x34 ./FreeRTOS/ARM_CM4F/port.o
 .ARM.attributes
                0x0000034f       0x34 ./FreeRTOS/heap_4.o
 .ARM.attributes
                0x00000383       0x34 ./FreeRTOS/source/list.o
 .ARM.attributes
                0x000003b7       0x34 ./FreeRTOS/source/tasks.o
 .ARM.attributes
                0x000003eb       0x34 C:/ST/STM32CubeIDE_1.16.1/STM32CubeIDE/plugins/com.st.stm32cube.ide.mcu.externaltools.gnu-tools-for-stm32.12.3.rel1.win32_1.0.200.202406191623/tools/bin/../lib/gcc/arm-none-eabi/12.3.1/../../../../arm-none-eabi/lib/thumb/v7e-m+fp/hard\libc_nano.a(libc_a-findfp.o)
 .ARM.attributes
                0x0000041f       0x34 C:/ST/STM32CubeIDE_1.16.1/STM32CubeIDE/plugins/com.st.stm32cube.ide.mcu.externaltools.gnu-tools-for-stm32.12.3.rel1.win32_1.0.200.202406191623/tools/bin/../lib/gcc/arm-none-eabi/12.3.1/../../../../arm-none-eabi/lib/thumb/v7e-m+fp/hard\libc_nano.a(libc_a-fwalk.o)
 .ARM.attributes
                0x00000453       0x34 C:/ST/STM32CubeIDE_1.16.1/STM32CubeIDE/plugins/com.st.stm32cube.ide.mcu.externaltools.gnu-tools-for-stm32.12.3.rel1.win32_1.0.200.202406191623/tools/bin/../lib/gcc/arm-none-eabi/12.3.1/../../../../arm-none-eabi/lib/thumb/v7e-m+fp/hard\libc_nano.a(libc_a-printf.o)
 .ARM.attributes
                0x00000487       0x34 C:/ST/STM32CubeIDE_1.16.1/STM32CubeIDE/plugins/com.st.stm32cube.ide.mcu.externaltools.gnu-tools-for-stm32.12.3.rel1.win32_1.0.200.202406191623/tools/bin/../lib/gcc/arm-none-eabi/12.3.1/../../../../arm-none-eabi/lib/thumb/v7e-m+fp/hard\libc_nano.a(libc_a-stdio.o)
 .ARM.attributes
                0x000004bb       0x34 C:/ST/STM32CubeIDE_1.16.1/STM32CubeIDE/plugins/com.st.stm32cube.ide.mcu.externaltools.gnu-tools-for-stm32.12.3.rel1.win32_1.0.200.202406191623/tools/bin/../lib/gcc/arm-none-eabi/12.3.1/../../../../arm-none-eabi/lib/thumb/v7e-m+fp/hard\libc_nano.a(libc_a-memset.o)
 .ARM.attributes
                0x000004ef       0x34 C:/ST/STM32CubeIDE_1.16.1/STM32CubeIDE/plugins/com.st.stm32cube.ide.mcu.externaltools.gnu-tools-for-stm32.12.3.rel1.win32_1.0.200.202406191623/tools/bin/../lib/gcc/arm-none-eabi/12.3.1/../../../../arm-none-eabi/lib/thumb/v7e-m+fp/hard\libc_nano.a(libc_a-closer.o)
 .ARM.attributes
                0x00000523       0x34 C:/ST/STM32CubeIDE_1.16.1/STM32CubeIDE/plugins/com.st.stm32cube.ide.mcu.externaltools.gnu-tools-for-stm32.12.3.rel1.win32_1.0.200.202406191623/tools/bin/../lib/gcc/arm-none-eabi/12.3.1/../../../../arm-none-eabi/lib/thumb/v7e-m+fp/hard\libc_nano.a(libc_a-reent.o)
 .ARM.attributes
                0x00000557       0x34 C:/ST/STM32CubeIDE_1.16.1/STM32CubeIDE/plugins/com.st.stm32cube.ide.mcu.externaltools.gnu-tools-for-stm32.12.3.rel1.win32_1.0.200.202406191623/tools/bin/../lib/gcc/arm-none-eabi/12.3.1/../../../../arm-none-eabi/lib/thumb/v7e-m+fp/hard\libc_nano.a(libc_a-impure.o)
 .ARM.attributes
                0x0000058b       0x34 C:/ST/STM32CubeIDE_1.16.1/STM32CubeIDE/plugins/com.st.stm32cube.ide.mcu.externaltools.gnu-tools-for-stm32.12.3.rel1.win32_1.0.200.202406191623/tools/bin/../lib/gcc/arm-none-eabi/12.3.1/../../../../arm-none-eabi/lib/thumb/v7e-m+fp/hard\libc_nano.a(libc_a-lseekr.o)
 .ARM.attributes
                0x000005bf       0x34 C:/ST/STM32CubeIDE_1.16.1/STM32CubeIDE/plugins/com.st.stm32cube.ide.mcu.externaltools.gnu-tools-for-stm32.12.3.rel1.win32_1.0.200.202406191623/tools/bin/../lib/gcc/arm-none-eabi/12.3.1/../../../../arm-none-eabi/lib/thumb/v7e-m+fp/hard\libc_nano.a(libc_a-readr.o)
 .ARM.attributes
                0x000005f3       0x34 C:/ST/STM32CubeIDE_1.16.1/STM32CubeIDE/plugins/com.st.stm32cube.ide.mcu.externaltools.gnu-tools-for-stm32.12.3.rel1.win32_1.0.200.202406191623/tools/bin/../lib/gcc/arm-none-eabi/12.3.1/../../../../arm-none-eabi/lib/thumb/v7e-m+fp/hard\libc_nano.a(libc_a-writer.o)
 .ARM.attributes
                0x00000627       0x34 C:/ST/STM32CubeIDE_1.16.1/STM32CubeIDE/plugins/com.st.stm32cube.ide.mcu.externaltools.gnu-tools-for-stm32.12.3.rel1.win32_1.0.200.202406191623/tools/bin/../lib/gcc/arm-none-eabi/12.3.1/../../../../arm-none-eabi/lib/thumb/v7e-m+fp/hard\libc_nano.a(libc_a-errno.o)
 .ARM.attributes
                0x0000065b       0x34 C:/ST/STM32CubeIDE_1.16.1/STM32CubeIDE/plugins/com.st.stm32cube.ide.mcu.externaltools.gnu-tools-for-stm32.12.3.rel1.win32_1.0.200.202406191623/tools/bin/../lib/gcc/arm-none-eabi/12.3.1/../../../../arm-none-eabi/lib/thumb/v7e-m+fp/hard\libc_nano.a(libc_a-init.o)
 .ARM.attributes
                0x0000068f       0x34 C:/ST/STM32CubeIDE_1.16.1/STM32CubeIDE/plugins/com.st.stm32cube.ide.mcu.externaltools.gnu-tools-for-stm32.12.3.rel1.win32_1.0.200.202406191623/tools/bin/../lib/gcc/arm-none-eabi/12.3.1/../../../../arm-none-eabi/lib/thumb/v7e-m+fp/hard\libc_nano.a(libc_a-lock.o)
 .ARM.attributes
                0x000006c3       0x34 C:/ST/STM32CubeIDE_1.16.1/STM32CubeIDE/plugins/com.st.stm32cube.ide.mcu.externaltools.gnu-tools-for-stm32.12.3.rel1.win32_1.0.200.202406191623/tools/bin/../lib/gcc/arm-none-eabi/12.3.1/../../../../arm-none-eabi/lib/thumb/v7e-m+fp/hard\libc_nano.a(libc_a-freer.o)
 .ARM.attributes
                0x000006f7       0x34 C:/ST/STM32CubeIDE_1.16.1/STM32CubeIDE/plugins/com.st.stm32cube.ide.mcu.externaltools.gnu-tools-for-stm32.12.3.rel1.win32_1.0.200.202406191623/tools/bin/../lib/gcc/arm-none-eabi/12.3.1/../../../../arm-none-eabi/lib/thumb/v7e-m+fp/hard\libc_nano.a(libc_a-mallocr.o)
 .ARM.attributes
                0x0000072b       0x34 C:/ST/STM32CubeIDE_1.16.1/STM32CubeIDE/plugins/com.st.stm32cube.ide.mcu.externaltools.gnu-tools-for-stm32.12.3.rel1.win32_1.0.200.202406191623/tools/bin/../lib/gcc/arm-none-eabi/12.3.1/../../../../arm-none-eabi/lib/thumb/v7e-m+fp/hard\libc_nano.a(libc_a-mlock.o)
 .ARM.attributes
                0x0000075f       0x34 C:/ST/STM32CubeIDE_1.16.1/STM32CubeIDE/plugins/com.st.stm32cube.ide.mcu.externaltools.gnu-tools-for-stm32.12.3.rel1.win32_1.0.200.202406191623/tools/bin/../lib/gcc/arm-none-eabi/12.3.1/../../../../arm-none-eabi/lib/thumb/v7e-m+fp/hard\libc_nano.a(libc_a-nano-vfprintf.o)
 .ARM.attributes
                0x00000793       0x34 C:/ST/STM32CubeIDE_1.16.1/STM32CubeIDE/plugins/com.st.stm32cube.ide.mcu.externaltools.gnu-tools-for-stm32.12.3.rel1.win32_1.0.200.202406191623/tools/bin/../lib/gcc/arm-none-eabi/12.3.1/../../../../arm-none-eabi/lib/thumb/v7e-m+fp/hard\libc_nano.a(libc_a-nano-vfprintf_i.o)
 .ARM.attributes
                0x000007c7       0x34 C:/ST/STM32CubeIDE_1.16.1/STM32CubeIDE/plugins/com.st.stm32cube.ide.mcu.externaltools.gnu-tools-for-stm32.12.3.rel1.win32_1.0.200.202406191623/tools/bin/../lib/gcc/arm-none-eabi/12.3.1/../../../../arm-none-eabi/lib/thumb/v7e-m+fp/hard\libc_nano.a(libc_a-fflush.o)
 .ARM.attributes
                0x000007fb       0x34 C:/ST/STM32CubeIDE_1.16.1/STM32CubeIDE/plugins/com.st.stm32cube.ide.mcu.externaltools.gnu-tools-for-stm32.12.3.rel1.win32_1.0.200.202406191623/tools/bin/../lib/gcc/arm-none-eabi/12.3.1/../../../../arm-none-eabi/lib/thumb/v7e-m+fp/hard\libc_nano.a(libc_a-wbuf.o)
 .ARM.attributes
                0x0000082f       0x34 C:/ST/STM32CubeIDE_1.16.1/STM32CubeIDE/plugins/com.st.stm32cube.ide.mcu.externaltools.gnu-tools-for-stm32.12.3.rel1.win32_1.0.200.202406191623/tools/bin/../lib/gcc/arm-none-eabi/12.3.1/../../../../arm-none-eabi/lib/thumb/v7e-m+fp/hard\libc_nano.a(libc_a-wsetup.o)
 .ARM.attributes
                0x00000863       0x34 C:/ST/STM32CubeIDE_1.16.1/STM32CubeIDE/plugins/com.st.stm32cube.ide.mcu.externaltools.gnu-tools-for-stm32.12.3.rel1.win32_1.0.200.202406191623/tools/bin/../lib/gcc/arm-none-eabi/12.3.1/../../../../arm-none-eabi/lib/thumb/v7e-m+fp/hard\libc_nano.a(libc_a-sbrkr.o)
 .ARM.attributes
                0x00000897       0x1c C:/ST/STM32CubeIDE_1.16.1/STM32CubeIDE/plugins/com.st.stm32cube.ide.mcu.externaltools.gnu-tools-for-stm32.12.3.rel1.win32_1.0.200.202406191623/tools/bin/../lib/gcc/arm-none-eabi/12.3.1/../../../../arm-none-eabi/lib/thumb/v7e-m+fp/hard\libc_nano.a(libc_a-memchr.o)
 .ARM.attributes
                0x000008b3       0x34 C:/ST/STM32CubeIDE_1.16.1/STM32CubeIDE/plugins/com.st.stm32cube.ide.mcu.externaltools.gnu-tools-for-stm32.12.3.rel1.win32_1.0.200.202406191623/tools/bin/../lib/gcc/arm-none-eabi/12.3.1/../../../../arm-none-eabi/lib/thumb/v7e-m+fp/hard\libc_nano.a(libc_a-makebuf.o)
 .ARM.attributes
                0x000008e7       0x34 C:/ST/STM32CubeIDE_1.16.1/STM32CubeIDE/plugins/com.st.stm32cube.ide.mcu.externaltools.gnu-tools-for-stm32.12.3.rel1.win32_1.0.200.202406191623/tools/bin/../lib/gcc/arm-none-eabi/12.3.1/../../../../arm-none-eabi/lib/thumb/v7e-m+fp/hard\libc_nano.a(libc_a-fstatr.o)
 .ARM.attributes
                0x0000091b       0x34 C:/ST/STM32CubeIDE_1.16.1/STM32CubeIDE/plugins/com.st.stm32cube.ide.mcu.externaltools.gnu-tools-for-stm32.12.3.rel1.win32_1.0.200.202406191623/tools/bin/../lib/gcc/arm-none-eabi/12.3.1/../../../../arm-none-eabi/lib/thumb/v7e-m+fp/hard\libc_nano.a(libc_a-isattyr.o)
 .ARM.attributes
                0x0000094f       0x22 C:/ST/STM32CubeIDE_1.16.1/STM32CubeIDE/plugins/com.st.stm32cube.ide.mcu.externaltools.gnu-tools-for-stm32.12.3.rel1.win32_1.0.200.202406191623/tools/bin/../lib/gcc/arm-none-eabi/12.3.1/thumb/v7e-m+fp/hard\libgcc.a(_aeabi_uldivmod.o)
 .ARM.attributes
                0x00000971       0x34 C:/ST/STM32CubeIDE_1.16.1/STM32CubeIDE/plugins/com.st.stm32cube.ide.mcu.externaltools.gnu-tools-for-stm32.12.3.rel1.win32_1.0.200.202406191623/tools/bin/../lib/gcc/arm-none-eabi/12.3.1/thumb/v7e-m+fp/hard\libgcc.a(_udivmoddi4.o)
 .ARM.attributes
                0x000009a5       0x22 C:/ST/STM32CubeIDE_1.16.1/STM32CubeIDE/plugins/com.st.stm32cube.ide.mcu.externaltools.gnu-tools-for-stm32.12.3.rel1.win32_1.0.200.202406191623/tools/bin/../lib/gcc/arm-none-eabi/12.3.1/thumb/v7e-m+fp/hard\libgcc.a(_dvmd_tls.o)
 .ARM.attributes
                0x000009c7       0x22 C:/ST/STM32CubeIDE_1.16.1/STM32CubeIDE/plugins/com.st.stm32cube.ide.mcu.externaltools.gnu-tools-for-stm32.12.3.rel1.win32_1.0.200.202406191623/tools/bin/../lib/gcc/arm-none-eabi/12.3.1/thumb/v7e-m+fp/hard/crtn.o
OUTPUT(IMUTransceiverSTM32L476RG.elf elf32-littlearm)
LOAD linker stubs
LOAD C:/ST/STM32CubeIDE_1.16.1/STM32CubeIDE/plugins/com.st.stm32cube.ide.mcu.externaltools.gnu-tools-for-stm32.12.3.rel1.win32_1.0.200.202406191623/tools/bin/../lib/gcc/arm-none-eabi/12.3.1/../../../../arm-none-eabi/lib/thumb/v7e-m+fp/hard\libc.a
LOAD C:/ST/STM32CubeIDE_1.16.1/STM32CubeIDE/plugins/com.st.stm32cube.ide.mcu.externaltools.gnu-tools-for-stm32.12.3.rel1.win32_1.0.200.202406191623/tools/bin/../lib/gcc/arm-none-eabi/12.3.1/../../../../arm-none-eabi/lib/thumb/v7e-m+fp/hard\libm.a
LOAD C:/ST/STM32CubeIDE_1.16.1/STM32CubeIDE/plugins/com.st.stm32cube.ide.mcu.externaltools.gnu-tools-for-stm32.12.3.rel1.win32_1.0.200.202406191623/tools/bin/../lib/gcc/arm-none-eabi/12.3.1/thumb/v7e-m+fp/hard\libgcc.a

.debug_info     0x00000000     0x79c4
 .debug_info    0x00000000      0x4e4 ./Core/Src/Drivers/I2C.o
 .debug_info    0x000004e4      0x1da ./Core/Src/Drivers/LSM6DS3.o
 .debug_info    0x000006be      0x12a ./Core/Src/freertos_hooks.o
 .debug_info    0x000007e8      0x808 ./Core/Src/main.o
 .debug_info    0x00000ff0      0x301 ./Core/Src/stm32l4xx_hal_msp.o
 .debug_info    0x000012f1      0x11c ./Core/Src/stm32l4xx_it.o
 .debug_info    0x0000140d      0x6a3 ./Core/Src/syscalls.o
 .debug_info    0x00001ab0      0x168 ./Core/Src/sysmem.o
 .debug_info    0x00001c18      0x5e2 ./Core/Src/system_stm32l4xx.o
 .debug_info    0x000021fa       0x30 ./Core/Startup/startup_stm32l476rgtx.o
 .debug_info    0x0000222a      0xb2d ./Drivers/STM32L4xx_HAL_Driver/Src/stm32l4xx_hal.o
 .debug_info    0x00002d57      0xdad ./Drivers/STM32L4xx_HAL_Driver/Src/stm32l4xx_hal_cortex.o
 .debug_info    0x00003b04      0x9ca ./Drivers/STM32L4xx_HAL_Driver/Src/stm32l4xx_hal_pwr_ex.o
 .debug_info    0x000044ce      0xc45 ./Drivers/STM32L4xx_HAL_Driver/Src/stm32l4xx_hal_rcc.o
 .debug_info    0x00005113      0x32b ./FreeRTOS/ARM_CM4F/port.o
 .debug_info    0x0000543e      0x4bc ./FreeRTOS/heap_4.o
 .debug_info    0x000058fa      0x2aa ./FreeRTOS/source/list.o
 .debug_info    0x00005ba4     0x1e20 ./FreeRTOS/source/tasks.o

.debug_abbrev   0x00000000     0x1d8c
 .debug_abbrev  0x00000000      0x15c ./Core/Src/Drivers/I2C.o
 .debug_abbrev  0x0000015c      0x116 ./Core/Src/Drivers/LSM6DS3.o
 .debug_abbrev  0x00000272       0xd2 ./Core/Src/freertos_hooks.o
 .debug_abbrev  0x00000344      0x27c ./Core/Src/main.o
 .debug_abbrev  0x000005c0       0xdd ./Core/Src/stm32l4xx_hal_msp.o
 .debug_abbrev  0x0000069d       0x80 ./Core/Src/stm32l4xx_it.o
 .debug_abbrev  0x0000071d      0x1b6 ./Core/Src/syscalls.o
 .debug_abbrev  0x000008d3       0xbc ./Core/Src/sysmem.o
 .debug_abbrev  0x0000098f      0x117 ./Core/Src/system_stm32l4xx.o
 .debug_abbrev  0x00000aa6       0x24 ./Core/Startup/startup_stm32l476rgtx.o
 .debug_abbrev  0x00000aca      0x243 ./Drivers/STM32L4xx_HAL_Driver/Src/stm32l4xx_hal.o
 .debug_abbrev  0x00000d0d      0x31c ./Drivers/STM32L4xx_HAL_Driver/Src/stm32l4xx_hal_cortex.o
 .debug_abbrev  0x00001029      0x1f9 ./Drivers/STM32L4xx_HAL_Driver/Src/stm32l4xx_hal_pwr_ex.o
 .debug_abbrev  0x00001222      0x2dc ./Drivers/STM32L4xx_HAL_Driver/Src/stm32l4xx_hal_rcc.o
 .debug_abbrev  0x000014fe      0x21f ./FreeRTOS/ARM_CM4F/port.o
 .debug_abbrev  0x0000171d      0x1f5 ./FreeRTOS/heap_4.o
 .debug_abbrev  0x00001912       0xee ./FreeRTOS/source/list.o
 .debug_abbrev  0x00001a00      0x38c ./FreeRTOS/source/tasks.o

.debug_aranges  0x00000000      0x9a8
 .debug_aranges
                0x00000000       0x38 ./Core/Src/Drivers/I2C.o
 .debug_aranges
                0x00000038       0x28 ./Core/Src/Drivers/LSM6DS3.o
 .debug_aranges
                0x00000060       0x28 ./Core/Src/freertos_hooks.o
 .debug_aranges
                0x00000088       0x50 ./Core/Src/main.o
 .debug_aranges
                0x000000d8       0x20 ./Core/Src/stm32l4xx_hal_msp.o
 .debug_aranges
                0x000000f8       0x48 ./Core/Src/stm32l4xx_it.o
 .debug_aranges
                0x00000140       0xa8 ./Core/Src/syscalls.o
 .debug_aranges
                0x000001e8       0x20 ./Core/Src/sysmem.o
 .debug_aranges
                0x00000208       0x28 ./Core/Src/system_stm32l4xx.o
 .debug_aranges
                0x00000230       0x28 ./Core/Startup/startup_stm32l476rgtx.o
 .debug_aranges
                0x00000258      0x130 ./Drivers/STM32L4xx_HAL_Driver/Src/stm32l4xx_hal.o
 .debug_aranges
                0x00000388      0x128 ./Drivers/STM32L4xx_HAL_Driver/Src/stm32l4xx_hal_cortex.o
 .debug_aranges
                0x000004b0      0x160 ./Drivers/STM32L4xx_HAL_Driver/Src/stm32l4xx_hal_pwr_ex.o
 .debug_aranges
                0x00000610       0x90 ./Drivers/STM32L4xx_HAL_Driver/Src/stm32l4xx_hal_rcc.o
 .debug_aranges
                0x000006a0       0x78 ./FreeRTOS/ARM_CM4F/port.o
 .debug_aranges
                0x00000718       0x70 ./FreeRTOS/heap_4.o
 .debug_aranges
                0x00000788       0x40 ./FreeRTOS/source/list.o
 .debug_aranges
                0x000007c8      0x1e0 ./FreeRTOS/source/tasks.o

.debug_rnglists
                0x00000000      0x726
 .debug_rnglists
                0x00000000       0x29 ./Core/Src/Drivers/I2C.o
 .debug_rnglists
                0x00000029       0x1a ./Core/Src/Drivers/LSM6DS3.o
 .debug_rnglists
                0x00000043       0x19 ./Core/Src/freertos_hooks.o
 .debug_rnglists
                0x0000005c       0x39 ./Core/Src/main.o
 .debug_rnglists
                0x00000095       0x13 ./Core/Src/stm32l4xx_hal_msp.o
 .debug_rnglists
                0x000000a8       0x31 ./Core/Src/stm32l4xx_it.o
 .debug_rnglists
                0x000000d9       0x79 ./Core/Src/syscalls.o
 .debug_rnglists
                0x00000152       0x13 ./Core/Src/sysmem.o
 .debug_rnglists
                0x00000165       0x1a ./Core/Src/system_stm32l4xx.o
 .debug_rnglists
                0x0000017f       0x19 ./Core/Startup/startup_stm32l476rgtx.o
 .debug_rnglists
                0x00000198       0xdf ./Drivers/STM32L4xx_HAL_Driver/Src/stm32l4xx_hal.o
 .debug_rnglists
                0x00000277       0xda ./Drivers/STM32L4xx_HAL_Driver/Src/stm32l4xx_hal_cortex.o
 .debug_rnglists
                0x00000351      0x109 ./Drivers/STM32L4xx_HAL_Driver/Src/stm32l4xx_hal_pwr_ex.o
 .debug_rnglists
                0x0000045a       0x6d ./Drivers/STM32L4xx_HAL_Driver/Src/stm32l4xx_hal_rcc.o
 .debug_rnglists
                0x000004c7       0x55 ./FreeRTOS/ARM_CM4F/port.o
 .debug_rnglists
                0x0000051c       0x53 ./FreeRTOS/heap_4.o
 .debug_rnglists
                0x0000056f       0x2b ./FreeRTOS/source/list.o
 .debug_rnglists
                0x0000059a      0x18c ./FreeRTOS/source/tasks.o

.debug_macro    0x00000000    0x285a9
 .debug_macro   0x00000000       0xc8 ./Core/Src/Drivers/I2C.o
 .debug_macro   0x000000c8      0xab4 ./Core/Src/Drivers/I2C.o
 .debug_macro   0x00000b7c       0x10 ./Core/Src/Drivers/I2C.o
 .debug_macro   0x00000b8c       0x22 ./Core/Src/Drivers/I2C.o
 .debug_macro   0x00000bae       0x8e ./Core/Src/Drivers/I2C.o
 .debug_macro   0x00000c3c       0x51 ./Core/Src/Drivers/I2C.o
 .debug_macro   0x00000c8d      0x103 ./Core/Src/Drivers/I2C.o
 .debug_macro   0x00000d90       0x6a ./Core/Src/Drivers/I2C.o
 .debug_macro   0x00000dfa      0x1df ./Core/Src/Drivers/I2C.o
 .debug_macro   0x00000fd9       0x28 ./Core/Src/Drivers/I2C.o
 .debug_macro   0x00001001       0x1c ./Core/Src/Drivers/I2C.o
 .debug_macro   0x0000101d       0x22 ./Core/Src/Drivers/I2C.o
 .debug_macro   0x0000103f       0xfb ./Core/Src/Drivers/I2C.o
 .debug_macro   0x0000113a     0x1011 ./Core/Src/Drivers/I2C.o
 .debug_macro   0x0000214b      0x11f ./Core/Src/Drivers/I2C.o
 .debug_macro   0x0000226a    0x1a192 ./Core/Src/Drivers/I2C.o
 .debug_macro   0x0001c3fc       0xd7 ./Core/Src/Drivers/LSM6DS3.o
 .debug_macro   0x0001c4d3       0x70 ./Core/Src/Drivers/LSM6DS3.o
 .debug_macro   0x0001c543      0x21e ./Core/Src/freertos_hooks.o
 .debug_macro   0x0001c761      0x189 ./Core/Src/freertos_hooks.o
 .debug_macro   0x0001c8ea       0x16 ./Core/Src/freertos_hooks.o
 .debug_macro   0x0001c900       0xe2 ./Core/Src/freertos_hooks.o
 .debug_macro   0x0001c9e2       0x3a ./Core/Src/freertos_hooks.o
 .debug_macro   0x0001ca1c      0x182 ./Core/Src/freertos_hooks.o
 .debug_macro   0x0001cb9e       0xe0 ./Core/Src/freertos_hooks.o
 .debug_macro   0x0001cc7e       0x3a ./Core/Src/freertos_hooks.o
 .debug_macro   0x0001ccb8       0x1f ./Core/Src/freertos_hooks.o
 .debug_macro   0x0001ccd7       0x12 ./Core/Src/freertos_hooks.o
 .debug_macro   0x0001cce9     0x1121 ./Core/Src/freertos_hooks.o
 .debug_macro   0x0001de0a       0xc3 ./Core/Src/freertos_hooks.o
 .debug_macro   0x0001decd      0x14f ./Core/Src/freertos_hooks.o
 .debug_macro   0x0001e01c      0x19b ./Core/Src/freertos_hooks.o
 .debug_macro   0x0001e1b7       0x2e ./Core/Src/freertos_hooks.o
 .debug_macro   0x0001e1e5       0x6d ./Core/Src/freertos_hooks.o
 .debug_macro   0x0001e252     0x38fb ./Core/Src/freertos_hooks.o
 .debug_macro   0x00021b4d       0x5c ./Core/Src/freertos_hooks.o
 .debug_macro   0x00021ba9     0x159e ./Core/Src/freertos_hooks.o
 .debug_macro   0x00023147      0x5a5 ./Core/Src/freertos_hooks.o
 .debug_macro   0x000236ec      0x1b9 ./Core/Src/freertos_hooks.o
 .debug_macro   0x000238a5      0x18b ./Core/Src/freertos_hooks.o
 .debug_macro   0x00023a30      0x2c4 ./Core/Src/freertos_hooks.o
 .debug_macro   0x00023cf4      0x27a ./Core/Src/freertos_hooks.o
 .debug_macro   0x00023f6e      0x23d ./Core/Src/freertos_hooks.o
 .debug_macro   0x000241ab      0x241 ./Core/Src/freertos_hooks.o
 .debug_macro   0x000243ec      0x37c ./Core/Src/freertos_hooks.o
 .debug_macro   0x00024768       0xd6 ./Core/Src/freertos_hooks.o
 .debug_macro   0x0002483e      0x122 ./Core/Src/freertos_hooks.o
 .debug_macro   0x00024960      0x3ef ./Core/Src/freertos_hooks.o
 .debug_macro   0x00024d4f      0x330 ./Core/Src/freertos_hooks.o
 .debug_macro   0x0002507f      0x310 ./Core/Src/main.o
 .debug_macro   0x0002538f       0x5b ./Core/Src/main.o
 .debug_macro   0x000253ea       0x2a ./Core/Src/main.o
 .debug_macro   0x00025414       0x94 ./Core/Src/main.o
 .debug_macro   0x000254a8       0x43 ./Core/Src/main.o
 .debug_macro   0x000254eb       0x34 ./Core/Src/main.o
 .debug_macro   0x0002551f       0x16 ./Core/Src/main.o
 .debug_macro   0x00025535       0x57 ./Core/Src/main.o
 .debug_macro   0x0002558c       0x9e ./Core/Src/main.o
 .debug_macro   0x0002562a      0x369 ./Core/Src/main.o
 .debug_macro   0x00025993      0x10b ./Core/Src/main.o
 .debug_macro   0x00025a9e       0x10 ./Core/Src/main.o
 .debug_macro   0x00025aae       0x16 ./Core/Src/main.o
 .debug_macro   0x00025ac4       0x43 ./Core/Src/main.o
 .debug_macro   0x00025b07       0x34 ./Core/Src/main.o
 .debug_macro   0x00025b3b       0x10 ./Core/Src/main.o
 .debug_macro   0x00025b4b       0x58 ./Core/Src/main.o
 .debug_macro   0x00025ba3       0x8e ./Core/Src/main.o
 .debug_macro   0x00025c31       0x1c ./Core/Src/main.o
 .debug_macro   0x00025c4d      0x177 ./Core/Src/main.o
 .debug_macro   0x00025dc4       0x16 ./Core/Src/main.o
 .debug_macro   0x00025dda       0x16 ./Core/Src/main.o
 .debug_macro   0x00025df0      0x146 ./Core/Src/main.o
 .debug_macro   0x00025f36       0x76 ./Core/Src/main.o
 .debug_macro   0x00025fac       0x50 ./Core/Src/main.o
 .debug_macro   0x00025ffc      0x1b1 ./Core/Src/stm32l4xx_hal_msp.o
 .debug_macro   0x000261ad      0x1bb ./Core/Src/stm32l4xx_it.o
 .debug_macro   0x00026368      0x274 ./Core/Src/syscalls.o
 .debug_macro   0x000265dc       0x10 ./Core/Src/syscalls.o
 .debug_macro   0x000265ec       0x35 ./Core/Src/syscalls.o
 .debug_macro   0x00026621       0x10 ./Core/Src/syscalls.o
 .debug_macro   0x00026631       0x10 ./Core/Src/syscalls.o
 .debug_macro   0x00026641       0x10 ./Core/Src/syscalls.o
 .debug_macro   0x00026651       0x1c ./Core/Src/syscalls.o
 .debug_macro   0x0002666d       0x52 ./Core/Src/syscalls.o
 .debug_macro   0x000266bf       0x22 ./Core/Src/syscalls.o
 .debug_macro   0x000266e1       0x10 ./Core/Src/syscalls.o
 .debug_macro   0x000266f1       0x52 ./Core/Src/syscalls.o
 .debug_macro   0x00026743       0xcf ./Core/Src/syscalls.o
 .debug_macro   0x00026812       0x1c ./Core/Src/syscalls.o
 .debug_macro   0x0002682e       0x3d ./Core/Src/syscalls.o
 .debug_macro   0x0002686b       0x35 ./Core/Src/syscalls.o
 .debug_macro   0x000268a0      0x12c ./Core/Src/syscalls.o
 .debug_macro   0x000269cc       0x16 ./Core/Src/syscalls.o
 .debug_macro   0x000269e2       0x16 ./Core/Src/syscalls.o
 .debug_macro   0x000269f8       0x29 ./Core/Src/syscalls.o
 .debug_macro   0x00026a21       0x10 ./Core/Src/syscalls.o
 .debug_macro   0x00026a31      0x242 ./Core/Src/syscalls.o
 .debug_macro   0x00026c73       0x1c ./Core/Src/syscalls.o
 .debug_macro   0x00026c8f       0x10 ./Core/Src/syscalls.o
 .debug_macro   0x00026c9f      0x18a ./Core/Src/syscalls.o
 .debug_macro   0x00026e29       0x16 ./Core/Src/syscalls.o
 .debug_macro   0x00026e3f       0xce ./Core/Src/syscalls.o
 .debug_macro   0x00026f0d       0xff ./Core/Src/sysmem.o
 .debug_macro   0x0002700c      0x23c ./Core/Src/sysmem.o
 .debug_macro   0x00027248      0x1a7 ./Core/Src/system_stm32l4xx.o
 .debug_macro   0x000273ef      0x1f5 ./Drivers/STM32L4xx_HAL_Driver/Src/stm32l4xx_hal.o
 .debug_macro   0x000275e4      0x1a7 ./Drivers/STM32L4xx_HAL_Driver/Src/stm32l4xx_hal_cortex.o
 .debug_macro   0x0002778b      0x1cb ./Drivers/STM32L4xx_HAL_Driver/Src/stm32l4xx_hal_pwr_ex.o
 .debug_macro   0x00027956      0x1e9 ./Drivers/STM32L4xx_HAL_Driver/Src/stm32l4xx_hal_rcc.o
 .debug_macro   0x00027b3f      0x1cf ./FreeRTOS/ARM_CM4F/port.o
 .debug_macro   0x00027d0e      0x237 ./FreeRTOS/heap_4.o
 .debug_macro   0x00027f45      0x11c ./FreeRTOS/heap_4.o
 .debug_macro   0x00028061       0x94 ./FreeRTOS/heap_4.o
 .debug_macro   0x000280f5       0x16 ./FreeRTOS/heap_4.o
 .debug_macro   0x0002810b       0x20 ./FreeRTOS/heap_4.o
 .debug_macro   0x0002812b      0x1a2 ./FreeRTOS/source/list.o
 .debug_macro   0x000282cd      0x2c6 ./FreeRTOS/source/tasks.o
 .debug_macro   0x00028593       0x16 ./FreeRTOS/source/tasks.o

.debug_line     0x00000000     0xa95c
 .debug_line    0x00000000      0x7c3 ./Core/Src/Drivers/I2C.o
 .debug_line    0x000007c3      0x595 ./Core/Src/Drivers/LSM6DS3.o
 .debug_line    0x00000d58      0x7c1 ./Core/Src/freertos_hooks.o
 .debug_line    0x00001519      0xa8c ./Core/Src/main.o
 .debug_line    0x00001fa5      0x702 ./Core/Src/stm32l4xx_hal_msp.o
 .debug_line    0x000026a7      0x786 ./Core/Src/stm32l4xx_it.o
 .debug_line    0x00002e2d      0x8b2 ./Core/Src/syscalls.o
 .debug_line    0x000036df      0x583 ./Core/Src/sysmem.o
 .debug_line    0x00003c62      0x79c ./Core/Src/system_stm32l4xx.o
 .debug_line    0x000043fe       0x7a ./Core/Startup/startup_stm32l476rgtx.o
 .debug_line    0x00004478      0xaf7 ./Drivers/STM32L4xx_HAL_Driver/Src/stm32l4xx_hal.o
 .debug_line    0x00004f6f      0xcc0 ./Drivers/STM32L4xx_HAL_Driver/Src/stm32l4xx_hal_cortex.o
 .debug_line    0x00005c2f      0xce9 ./Drivers/STM32L4xx_HAL_Driver/Src/stm32l4xx_hal_pwr_ex.o
 .debug_line    0x00006918      0xf70 ./Drivers/STM32L4xx_HAL_Driver/Src/stm32l4xx_hal_rcc.o
 .debug_line    0x00007888      0x6be ./FreeRTOS/ARM_CM4F/port.o
 .debug_line    0x00007f46      0x994 ./FreeRTOS/heap_4.o
 .debug_line    0x000088da      0x744 ./FreeRTOS/source/list.o
 .debug_line    0x0000901e     0x193e ./FreeRTOS/source/tasks.o

.debug_str      0x00000000    0xf326d
 .debug_str     0x00000000    0x9e2d9 ./Core/Src/Drivers/I2C.o
                              0x9e47f (size before relaxing)
 .debug_str     0x0009e2d9      0x1a9 ./Core/Src/Drivers/LSM6DS3.o
                              0x9e42a (size before relaxing)
 .debug_str     0x0009e482    0x4a809 ./Core/Src/freertos_hooks.o
                              0xe8b94 (size before relaxing)
 .debug_str     0x000e8c8b     0x399e ./Core/Src/main.o
                              0xec846 (size before relaxing)
 .debug_str     0x000ec629       0x2c ./Core/Src/stm32l4xx_hal_msp.o
                              0xde168 (size before relaxing)
 .debug_str     0x000ec655       0x92 ./Core/Src/stm32l4xx_it.o
                              0xde06a (size before relaxing)
 .debug_str     0x000ec6e7     0x1f4a ./Core/Src/syscalls.o
                               0x98b6 (size before relaxing)
 .debug_str     0x000ee631       0x6b ./Core/Src/sysmem.o
                               0x60ce (size before relaxing)
 .debug_str     0x000ee69c       0xf2 ./Core/Src/system_stm32l4xx.o
                              0xde21d (size before relaxing)
 .debug_str     0x000ee78e       0x44 ./Core/Startup/startup_stm32l476rgtx.o
                                 0x81 (size before relaxing)
 .debug_str     0x000ee7d2      0xaa6 ./Drivers/STM32L4xx_HAL_Driver/Src/stm32l4xx_hal.o
                              0xdedc5 (size before relaxing)
 .debug_str     0x000ef278      0x37c ./Drivers/STM32L4xx_HAL_Driver/Src/stm32l4xx_hal_cortex.o
                              0xdea96 (size before relaxing)
 .debug_str     0x000ef5f4      0x52a ./Drivers/STM32L4xx_HAL_Driver/Src/stm32l4xx_hal_pwr_ex.o
                              0xde778 (size before relaxing)
 .debug_str     0x000efb1e      0x3f0 ./Drivers/STM32L4xx_HAL_Driver/Src/stm32l4xx_hal_rcc.o
                              0xde863 (size before relaxing)
 .debug_str     0x000eff0e      0x8c6 ./FreeRTOS/ARM_CM4F/port.o
                               0xf4db (size before relaxing)
 .debug_str     0x000f07d4      0x80d ./FreeRTOS/heap_4.o
                              0x1260c (size before relaxing)
 .debug_str     0x000f0fe1      0x119 ./FreeRTOS/source/list.o
                              0x10abc (size before relaxing)
 .debug_str     0x000f10fa     0x2173 ./FreeRTOS/source/tasks.o
                              0x142f2 (size before relaxing)

.comment        0x00000000       0x43
 .comment       0x00000000       0x43 ./Core/Src/Drivers/I2C.o
                                 0x44 (size before relaxing)
 .comment       0x00000043       0x44 ./Core/Src/Drivers/LSM6DS3.o
 .comment       0x00000043       0x44 ./Core/Src/freertos_hooks.o
 .comment       0x00000043       0x44 ./Core/Src/main.o
 .comment       0x00000043       0x44 ./Core/Src/stm32l4xx_hal_msp.o
 .comment       0x00000043       0x44 ./Core/Src/stm32l4xx_it.o
 .comment       0x00000043       0x44 ./Core/Src/syscalls.o
 .comment       0x00000043       0x44 ./Core/Src/sysmem.o
 .comment       0x00000043       0x44 ./Core/Src/system_stm32l4xx.o
 .comment       0x00000043       0x44 ./Drivers/STM32L4xx_HAL_Driver/Src/stm32l4xx_hal.o
 .comment       0x00000043       0x44 ./Drivers/STM32L4xx_HAL_Driver/Src/stm32l4xx_hal_cortex.o
 .comment       0x00000043       0x44 ./Drivers/STM32L4xx_HAL_Driver/Src/stm32l4xx_hal_pwr_ex.o
 .comment       0x00000043       0x44 ./Drivers/STM32L4xx_HAL_Driver/Src/stm32l4xx_hal_rcc.o
 .comment       0x00000043       0x44 ./FreeRTOS/ARM_CM4F/port.o
 .comment       0x00000043       0x44 ./FreeRTOS/heap_4.o
 .comment       0x00000043       0x44 ./FreeRTOS/source/list.o
 .comment       0x00000043       0x44 ./FreeRTOS/source/tasks.o

.debug_frame    0x00000000     0x2bdc
 .debug_frame   0x00000000       0xa8 ./Core/Src/Drivers/I2C.o
 .debug_frame   0x000000a8       0x58 ./Core/Src/Drivers/LSM6DS3.o
 .debug_frame   0x00000100       0x48 ./Core/Src/freertos_hooks.o
 .debug_frame   0x00000148      0x104 ./Core/Src/main.o
 .debug_frame   0x0000024c       0x38 ./Core/Src/stm32l4xx_hal_msp.o
 .debug_frame   0x00000284       0xa8 ./Core/Src/stm32l4xx_it.o
 .debug_frame   0x0000032c      0x2ac ./Core/Src/syscalls.o
 .debug_frame   0x000005d8       0x34 ./Core/Src/sysmem.o
 .debug_frame   0x0000060c       0x58 ./Core/Src/system_stm32l4xx.o
 .debug_frame   0x00000664      0x498 ./Drivers/STM32L4xx_HAL_Driver/Src/stm32l4xx_hal.o
 .debug_frame   0x00000afc      0x4e8 ./Drivers/STM32L4xx_HAL_Driver/Src/stm32l4xx_hal_cortex.o
 .debug_frame   0x00000fe4      0x584 ./Drivers/STM32L4xx_HAL_Driver/Src/stm32l4xx_hal_pwr_ex.o
 .debug_frame   0x00001568      0x21c ./Drivers/STM32L4xx_HAL_Driver/Src/stm32l4xx_hal_rcc.o
 .debug_frame   0x00001784      0x178 ./FreeRTOS/ARM_CM4F/port.o
 .debug_frame   0x000018fc      0x190 ./FreeRTOS/heap_4.o
 .debug_frame   0x00001a8c       0xd8 ./FreeRTOS/source/list.o
 .debug_frame   0x00001b64      0x844 ./FreeRTOS/source/tasks.o
 .debug_frame   0x000023a8      0x144 C:/ST/STM32CubeIDE_1.16.1/STM32CubeIDE/plugins/com.st.stm32cube.ide.mcu.externaltools.gnu-tools-for-stm32.12.3.rel1.win32_1.0.200.202406191623/tools/bin/../lib/gcc/arm-none-eabi/12.3.1/../../../../arm-none-eabi/lib/thumb/v7e-m+fp/hard\libc_nano.a(libc_a-findfp.o)
 .debug_frame   0x000024ec       0x34 C:/ST/STM32CubeIDE_1.16.1/STM32CubeIDE/plugins/com.st.stm32cube.ide.mcu.externaltools.gnu-tools-for-stm32.12.3.rel1.win32_1.0.200.202406191623/tools/bin/../lib/gcc/arm-none-eabi/12.3.1/../../../../arm-none-eabi/lib/thumb/v7e-m+fp/hard\libc_nano.a(libc_a-fwalk.o)
 .debug_frame   0x00002520       0x6c C:/ST/STM32CubeIDE_1.16.1/STM32CubeIDE/plugins/com.st.stm32cube.ide.mcu.externaltools.gnu-tools-for-stm32.12.3.rel1.win32_1.0.200.202406191623/tools/bin/../lib/gcc/arm-none-eabi/12.3.1/../../../../arm-none-eabi/lib/thumb/v7e-m+fp/hard\libc_nano.a(libc_a-printf.o)
 .debug_frame   0x0000258c       0x88 C:/ST/STM32CubeIDE_1.16.1/STM32CubeIDE/plugins/com.st.stm32cube.ide.mcu.externaltools.gnu-tools-for-stm32.12.3.rel1.win32_1.0.200.202406191623/tools/bin/../lib/gcc/arm-none-eabi/12.3.1/../../../../arm-none-eabi/lib/thumb/v7e-m+fp/hard\libc_nano.a(libc_a-stdio.o)
 .debug_frame   0x00002614       0x20 C:/ST/STM32CubeIDE_1.16.1/STM32CubeIDE/plugins/com.st.stm32cube.ide.mcu.externaltools.gnu-tools-for-stm32.12.3.rel1.win32_1.0.200.202406191623/tools/bin/../lib/gcc/arm-none-eabi/12.3.1/../../../../arm-none-eabi/lib/thumb/v7e-m+fp/hard\libc_nano.a(libc_a-memset.o)
 .debug_frame   0x00002634       0x2c C:/ST/STM32CubeIDE_1.16.1/STM32CubeIDE/plugins/com.st.stm32cube.ide.mcu.externaltools.gnu-tools-for-stm32.12.3.rel1.win32_1.0.200.202406191623/tools/bin/../lib/gcc/arm-none-eabi/12.3.1/../../../../arm-none-eabi/lib/thumb/v7e-m+fp/hard\libc_nano.a(libc_a-closer.o)
 .debug_frame   0x00002660       0x38 C:/ST/STM32CubeIDE_1.16.1/STM32CubeIDE/plugins/com.st.stm32cube.ide.mcu.externaltools.gnu-tools-for-stm32.12.3.rel1.win32_1.0.200.202406191623/tools/bin/../lib/gcc/arm-none-eabi/12.3.1/../../../../arm-none-eabi/lib/thumb/v7e-m+fp/hard\libc_nano.a(libc_a-reent.o)
 .debug_frame   0x00002698       0x2c C:/ST/STM32CubeIDE_1.16.1/STM32CubeIDE/plugins/com.st.stm32cube.ide.mcu.externaltools.gnu-tools-for-stm32.12.3.rel1.win32_1.0.200.202406191623/tools/bin/../lib/gcc/arm-none-eabi/12.3.1/../../../../arm-none-eabi/lib/thumb/v7e-m+fp/hard\libc_nano.a(libc_a-lseekr.o)
 .debug_frame   0x000026c4       0x2c C:/ST/STM32CubeIDE_1.16.1/STM32CubeIDE/plugins/com.st.stm32cube.ide.mcu.externaltools.gnu-tools-for-stm32.12.3.rel1.win32_1.0.200.202406191623/tools/bin/../lib/gcc/arm-none-eabi/12.3.1/../../../../arm-none-eabi/lib/thumb/v7e-m+fp/hard\libc_nano.a(libc_a-readr.o)
 .debug_frame   0x000026f0       0x2c C:/ST/STM32CubeIDE_1.16.1/STM32CubeIDE/plugins/com.st.stm32cube.ide.mcu.externaltools.gnu-tools-for-stm32.12.3.rel1.win32_1.0.200.202406191623/tools/bin/../lib/gcc/arm-none-eabi/12.3.1/../../../../arm-none-eabi/lib/thumb/v7e-m+fp/hard\libc_nano.a(libc_a-writer.o)
 .debug_frame   0x0000271c       0x20 C:/ST/STM32CubeIDE_1.16.1/STM32CubeIDE/plugins/com.st.stm32cube.ide.mcu.externaltools.gnu-tools-for-stm32.12.3.rel1.win32_1.0.200.202406191623/tools/bin/../lib/gcc/arm-none-eabi/12.3.1/../../../../arm-none-eabi/lib/thumb/v7e-m+fp/hard\libc_nano.a(libc_a-errno.o)
 .debug_frame   0x0000273c       0x2c C:/ST/STM32CubeIDE_1.16.1/STM32CubeIDE/plugins/com.st.stm32cube.ide.mcu.externaltools.gnu-tools-for-stm32.12.3.rel1.win32_1.0.200.202406191623/tools/bin/../lib/gcc/arm-none-eabi/12.3.1/../../../../arm-none-eabi/lib/thumb/v7e-m+fp/hard\libc_nano.a(libc_a-init.o)
 .debug_frame   0x00002768       0xb0 C:/ST/STM32CubeIDE_1.16.1/STM32CubeIDE/plugins/com.st.stm32cube.ide.mcu.externaltools.gnu-tools-for-stm32.12.3.rel1.win32_1.0.200.202406191623/tools/bin/../lib/gcc/arm-none-eabi/12.3.1/../../../../arm-none-eabi/lib/thumb/v7e-m+fp/hard\libc_nano.a(libc_a-lock.o)
 .debug_frame   0x00002818       0x38 C:/ST/STM32CubeIDE_1.16.1/STM32CubeIDE/plugins/com.st.stm32cube.ide.mcu.externaltools.gnu-tools-for-stm32.12.3.rel1.win32_1.0.200.202406191623/tools/bin/../lib/gcc/arm-none-eabi/12.3.1/../../../../arm-none-eabi/lib/thumb/v7e-m+fp/hard\libc_nano.a(libc_a-freer.o)
 .debug_frame   0x00002850       0x50 C:/ST/STM32CubeIDE_1.16.1/STM32CubeIDE/plugins/com.st.stm32cube.ide.mcu.externaltools.gnu-tools-for-stm32.12.3.rel1.win32_1.0.200.202406191623/tools/bin/../lib/gcc/arm-none-eabi/12.3.1/../../../../arm-none-eabi/lib/thumb/v7e-m+fp/hard\libc_nano.a(libc_a-mallocr.o)
 .debug_frame   0x000028a0       0x30 C:/ST/STM32CubeIDE_1.16.1/STM32CubeIDE/plugins/com.st.stm32cube.ide.mcu.externaltools.gnu-tools-for-stm32.12.3.rel1.win32_1.0.200.202406191623/tools/bin/../lib/gcc/arm-none-eabi/12.3.1/../../../../arm-none-eabi/lib/thumb/v7e-m+fp/hard\libc_nano.a(libc_a-mlock.o)
 .debug_frame   0x000028d0       0xa8 C:/ST/STM32CubeIDE_1.16.1/STM32CubeIDE/plugins/com.st.stm32cube.ide.mcu.externaltools.gnu-tools-for-stm32.12.3.rel1.win32_1.0.200.202406191623/tools/bin/../lib/gcc/arm-none-eabi/12.3.1/../../../../arm-none-eabi/lib/thumb/v7e-m+fp/hard\libc_nano.a(libc_a-nano-vfprintf.o)
 .debug_frame   0x00002978       0x60 C:/ST/STM32CubeIDE_1.16.1/STM32CubeIDE/plugins/com.st.stm32cube.ide.mcu.externaltools.gnu-tools-for-stm32.12.3.rel1.win32_1.0.200.202406191623/tools/bin/../lib/gcc/arm-none-eabi/12.3.1/../../../../arm-none-eabi/lib/thumb/v7e-m+fp/hard\libc_nano.a(libc_a-nano-vfprintf_i.o)
 .debug_frame   0x000029d8       0x5c C:/ST/STM32CubeIDE_1.16.1/STM32CubeIDE/plugins/com.st.stm32cube.ide.mcu.externaltools.gnu-tools-for-stm32.12.3.rel1.win32_1.0.200.202406191623/tools/bin/../lib/gcc/arm-none-eabi/12.3.1/../../../../arm-none-eabi/lib/thumb/v7e-m+fp/hard\libc_nano.a(libc_a-fflush.o)
 .debug_frame   0x00002a34       0x40 C:/ST/STM32CubeIDE_1.16.1/STM32CubeIDE/plugins/com.st.stm32cube.ide.mcu.externaltools.gnu-tools-for-stm32.12.3.rel1.win32_1.0.200.202406191623/tools/bin/../lib/gcc/arm-none-eabi/12.3.1/../../../../arm-none-eabi/lib/thumb/v7e-m+fp/hard\libc_nano.a(libc_a-wbuf.o)
 .debug_frame   0x00002a74       0x2c C:/ST/STM32CubeIDE_1.16.1/STM32CubeIDE/plugins/com.st.stm32cube.ide.mcu.externaltools.gnu-tools-for-stm32.12.3.rel1.win32_1.0.200.202406191623/tools/bin/../lib/gcc/arm-none-eabi/12.3.1/../../../../arm-none-eabi/lib/thumb/v7e-m+fp/hard\libc_nano.a(libc_a-wsetup.o)