2026-01-29 03:40:58,259 [ERROR] LogOutputStream:75 - [STDERR_REDIRECT] 
2026-01-29 12:28:59,154 [INFO] Activator:176 - 


2026-01-29 12:28:59,157 [INFO] Activator:177 - !SESSION log4j initialized
2026-01-29 12:29:08,259 [INFO] LogOutputStream:77 - [STDOUT_REDIRECT] 
2026-01-29 12:29:08,812 [ERROR] ConfigurationRetriever:142 - IOException on connection: sw-center.st.com
2026-01-29 12:29:08,813 [ERROR] ConfigurationRetriever:142 - IOException on connection: sw-center.st.com
2026-01-29 12:29:08,814 [ERROR] ConfigurationRetriever:142 - IOException on connection: sw-center.st.com
2026-01-29 12:29:08,824 [ERROR] ConfigurationRetriever:142 - IOException on connection: sw-center.st.com
2026-01-29 12:29:08,826 [ERROR] ConfigurationRetriever:142 - IOException on connection: sw-center.st.com
2026-01-29 12:29:08,827 [ERROR] ConfigurationRetriever:142 - IOException on connection: sw-center.st.com
2026-01-29 12:29:12,964 [INFO] ApplicationProperties:184 - Using Application install path: C:\ST\STM32CubeIDE_1.16.1\STM32CubeIDE\plugins\com.st.stm32cube.common.mx_6.12.1.202409122256
2026-01-29 12:29:13,021 [INFO] DbMcusXml:78 - Set database path to: C:\ST\STM32CubeIDE_1.16.1\STM32CubeIDE\plugins\com.st.stm32cube.common.mx_6.12.1.202409122256\\db\/mcu/
2026-01-29 12:29:13,022 [INFO] ApiDb:274 - Set plugin database path to: C:\ST\STM32CubeIDE_1.16.1\STM32CubeIDE\plugins\com.st.stm32cube.common.mx_6.12.1.202409122256\\db\/plugins/boardmanager/
2026-01-29 12:29:13,022 [WARN] ApiDb:259 - Overriding images path with different value:  => C:\ST\STM32CubeIDE_1.16.1\STM32CubeIDE\plugins\com.st.stm32cube.common.mx_6.12.1.202409122256\\db\/plugins/mcufinder/images/
2026-01-29 12:29:13,050 [INFO] ApiDb:250 - Set database path to: C:\Users\Jonat\.stmcufinder\plugins\mcufinder//mcu/
2026-01-29 12:29:13,053 [INFO] DbMcusAds:125 - Set database path to: C:\Users\Jonat\.stmcufinder\plugins\mcufinder//mcu/
2026-01-29 12:29:13,058 [INFO] CrossReferenceDbSqlite:203 - Set database path to: C:\Users\Jonat\.stmcufinder\plugins\mcufinder//mcu/cs/
2026-01-29 12:29:13,326 [INFO] RulesReader:64 - Compatibility file has been processed (297 Rules)
2026-01-29 12:29:13,560 [INFO] DbMcusXml:78 - Set database path to: C:\ST\STM32CubeIDE_1.16.1\STM32CubeIDE\plugins\com.st.stm32cube.common.mx_6.12.1.202409122256\\db\/mcu/
2026-01-29 12:29:13,560 [INFO] ApiDb:274 - Set plugin database path to: C:\ST\STM32CubeIDE_1.16.1\STM32CubeIDE\plugins\com.st.stm32cube.common.mx_6.12.1.202409122256\\db\/plugins/boardmanager/
2026-01-29 12:29:13,560 [INFO] ApiDb:261 - Set plugin images path to: C:\ST\STM32CubeIDE_1.16.1\STM32CubeIDE\plugins\com.st.stm32cube.common.mx_6.12.1.202409122256\\db\/plugins/mcufinder/images/
2026-01-29 12:29:13,561 [WARN] DbFile:41 - Overriding database path with different value: C:\Users\Jonat\.stmcufinder\plugins\mcufinder/ => C:\Users\Jonat\.stmcufinder\plugins\mcufinder
2026-01-29 12:29:13,561 [INFO] ApiDb:250 - Set database path to: C:\Users\Jonat\.stmcufinder\plugins\mcufinder//mcu/
2026-01-29 12:29:13,561 [WARN] DbFile:41 - Overriding database path with different value: C:\Users\Jonat\.stmcufinder\plugins\mcufinder/ => C:\Users\Jonat\.stmcufinder\plugins\mcufinder
2026-01-29 12:29:13,561 [INFO] DbMcusAds:125 - Set database path to: C:\Users\Jonat\.stmcufinder\plugins\mcufinder//mcu/
2026-01-29 12:29:13,561 [WARN] DbFile:41 - Overriding database path with different value: C:\Users\Jonat\.stmcufinder\plugins\mcufinder/ => C:\Users\Jonat\.stmcufinder\plugins\mcufinder
2026-01-29 12:29:13,561 [WARN] DbFile:41 - Overriding database path with different value: C:\Users\Jonat\.stmcufinder\plugins\mcufinder/ => C:\Users\Jonat\.stmcufinder\plugins\mcufinder
2026-01-29 12:29:13,561 [INFO] CrossReferenceDbSqlite:203 - Set database path to: C:\Users\Jonat\.stmcufinder\plugins\mcufinder//mcu/cs/
2026-01-29 12:29:13,740 [INFO] MainPanel:268 - HeapMemory: 268435456
2026-01-29 12:29:14,391 [INFO] DbMcusXml:78 - Set database path to: C:\ST\STM32CubeIDE_1.16.1\STM32CubeIDE\plugins\com.st.stm32cube.common.mx_6.12.1.202409122256\\db\/mcu/
2026-01-29 12:29:14,392 [INFO] ApiDb:274 - Set plugin database path to: C:\ST\STM32CubeIDE_1.16.1\STM32CubeIDE\plugins\com.st.stm32cube.common.mx_6.12.1.202409122256\\db\/plugins/boardmanager/
2026-01-29 12:29:14,392 [INFO] ApiDb:261 - Set plugin images path to: C:\ST\STM32CubeIDE_1.16.1\STM32CubeIDE\plugins\com.st.stm32cube.common.mx_6.12.1.202409122256\\db\/plugins/mcufinder/images/
2026-01-29 12:29:14,393 [WARN] DbFile:41 - Overriding database path with different value: C:\Users\Jonat\.stmcufinder\plugins\mcufinder/ => C:\Users\Jonat\.stmcufinder\plugins\mcufinder
2026-01-29 12:29:14,393 [INFO] ApiDb:250 - Set database path to: C:\Users\Jonat\.stmcufinder\plugins\mcufinder//mcu/
2026-01-29 12:29:14,393 [WARN] DbFile:41 - Overriding database path with different value: C:\Users\Jonat\.stmcufinder\plugins\mcufinder/ => C:\Users\Jonat\.stmcufinder\plugins\mcufinder
2026-01-29 12:29:14,393 [INFO] DbMcusAds:125 - Set database path to: C:\Users\Jonat\.stmcufinder\plugins\mcufinder//mcu/
2026-01-29 12:29:14,393 [WARN] DbFile:41 - Overriding database path with different value: C:\Users\Jonat\.stmcufinder\plugins\mcufinder/ => C:\Users\Jonat\.stmcufinder\plugins\mcufinder
2026-01-29 12:29:14,394 [WARN] DbFile:41 - Overriding database path with different value: C:\Users\Jonat\.stmcufinder\plugins\mcufinder/ => C:\Users\Jonat\.stmcufinder\plugins\mcufinder
2026-01-29 12:29:14,394 [INFO] CrossReferenceDbSqlite:203 - Set database path to: C:\Users\Jonat\.stmcufinder\plugins\mcufinder//mcu/cs/
2026-01-29 12:29:14,443 [INFO] ApplicationProperties:184 - Using Application install path: C:\ST\STM32CubeIDE_1.16.1\STM32CubeIDE\plugins\com.st.stm32cube.common.mx_6.12.1.202409122256
2026-01-29 12:29:14,448 [INFO] PluginManage:196 - Search for loadable plugins [exclusion list=, ]
2026-01-29 12:29:14,456 [INFO] PluginManage:310 - Check plugin analytics
2026-01-29 12:29:14,957 [INFO] AnalyticsPlugin:253 - Accepted Software Licenses: 
2026-01-29 12:29:14,958 [INFO] AnalyticsPlugin:255 - Accepted CMSIS Pack Licenses: 
2026-01-29 12:29:14,959 [INFO] AnalyticsPlugin:257 - Accepted Firmware Licenses: FW.L4.1.18.0
2026-01-29 12:29:14,965 [INFO] PluginManage:359 - Loaded plugin analytics (category:tool,tabindex:-1)
2026-01-29 12:29:14,965 [ERROR] ConfigurationRetriever:142 - IOException on connection: sw-center.st.com
2026-01-29 12:29:14,966 [INFO] PluginManage:310 - Check plugin cadmodel
2026-01-29 12:29:14,967 [ERROR] ConfigurationRetriever:142 - IOException on connection: sw-center.st.com
2026-01-29 12:29:14,968 [ERROR] ConfigurationRetriever:142 - IOException on connection: sw-center.st.com
2026-01-29 12:29:15,013 [INFO] CADModel:105 - Init CAD model plugin
2026-01-29 12:29:15,014 [INFO] PluginManage:359 - Loaded plugin cadmodel (category:power,tabindex:5)
2026-01-29 12:29:15,015 [INFO] PluginManage:310 - Check plugin clock
2026-01-29 12:29:15,087 [INFO] PluginManage:359 - Loaded plugin clock (category:base,tabindex:2)
2026-01-29 12:29:15,089 [INFO] PluginManage:310 - Check plugin ddr
2026-01-29 12:29:15,097 [INFO] PluginManage:359 - Loaded plugin ddr (category:tool,tabindex:6)
2026-01-29 12:29:15,098 [INFO] PluginManage:310 - Check plugin filemanager
2026-01-29 12:29:15,588 [INFO] PluginManage:359 - Loaded plugin filemanager (category:base,tabindex:10)
2026-01-29 12:29:15,589 [INFO] PluginManage:310 - Check plugin ipmanager
2026-01-29 12:29:15,616 [INFO] PluginManage:359 - Loaded plugin ipmanager (category:base,tabindex:5)
2026-01-29 12:29:15,618 [INFO] PluginManage:310 - Check plugin lpbam
2026-01-29 12:29:15,687 [INFO] PluginManage:359 - Loaded plugin lpbam (category:base,tabindex:0)
2026-01-29 12:29:15,688 [INFO] PluginManage:310 - Check plugin memorymap
2026-01-29 12:29:15,783 [INFO] PluginManage:359 - Loaded plugin memorymap (category:base,tabindex:4)
2026-01-29 12:29:15,784 [INFO] PluginManage:310 - Check plugin pinoutandconfiguration
2026-01-29 12:29:15,859 [INFO] PluginManage:359 - Loaded plugin pinoutandconfiguration (category:base,tabindex:1)
2026-01-29 12:29:15,860 [INFO] PluginManage:310 - Check plugin pinoutconfig
2026-01-29 12:29:16,149 [WARN] SupportedApi:132 - Cannot load RTOS API schema: s4s-elt-must-match.1: The content of 'definitions' must match (annotation?, (simpleType | complexType)?, (unique | key | keyref)*)). A problem was found starting at: attribute.
2026-01-29 12:29:16,510 [INFO] PluginManage:359 - Loaded plugin pinoutconfig (category:base,tabindex:0)
2026-01-29 12:29:16,510 [INFO] PluginManage:310 - Check plugin power
2026-01-29 12:29:16,572 [INFO] PluginManage:359 - Loaded plugin power (category:power,tabindex:4)
2026-01-29 12:29:16,572 [INFO] PluginManage:310 - Check plugin projectmanager
2026-01-29 12:29:16,615 [INFO] PluginManage:359 - Loaded plugin projectmanager (category:projectmanager,tabindex:4)
2026-01-29 12:29:16,615 [INFO] PluginManage:310 - Check plugin rif
2026-01-29 12:29:16,673 [INFO] PluginManage:359 - Loaded plugin rif (category:base,tabindex:3)
2026-01-29 12:29:16,674 [INFO] PluginManage:310 - Check plugin thirdparty
2026-01-29 12:29:17,521 [INFO] PluginManage:359 - Loaded plugin thirdparty (category:base,tabindex:-1)
2026-01-29 12:29:17,521 [WARN] IntegrityCheckThread:84 - waiting for thirdparty lock release [integrity check]
2026-01-29 12:29:17,521 [INFO] PluginManage:310 - Check plugin tools
2026-01-29 12:29:17,522 [INFO] IntegrityCheckThread:86 - entering critical section [integrity check]
2026-01-29 12:29:17,523 [INFO] ThirdPartyUpdaterWithRetryManager:70 - Updater plugin not ready yet. [1/15]
2026-01-29 12:29:17,637 [INFO] PluginManage:359 - Loaded plugin tools (category:base,tabindex:7)
2026-01-29 12:29:17,638 [INFO] PluginManage:310 - Check plugin tutovideos
2026-01-29 12:29:18,254 [INFO] PluginManage:359 - Loaded plugin tutovideos (category:base,tabindex:-1)
2026-01-29 12:29:18,255 [INFO] PluginManage:310 - Check plugin updater
2026-01-29 12:29:18,307 [INFO] PluginManage:359 - Loaded plugin updater (category:base,tabindex:12)
2026-01-29 12:29:18,308 [INFO] PluginManage:310 - Check plugin userauth
2026-01-29 12:29:18,323 [INFO] UserAuth:113 - Init User Auth plugin
2026-01-29 12:29:18,324 [INFO] PluginManage:359 - Loaded plugin userauth (category:base,tabindex:14)
2026-01-29 12:29:18,325 [INFO] PluginManage:283 - PluginManage : Loaded plugins [18]
2026-01-29 12:29:18,922 [INFO] PinOutPanel:1561 - setPackage(No Configuration,No Configuration)
2026-01-29 12:29:19,175 [INFO] CADModel:165 - CPN selected for project level
2026-01-29 12:29:19,176 [INFO] CADModel:114 - Register for checkConnection events
2026-01-29 12:29:19,275 [INFO] IPUIPlugin:80 - create IPUIPlugin
2026-01-29 12:29:19,276 [INFO] PluginManager:220 - loadIPPluginJar : add adc
2026-01-29 12:29:19,441 [INFO] IPUIPlugin:80 - create IPUIPlugin
2026-01-29 12:29:19,442 [INFO] PluginManager:220 - loadIPPluginJar : add aes
2026-01-29 12:29:19,633 [INFO] IPUIPlugin:80 - create IPUIPlugin
2026-01-29 12:29:19,634 [INFO] PluginManager:220 - loadIPPluginJar : add can
2026-01-29 12:29:19,744 [INFO] IPUIPlugin:80 - create IPUIPlugin
2026-01-29 12:29:19,744 [INFO] PluginManager:220 - loadIPPluginJar : add comp
2026-01-29 12:29:19,928 [INFO] IPUIPlugin:80 - create IPUIPlugin
2026-01-29 12:29:19,928 [INFO] PluginManager:220 - loadIPPluginJar : add cryp
2026-01-29 12:29:20,002 [INFO] IPUIPlugin:80 - create IPUIPlugin
2026-01-29 12:29:20,002 [INFO] PluginManager:220 - loadIPPluginJar : add ddr_ctrl_phy
2026-01-29 12:29:20,130 [INFO] IPUIPlugin:80 - create IPUIPlugin
2026-01-29 12:29:20,131 [INFO] PluginManager:220 - loadIPPluginJar : add dfsdm
2026-01-29 12:29:20,210 [INFO] IPUIPlugin:80 - create IPUIPlugin
2026-01-29 12:29:20,212 [INFO] PluginManager:220 - loadIPPluginJar : add dma
2026-01-29 12:29:20,439 [INFO] IPUIPlugin:80 - create IPUIPlugin
2026-01-29 12:29:20,440 [INFO] PluginManager:220 - loadIPPluginJar : add dma3
2026-01-29 12:29:20,523 [INFO] ThirdPartyUpdaterWithRetryManager:70 - Updater plugin not ready yet. [2/15]
2026-01-29 12:29:20,651 [INFO] IPUIPlugin:80 - create IPUIPlugin
2026-01-29 12:29:20,652 [INFO] PluginManager:220 - loadIPPluginJar : add extmemmanager
2026-01-29 12:29:20,798 [INFO] IPUIPlugin:80 - create IPUIPlugin
2026-01-29 12:29:20,798 [INFO] PluginManager:220 - loadIPPluginJar : add fatfs
2026-01-29 12:29:21,019 [INFO] IPUIPlugin:80 - create IPUIPlugin
2026-01-29 12:29:21,020 [INFO] PluginManager:220 - loadIPPluginJar : add fmc
2026-01-29 12:29:21,101 [INFO] IPUIPlugin:80 - create IPUIPlugin
2026-01-29 12:29:21,102 [INFO] PluginManager:220 - loadIPPluginJar : add freertos
2026-01-29 12:29:21,193 [INFO] IPUIPlugin:80 - create IPUIPlugin
2026-01-29 12:29:21,194 [INFO] PluginManager:220 - loadIPPluginJar : add genericplugin
2026-01-29 12:29:21,622 [INFO] IPUIPlugin:80 - create IPUIPlugin
2026-01-29 12:29:21,622 [INFO] PluginManager:220 - loadIPPluginJar : add gfxmmu
2026-01-29 12:29:22,397 [INFO] IPUIPlugin:80 - create IPUIPlugin
2026-01-29 12:29:22,397 [INFO] PluginManager:220 - loadIPPluginJar : add gic
2026-01-29 12:29:22,445 [INFO] IPUIPlugin:80 - create IPUIPlugin
2026-01-29 12:29:22,447 [INFO] PluginManager:220 - loadIPPluginJar : add gpio
2026-01-29 12:29:22,964 [INFO] IPUIPlugin:80 - create IPUIPlugin
2026-01-29 12:29:22,965 [INFO] PluginManager:220 - loadIPPluginJar : add gtzc
2026-01-29 12:29:23,090 [INFO] IPUIPlugin:80 - create IPUIPlugin
2026-01-29 12:29:23,090 [INFO] PluginManager:220 - loadIPPluginJar : add hash
2026-01-29 12:29:23,367 [INFO] IPUIPlugin:80 - create IPUIPlugin
2026-01-29 12:29:23,368 [INFO] PluginManager:220 - loadIPPluginJar : add i2c
2026-01-29 12:29:23,522 [INFO] IPUIPlugin:80 - create IPUIPlugin
2026-01-29 12:29:23,523 [INFO] PluginManager:220 - loadIPPluginJar : add i2s
2026-01-29 12:29:23,525 [INFO] ThirdPartyUpdaterWithRetryManager:70 - Updater plugin not ready yet. [3/15]
2026-01-29 12:29:23,737 [INFO] IPUIPlugin:80 - create IPUIPlugin
2026-01-29 12:29:23,737 [INFO] PluginManager:220 - loadIPPluginJar : add i3c
2026-01-29 12:29:24,118 [INFO] IPUIPlugin:80 - create IPUIPlugin
2026-01-29 12:29:24,119 [INFO] PluginManager:220 - loadIPPluginJar : add ipddr
2026-01-29 12:29:24,522 [INFO] IPUIPlugin:80 - create IPUIPlugin
2026-01-29 12:29:24,523 [INFO] PluginManager:220 - loadIPPluginJar : add linkedlist
2026-01-29 12:29:24,683 [INFO] IPUIPlugin:80 - create IPUIPlugin
2026-01-29 12:29:24,683 [INFO] PluginManager:220 - loadIPPluginJar : add lorawan
2026-01-29 12:29:24,854 [INFO] IPUIPlugin:80 - create IPUIPlugin
2026-01-29 12:29:24,854 [INFO] PluginManager:220 - loadIPPluginJar : add ltdc
2026-01-29 12:29:24,901 [INFO] IPUIPlugin:80 - create IPUIPlugin
2026-01-29 12:29:24,902 [INFO] PluginManager:220 - loadIPPluginJar : add mdma
2026-01-29 12:29:24,944 [INFO] IPUIPlugin:80 - create IPUIPlugin
2026-01-29 12:29:24,944 [INFO] PluginManager:220 - loadIPPluginJar : add nvic
2026-01-29 12:29:25,108 [INFO] IPUIPlugin:80 - create IPUIPlugin
2026-01-29 12:29:25,109 [INFO] PluginManager:220 - loadIPPluginJar : add opamp
2026-01-29 12:29:25,421 [INFO] IPUIPlugin:80 - create IPUIPlugin
2026-01-29 12:29:25,422 [INFO] PluginManager:220 - loadIPPluginJar : add openamp
2026-01-29 12:29:25,626 [INFO] IPUIPlugin:80 - create IPUIPlugin
2026-01-29 12:29:25,626 [INFO] PluginManager:220 - loadIPPluginJar : add pdm2pcm
2026-01-29 12:29:25,676 [INFO] IPUIPlugin:80 - create IPUIPlugin
2026-01-29 12:29:25,683 [INFO] PluginManager:220 - loadIPPluginJar : add plateformsettings
2026-01-29 12:29:25,786 [INFO] IPUIPlugin:80 - create IPUIPlugin
2026-01-29 12:29:25,787 [INFO] PluginManager:220 - loadIPPluginJar : add quadspi
2026-01-29 12:29:25,905 [INFO] IPUIPlugin:80 - create IPUIPlugin
2026-01-29 12:29:25,907 [INFO] PluginManager:220 - loadIPPluginJar : add radio
2026-01-29 12:29:25,968 [INFO] IPUIPlugin:80 - create IPUIPlugin
2026-01-29 12:29:25,968 [INFO] PluginManager:220 - loadIPPluginJar : add resmgrutility
2026-01-29 12:29:26,170 [INFO] IPUIPlugin:80 - create IPUIPlugin
2026-01-29 12:29:26,171 [INFO] PluginManager:220 - loadIPPluginJar : add sai
2026-01-29 12:29:26,317 [INFO] IPUIPlugin:80 - create IPUIPlugin
2026-01-29 12:29:26,318 [INFO] PluginManager:220 - loadIPPluginJar : add spi
2026-01-29 12:29:26,526 [INFO] ThirdPartyUpdaterWithRetryManager:70 - Updater plugin not ready yet. [4/15]
2026-01-29 12:29:26,583 [INFO] IPUIPlugin:80 - create IPUIPlugin
2026-01-29 12:29:26,583 [INFO] PluginManager:220 - loadIPPluginJar : add stm32_wpan
2026-01-29 12:29:26,683 [INFO] IPUIPlugin:80 - create IPUIPlugin
2026-01-29 12:29:26,683 [INFO] PluginManager:220 - loadIPPluginJar : add tim
2026-01-29 12:29:26,983 [INFO] IPUIPlugin:80 - create IPUIPlugin
2026-01-29 12:29:26,983 [INFO] PluginManager:220 - loadIPPluginJar : add touchsensing
2026-01-29 12:29:27,081 [INFO] IPUIPlugin:80 - create IPUIPlugin
2026-01-29 12:29:27,082 [INFO] PluginManager:220 - loadIPPluginJar : add tracer_emb
2026-01-29 12:29:27,202 [INFO] IPUIPlugin:80 - create IPUIPlugin
2026-01-29 12:29:27,203 [INFO] PluginManager:220 - loadIPPluginJar : add ts
2026-01-29 12:29:27,284 [INFO] IPUIPlugin:80 - create IPUIPlugin
2026-01-29 12:29:27,285 [INFO] PluginManager:220 - loadIPPluginJar : add tsc
2026-01-29 12:29:27,368 [INFO] IPUIPlugin:80 - create IPUIPlugin
2026-01-29 12:29:27,369 [INFO] PluginManager:220 - loadIPPluginJar : add ucpd
2026-01-29 12:29:27,524 [INFO] IPUIPlugin:80 - create IPUIPlugin
2026-01-29 12:29:27,525 [INFO] PluginManager:220 - loadIPPluginJar : add usart
2026-01-29 12:29:27,694 [INFO] IPUIPlugin:80 - create IPUIPlugin
2026-01-29 12:29:27,694 [INFO] PluginManager:220 - loadIPPluginJar : add usbx
2026-01-29 12:29:27,939 [INFO] CADModel:165 - CPN selected for project level
2026-01-29 12:29:27,940 [INFO] CADModel:114 - Register for checkConnection events
2026-01-29 12:29:27,941 [FATAL] Updater:334 - Updater called before beeing initialized
2026-01-29 12:29:27,941 [ERROR] CADModel:125 - Updater not yet initialized, retry later 
2026-01-29 12:29:28,360 [INFO] CADModel:165 - CPN selected for project level
2026-01-29 12:29:28,360 [INFO] CADModel:114 - Register for checkConnection events
2026-01-29 12:29:28,360 [FATAL] Updater:334 - Updater called before beeing initialized
2026-01-29 12:29:28,360 [ERROR] CADModel:125 - Updater not yet initialized, retry later 
2026-01-29 12:29:28,371 [FATAL] Updater:334 - Updater called before beeing initialized
2026-01-29 12:29:28,655 [FATAL] Updater:334 - Updater called before beeing initialized
2026-01-29 12:29:28,689 [INFO] DbMcusAds:53 - JSON generation date=Thu Jan 08 07:56:59 PST 2026 (1767887819573)
2026-01-29 12:29:28,689 [FATAL] Updater:334 - Updater called before beeing initialized
2026-01-29 12:29:28,789 [WARN] DetailPanel:346 - Failed to get advertising image, set to default
2026-01-29 12:29:29,035 [FATAL] Updater:334 - Updater called before beeing initialized
2026-01-29 12:29:29,040 [FATAL] Updater:334 - Updater called before beeing initialized
2026-01-29 12:29:29,040 [FATAL] Updater:334 - Updater called before beeing initialized
2026-01-29 12:29:29,040 [WARN] DetailPanel:346 - Failed to get advertising image, set to default
2026-01-29 12:29:29,042 [FATAL] Updater:334 - Updater called before beeing initialized
2026-01-29 12:29:29,214 [ERROR] Updater:1164 - MainUpdater not yet initialized. External WinMGr cannot be set.
2026-01-29 12:29:29,244 [INFO] Updater:1100 - Updater Version found : 6.12.1
2026-01-29 12:29:29,305 [INFO] ApplicationProperties:184 - Using Application install path: C:\ST\STM32CubeIDE_1.16.1\STM32CubeIDE\plugins\com.st.stm32cube.common.mx_6.12.1.202409122256
2026-01-29 12:29:29,527 [INFO] ThirdPartyUpdaterWithRetryManager:70 - Updater plugin not ready yet. [5/15]
2026-01-29 12:29:30,942 [ERROR] LogOutputStream:75 - [STDERR_REDIRECT] Jan 29, 2026 12:29:30 PM java.util.prefs.WindowsPreferences <init>
2026-01-29 12:29:30,945 [ERROR] LogOutputStream:75 - [STDERR_REDIRECT] WARNING: Could not open/create prefs root node Software\JavaSoft\Prefs at root 0xffffffff80000002. Windows RegCreateKeyEx(...) returned error code 5.
2026-01-29 12:29:30,946 [ERROR] LogOutputStream:75 - [STDERR_REDIRECT] 
2026-01-29 12:29:32,530 [FATAL] Updater:334 - Updater called before beeing initialized
2026-01-29 12:29:32,530 [ERROR] IntegrityCheckThread:130 - Cannot retrieve database content from updater: error 21
2026-01-29 12:29:32,531 [INFO] ThirdParty:978 - Integrity check success = false
2026-01-29 12:29:32,531 [INFO] IntegrityCheckThread:100 - exiting critical section [integrity check]
2026-01-29 12:29:32,531 [INFO] IntegrityCheckThread:103 - End integrity checks thread
2026-01-29 12:29:32,535 [INFO] MainUpdater:2873 - connection check result : 10
2026-01-29 12:29:32,536 [INFO] MainUpdater:290 - Updater Check For Update Now.
2026-01-29 12:29:32,537 [INFO] MicroXplorer:498 - Change Database Version : DB.6.0.121
2026-01-29 12:29:32,576 [INFO] McuFinderGlobals:63 - Set McuFinder mode to 2 (CubeIDE integrated)
2026-01-29 12:29:32,600 [INFO] UserAuth:417 - Internet connection configuration mode: 1
2026-01-29 12:29:32,704 [INFO] JxBrowserEngine:152 - Initiate JxBrowser Engine with user profile folder
2026-01-29 12:29:32,928 [INFO] CheckServerUpdateThread:120 - End of CheckServer Thread
2026-01-29 12:29:43,167 [INFO] WebApp:167 - Instantiating new browser for Auth
2026-01-29 12:29:45,471 [INFO] WebApp:448 - Apply proxy settings
2026-01-29 12:29:45,475 [INFO] WebApp:533 - Chromium requires no authentication
2026-01-29 12:29:45,500 [INFO] WebApp:476 - Direct internet connection detected
2026-01-29 12:29:45,567 [INFO] WebApp:869 - Register for checkConnection events
2026-01-29 12:29:45,567 [INFO] WebApp:448 - Apply proxy settings
2026-01-29 12:29:45,567 [INFO] WebApp:533 - Chromium requires no authentication
2026-01-29 12:29:45,570 [INFO] WebApp:476 - Direct internet connection detected
2026-01-29 12:29:45,739 [INFO] WebApp:186 - Connection restablished
2026-01-29 12:29:46,166 [INFO] WebApp:220 - Starting web application
2026-01-29 12:29:46,166 [INFO] WebApp:578 - Web application path used C:\ST\STM32CubeIDE_1.16.1\STM32CubeIDE\plugins\com.st.stm32cube.common.mx_6.12.1.202409122256\db\plugins\mcufinder\reactClient1\index.html
2026-01-29 12:29:46,523 [INFO] UserAuth:417 - Internet connection configuration mode: 1
2026-01-29 19:34:16,562 [INFO] Activator:176 - 


2026-01-29 19:34:16,568 [INFO] Activator:177 - !SESSION log4j initialized
2026-01-29 19:34:26,749 [INFO] LogOutputStream:77 - [STDOUT_REDIRECT] 
2026-01-29 19:34:31,376 [INFO] ApplicationProperties:184 - Using Application install path: C:\ST\STM32CubeIDE_1.16.1\STM32CubeIDE\plugins\com.st.stm32cube.common.mx_6.12.1.202409122256
2026-01-29 19:34:31,410 [INFO] DbMcusXml:78 - Set database path to: C:\ST\STM32CubeIDE_1.16.1\STM32CubeIDE\plugins\com.st.stm32cube.common.mx_6.12.1.202409122256\\db\/mcu/
2026-01-29 19:34:31,411 [INFO] ApiDb:274 - Set plugin database path to: C:\ST\STM32CubeIDE_1.16.1\STM32CubeIDE\plugins\com.st.stm32cube.common.mx_6.12.1.202409122256\\db\/plugins/boardmanager/
2026-01-29 19:34:31,411 [WARN] ApiDb:259 - Overriding images path with different value:  => C:\ST\STM32CubeIDE_1.16.1\STM32CubeIDE\plugins\com.st.stm32cube.common.mx_6.12.1.202409122256\\db\/plugins/mcufinder/images/
2026-01-29 19:34:31,435 [INFO] ApiDb:250 - Set database path to: C:\Users\Jonat\.stmcufinder\plugins\mcufinder//mcu/
2026-01-29 19:34:31,437 [INFO] DbMcusAds:125 - Set database path to: C:\Users\Jonat\.stmcufinder\plugins\mcufinder//mcu/
2026-01-29 19:34:31,440 [INFO] CrossReferenceDbSqlite:203 - Set database path to: C:\Users\Jonat\.stmcufinder\plugins\mcufinder//mcu/cs/
2026-01-29 19:34:31,705 [INFO] RulesReader:64 - Compatibility file has been processed (297 Rules)
2026-01-29 19:34:31,895 [INFO] DbMcusXml:78 - Set database path to: C:\ST\STM32CubeIDE_1.16.1\STM32CubeIDE\plugins\com.st.stm32cube.common.mx_6.12.1.202409122256\\db\/mcu/
2026-01-29 19:34:31,895 [INFO] ApiDb:274 - Set plugin database path to: C:\ST\STM32CubeIDE_1.16.1\STM32CubeIDE\plugins\com.st.stm32cube.common.mx_6.12.1.202409122256\\db\/plugins/boardmanager/
2026-01-29 19:34:31,895 [INFO] ApiDb:261 - Set plugin images path to: C:\ST\STM32CubeIDE_1.16.1\STM32CubeIDE\plugins\com.st.stm32cube.common.mx_6.12.1.202409122256\\db\/plugins/mcufinder/images/
2026-01-29 19:34:31,895 [WARN] DbFile:41 - Overriding database path with different value: C:\Users\Jonat\.stmcufinder\plugins\mcufinder/ => C:\Users\Jonat\.stmcufinder\plugins\mcufinder
2026-01-29 19:34:31,895 [INFO] ApiDb:250 - Set database path to: C:\Users\Jonat\.stmcufinder\plugins\mcufinder//mcu/
2026-01-29 19:34:31,895 [WARN] DbFile:41 - Overriding database path with different value: C:\Users\Jonat\.stmcufinder\plugins\mcufinder/ => C:\Users\Jonat\.stmcufinder\plugins\mcufinder
2026-01-29 19:34:31,895 [INFO] DbMcusAds:125 - Set database path to: C:\Users\Jonat\.stmcufinder\plugins\mcufinder//mcu/
2026-01-29 19:34:31,895 [WARN] DbFile:41 - Overriding database path with different value: C:\Users\Jonat\.stmcufinder\plugins\mcufinder/ => C:\Users\Jonat\.stmcufinder\plugins\mcufinder
2026-01-29 19:34:31,895 [WARN] DbFile:41 - Overriding database path with different value: C:\Users\Jonat\.stmcufinder\plugins\mcufinder/ => C:\Users\Jonat\.stmcufinder\plugins\mcufinder
2026-01-29 19:34:31,895 [INFO] CrossReferenceDbSqlite:203 - Set database path to: C:\Users\Jonat\.stmcufinder\plugins\mcufinder//mcu/cs/
2026-01-29 19:34:32,078 [INFO] MainPanel:268 - HeapMemory: 268435456
2026-01-29 19:34:32,366 [INFO] DbMcusXml:78 - Set database path to: C:\ST\STM32CubeIDE_1.16.1\STM32CubeIDE\plugins\com.st.stm32cube.common.mx_6.12.1.202409122256\\db\/mcu/
2026-01-29 19:34:32,366 [INFO] ApiDb:274 - Set plugin database path to: C:\ST\STM32CubeIDE_1.16.1\STM32CubeIDE\plugins\com.st.stm32cube.common.mx_6.12.1.202409122256\\db\/plugins/boardmanager/
2026-01-29 19:34:32,366 [INFO] ApiDb:261 - Set plugin images path to: C:\ST\STM32CubeIDE_1.16.1\STM32CubeIDE\plugins\com.st.stm32cube.common.mx_6.12.1.202409122256\\db\/plugins/mcufinder/images/
2026-01-29 19:34:32,367 [WARN] DbFile:41 - Overriding database path with different value: C:\Users\Jonat\.stmcufinder\plugins\mcufinder/ => C:\Users\Jonat\.stmcufinder\plugins\mcufinder
2026-01-29 19:34:32,367 [INFO] ApiDb:250 - Set database path to: C:\Users\Jonat\.stmcufinder\plugins\mcufinder//mcu/
2026-01-29 19:34:32,367 [WARN] DbFile:41 - Overriding database path with different value: C:\Users\Jonat\.stmcufinder\plugins\mcufinder/ => C:\Users\Jonat\.stmcufinder\plugins\mcufinder
2026-01-29 19:34:32,367 [INFO] DbMcusAds:125 - Set database path to: C:\Users\Jonat\.stmcufinder\plugins\mcufinder//mcu/
2026-01-29 19:34:32,367 [WARN] DbFile:41 - Overriding database path with different value: C:\Users\Jonat\.stmcufinder\plugins\mcufinder/ => C:\Users\Jonat\.stmcufinder\plugins\mcufinder
2026-01-29 19:34:32,367 [WARN] DbFile:41 - Overriding database path with different value: C:\Users\Jonat\.stmcufinder\plugins\mcufinder/ => C:\Users\Jonat\.stmcufinder\plugins\mcufinder
2026-01-29 19:34:32,367 [INFO] CrossReferenceDbSqlite:203 - Set database path to: C:\Users\Jonat\.stmcufinder\plugins\mcufinder//mcu/cs/
2026-01-29 19:34:32,410 [INFO] ApplicationProperties:184 - Using Application install path: C:\ST\STM32CubeIDE_1.16.1\STM32CubeIDE\plugins\com.st.stm32cube.common.mx_6.12.1.202409122256
2026-01-29 19:34:32,412 [INFO] PluginManage:196 - Search for loadable plugins [exclusion list=, ]
2026-01-29 19:34:32,418 [INFO] PluginManage:310 - Check plugin analytics
2026-01-29 19:34:32,626 [INFO] AnalyticsPlugin:253 - Accepted Software Licenses: 
2026-01-29 19:34:32,627 [INFO] AnalyticsPlugin:255 - Accepted CMSIS Pack Licenses: 
2026-01-29 19:34:32,627 [INFO] AnalyticsPlugin:257 - Accepted Firmware Licenses: FW.L4.1.18.0
2026-01-29 19:34:32,629 [INFO] PluginManage:359 - Loaded plugin analytics (category:tool,tabindex:-1)
2026-01-29 19:34:32,629 [INFO] PluginManage:310 - Check plugin cadmodel
2026-01-29 19:34:32,656 [INFO] CADModel:105 - Init CAD model plugin
2026-01-29 19:34:32,656 [INFO] PluginManage:359 - Loaded plugin cadmodel (category:power,tabindex:5)
2026-01-29 19:34:32,656 [INFO] PluginManage:310 - Check plugin clock
2026-01-29 19:34:32,703 [INFO] PluginManage:359 - Loaded plugin clock (category:base,tabindex:2)
2026-01-29 19:34:32,703 [INFO] PluginManage:310 - Check plugin ddr
2026-01-29 19:34:32,707 [INFO] PluginManage:359 - Loaded plugin ddr (category:tool,tabindex:6)
2026-01-29 19:34:32,708 [INFO] PluginManage:310 - Check plugin filemanager
2026-01-29 19:34:33,020 [INFO] PluginManage:359 - Loaded plugin filemanager (category:base,tabindex:10)
2026-01-29 19:34:33,020 [INFO] PluginManage:310 - Check plugin ipmanager
2026-01-29 19:34:33,030 [INFO] PluginManage:359 - Loaded plugin ipmanager (category:base,tabindex:5)
2026-01-29 19:34:33,030 [INFO] PluginManage:310 - Check plugin lpbam
2026-01-29 19:34:33,056 [INFO] PluginManage:359 - Loaded plugin lpbam (category:base,tabindex:0)
2026-01-29 19:34:33,056 [INFO] PluginManage:310 - Check plugin memorymap
2026-01-29 19:34:33,124 [INFO] PluginManage:359 - Loaded plugin memorymap (category:base,tabindex:4)
2026-01-29 19:34:33,124 [INFO] PluginManage:310 - Check plugin pinoutandconfiguration
2026-01-29 19:34:33,151 [INFO] PluginManage:359 - Loaded plugin pinoutandconfiguration (category:base,tabindex:1)
2026-01-29 19:34:33,152 [INFO] PluginManage:310 - Check plugin pinoutconfig
2026-01-29 19:34:33,286 [WARN] SupportedApi:132 - Cannot load RTOS API schema: s4s-elt-must-match.1: The content of 'definitions' must match (annotation?, (simpleType | complexType)?, (unique | key | keyref)*)). A problem was found starting at: attribute.
2026-01-29 19:34:33,528 [INFO] PluginManage:359 - Loaded plugin pinoutconfig (category:base,tabindex:0)
2026-01-29 19:34:33,528 [INFO] PluginManage:310 - Check plugin power
2026-01-29 19:34:33,571 [INFO] PluginManage:359 - Loaded plugin power (category:power,tabindex:4)
2026-01-29 19:34:33,571 [INFO] PluginManage:310 - Check plugin projectmanager
2026-01-29 19:34:33,589 [INFO] PluginManage:359 - Loaded plugin projectmanager (category:projectmanager,tabindex:4)
2026-01-29 19:34:33,589 [INFO] PluginManage:310 - Check plugin rif
2026-01-29 19:34:33,618 [INFO] PluginManage:359 - Loaded plugin rif (category:base,tabindex:3)
2026-01-29 19:34:33,618 [INFO] PluginManage:310 - Check plugin thirdparty
2026-01-29 19:34:34,336 [INFO] PluginManage:359 - Loaded plugin thirdparty (category:base,tabindex:-1)
2026-01-29 19:34:34,336 [INFO] PluginManage:310 - Check plugin tools
2026-01-29 19:34:34,337 [WARN] IntegrityCheckThread:84 - waiting for thirdparty lock release [integrity check]
2026-01-29 19:34:34,337 [INFO] IntegrityCheckThread:86 - entering critical section [integrity check]
2026-01-29 19:34:34,337 [INFO] ThirdPartyUpdaterWithRetryManager:70 - Updater plugin not ready yet. [1/15]
2026-01-29 19:34:34,412 [INFO] PluginManage:359 - Loaded plugin tools (category:base,tabindex:7)
2026-01-29 19:34:34,412 [INFO] PluginManage:310 - Check plugin tutovideos
2026-01-29 19:34:34,799 [INFO] PluginManage:359 - Loaded plugin tutovideos (category:base,tabindex:-1)
2026-01-29 19:34:34,799 [INFO] PluginManage:310 - Check plugin updater
2026-01-29 19:34:34,846 [INFO] PluginManage:359 - Loaded plugin updater (category:base,tabindex:12)
2026-01-29 19:34:34,846 [INFO] PluginManage:310 - Check plugin userauth
2026-01-29 19:34:34,857 [INFO] UserAuth:113 - Init User Auth plugin
2026-01-29 19:34:34,857 [INFO] PluginManage:359 - Loaded plugin userauth (category:base,tabindex:14)
2026-01-29 19:34:34,857 [INFO] PluginManage:283 - PluginManage : Loaded plugins [18]
2026-01-29 19:34:35,256 [INFO] PinOutPanel:1561 - setPackage(No Configuration,No Configuration)
2026-01-29 19:34:35,419 [INFO] CADModel:165 - CPN selected for project level
2026-01-29 19:34:35,419 [INFO] CADModel:114 - Register for checkConnection events
2026-01-29 19:34:35,500 [INFO] IPUIPlugin:80 - create IPUIPlugin
2026-01-29 19:34:35,500 [INFO] PluginManager:220 - loadIPPluginJar : add adc
2026-01-29 19:34:35,606 [INFO] IPUIPlugin:80 - create IPUIPlugin
2026-01-29 19:34:35,607 [INFO] PluginManager:220 - loadIPPluginJar : add aes
2026-01-29 19:34:35,709 [INFO] IPUIPlugin:80 - create IPUIPlugin
2026-01-29 19:34:35,709 [INFO] PluginManager:220 - loadIPPluginJar : add can
2026-01-29 19:34:35,773 [INFO] IPUIPlugin:80 - create IPUIPlugin
2026-01-29 19:34:35,773 [INFO] PluginManager:220 - loadIPPluginJar : add comp
2026-01-29 19:34:35,903 [INFO] IPUIPlugin:80 - create IPUIPlugin
2026-01-29 19:34:35,904 [INFO] PluginManager:220 - loadIPPluginJar : add cryp
2026-01-29 19:34:35,970 [INFO] IPUIPlugin:80 - create IPUIPlugin
2026-01-29 19:34:35,971 [INFO] PluginManager:220 - loadIPPluginJar : add ddr_ctrl_phy
2026-01-29 19:34:36,069 [INFO] IPUIPlugin:80 - create IPUIPlugin
2026-01-29 19:34:36,070 [INFO] PluginManager:220 - loadIPPluginJar : add dfsdm
2026-01-29 19:34:36,124 [INFO] IPUIPlugin:80 - create IPUIPlugin
2026-01-29 19:34:36,125 [INFO] PluginManager:220 - loadIPPluginJar : add dma
2026-01-29 19:34:36,428 [INFO] IPUIPlugin:80 - create IPUIPlugin
2026-01-29 19:34:36,429 [INFO] PluginManager:220 - loadIPPluginJar : add dma3
2026-01-29 19:34:36,660 [INFO] IPUIPlugin:80 - create IPUIPlugin
2026-01-29 19:34:36,660 [INFO] PluginManager:220 - loadIPPluginJar : add extmemmanager
2026-01-29 19:34:36,698 [INFO] IPUIPlugin:80 - create IPUIPlugin
2026-01-29 19:34:36,698 [INFO] PluginManager:220 - loadIPPluginJar : add fatfs
2026-01-29 19:34:37,124 [INFO] IPUIPlugin:80 - create IPUIPlugin
2026-01-29 19:34:37,124 [INFO] PluginManager:220 - loadIPPluginJar : add fmc
2026-01-29 19:34:37,193 [INFO] IPUIPlugin:80 - create IPUIPlugin
2026-01-29 19:34:37,193 [INFO] PluginManager:220 - loadIPPluginJar : add freertos
2026-01-29 19:34:37,223 [INFO] IPUIPlugin:80 - create IPUIPlugin
2026-01-29 19:34:37,224 [INFO] PluginManager:220 - loadIPPluginJar : add genericplugin
2026-01-29 19:34:37,349 [INFO] ThirdPartyUpdaterWithRetryManager:70 - Updater plugin not ready yet. [2/15]
2026-01-29 19:34:37,592 [INFO] IPUIPlugin:80 - create IPUIPlugin
2026-01-29 19:34:37,593 [INFO] PluginManager:220 - loadIPPluginJar : add gfxmmu
2026-01-29 19:34:38,671 [INFO] IPUIPlugin:80 - create IPUIPlugin
2026-01-29 19:34:38,671 [INFO] PluginManager:220 - loadIPPluginJar : add gic
2026-01-29 19:34:38,723 [INFO] IPUIPlugin:80 - create IPUIPlugin
2026-01-29 19:34:38,724 [INFO] PluginManager:220 - loadIPPluginJar : add gpio
2026-01-29 19:34:39,493 [INFO] IPUIPlugin:80 - create IPUIPlugin
2026-01-29 19:34:39,493 [INFO] PluginManager:220 - loadIPPluginJar : add gtzc
2026-01-29 19:34:39,563 [INFO] IPUIPlugin:80 - create IPUIPlugin
2026-01-29 19:34:39,563 [INFO] PluginManager:220 - loadIPPluginJar : add hash
2026-01-29 19:34:39,926 [INFO] IPUIPlugin:80 - create IPUIPlugin
2026-01-29 19:34:39,927 [INFO] PluginManager:220 - loadIPPluginJar : add i2c
2026-01-29 19:34:40,202 [INFO] IPUIPlugin:80 - create IPUIPlugin
2026-01-29 19:34:40,203 [INFO] PluginManager:220 - loadIPPluginJar : add i2s
2026-01-29 19:34:40,367 [INFO] ThirdPartyUpdaterWithRetryManager:70 - Updater plugin not ready yet. [3/15]
2026-01-29 19:34:40,461 [INFO] IPUIPlugin:80 - create IPUIPlugin
2026-01-29 19:34:40,461 [INFO] PluginManager:220 - loadIPPluginJar : add i3c
2026-01-29 19:34:40,842 [INFO] IPUIPlugin:80 - create IPUIPlugin
2026-01-29 19:34:40,842 [INFO] PluginManager:220 - loadIPPluginJar : add ipddr
2026-01-29 19:34:41,209 [INFO] IPUIPlugin:80 - create IPUIPlugin
2026-01-29 19:34:41,209 [INFO] PluginManager:220 - loadIPPluginJar : add linkedlist
2026-01-29 19:34:41,320 [INFO] IPUIPlugin:80 - create IPUIPlugin
2026-01-29 19:34:41,320 [INFO] PluginManager:220 - loadIPPluginJar : add lorawan
2026-01-29 19:34:41,743 [INFO] IPUIPlugin:80 - create IPUIPlugin
2026-01-29 19:34:41,743 [INFO] PluginManager:220 - loadIPPluginJar : add ltdc
2026-01-29 19:34:41,770 [INFO] IPUIPlugin:80 - create IPUIPlugin
2026-01-29 19:34:41,770 [INFO] PluginManager:220 - loadIPPluginJar : add mdma
2026-01-29 19:34:41,819 [INFO] IPUIPlugin:80 - create IPUIPlugin
2026-01-29 19:34:41,819 [INFO] PluginManager:220 - loadIPPluginJar : add nvic
2026-01-29 19:34:42,076 [INFO] IPUIPlugin:80 - create IPUIPlugin
2026-01-29 19:34:42,076 [INFO] PluginManager:220 - loadIPPluginJar : add opamp
2026-01-29 19:34:42,611 [INFO] IPUIPlugin:80 - create IPUIPlugin
2026-01-29 19:34:42,611 [INFO] PluginManager:220 - loadIPPluginJar : add openamp
2026-01-29 19:34:42,766 [INFO] IPUIPlugin:80 - create IPUIPlugin
2026-01-29 19:34:42,766 [INFO] PluginManager:220 - loadIPPluginJar : add pdm2pcm
2026-01-29 19:34:42,795 [INFO] IPUIPlugin:80 - create IPUIPlugin
2026-01-29 19:34:42,799 [INFO] PluginManager:220 - loadIPPluginJar : add plateformsettings
2026-01-29 19:34:42,869 [INFO] IPUIPlugin:80 - create IPUIPlugin
2026-01-29 19:34:42,869 [INFO] PluginManager:220 - loadIPPluginJar : add quadspi
2026-01-29 19:34:42,968 [INFO] IPUIPlugin:80 - create IPUIPlugin
2026-01-29 19:34:42,970 [INFO] PluginManager:220 - loadIPPluginJar : add radio
2026-01-29 19:34:42,996 [INFO] IPUIPlugin:80 - create IPUIPlugin
2026-01-29 19:34:42,997 [INFO] PluginManager:220 - loadIPPluginJar : add resmgrutility
2026-01-29 19:34:43,123 [INFO] IPUIPlugin:80 - create IPUIPlugin
2026-01-29 19:34:43,124 [INFO] PluginManager:220 - loadIPPluginJar : add sai
2026-01-29 19:34:43,256 [INFO] IPUIPlugin:80 - create IPUIPlugin
2026-01-29 19:34:43,257 [INFO] PluginManager:220 - loadIPPluginJar : add spi
2026-01-29 19:34:43,367 [INFO] ThirdPartyUpdaterWithRetryManager:70 - Updater plugin not ready yet. [4/15]
2026-01-29 19:34:43,501 [INFO] IPUIPlugin:80 - create IPUIPlugin
2026-01-29 19:34:43,501 [INFO] PluginManager:220 - loadIPPluginJar : add stm32_wpan
2026-01-29 19:34:43,585 [INFO] IPUIPlugin:80 - create IPUIPlugin
2026-01-29 19:34:43,585 [INFO] PluginManager:220 - loadIPPluginJar : add tim
2026-01-29 19:34:44,004 [INFO] IPUIPlugin:80 - create IPUIPlugin
2026-01-29 19:34:44,004 [INFO] PluginManager:220 - loadIPPluginJar : add touchsensing
2026-01-29 19:34:44,120 [INFO] IPUIPlugin:80 - create IPUIPlugin
2026-01-29 19:34:44,120 [INFO] PluginManager:220 - loadIPPluginJar : add tracer_emb
2026-01-29 19:34:44,241 [INFO] IPUIPlugin:80 - create IPUIPlugin
2026-01-29 19:34:44,241 [INFO] PluginManager:220 - loadIPPluginJar : add ts
2026-01-29 19:34:44,295 [INFO] IPUIPlugin:80 - create IPUIPlugin
2026-01-29 19:34:44,295 [INFO] PluginManager:220 - loadIPPluginJar : add tsc
2026-01-29 19:34:44,490 [INFO] IPUIPlugin:80 - create IPUIPlugin
2026-01-29 19:34:44,492 [INFO] PluginManager:220 - loadIPPluginJar : add ucpd
2026-01-29 19:34:44,768 [INFO] IPUIPlugin:80 - create IPUIPlugin
2026-01-29 19:34:44,768 [INFO] PluginManager:220 - loadIPPluginJar : add usart
2026-01-29 19:34:45,028 [INFO] IPUIPlugin:80 - create IPUIPlugin
2026-01-29 19:34:45,028 [INFO] PluginManager:220 - loadIPPluginJar : add usbx
2026-01-29 19:34:45,189 [INFO] CADModel:165 - CPN selected for project level
2026-01-29 19:34:45,189 [INFO] CADModel:114 - Register for checkConnection events
2026-01-29 19:34:45,190 [FATAL] Updater:334 - Updater called before beeing initialized
2026-01-29 19:34:45,190 [ERROR] CADModel:125 - Updater not yet initialized, retry later 
2026-01-29 19:34:45,457 [INFO] CADModel:165 - CPN selected for project level
2026-01-29 19:34:45,457 [INFO] CADModel:114 - Register for checkConnection events
2026-01-29 19:34:45,457 [FATAL] Updater:334 - Updater called before beeing initialized
2026-01-29 19:34:45,458 [ERROR] CADModel:125 - Updater not yet initialized, retry later 
2026-01-29 19:34:45,460 [FATAL] Updater:334 - Updater called before beeing initialized
2026-01-29 19:34:45,570 [FATAL] Updater:334 - Updater called before beeing initialized
2026-01-29 19:34:45,591 [INFO] DbMcusAds:53 - JSON generation date=Thu Jan 08 07:56:59 PST 2026 (1767887819573)
2026-01-29 19:34:45,591 [FATAL] Updater:334 - Updater called before beeing initialized
2026-01-29 19:34:45,665 [WARN] DetailPanel:346 - Failed to get advertising image, set to default
2026-01-29 19:34:45,824 [FATAL] Updater:334 - Updater called before beeing initialized
2026-01-29 19:34:45,827 [FATAL] Updater:334 - Updater called before beeing initialized
2026-01-29 19:34:45,827 [FATAL] Updater:334 - Updater called before beeing initialized
2026-01-29 19:34:45,827 [WARN] DetailPanel:346 - Failed to get advertising image, set to default
2026-01-29 19:34:45,828 [FATAL] Updater:334 - Updater called before beeing initialized
2026-01-29 19:34:45,902 [ERROR] Updater:1164 - MainUpdater not yet initialized. External WinMGr cannot be set.
2026-01-29 19:34:45,923 [INFO] Updater:1100 - Updater Version found : 6.12.1
2026-01-29 19:34:45,965 [INFO] ApplicationProperties:184 - Using Application install path: C:\ST\STM32CubeIDE_1.16.1\STM32CubeIDE\plugins\com.st.stm32cube.common.mx_6.12.1.202409122256
2026-01-29 19:34:46,374 [INFO] ThirdPartyUpdaterWithRetryManager:70 - Updater plugin not ready yet. [5/15]
2026-01-29 19:34:47,594 [ERROR] LogOutputStream:75 - [STDERR_REDIRECT] Jan 29, 2026 7:34:47 PM java.util.prefs.WindowsPreferences <init>
2026-01-29 19:34:47,594 [ERROR] LogOutputStream:75 - [STDERR_REDIRECT] WARNING: Could not open/create prefs root node Software\JavaSoft\Prefs at root 0xffffffff80000002. Windows RegCreateKeyEx(...) returned error code 5.
2026-01-29 19:34:47,595 [ERROR] LogOutputStream:75 - [STDERR_REDIRECT] 
2026-01-29 19:34:48,156 [INFO] MainUpdater:2873 - connection check result : 10
2026-01-29 19:34:48,157 [INFO] MainUpdater:290 - Updater Check For Update Now.
2026-01-29 19:34:48,157 [INFO] MicroXplorer:498 - Change Database Version : DB.6.0.121
2026-01-29 19:34:48,192 [INFO] McuFinderGlobals:63 - Set McuFinder mode to 2 (CubeIDE integrated)
2026-01-29 19:34:48,209 [INFO] UserAuth:417 - Internet connection configuration mode: 1
2026-01-29 19:34:48,330 [INFO] JxBrowserEngine:152 - Initiate JxBrowser Engine with user profile folder
2026-01-29 19:34:48,535 [INFO] CheckServerUpdateThread:120 - End of CheckServer Thread
2026-01-29 19:34:49,846 [WARN] PackLoader:240 - Cannot read IP mode file for STMicroelectronics.FP-SNS-MOTENVWB1.1.4.0
2026-01-29 19:34:49,869 [WARN] PackLoader:240 - Cannot read IP mode file for STMicroelectronics.FP-ATR-ASTRA1.2.0.2
2026-01-29 19:34:49,884 [WARN] PackLoader:240 - Cannot read IP mode file for STMicroelectronics.FP-ATR-ASTRA1.2.0.1
2026-01-29 19:34:49,903 [WARN] PackLoader:240 - Cannot read IP mode file for STMicroelectronics.X-CUBE-SMBUS.2.1.0
2026-01-29 19:34:49,921 [WARN] PackLoader:240 - Cannot read IP mode file for STMicroelectronics.X-CUBE-WB05N.1.1.0
2026-01-29 19:34:49,937 [ERROR] Engine:466 - C:\Users\Jonat\.stm32cubemx\thirdparties\pdsc\STMicroelectronics.X-CUBE-ST60.1.0.0.pdsc: PDSC version is not supported
2026-01-29 19:34:50,064 [WARN] PackLoader:240 - Cannot read IP mode file for STMicroelectronics.X-CUBE-AZRTOS-F7.1.1.0
2026-01-29 19:34:50,145 [WARN] PackLoader:240 - Cannot read IP mode file for STMicroelectronics.X-CUBE-MEMS1.11.0.0
2026-01-29 19:34:50,301 [WARN] PackLoader:240 - Cannot read IP mode file for STMicroelectronics.FP-SNS-FLIGHT1.5.0.2
2026-01-29 19:34:50,356 [WARN] PackLoader:240 - Cannot read IP mode file for STMicroelectronics.X-CUBE-AZRTOS-H7.3.4.0
2026-01-29 19:34:50,378 [WARN] PackLoader:240 - Cannot read IP mode file for STMicroelectronics.X-CUBE-DISPLAY.3.0.0
2026-01-29 19:34:50,400 [WARN] PackLoader:240 - Cannot read IP mode file for STMicroelectronics.X-CUBE-BLE1.7.0.0
2026-01-29 19:34:50,416 [WARN] PackLoader:240 - Cannot read IP mode file for STMicroelectronics.X-CUBE-NFC10.1.0.0
2026-01-29 19:34:50,495 [WARN] PackLoader:240 - Cannot read IP mode file for STMicroelectronics.X-CUBE-BLEMGR.4.0.0
2026-01-29 19:34:50,559 [WARN] PackLoader:240 - Cannot read IP mode file for emotas.I-CUBE-CANOPEN.1.3.0
2026-01-29 19:34:50,590 [WARN] PackLoader:240 - Cannot read IP mode file for STMicroelectronics.X-CUBE-BLEMGR.3.1.0
2026-01-29 19:34:50,624 [WARN] PackLoader:240 - Cannot read IP mode file for STMicroelectronics.X-CUBE-AI.10.0.0
2026-01-29 19:34:50,651 [ERROR] Engine:466 - C:\Users\Jonat\.stm32cubemx\thirdparties\pdsc\STMicroelectronics.FP-SNS-STBOX1.2.1.0.pdsc: PDSC version is not supported
2026-01-29 19:34:50,693 [WARN] PackLoader:240 - Cannot read IP mode file for STMicroelectronics.FP-SNS-SMARTAG2.1.2.0
2026-01-29 19:34:50,708 [ERROR] Engine:466 - C:\Users\Jonat\.stm32cubemx\thirdparties\pdsc\STMicroelectronics.FP-SNS-FLIGHT1.5.1.0.pdsc: PDSC version is not supported
2026-01-29 19:34:50,783 [WARN] PackLoader:240 - Cannot read IP mode file for STMicroelectronics.X-CUBE-MEMS1.11.1.0
2026-01-29 19:34:50,901 [INFO] LogOutputStream:77 - [STDOUT_REDIRECT] 1 : Invalid condition id : UX_CORESTACK_Condition cause : null
2026-01-29 19:34:50,901 [INFO] LogOutputStream:77 - [STDOUT_REDIRECT] 1 : Invalid condition id : UX_CORESTACK_Condition cause : null
2026-01-29 19:34:50,901 [INFO] LogOutputStream:77 - [STDOUT_REDIRECT] 1 : Invalid condition id : UX_CORESTACK_Condition cause : null
2026-01-29 19:34:50,901 [INFO] LogOutputStream:77 - [STDOUT_REDIRECT] 1 : Invalid condition id : UX_CORESTACK_Condition cause : null
2026-01-29 19:34:50,901 [INFO] LogOutputStream:77 - [STDOUT_REDIRECT] 1 : Invalid condition id : UX_CORESTACK_Condition cause : null
2026-01-29 19:34:50,907 [WARN] PackLoader:240 - Cannot read IP mode file for STMicroelectronics.X-CUBE-AZRTOS-WL.2.0.0
2026-01-29 19:34:50,928 [WARN] PackLoader:240 - Cannot read IP mode file for STMicroelectronics.FP-SNS-MOTENV1.5.0.0
2026-01-29 19:34:50,948 [WARN] PackLoader:240 - Cannot read IP mode file for wolfSSL.I-CUBE-wolfMQTT.1.19.0
2026-01-29 19:34:50,985 [WARN] PackLoader:240 - Cannot read IP mode file for WES.I-CUBE-Cesium.1.3.0
2026-01-29 19:34:51,012 [WARN] PackLoader:240 - Cannot read IP mode file for STMicroelectronics.X-CUBE-BLE2.3.3.0
2026-01-29 19:34:51,037 [ERROR] Engine:466 - C:\Users\Jonat\.stm32cubemx\thirdparties\pdsc\Avnet-IOTCONNECT.X-CUBE-iotc-st67-sdk.1.0.0.pdsc: PDSC version is not supported
2026-01-29 19:34:51,068 [WARN] PackLoader:240 - Cannot read IP mode file for STMicroelectronics.X-CUBE-NFC9.1.0.0
2026-01-29 19:34:51,088 [WARN] PackLoader:240 - Cannot read IP mode file for STMicroelectronics.X-CUBE-BLE1.7.1.0
2026-01-29 19:34:51,112 [WARN] PackLoader:240 - Cannot read IP mode file for STMicroelectronics.X-CUBE-TCPP.4.1.0
2026-01-29 19:34:51,162 [ERROR] Engine:466 - C:\Users\Jonat\.stm32cubemx\thirdparties\pdsc\STMicroelectronics.X-CUBE-FREERTOS.1.4.0.pdsc: PDSC version is not supported
2026-01-29 19:34:51,189 [WARN] PackLoader:240 - Cannot read IP mode file for STMicroelectronics.X-CUBE-EEPRMA1.5.2.0
2026-01-29 19:34:51,439 [WARN] PackLoader:240 - Cannot read IP mode file for STMicroelectronics.X-CUBE-MEMS1.11.2.0
2026-01-29 19:34:51,618 [WARN] PackLoader:240 - Cannot read IP mode file for STMicroelectronics.X-CUBE-AZRTOS-G0.1.1.0
2026-01-29 19:34:51,638 [WARN] PackLoader:240 - Cannot read IP mode file for STMicroelectronics.X-CUBE-SAFEA1.1.2.2
2026-01-29 19:34:51,709 [WARN] PackLoader:240 - Cannot read IP mode file for STMicroelectronics.X-CUBE-NFC4.3.0.0
2026-01-29 19:34:51,742 [WARN] PackLoader:240 - Cannot read IP mode file for EmbeddedOffice.I-CUBE-FS-RTOS.1.0.1
2026-01-29 19:34:51,742 [ERROR] ConditionMgr:805 - Attr not supported : Dmpu
2026-01-29 19:34:51,742 [ERROR] ConditionMgr:805 - Attr not supported : Dmpu
2026-01-29 19:34:51,743 [ERROR] ConditionMgr:805 - Attr not supported : Dmpu
2026-01-29 19:34:51,743 [ERROR] ConditionMgr:805 - Attr not supported : Dmpu
2026-01-29 19:34:51,743 [ERROR] ConditionMgr:805 - Attr not supported : Dmpu
2026-01-29 19:34:51,743 [ERROR] ConditionMgr:805 - Attr not supported : Dmpu
2026-01-29 19:34:51,743 [ERROR] ConditionMgr:805 - Attr not supported : Dmpu
2026-01-29 19:34:51,743 [ERROR] ConditionMgr:805 - Attr not supported : Dmpu
2026-01-29 19:34:51,743 [ERROR] ConditionMgr:805 - Attr not supported : Dmpu
2026-01-29 19:34:51,743 [ERROR] ConditionMgr:805 - Attr not supported : Dmpu
2026-01-29 19:34:51,743 [ERROR] ConditionMgr:805 - Attr not supported : Dmpu
2026-01-29 19:34:51,743 [ERROR] ConditionMgr:805 - Attr not supported : Dmpu
2026-01-29 19:34:51,743 [ERROR] ConditionMgr:805 - Attr not supported : Dmpu
2026-01-29 19:34:51,743 [ERROR] ConditionMgr:805 - Attr not supported : Dmpu
2026-01-29 19:34:51,743 [ERROR] ConditionMgr:805 - Attr not supported : Dmpu
2026-01-29 19:34:51,743 [ERROR] ConditionMgr:805 - Attr not supported : Dmpu
2026-01-29 19:34:51,744 [ERROR] ConditionMgr:805 - Attr not supported : Dmpu
2026-01-29 19:34:51,744 [ERROR] ConditionMgr:805 - Attr not supported : Dmpu
2026-01-29 19:34:51,744 [ERROR] ConditionMgr:805 - Attr not supported : Dmpu
2026-01-29 19:34:51,744 [ERROR] ConditionMgr:805 - Attr not supported : Dmpu
2026-01-29 19:34:51,744 [ERROR] ConditionMgr:805 - Attr not supported : Dmpu
2026-01-29 19:34:51,744 [ERROR] ConditionMgr:805 - Attr not supported : Dmpu
2026-01-29 19:34:51,744 [ERROR] ConditionMgr:805 - Attr not supported : Dmpu
2026-01-29 19:34:51,744 [ERROR] ConditionMgr:805 - Attr not supported : Dmpu
2026-01-29 19:34:51,744 [ERROR] ConditionMgr:805 - Attr not supported : Dmpu
2026-01-29 19:34:51,744 [ERROR] ConditionMgr:805 - Attr not supported : Dmpu
2026-01-29 19:34:51,744 [ERROR] ConditionMgr:805 - Attr not supported : Dmpu
2026-01-29 19:34:51,744 [ERROR] ConditionMgr:805 - Attr not supported : Dmpu
2026-01-29 19:34:51,744 [ERROR] ConditionMgr:805 - Attr not supported : Dmpu
2026-01-29 19:34:51,744 [ERROR] ConditionMgr:805 - Attr not supported : Dmpu
2026-01-29 19:34:51,744 [ERROR] ConditionMgr:805 - Attr not supported : Dmpu
2026-01-29 19:34:51,744 [ERROR] ConditionMgr:805 - Attr not supported : Dmpu
2026-01-29 19:34:51,744 [ERROR] ConditionMgr:805 - Attr not supported : Dmpu
2026-01-29 19:34:51,744 [ERROR] ConditionMgr:805 - Attr not supported : Dmpu
2026-01-29 19:34:51,744 [ERROR] ConditionMgr:805 - Attr not supported : Dmpu
2026-01-29 19:34:51,744 [ERROR] ConditionMgr:805 - Attr not supported : Dmpu
2026-01-29 19:34:51,745 [ERROR] ConditionMgr:805 - Attr not supported : Dmpu
2026-01-29 19:34:51,745 [ERROR] ConditionMgr:805 - Attr not supported : Dmpu
2026-01-29 19:34:51,745 [ERROR] ConditionMgr:805 - Attr not supported : Dmpu
2026-01-29 19:34:51,745 [ERROR] ConditionMgr:805 - Attr not supported : Dmpu
2026-01-29 19:34:51,745 [ERROR] ConditionMgr:805 - Attr not supported : Dmpu
2026-01-29 19:34:51,745 [ERROR] ConditionMgr:805 - Attr not supported : Dmpu
2026-01-29 19:34:51,745 [ERROR] ConditionMgr:805 - Attr not supported : Dmpu
2026-01-29 19:34:51,745 [ERROR] ConditionMgr:805 - Attr not supported : Dmpu
2026-01-29 19:34:51,745 [ERROR] ConditionMgr:805 - Attr not supported : Dmpu
2026-01-29 19:34:51,745 [ERROR] ConditionMgr:805 - Attr not supported : Dmpu
2026-01-29 19:34:51,746 [ERROR] ConditionMgr:805 - Attr not supported : Dmpu
2026-01-29 19:34:51,746 [ERROR] ConditionMgr:805 - Attr not supported : Dmpu
2026-01-29 19:34:51,746 [ERROR] ConditionMgr:805 - Attr not supported : Dmpu
2026-01-29 19:34:51,746 [ERROR] ConditionMgr:805 - Attr not supported : Dmpu
2026-01-29 19:34:51,746 [ERROR] ConditionMgr:805 - Attr not supported : Dmpu
2026-01-29 19:34:51,746 [ERROR] ConditionMgr:805 - Attr not supported : Dmpu
2026-01-29 19:34:51,746 [ERROR] ConditionMgr:805 - Attr not supported : Dmpu
2026-01-29 19:34:51,746 [ERROR] ConditionMgr:805 - Attr not supported : Dmpu
2026-01-29 19:34:51,746 [ERROR] ConditionMgr:805 - Attr not supported : Dmpu
2026-01-29 19:34:51,746 [ERROR] ConditionMgr:805 - Attr not supported : Dmpu
2026-01-29 19:34:51,746 [ERROR] ConditionMgr:805 - Attr not supported : Dmpu
2026-01-29 19:34:51,747 [ERROR] ConditionMgr:805 - Attr not supported : Dmpu
2026-01-29 19:34:51,747 [ERROR] ConditionMgr:805 - Attr not supported : Dmpu
2026-01-29 19:34:51,747 [ERROR] ConditionMgr:805 - Attr not supported : Dmpu
2026-01-29 19:34:51,747 [ERROR] ConditionMgr:805 - Attr not supported : Dmpu
2026-01-29 19:34:51,747 [ERROR] ConditionMgr:805 - Attr not supported : Dmpu
2026-01-29 19:34:51,747 [ERROR] ConditionMgr:805 - Attr not supported : Dmpu
2026-01-29 19:34:51,748 [ERROR] ConditionMgr:805 - Attr not supported : Dmpu
2026-01-29 19:34:51,765 [WARN] PackLoader:240 - Cannot read IP mode file for STMicroelectronics.X-CUBE-WB05N.2.0.0
2026-01-29 19:34:51,785 [ERROR] Engine:466 - C:\Users\Jonat\.stm32cubemx\thirdparties\pdsc\STMicroelectronics.X-CUBE-TCPP.4.2.0.pdsc: PDSC version is not supported
2026-01-29 19:34:51,803 [WARN] PackLoader:240 - Cannot read IP mode file for RealThread.X-CUBE-RT-Thread_Nano.4.1.1
2026-01-29 19:34:51,819 [WARN] PackLoader:240 - Cannot read IP mode file for STMicroelectronics.FP-ATR-SIGFOX1.3.2.0
2026-01-29 19:34:51,837 [WARN] ConditionMgr:438 - getConditionDescription Invalid condition id : Cortex-A Device cause : null
2026-01-29 19:34:51,881 [WARN] ConditionMgr:1039 - genDependencies : Invalid condition id : Cortex-A Device cause : null
2026-01-29 19:34:51,881 [WARN] ConditionMgr:1039 - genDependencies : Invalid condition id : Cortex-A Device cause : null
2026-01-29 19:34:51,881 [WARN] ConditionMgr:1039 - genDependencies : Invalid condition id : Cortex-A Device cause : null
2026-01-29 19:34:51,911 [WARN] PackLoader:240 - Cannot read IP mode file for STMicroelectronics.X-CUBE-EEPRMA1.5.1.0
2026-01-29 19:34:51,938 [WARN] PackLoader:240 - Cannot read IP mode file for wolfSSL.I-CUBE-wolfSSL.5.7.4
2026-01-29 19:34:51,961 [WARN] PackLoader:240 - Cannot read IP mode file for ITTIA_DB.I-CUBE-ITTIADB.8.9.0
2026-01-29 19:34:51,992 [WARN] PackLoader:240 - Cannot read IP mode file for STMicroelectronics.X-CUBE-NFC6.3.2.0
2026-01-29 19:34:52,038 [ERROR] Engine:466 - C:\Users\Jonat\.stm32cubemx\thirdparties\pdsc\STMicroelectronics.X-CUBE-ST67W61.1.0.0.pdsc: PDSC version is not supported
2026-01-29 19:34:52,055 [WARN] PackLoader:240 - Cannot read IP mode file for STMicroelectronics.X-CUBE-AI.10.2.0
2026-01-29 19:34:52,090 [WARN] PackLoader:240 - Cannot read IP mode file for SEGGER.I-CUBE-embOS.1.3.1
2026-01-29 19:34:52,177 [WARN] PackLoader:240 - Cannot read IP mode file for STMicroelectronics.X-CUBE-ALGOBUILD.1.4.0
2026-01-29 19:34:52,280 [WARN] PackLoader:240 - Cannot read IP mode file for STMicroelectronics.X-CUBE-MEMS1.11.3.0
2026-01-29 19:34:52,387 [WARN] PackLoader:240 - Cannot read IP mode file for STMicroelectronics.X-CUBE-AI.9.1.0
2026-01-29 19:34:52,405 [WARN] PackLoader:240 - Cannot read IP mode file for STMicroelectronics.X-CUBE-PM33A1.1.0.0
2026-01-29 19:34:52,429 [WARN] PackLoader:240 - Cannot read IP mode file for STMicroelectronics.X-CUBE-AZRTOS-F4.1.1.0
2026-01-29 19:34:52,453 [ERROR] Engine:466 - C:\Users\Jonat\.stm32cubemx\thirdparties\pdsc\Avnet-IotConnect.X-CUBE-IoTC-DA16k-PMOD.1.0.0.pdsc: PDSC version is not supported
2026-01-29 19:34:52,488 [WARN] PackLoader:240 - Cannot read IP mode file for STMicroelectronics.X-CUBE-ISPU.2.1.0
2026-01-29 19:34:52,521 [WARN] PackLoader:240 - Cannot read IP mode file for STMicroelectronics.X-CUBE-FREERTOS.1.2.0
2026-01-29 19:34:52,580 [WARN] PackLoader:240 - Cannot read IP mode file for STMicroelectronics.X-CUBE-NFC12.1.0.0
2026-01-29 19:34:52,749 [WARN] PackLoader:240 - Cannot read IP mode file for STMicroelectronics.X-CUBE-AZRTOS-L5.2.0.0
2026-01-29 19:34:52,865 [WARN] PackLoader:240 - Cannot read IP mode file for STMicroelectronics.X-CUBE-NFC6.3.1.0
2026-01-29 19:34:52,910 [WARN] PackLoader:240 - Cannot read IP mode file for STMicroelectronics.X-CUBE-DPower.1.2.0
2026-01-29 19:34:52,962 [WARN] PackLoader:240 - Cannot read IP mode file for STMicroelectronics.X-CUBE-FREERTOS.1.3.1
2026-01-29 19:34:53,105 [WARN] PackLoader:240 - Cannot read IP mode file for STMicroelectronics.X-CUBE-FREERTOS.1.3.0
2026-01-29 19:34:53,121 [WARN] PackLoader:240 - Cannot read IP mode file for STMicroelectronics.X-CUBE-NFC7.1.0.1
2026-01-29 19:34:53,141 [WARN] PackLoader:240 - Cannot read IP mode file for STMicroelectronics.X-CUBE-TOUCHGFX.4.26.0
2026-01-29 19:34:53,155 [ERROR] Engine:466 - C:\Users\Jonat\.stm32cubemx\thirdparties\pdsc\STMicroelectronics.FP-SNS-STAIOTCFT.1.0.0.pdsc: PDSC version is not supported
2026-01-29 19:34:53,169 [WARN] PackLoader:240 - Cannot read IP mode file for STMicroelectronics.X-CUBE-DPower.1.3.0
2026-01-29 19:34:53,287 [WARN] ConditionMgr:438 - getConditionDescription Invalid condition id : LAN8742 Phy interface Condition cause : null
2026-01-29 19:34:53,288 [WARN] PackLoader:240 - Cannot read IP mode file for STMicroelectronics.X-CUBE-AZRTOS-L4.2.0.0
2026-01-29 19:34:53,291 [WARN] ConditionMgr:1039 - genDependencies : Invalid condition id : LAN8742 Phy interface Condition cause : null
2026-01-29 19:34:53,291 [WARN] ConditionMgr:1039 - genDependencies : Invalid condition id : LAN8742 Phy interface Condition cause : null
2026-01-29 19:34:53,291 [WARN] ConditionMgr:1039 - genDependencies : Invalid condition id : LAN8742 Phy interface Condition cause : null
2026-01-29 19:34:53,338 [WARN] PackLoader:240 - Cannot read IP mode file for STMicroelectronics.X-CUBE-SFXS2LP1.4.0.0
2026-01-29 19:34:53,377 [ERROR] Engine:466 - C:\Users\Jonat\.stm32cubemx\thirdparties\pdsc\STMicroelectronics.X-CUBE-ST67W61.1.2.0.pdsc: PDSC version is not supported
2026-01-29 19:34:53,544 [WARN] PackLoader:240 - Cannot read IP mode file for STMicroelectronics.X-CUBE-AZRTOS-H7.3.3.0
2026-01-29 19:34:53,564 [ERROR] Engine:466 - C:\Users\Jonat\.stm32cubemx\thirdparties\pdsc\STMicroelectronics.X-CUBE-BLEMGR.4.1.0.pdsc: PDSC version is not supported
2026-01-29 19:34:53,608 [WARN] PackLoader:240 - Cannot read IP mode file for STMicroelectronics.X-CUBE-IPS.3.0.0
2026-01-29 19:34:53,790 [WARN] ConditionMgr:438 - getConditionDescription Invalid condition id : UX DEVICE CLASS RTOS Condition cause : null
2026-01-29 19:34:53,790 [WARN] ConditionMgr:438 - getConditionDescription Invalid condition id : UX DEVICE CLASS RTOS Condition cause : null
2026-01-29 19:34:53,791 [WARN] PackLoader:240 - Cannot read IP mode file for STMicroelectronics.X-CUBE-AZRTOS-WB.2.0.0
2026-01-29 19:34:53,792 [WARN] ConditionMgr:1039 - genDependencies : Invalid condition id : UX DEVICE CLASS RTOS Condition cause : null
2026-01-29 19:34:53,792 [WARN] ConditionMgr:1039 - genDependencies : Invalid condition id : UX DEVICE CLASS RTOS Condition cause : null
2026-01-29 19:34:53,793 [WARN] ConditionMgr:1039 - genDependencies : Invalid condition id : UX DEVICE CLASS RTOS Condition cause : null
2026-01-29 19:34:53,793 [WARN] ConditionMgr:1039 - genDependencies : Invalid condition id : UX DEVICE CLASS RTOS Condition cause : null
2026-01-29 19:34:53,793 [WARN] ConditionMgr:1039 - genDependencies : Invalid condition id : UX DEVICE CLASS RTOS Condition cause : null
2026-01-29 19:34:53,851 [WARN] PackLoader:240 - Cannot read IP mode file for STMicroelectronics.X-CUBE-GNSS1.7.0.0
2026-01-29 19:34:53,928 [WARN] PackLoader:240 - Cannot read IP mode file for STMicroelectronics.X-CUBE-GNSS1.7.0.1
2026-01-29 19:34:54,028 [WARN] PackLoader:240 - Cannot read IP mode file for STMicroelectronics.X-CUBE-TOUCHGFX.4.25.0
2026-01-29 19:34:54,074 [WARN] PackLoader:240 - Cannot read IP mode file for STMicroelectronics.FP-SNS-STBOX1.2.0.0
2026-01-29 19:34:54,133 [WARN] PackLoader:240 - Cannot read IP mode file for STMicroelectronics.X-CUBE-STSE01.2.0.0
2026-01-29 19:34:54,254 [WARN] PackLoader:240 - Cannot read IP mode file for STMicroelectronics.X-CUBE-SUBG2.5.0.0
2026-01-29 19:34:54,414 [WARN] PackLoader:240 - Cannot read IP mode file for STMicroelectronics.X-CUBE-AZRTOS-H7RS.1.1.0
2026-01-29 19:34:54,530 [WARN] PackLoader:240 - Cannot read IP mode file for Cesanta.I-CUBE-Mongoose.7.13.0
2026-01-29 19:34:54,594 [WARN] PackLoader:240 - Cannot read IP mode file for STMicroelectronics.X-CUBE-AZRTOS-G4.2.0.0
2026-01-29 19:34:54,622 [WARN] PackLoader:240 - Cannot read IP mode file for STMicroelectronics.X-CUBE-NFC7.2.0.0
2026-01-29 19:34:54,673 [ERROR] Engine:466 - C:\Users\Jonat\.stm32cubemx\thirdparties\pdsc\STMicroelectronics.X-CUBE-IPS.3.1.0.pdsc: PDSC version is not supported
2026-01-29 19:34:54,691 [WARN] PackLoader:240 - Cannot read IP mode file for STMicroelectronics.X-CUBE-ALS.1.0.2
2026-01-29 19:34:54,746 [WARN] PackLoader:240 - Cannot read IP mode file for STMicroelectronics.X-CUBE-TOUCHGFX.4.24.1
2026-01-29 19:34:54,772 [WARN] PackLoader:240 - Cannot read IP mode file for STMicroelectronics.X-CUBE-STSE01.1.0.0
2026-01-29 19:34:54,806 [WARN] PackLoader:240 - Cannot read IP mode file for wolfSSL.I-CUBE-wolfTPM.3.4.0
2026-01-29 19:34:54,847 [WARN] PackLoader:240 - Cannot read IP mode file for portGmbH.I-Cube-SoM-uGOAL.1.1.0
2026-01-29 19:34:54,926 [WARN] PackLoader:240 - Cannot read IP mode file for STMicroelectronics.X-CUBE-AZRTOS-H7RS.1.0.0
2026-01-29 19:34:54,966 [WARN] PackLoader:240 - Cannot read IP mode file for STMicroelectronics.X-CUBE-TOF1.3.4.2
2026-01-29 19:34:55,005 [ERROR] Engine:466 - C:\Users\Jonat\.stm32cubemx\thirdparties\pdsc\STMicroelectronics.X-CUBE-TOF1.3.4.3.pdsc: PDSC version is not supported
2026-01-29 19:34:55,057 [WARN] PackLoader:240 - Cannot read IP mode file for Infineon.AIROC-Wi-Fi-Bluetooth-STM32.1.6.1
2026-01-29 19:34:55,086 [WARN] PackLoader:240 - Cannot read IP mode file for wolfSSL.I-CUBE-wolfSSH.1.4.17
2026-01-29 19:34:55,087 [INFO] ThirdParty:978 - Integrity check success = true
2026-01-29 19:34:55,087 [INFO] IntegrityCheckThread:100 - exiting critical section [integrity check]
2026-01-29 19:34:55,087 [INFO] IntegrityCheckThread:103 - End integrity checks thread
2026-01-29 19:34:59,510 [INFO] WebApp:167 - Instantiating new browser for Auth
2026-01-29 19:35:01,177 [INFO] WebApp:448 - Apply proxy settings
2026-01-29 19:35:01,177 [INFO] WebApp:533 - Chromium requires no authentication
2026-01-29 19:35:01,210 [INFO] WebApp:476 - Direct internet connection detected
2026-01-29 19:35:01,291 [INFO] WebApp:869 - Register for checkConnection events
2026-01-29 19:35:01,292 [INFO] WebApp:448 - Apply proxy settings
2026-01-29 19:35:01,292 [INFO] WebApp:533 - Chromium requires no authentication
2026-01-29 19:35:01,293 [INFO] WebApp:476 - Direct internet connection detected
2026-01-29 19:35:01,495 [INFO] WebApp:186 - Connection restablished
2026-01-29 19:35:01,770 [INFO] WebApp:220 - Starting web application
2026-01-29 19:35:01,770 [INFO] WebApp:578 - Web application path used C:\ST\STM32CubeIDE_1.16.1\STM32CubeIDE\plugins\com.st.stm32cube.common.mx_6.12.1.202409122256\db\plugins\mcufinder\reactClient1\index.html
2026-01-29 19:35:02,136 [INFO] UserAuth:417 - Internet connection configuration mode: 1
