16:20:48 **** Clean-only build of configuration Debug for project IMUTransceiverSTM32L476RG ****
make -j14 clean 
rm -rf ./Drivers/STM32L4xx_HAL_Driver/Src/stm32l4xx_hal.cyclo ./Drivers/STM32L4xx_HAL_Driver/Src/stm32l4xx_hal.d ./Drivers/STM32L4xx_HAL_Driver/Src/stm32l4xx_hal.o ./Drivers/STM32L4xx_HAL_Driver/Src/stm32l4xx_hal.su ./Drivers/STM32L4xx_HAL_Driver/Src/stm32l4xx_hal_cortex.cyclo ./Drivers/STM32L4xx_HAL_Driver/Src/stm32l4xx_hal_cortex.d ./Drivers/STM32L4xx_HAL_Driver/Src/stm32l4xx_hal_cortex.o ./Drivers/STM32L4xx_HAL_Driver/Src/stm32l4xx_hal_cortex.su ./Drivers/STM32L4xx_HAL_Driver/Src/stm32l4xx_hal_dma.cyclo ./Drivers/STM32L4xx_HAL_Driver/Src/stm32l4xx_hal_dma.d ./Drivers/STM32L4xx_HAL_Driver/Src/stm32l4xx_hal_dma.o ./Drivers/STM32L4xx_HAL_Driver/Src/stm32l4xx_hal_dma.su ./Drivers/STM32L4xx_HAL_Driver/Src/stm32l4xx_hal_dma_ex.cyclo ./Drivers/STM32L4xx_HAL_Driver/Src/stm32l4xx_hal_dma_ex.d ./Drivers/STM32L4xx_HAL_Driver/Src/stm32l4xx_hal_dma_ex.o ./Drivers/STM32L4xx_HAL_Driver/Src/stm32l4xx_hal_dma_ex.su ./Drivers/STM32L4xx_HAL_Driver/Src/stm32l4xx_hal_exti.cyclo ./Drivers/STM32L4xx_HAL_Driver/Src/stm32l4xx_hal_exti.d ./Drivers/STM32L4xx_HAL_Driver/Src/stm32l4xx_hal_exti.o ./Drivers/STM32L4xx_HAL_Driver/Src/stm32l4xx_hal_exti.su ./Drivers/STM32L4xx_HAL_Driver/Src/stm32l4xx_hal_flash.cyclo ./Drivers/STM32L4xx_HAL_Driver/Src/stm32l4xx_hal_flash.d ./Drivers/STM32L4xx_HAL_Driver/Src/stm32l4xx_hal_flash.o ./Drivers/STM32L4xx_HAL_Driver/Src/stm32l4xx_hal_flash.su ./Drivers/STM32L4xx_HAL_Driver/Src/stm32l4xx_hal_flash_ex.cyclo ./Drivers/STM32L4xx_HAL_Driver/Src/stm32l4xx_hal_flash_ex.d ./Drivers/STM32L4xx_HAL_Driver/Src/stm32l4xx_hal_flash_ex.o ./Drivers/STM32L4xx_HAL_Driver/Src/stm32l4xx_hal_flash_ex.su ./Drivers/STM32L4xx_HAL_Driver/Src/stm32l4xx_hal_flash_ramfunc.cyclo ./Drivers/STM32L4xx_HAL_Driver/Src/stm32l4xx_hal_flash_ramfunc.d ./Drivers/STM32L4xx_HAL_Driver/Src/stm32l4xx_hal_flash_ramfunc.o ./Drivers/STM32L4xx_HAL_Driver/Src/stm32l4xx_hal_flash_ramfunc.su ./Drivers/STM32L4xx_HAL_Driver/Src/stm32l4xx_hal_gpio.cyclo ./Drivers/STM32L4xx_HAL_Driver/Src/stm32l4xx_hal_gpio.d ./Drivers/STM32L4xx_HAL_Driver/Src/stm32l4xx_hal_gpio.o ./Drivers/STM32L4xx_HAL_Driver/Src/stm32l4xx_hal_gpio.su ./Drivers/STM32L4xx_HAL_Driver/Src/stm32l4xx_hal_i2c.cyclo ./Drivers/STM32L4xx_HAL_Driver/Src/stm32l4xx_hal_i2c.d ./Drivers/STM32L4xx_HAL_Driver/Src/stm32l4xx_hal_i2c.o ./Drivers/STM32L4xx_HAL_Driver/Src/stm32l4xx_hal_i2c.su ./Drivers/STM32L4xx_HAL_Driver/Src/stm32l4xx_hal_i2c_ex.cyclo ./Drivers/STM32L4xx_HAL_Driver/Src/stm32l4xx_hal_i2c_ex.d ./Drivers/STM32L4xx_HAL_Driver/Src/stm32l4xx_hal_i2c_ex.o ./Drivers/STM32L4xx_HAL_Driver/Src/stm32l4xx_hal_i2c_ex.su ./Drivers/STM32L4xx_HAL_Driver/Src/stm32l4xx_hal_pwr.cyclo ./Drivers/STM32L4xx_HAL_Driver/Src/stm32l4xx_hal_pwr.d ./Drivers/STM32L4xx_HAL_Driver/Src/stm32l4xx_hal_pwr.o ./Drivers/STM32L4xx_HAL_Driver/Src/stm32l4xx_hal_pwr.su ./Drivers/STM32L4xx_HAL_Driver/Src/stm32l4xx_hal_pwr_ex.cyclo ./Drivers/STM32L4xx_HAL_Driver/Src/stm32l4xx_hal_pwr_ex.d ./Drivers/STM32L4xx_HAL_Driver/Src/stm32l4xx_hal_pwr_ex.o ./Drivers/STM32L4xx_HAL_Driver/Src/stm32l4xx_hal_pwr_ex.su ./Drivers/STM32L4xx_HAL_Driver/Src/stm32l4xx_hal_rcc.cyclo ./Drivers/STM32L4xx_HAL_Driver/Src/stm32l4xx_hal_rcc.d ./Drivers/STM32L4xx_HAL_Driver/Src/stm32l4xx_hal_rcc.o ./Drivers/STM32L4xx_HAL_Driver/Src/stm32l4xx_hal_rcc.su ./Drivers/STM32L4xx_HAL_Driver/Src/stm32l4xx_hal_rcc_ex.cyclo ./Drivers/STM32L4xx_HAL_Driver/Src/stm32l4xx_hal_rcc_ex.d ./Drivers/STM32L4xx_HAL_Driver/Src/stm32l4xx_hal_rcc_ex.o ./Drivers/STM32L4xx_HAL_Driver/Src/stm32l4xx_hal_rcc_ex.su
rm -rf ./Core/Startup/startup_stm32l476rgtx.d ./Core/Startup/startup_stm32l476rgtx.o
rm -rf ./Core/Src/main.cyclo ./Core/Src/main.d ./Core/Src/main.o ./Core/Src/main.su ./Core/Src/stm32l4xx_hal_msp.cyclo ./Core/Src/stm32l4xx_hal_msp.d ./Core/Src/stm32l4xx_hal_msp.o ./Core/Src/stm32l4xx_hal_msp.su ./Core/Src/stm32l4xx_it.cyclo ./Core/Src/stm32l4xx_it.d ./Core/Src/stm32l4xx_it.o ./Core/Src/stm32l4xx_it.su ./Core/Src/syscalls.cyclo ./Core/Src/syscalls.d ./Core/Src/syscalls.o ./Core/Src/syscalls.su ./Core/Src/sysmem.cyclo ./Core/Src/sysmem.d ./Core/Src/sysmem.o ./Core/Src/sysmem.su ./Core/Src/system_stm32l4xx.cyclo ./Core/Src/system_stm32l4xx.d ./Core/Src/system_stm32l4xx.o ./Core/Src/system_stm32l4xx.su
rm -rf IMUTransceiverSTM32L476RG.elf IMUTransceiverSTM32L476RG.list IMUTransceiverSTM32L476RG.map default.size.stdout
 
16:20:48 **** Build of configuration Debug for project IMUTransceiverSTM32L476RG ****
make -j14 all 
arm-none-eabi-gcc "../FreeRTOS/source/event_groups.c" -mcpu=cortex-m4 -std=gnu11 -g3 -DDEBUG -DUSE_HAL_DRIVER -DSTM32L476xx -c -I../Core/Inc -I../Drivers/STM32L4xx_HAL_Driver/Inc -I../Drivers/STM32L4xx_HAL_Driver/Inc/Legacy -I../Drivers/CMSIS/Device/ST/STM32L4xx/Include -I../Drivers/CMSIS/Include -I../FreeRTOS/include -I../FreeRTOS/ARM_CM4F -O0 -ffunction-sections -fdata-sections -Wall -fstack-usage -fcyclomatic-complexity -MMD -MP -MF"FreeRTOS/source/event_groups.d" -MT"FreeRTOS/source/event_groups.o" --specs=nano.specs -mfpu=fpv4-sp-d16 -mfloat-abi=hard -mthumb -o "FreeRTOS/source/event_groups.o"
arm-none-eabi-gcc "../FreeRTOS/source/list.c" -mcpu=cortex-m4 -std=gnu11 -g3 -DDEBUG -DUSE_HAL_DRIVER -DSTM32L476xx -c -I../Core/Inc -I../Drivers/STM32L4xx_HAL_Driver/Inc -I../Drivers/STM32L4xx_HAL_Driver/Inc/Legacy -I../Drivers/CMSIS/Device/ST/STM32L4xx/Include -I../Drivers/CMSIS/Include -I../FreeRTOS/include -I../FreeRTOS/ARM_CM4F -O0 -ffunction-sections -fdata-sections -Wall -fstack-usage -fcyclomatic-complexity -MMD -MP -MF"FreeRTOS/source/list.d" -MT"FreeRTOS/source/list.o" --specs=nano.specs -mfpu=fpv4-sp-d16 -mfloat-abi=hard -mthumb -o "FreeRTOS/source/list.o"
arm-none-eabi-gcc "../FreeRTOS/source/queue.c" -mcpu=cortex-m4 -std=gnu11 -g3 -DDEBUG -DUSE_HAL_DRIVER -DSTM32L476xx -c -I../Core/Inc -I../Drivers/STM32L4xx_HAL_Driver/Inc -I../Drivers/STM32L4xx_HAL_Driver/Inc/Legacy -I../Drivers/CMSIS/Device/ST/STM32L4xx/Include -I../Drivers/CMSIS/Include -I../FreeRTOS/include -I../FreeRTOS/ARM_CM4F -O0 -ffunction-sections -fdata-sections -Wall -fstack-usage -fcyclomatic-complexity -MMD -MP -MF"FreeRTOS/source/queue.d" -MT"FreeRTOS/source/queue.o" --specs=nano.specs -mfpu=fpv4-sp-d16 -mfloat-abi=hard -mthumb -o "FreeRTOS/source/queue.o"
arm-none-eabi-gcc "../FreeRTOS/source/stream_buffer.c" -mcpu=cortex-m4 -std=gnu11 -g3 -DDEBUG -DUSE_HAL_DRIVER -DSTM32L476xx -c -I../Core/Inc -I../Drivers/STM32L4xx_HAL_Driver/Inc -I../Drivers/STM32L4xx_HAL_Driver/Inc/Legacy -I../Drivers/CMSIS/Device/ST/STM32L4xx/Include -I../Drivers/CMSIS/Include -I../FreeRTOS/include -I../FreeRTOS/ARM_CM4F -O0 -ffunction-sections -fdata-sections -Wall -fstack-usage -fcyclomatic-complexity -MMD -MP -MF"FreeRTOS/source/stream_buffer.d" -MT"FreeRTOS/source/stream_buffer.o" --specs=nano.specs -mfpu=fpv4-sp-d16 -mfloat-abi=hard -mthumb -o "FreeRTOS/source/stream_buffer.o"
arm-none-eabi-gcc "../FreeRTOS/source/tasks.c" -mcpu=cortex-m4 -std=gnu11 -g3 -DDEBUG -DUSE_HAL_DRIVER -DSTM32L476xx -c -I../Core/Inc -I../Drivers/STM32L4xx_HAL_Driver/Inc -I../Drivers/STM32L4xx_HAL_Driver/Inc/Legacy -I../Drivers/CMSIS/Device/ST/STM32L4xx/Include -I../Drivers/CMSIS/Include -I../FreeRTOS/include -I../FreeRTOS/ARM_CM4F -O0 -ffunction-sections -fdata-sections -Wall -fstack-usage -fcyclomatic-complexity -MMD -MP -MF"FreeRTOS/source/tasks.d" -MT"FreeRTOS/source/tasks.o" --specs=nano.specs -mfpu=fpv4-sp-d16 -mfloat-abi=hard -mthumb -o "FreeRTOS/source/tasks.o"
arm-none-eabi-gcc "../FreeRTOS/source/timers.c" -mcpu=cortex-m4 -std=gnu11 -g3 -DDEBUG -DUSE_HAL_DRIVER -DSTM32L476xx -c -I../Core/Inc -I../Drivers/STM32L4xx_HAL_Driver/Inc -I../Drivers/STM32L4xx_HAL_Driver/Inc/Legacy -I../Drivers/CMSIS/Device/ST/STM32L4xx/Include -I../Drivers/CMSIS/Include -I../FreeRTOS/include -I../FreeRTOS/ARM_CM4F -O0 -ffunction-sections -fdata-sections -Wall -fstack-usage -fcyclomatic-complexity -MMD -MP -MF"FreeRTOS/source/timers.d" -MT"FreeRTOS/source/timers.o" --specs=nano.specs -mfpu=fpv4-sp-d16 -mfloat-abi=hard -mthumb -o "FreeRTOS/source/timers.o"
arm-none-eabi-gcc "../FreeRTOS/ARM_CM4F/port.c" -mcpu=cortex-m4 -std=gnu11 -g3 -DDEBUG -DUSE_HAL_DRIVER -DSTM32L476xx -c -I../Core/Inc -I../Drivers/STM32L4xx_HAL_Driver/Inc -I../Drivers/STM32L4xx_HAL_Driver/Inc/Legacy -I../Drivers/CMSIS/Device/ST/STM32L4xx/Include -I../Drivers/CMSIS/Include -I../FreeRTOS/include -I../FreeRTOS/ARM_CM4F -O0 -ffunction-sections -fdata-sections -Wall -fstack-usage -fcyclomatic-complexity -MMD -MP -MF"FreeRTOS/ARM_CM4F/port.d" -MT"FreeRTOS/ARM_CM4F/port.o" --specs=nano.specs -mfpu=fpv4-sp-d16 -mfloat-abi=hard -mthumb -o "FreeRTOS/ARM_CM4F/port.o"
arm-none-eabi-gcc "../FreeRTOS/heap_4.c" -mcpu=cortex-m4 -std=gnu11 -g3 -DDEBUG -DUSE_HAL_DRIVER -DSTM32L476xx -c -I../Core/Inc -I../Drivers/STM32L4xx_HAL_Driver/Inc -I../Drivers/STM32L4xx_HAL_Driver/Inc/Legacy -I../Drivers/CMSIS/Device/ST/STM32L4xx/Include -I../Drivers/CMSIS/Include -I../FreeRTOS/include -I../FreeRTOS/ARM_CM4F -O0 -ffunction-sections -fdata-sections -Wall -fstack-usage -fcyclomatic-complexity -MMD -MP -MF"FreeRTOS/heap_4.d" -MT"FreeRTOS/heap_4.o" --specs=nano.specs -mfpu=fpv4-sp-d16 -mfloat-abi=hard -mthumb -o "FreeRTOS/heap_4.o"
arm-none-eabi-gcc "../Drivers/STM32L4xx_HAL_Driver/Src/stm32l4xx_hal.c" -mcpu=cortex-m4 -std=gnu11 -g3 -DDEBUG -DUSE_HAL_DRIVER -DSTM32L476xx -c -I../Core/Inc -I../Drivers/STM32L4xx_HAL_Driver/Inc -I../Drivers/STM32L4xx_HAL_Driver/Inc/Legacy -I../Drivers/CMSIS/Device/ST/STM32L4xx/Include -I../Drivers/CMSIS/Include -I../FreeRTOS/include -I../FreeRTOS/ARM_CM4F -O0 -ffunction-sections -fdata-sections -Wall -fstack-usage -fcyclomatic-complexity -MMD -MP -MF"Drivers/STM32L4xx_HAL_Driver/Src/stm32l4xx_hal.d" -MT"Drivers/STM32L4xx_HAL_Driver/Src/stm32l4xx_hal.o" --specs=nano.specs -mfpu=fpv4-sp-d16 -mfloat-abi=hard -mthumb -o "Drivers/STM32L4xx_HAL_Driver/Src/stm32l4xx_hal.o"
arm-none-eabi-gcc "../Drivers/STM32L4xx_HAL_Driver/Src/stm32l4xx_hal_cortex.c" -mcpu=cortex-m4 -std=gnu11 -g3 -DDEBUG -DUSE_HAL_DRIVER -DSTM32L476xx -c -I../Core/Inc -I../Drivers/STM32L4xx_HAL_Driver/Inc -I../Drivers/STM32L4xx_HAL_Driver/Inc/Legacy -I../Drivers/CMSIS/Device/ST/STM32L4xx/Include -I../Drivers/CMSIS/Include -I../FreeRTOS/include -I../FreeRTOS/ARM_CM4F -O0 -ffunction-sections -fdata-sections -Wall -fstack-usage -fcyclomatic-complexity -MMD -MP -MF"Drivers/STM32L4xx_HAL_Driver/Src/stm32l4xx_hal_cortex.d" -MT"Drivers/STM32L4xx_HAL_Driver/Src/stm32l4xx_hal_cortex.o" --specs=nano.specs -mfpu=fpv4-sp-d16 -mfloat-abi=hard -mthumb -o "Drivers/STM32L4xx_HAL_Driver/Src/stm32l4xx_hal_cortex.o"
arm-none-eabi-gcc "../Drivers/STM32L4xx_HAL_Driver/Src/stm32l4xx_hal_dma.c" -mcpu=cortex-m4 -std=gnu11 -g3 -DDEBUG -DUSE_HAL_DRIVER -DSTM32L476xx -c -I../Core/Inc -I../Drivers/STM32L4xx_HAL_Driver/Inc -I../Drivers/STM32L4xx_HAL_Driver/Inc/Legacy -I../Drivers/CMSIS/Device/ST/STM32L4xx/Include -I../Drivers/CMSIS/Include -I../FreeRTOS/include -I../FreeRTOS/ARM_CM4F -O0 -ffunction-sections -fdata-sections -Wall -fstack-usage -fcyclomatic-complexity -MMD -MP -MF"Drivers/STM32L4xx_HAL_Driver/Src/stm32l4xx_hal_dma.d" -MT"Drivers/STM32L4xx_HAL_Driver/Src/stm32l4xx_hal_dma.o" --specs=nano.specs -mfpu=fpv4-sp-d16 -mfloat-abi=hard -mthumb -o "Drivers/STM32L4xx_HAL_Driver/Src/stm32l4xx_hal_dma.o"
arm-none-eabi-gcc "../Drivers/STM32L4xx_HAL_Driver/Src/stm32l4xx_hal_dma_ex.c" -mcpu=cortex-m4 -std=gnu11 -g3 -DDEBUG -DUSE_HAL_DRIVER -DSTM32L476xx -c -I../Core/Inc -I../Drivers/STM32L4xx_HAL_Driver/Inc -I../Drivers/STM32L4xx_HAL_Driver/Inc/Legacy -I../Drivers/CMSIS/Device/ST/STM32L4xx/Include -I../Drivers/CMSIS/Include -I../FreeRTOS/include -I../FreeRTOS/ARM_CM4F -O0 -ffunction-sections -fdata-sections -Wall -fstack-usage -fcyclomatic-complexity -MMD -MP -MF"Drivers/STM32L4xx_HAL_Driver/Src/stm32l4xx_hal_dma_ex.d" -MT"Drivers/STM32L4xx_HAL_Driver/Src/stm32l4xx_hal_dma_ex.o" --specs=nano.specs -mfpu=fpv4-sp-d16 -mfloat-abi=hard -mthumb -o "Drivers/STM32L4xx_HAL_Driver/Src/stm32l4xx_hal_dma_ex.o"
arm-none-eabi-gcc "../Drivers/STM32L4xx_HAL_Driver/Src/stm32l4xx_hal_exti.c" -mcpu=cortex-m4 -std=gnu11 -g3 -DDEBUG -DUSE_HAL_DRIVER -DSTM32L476xx -c -I../Core/Inc -I../Drivers/STM32L4xx_HAL_Driver/Inc -I../Drivers/STM32L4xx_HAL_Driver/Inc/Legacy -I../Drivers/CMSIS/Device/ST/STM32L4xx/Include -I../Drivers/CMSIS/Include -I../FreeRTOS/include -I../FreeRTOS/ARM_CM4F -O0 -ffunction-sections -fdata-sections -Wall -fstack-usage -fcyclomatic-complexity -MMD -MP -MF"Drivers/STM32L4xx_HAL_Driver/Src/stm32l4xx_hal_exti.d" -MT"Drivers/STM32L4xx_HAL_Driver/Src/stm32l4xx_hal_exti.o" --specs=nano.specs -mfpu=fpv4-sp-d16 -mfloat-abi=hard -mthumb -o "Drivers/STM32L4xx_HAL_Driver/Src/stm32l4xx_hal_exti.o"
arm-none-eabi-gcc "../Drivers/STM32L4xx_HAL_Driver/Src/stm32l4xx_hal_flash.c" -mcpu=cortex-m4 -std=gnu11 -g3 -DDEBUG -DUSE_HAL_DRIVER -DSTM32L476xx -c -I../Core/Inc -I../Drivers/STM32L4xx_HAL_Driver/Inc -I../Drivers/STM32L4xx_HAL_Driver/Inc/Legacy -I../Drivers/CMSIS/Device/ST/STM32L4xx/Include -I../Drivers/CMSIS/Include -I../FreeRTOS/include -I../FreeRTOS/ARM_CM4F -O0 -ffunction-sections -fdata-sections -Wall -fstack-usage -fcyclomatic-complexity -MMD -MP -MF"Drivers/STM32L4xx_HAL_Driver/Src/stm32l4xx_hal_flash.d" -MT"Drivers/STM32L4xx_HAL_Driver/Src/stm32l4xx_hal_flash.o" --specs=nano.specs -mfpu=fpv4-sp-d16 -mfloat-abi=hard -mthumb -o "Drivers/STM32L4xx_HAL_Driver/Src/stm32l4xx_hal_flash.o"
../FreeRTOS/ARM_CM4F/port.c: In function 'xPortStartScheduler':
../FreeRTOS/ARM_CM4F/port.c:327:33: warning: unused variable 'pxVectorTable' [-Wunused-variable]
  327 |         const portISR_t * const pxVectorTable = portSCB_VTOR_REG;
      |                                 ^~~~~~~~~~~~~
arm-none-eabi-gcc "../Drivers/STM32L4xx_HAL_Driver/Src/stm32l4xx_hal_flash_ex.c" -mcpu=cortex-m4 -std=gnu11 -g3 -DDEBUG -DUSE_HAL_DRIVER -DSTM32L476xx -c -I../Core/Inc -I../Drivers/STM32L4xx_HAL_Driver/Inc -I../Drivers/STM32L4xx_HAL_Driver/Inc/Legacy -I../Drivers/CMSIS/Device/ST/STM32L4xx/Include -I../Drivers/CMSIS/Include -I../FreeRTOS/include -I../FreeRTOS/ARM_CM4F -O0 -ffunction-sections -fdata-sections -Wall -fstack-usage -fcyclomatic-complexity -MMD -MP -MF"Drivers/STM32L4xx_HAL_Driver/Src/stm32l4xx_hal_flash_ex.d" -MT"Drivers/STM32L4xx_HAL_Driver/Src/stm32l4xx_hal_flash_ex.o" --specs=nano.specs -mfpu=fpv4-sp-d16 -mfloat-abi=hard -mthumb -o "Drivers/STM32L4xx_HAL_Driver/Src/stm32l4xx_hal_flash_ex.o"
arm-none-eabi-gcc "../Drivers/STM32L4xx_HAL_Driver/Src/stm32l4xx_hal_flash_ramfunc.c" -mcpu=cortex-m4 -std=gnu11 -g3 -DDEBUG -DUSE_HAL_DRIVER -DSTM32L476xx -c -I../Core/Inc -I../Drivers/STM32L4xx_HAL_Driver/Inc -I../Drivers/STM32L4xx_HAL_Driver/Inc/Legacy -I../Drivers/CMSIS/Device/ST/STM32L4xx/Include -I../Drivers/CMSIS/Include -I../FreeRTOS/include -I../FreeRTOS/ARM_CM4F -O0 -ffunction-sections -fdata-sections -Wall -fstack-usage -fcyclomatic-complexity -MMD -MP -MF"Drivers/STM32L4xx_HAL_Driver/Src/stm32l4xx_hal_flash_ramfunc.d" -MT"Drivers/STM32L4xx_HAL_Driver/Src/stm32l4xx_hal_flash_ramfunc.o" --specs=nano.specs -mfpu=fpv4-sp-d16 -mfloat-abi=hard -mthumb -o "Drivers/STM32L4xx_HAL_Driver/Src/stm32l4xx_hal_flash_ramfunc.o"
arm-none-eabi-gcc "../Drivers/STM32L4xx_HAL_Driver/Src/stm32l4xx_hal_gpio.c" -mcpu=cortex-m4 -std=gnu11 -g3 -DDEBUG -DUSE_HAL_DRIVER -DSTM32L476xx -c -I../Core/Inc -I../Drivers/STM32L4xx_HAL_Driver/Inc -I../Drivers/STM32L4xx_HAL_Driver/Inc/Legacy -I../Drivers/CMSIS/Device/ST/STM32L4xx/Include -I../Drivers/CMSIS/Include -I../FreeRTOS/include -I../FreeRTOS/ARM_CM4F -O0 -ffunction-sections -fdata-sections -Wall -fstack-usage -fcyclomatic-complexity -MMD -MP -MF"Drivers/STM32L4xx_HAL_Driver/Src/stm32l4xx_hal_gpio.d" -MT"Drivers/STM32L4xx_HAL_Driver/Src/stm32l4xx_hal_gpio.o" --specs=nano.specs -mfpu=fpv4-sp-d16 -mfloat-abi=hard -mthumb -o "Drivers/STM32L4xx_HAL_Driver/Src/stm32l4xx_hal_gpio.o"
arm-none-eabi-gcc "../Drivers/STM32L4xx_HAL_Driver/Src/stm32l4xx_hal_i2c.c" -mcpu=cortex-m4 -std=gnu11 -g3 -DDEBUG -DUSE_HAL_DRIVER -DSTM32L476xx -c -I../Core/Inc -I../Drivers/STM32L4xx_HAL_Driver/Inc -I../Drivers/STM32L4xx_HAL_Driver/Inc/Legacy -I../Drivers/CMSIS/Device/ST/STM32L4xx/Include -I../Drivers/CMSIS/Include -I../FreeRTOS/include -I../FreeRTOS/ARM_CM4F -O0 -ffunction-sections -fdata-sections -Wall -fstack-usage -fcyclomatic-complexity -MMD -MP -MF"Drivers/STM32L4xx_HAL_Driver/Src/stm32l4xx_hal_i2c.d" -MT"Drivers/STM32L4xx_HAL_Driver/Src/stm32l4xx_hal_i2c.o" --specs=nano.specs -mfpu=fpv4-sp-d16 -mfloat-abi=hard -mthumb -o "Drivers/STM32L4xx_HAL_Driver/Src/stm32l4xx_hal_i2c.o"
arm-none-eabi-gcc "../Drivers/STM32L4xx_HAL_Driver/Src/stm32l4xx_hal_i2c_ex.c" -mcpu=cortex-m4 -std=gnu11 -g3 -DDEBUG -DUSE_HAL_DRIVER -DSTM32L476xx -c -I../Core/Inc -I../Drivers/STM32L4xx_HAL_Driver/Inc -I../Drivers/STM32L4xx_HAL_Driver/Inc/Legacy -I../Drivers/CMSIS/Device/ST/STM32L4xx/Include -I../Drivers/CMSIS/Include -I../FreeRTOS/include -I../FreeRTOS/ARM_CM4F -O0 -ffunction-sections -fdata-sections -Wall -fstack-usage -fcyclomatic-complexity -MMD -MP -MF"Drivers/STM32L4xx_HAL_Driver/Src/stm32l4xx_hal_i2c_ex.d" -MT"Drivers/STM32L4xx_HAL_Driver/Src/stm32l4xx_hal_i2c_ex.o" --specs=nano.specs -mfpu=fpv4-sp-d16 -mfloat-abi=hard -mthumb -o "Drivers/STM32L4xx_HAL_Driver/Src/stm32l4xx_hal_i2c_ex.o"
arm-none-eabi-gcc "../Drivers/STM32L4xx_HAL_Driver/Src/stm32l4xx_hal_pwr.c" -mcpu=cortex-m4 -std=gnu11 -g3 -DDEBUG -DUSE_HAL_DRIVER -DSTM32L476xx -c -I../Core/Inc -I../Drivers/STM32L4xx_HAL_Driver/Inc -I../Drivers/STM32L4xx_HAL_Driver/Inc/Legacy -I../Drivers/CMSIS/Device/ST/STM32L4xx/Include -I../Drivers/CMSIS/Include -I../FreeRTOS/include -I../FreeRTOS/ARM_CM4F -O0 -ffunction-sections -fdata-sections -Wall -fstack-usage -fcyclomatic-complexity -MMD -MP -MF"Drivers/STM32L4xx_HAL_Driver/Src/stm32l4xx_hal_pwr.d" -MT"Drivers/STM32L4xx_HAL_Driver/Src/stm32l4xx_hal_pwr.o" --specs=nano.specs -mfpu=fpv4-sp-d16 -mfloat-abi=hard -mthumb -o "Drivers/STM32L4xx_HAL_Driver/Src/stm32l4xx_hal_pwr.o"
arm-none-eabi-gcc "../Drivers/STM32L4xx_HAL_Driver/Src/stm32l4xx_hal_pwr_ex.c" -mcpu=cortex-m4 -std=gnu11 -g3 -DDEBUG -DUSE_HAL_DRIVER -DSTM32L476xx -c -I../Core/Inc -I../Drivers/STM32L4xx_HAL_Driver/Inc -I../Drivers/STM32L4xx_HAL_Driver/Inc/Legacy -I../Drivers/CMSIS/Device/ST/STM32L4xx/Include -I../Drivers/CMSIS/Include -I../FreeRTOS/include -I../FreeRTOS/ARM_CM4F -O0 -ffunction-sections -fdata-sections -Wall -fstack-usage -fcyclomatic-complexity -MMD -MP -MF"Drivers/STM32L4xx_HAL_Driver/Src/stm32l4xx_hal_pwr_ex.d" -MT"Drivers/STM32L4xx_HAL_Driver/Src/stm32l4xx_hal_pwr_ex.o" --specs=nano.specs -mfpu=fpv4-sp-d16 -mfloat-abi=hard -mthumb -o "Drivers/STM32L4xx_HAL_Driver/Src/stm32l4xx_hal_pwr_ex.o"
arm-none-eabi-gcc "../Drivers/STM32L4xx_HAL_Driver/Src/stm32l4xx_hal_rcc.c" -mcpu=cortex-m4 -std=gnu11 -g3 -DDEBUG -DUSE_HAL_DRIVER -DSTM32L476xx -c -I../Core/Inc -I../Drivers/STM32L4xx_HAL_Driver/Inc -I../Drivers/STM32L4xx_HAL_Driver/Inc/Legacy -I../Drivers/CMSIS/Device/ST/STM32L4xx/Include -I../Drivers/CMSIS/Include -I../FreeRTOS/include -I../FreeRTOS/ARM_CM4F -O0 -ffunction-sections -fdata-sections -Wall -fstack-usage -fcyclomatic-complexity -MMD -MP -MF"Drivers/STM32L4xx_HAL_Driver/Src/stm32l4xx_hal_rcc.d" -MT"Drivers/STM32L4xx_HAL_Driver/Src/stm32l4xx_hal_rcc.o" --specs=nano.specs -mfpu=fpv4-sp-d16 -mfloat-abi=hard -mthumb -o "Drivers/STM32L4xx_HAL_Driver/Src/stm32l4xx_hal_rcc.o"
arm-none-eabi-gcc "../Drivers/STM32L4xx_HAL_Driver/Src/stm32l4xx_hal_rcc_ex.c" -mcpu=cortex-m4 -std=gnu11 -g3 -DDEBUG -DUSE_HAL_DRIVER -DSTM32L476xx -c -I../Core/Inc -I../Drivers/STM32L4xx_HAL_Driver/Inc -I../Drivers/STM32L4xx_HAL_Driver/Inc/Legacy -I../Drivers/CMSIS/Device/ST/STM32L4xx/Include -I../Drivers/CMSIS/Include -I../FreeRTOS/include -I../FreeRTOS/ARM_CM4F -O0 -ffunction-sections -fdata-sections -Wall -fstack-usage -fcyclomatic-complexity -MMD -MP -MF"Drivers/STM32L4xx_HAL_Driver/Src/stm32l4xx_hal_rcc_ex.d" -MT"Drivers/STM32L4xx_HAL_Driver/Src/stm32l4xx_hal_rcc_ex.o" --specs=nano.specs -mfpu=fpv4-sp-d16 -mfloat-abi=hard -mthumb -o "Drivers/STM32L4xx_HAL_Driver/Src/stm32l4xx_hal_rcc_ex.o"
arm-none-eabi-gcc -mcpu=cortex-m4 -g3 -DDEBUG -c -x assembler-with-cpp -MMD -MP -MF"Core/Startup/startup_stm32l476rgtx.d" -MT"Core/Startup/startup_stm32l476rgtx.o" --specs=nano.specs -mfpu=fpv4-sp-d16 -mfloat-abi=hard -mthumb -o "Core/Startup/startup_stm32l476rgtx.o" "../Core/Startup/startup_stm32l476rgtx.s"
arm-none-eabi-gcc "../Core/Src/main.c" -mcpu=cortex-m4 -std=gnu11 -g3 -DDEBUG -DUSE_HAL_DRIVER -DSTM32L476xx -c -I../Core/Inc -I../Drivers/STM32L4xx_HAL_Driver/Inc -I../Drivers/STM32L4xx_HAL_Driver/Inc/Legacy -I../Drivers/CMSIS/Device/ST/STM32L4xx/Include -I../Drivers/CMSIS/Include -I../FreeRTOS/include -I../FreeRTOS/ARM_CM4F -O0 -ffunction-sections -fdata-sections -Wall -fstack-usage -fcyclomatic-complexity -MMD -MP -MF"Core/Src/main.d" -MT"Core/Src/main.o" --specs=nano.specs -mfpu=fpv4-sp-d16 -mfloat-abi=hard -mthumb -o "Core/Src/main.o"
arm-none-eabi-gcc "../Core/Src/stm32l4xx_hal_msp.c" -mcpu=cortex-m4 -std=gnu11 -g3 -DDEBUG -DUSE_HAL_DRIVER -DSTM32L476xx -c -I../Core/Inc -I../Drivers/STM32L4xx_HAL_Driver/Inc -I../Drivers/STM32L4xx_HAL_Driver/Inc/Legacy -I../Drivers/CMSIS/Device/ST/STM32L4xx/Include -I../Drivers/CMSIS/Include -I../FreeRTOS/include -I../FreeRTOS/ARM_CM4F -O0 -ffunction-sections -fdata-sections -Wall -fstack-usage -fcyclomatic-complexity -MMD -MP -MF"Core/Src/stm32l4xx_hal_msp.d" -MT"Core/Src/stm32l4xx_hal_msp.o" --specs=nano.specs -mfpu=fpv4-sp-d16 -mfloat-abi=hard -mthumb -o "Core/Src/stm32l4xx_hal_msp.o"
arm-none-eabi-gcc "../Core/Src/stm32l4xx_it.c" -mcpu=cortex-m4 -std=gnu11 -g3 -DDEBUG -DUSE_HAL_DRIVER -DSTM32L476xx -c -I../Core/Inc -I../Drivers/STM32L4xx_HAL_Driver/Inc -I../Drivers/STM32L4xx_HAL_Driver/Inc/Legacy -I../Drivers/CMSIS/Device/ST/STM32L4xx/Include -I../Drivers/CMSIS/Include -I../FreeRTOS/include -I../FreeRTOS/ARM_CM4F -O0 -ffunction-sections -fdata-sections -Wall -fstack-usage -fcyclomatic-complexity -MMD -MP -MF"Core/Src/stm32l4xx_it.d" -MT"Core/Src/stm32l4xx_it.o" --specs=nano.specs -mfpu=fpv4-sp-d16 -mfloat-abi=hard -mthumb -o "Core/Src/stm32l4xx_it.o"
arm-none-eabi-gcc "../Core/Src/syscalls.c" -mcpu=cortex-m4 -std=gnu11 -g3 -DDEBUG -DUSE_HAL_DRIVER -DSTM32L476xx -c -I../Core/Inc -I../Drivers/STM32L4xx_HAL_Driver/Inc -I../Drivers/STM32L4xx_HAL_Driver/Inc/Legacy -I../Drivers/CMSIS/Device/ST/STM32L4xx/Include -I../Drivers/CMSIS/Include -I../FreeRTOS/include -I../FreeRTOS/ARM_CM4F -O0 -ffunction-sections -fdata-sections -Wall -fstack-usage -fcyclomatic-complexity -MMD -MP -MF"Core/Src/syscalls.d" -MT"Core/Src/syscalls.o" --specs=nano.specs -mfpu=fpv4-sp-d16 -mfloat-abi=hard -mthumb -o "Core/Src/syscalls.o"
arm-none-eabi-gcc "../Core/Src/sysmem.c" -mcpu=cortex-m4 -std=gnu11 -g3 -DDEBUG -DUSE_HAL_DRIVER -DSTM32L476xx -c -I../Core/Inc -I../Drivers/STM32L4xx_HAL_Driver/Inc -I../Drivers/STM32L4xx_HAL_Driver/Inc/Legacy -I../Drivers/CMSIS/Device/ST/STM32L4xx/Include -I../Drivers/CMSIS/Include -I../FreeRTOS/include -I../FreeRTOS/ARM_CM4F -O0 -ffunction-sections -fdata-sections -Wall -fstack-usage -fcyclomatic-complexity -MMD -MP -MF"Core/Src/sysmem.d" -MT"Core/Src/sysmem.o" --specs=nano.specs -mfpu=fpv4-sp-d16 -mfloat-abi=hard -mthumb -o "Core/Src/sysmem.o"
arm-none-eabi-gcc "../Core/Src/system_stm32l4xx.c" -mcpu=cortex-m4 -std=gnu11 -g3 -DDEBUG -DUSE_HAL_DRIVER -DSTM32L476xx -c -I../Core/Inc -I../Drivers/STM32L4xx_HAL_Driver/Inc -I../Drivers/STM32L4xx_HAL_Driver/Inc/Legacy -I../Drivers/CMSIS/Device/ST/STM32L4xx/Include -I../Drivers/CMSIS/Include -I../FreeRTOS/include -I../FreeRTOS/ARM_CM4F -O0 -ffunction-sections -fdata-sections -Wall -fstack-usage -fcyclomatic-complexity -MMD -MP -MF"Core/Src/system_stm32l4xx.d" -MT"Core/Src/system_stm32l4xx.o" --specs=nano.specs -mfpu=fpv4-sp-d16 -mfloat-abi=hard -mthumb -o "Core/Src/system_stm32l4xx.o"
arm-none-eabi-gcc -o "IMUTransceiverSTM32L476RG.elf" @"objects.list"   -mcpu=cortex-m4 -T"C:\Users\Jonat\MIRAERTS\MCUs\IMUTransceiverSTM32L476RG\STM32L476RGTX_FLASH.ld" --specs=nosys.specs -Wl,-Map="IMUTransceiverSTM32L476RG.map" -Wl,--gc-sections -static --specs=nano.specs -mfpu=fpv4-sp-d16 -mfloat-abi=hard -mthumb -Wl,--start-group -lc -lm -Wl,--end-group
C:/ST/STM32CubeIDE_1.16.1/STM32CubeIDE/plugins/com.st.stm32cube.ide.mcu.externaltools.gnu-tools-for-stm32.12.3.rel1.win32_1.0.200.202406191623/tools/bin/../lib/gcc/arm-none-eabi/12.3.1/../../../../arm-none-eabi/bin/ld.exe: ./FreeRTOS/source/tasks.o: in function `vTaskSwitchContext':
C:/Users/Jonat/MIRAERTS/MCUs/IMUTransceiverSTM32L476RG/Debug/../FreeRTOS/source/tasks.c:5163: undefined reference to `vApplicationStackOverflowHook'
collect2.exe: error: ld returned 1 exit status
make: *** [makefile:67: IMUTransceiverSTM32L476RG.elf] Error 1
"make -j14 all" terminated with exit code 2. Build might be incomplete.
16:34:47 **** Incremental Build of configuration Debug for project IMUTransceiverSTM32L476RG ****
make -j14 all 
arm-none-eabi-gcc "../FreeRTOS/source/event_groups.c" -mcpu=cortex-m4 -std=gnu11 -g3 -DDEBUG -DUSE_HAL_DRIVER -DSTM32L476xx -c -I../Core/Inc -I../Drivers/STM32L4xx_HAL_Driver/Inc -I../Drivers/STM32L4xx_HAL_Driver/Inc/Legacy -I../Drivers/CMSIS/Device/ST/STM32L4xx/Include -I../Drivers/CMSIS/Include -I../FreeRTOS/include -I../FreeRTOS/ARM_CM4F -O0 -ffunction-sections -fdata-sections -Wall -fstack-usage -fcyclomatic-complexity -MMD -MP -MF"FreeRTOS/source/event_groups.d" -MT"FreeRTOS/source/event_groups.o" --specs=nano.specs -mfpu=fpv4-sp-d16 -mfloat-abi=hard -mthumb -o "FreeRTOS/source/event_groups.o"
arm-none-eabi-gcc "../FreeRTOS/source/list.c" -mcpu=cortex-m4 -std=gnu11 -g3 -DDEBUG -DUSE_HAL_DRIVER -DSTM32L476xx -c -I../Core/Inc -I../Drivers/STM32L4xx_HAL_Driver/Inc -I../Drivers/STM32L4xx_HAL_Driver/Inc/Legacy -I../Drivers/CMSIS/Device/ST/STM32L4xx/Include -I../Drivers/CMSIS/Include -I../FreeRTOS/include -I../FreeRTOS/ARM_CM4F -O0 -ffunction-sections -fdata-sections -Wall -fstack-usage -fcyclomatic-complexity -MMD -MP -MF"FreeRTOS/source/list.d" -MT"FreeRTOS/source/list.o" --specs=nano.specs -mfpu=fpv4-sp-d16 -mfloat-abi=hard -mthumb -o "FreeRTOS/source/list.o"
arm-none-eabi-gcc "../FreeRTOS/source/queue.c" -mcpu=cortex-m4 -std=gnu11 -g3 -DDEBUG -DUSE_HAL_DRIVER -DSTM32L476xx -c -I../Core/Inc -I../Drivers/STM32L4xx_HAL_Driver/Inc -I../Drivers/STM32L4xx_HAL_Driver/Inc/Legacy -I../Drivers/CMSIS/Device/ST/STM32L4xx/Include -I../Drivers/CMSIS/Include -I../FreeRTOS/include -I../FreeRTOS/ARM_CM4F -O0 -ffunction-sections -fdata-sections -Wall -fstack-usage -fcyclomatic-complexity -MMD -MP -MF"FreeRTOS/source/queue.d" -MT"FreeRTOS/source/queue.o" --specs=nano.specs -mfpu=fpv4-sp-d16 -mfloat-abi=hard -mthumb -o "FreeRTOS/source/queue.o"
arm-none-eabi-gcc "../FreeRTOS/source/stream_buffer.c" -mcpu=cortex-m4 -std=gnu11 -g3 -DDEBUG -DUSE_HAL_DRIVER -DSTM32L476xx -c -I../Core/Inc -I../Drivers/STM32L4xx_HAL_Driver/Inc -I../Drivers/STM32L4xx_HAL_Driver/Inc/Legacy -I../Drivers/CMSIS/Device/ST/STM32L4xx/Include -I../Drivers/CMSIS/Include -I../FreeRTOS/include -I../FreeRTOS/ARM_CM4F -O0 -ffunction-sections -fdata-sections -Wall -fstack-usage -fcyclomatic-complexity -MMD -MP -MF"FreeRTOS/source/stream_buffer.d" -MT"FreeRTOS/source/stream_buffer.o" --specs=nano.specs -mfpu=fpv4-sp-d16 -mfloat-abi=hard -mthumb -o "FreeRTOS/source/stream_buffer.o"
arm-none-eabi-gcc "../FreeRTOS/source/tasks.c" -mcpu=cortex-m4 -std=gnu11 -g3 -DDEBUG -DUSE_HAL_DRIVER -DSTM32L476xx -c -I../Core/Inc -I../Drivers/STM32L4xx_HAL_Driver/Inc -I../Drivers/STM32L4xx_HAL_Driver/Inc/Legacy -I../Drivers/CMSIS/Device/ST/STM32L4xx/Include -I../Drivers/CMSIS/Include -I../FreeRTOS/include -I../FreeRTOS/ARM_CM4F -O0 -ffunction-sections -fdata-sections -Wall -fstack-usage -fcyclomatic-complexity -MMD -MP -MF"FreeRTOS/source/tasks.d" -MT"FreeRTOS/source/tasks.o" --specs=nano.specs -mfpu=fpv4-sp-d16 -mfloat-abi=hard -mthumb -o "FreeRTOS/source/tasks.o"
arm-none-eabi-gcc "../FreeRTOS/source/timers.c" -mcpu=cortex-m4 -std=gnu11 -g3 -DDEBUG -DUSE_HAL_DRIVER -DSTM32L476xx -c -I../Core/Inc -I../Drivers/STM32L4xx_HAL_Driver/Inc -I../Drivers/STM32L4xx_HAL_Driver/Inc/Legacy -I../Drivers/CMSIS/Device/ST/STM32L4xx/Include -I../Drivers/CMSIS/Include -I../FreeRTOS/include -I../FreeRTOS/ARM_CM4F -O0 -ffunction-sections -fdata-sections -Wall -fstack-usage -fcyclomatic-complexity -MMD -MP -MF"FreeRTOS/source/timers.d" -MT"FreeRTOS/source/timers.o" --specs=nano.specs -mfpu=fpv4-sp-d16 -mfloat-abi=hard -mthumb -o "FreeRTOS/source/timers.o"
arm-none-eabi-gcc "../FreeRTOS/ARM_CM4F/port.c" -mcpu=cortex-m4 -std=gnu11 -g3 -DDEBUG -DUSE_HAL_DRIVER -DSTM32L476xx -c -I../Core/Inc -I../Drivers/STM32L4xx_HAL_Driver/Inc -I../Drivers/STM32L4xx_HAL_Driver/Inc/Legacy -I../Drivers/CMSIS/Device/ST/STM32L4xx/Include -I../Drivers/CMSIS/Include -I../FreeRTOS/include -I../FreeRTOS/ARM_CM4F -O0 -ffunction-sections -fdata-sections -Wall -fstack-usage -fcyclomatic-complexity -MMD -MP -MF"FreeRTOS/ARM_CM4F/port.d" -MT"FreeRTOS/ARM_CM4F/port.o" --specs=nano.specs -mfpu=fpv4-sp-d16 -mfloat-abi=hard -mthumb -o "FreeRTOS/ARM_CM4F/port.o"
arm-none-eabi-gcc "../FreeRTOS/heap_4.c" -mcpu=cortex-m4 -std=gnu11 -g3 -DDEBUG -DUSE_HAL_DRIVER -DSTM32L476xx -c -I../Core/Inc -I../Drivers/STM32L4xx_HAL_Driver/Inc -I../Drivers/STM32L4xx_HAL_Driver/Inc/Legacy -I../Drivers/CMSIS/Device/ST/STM32L4xx/Include -I../Drivers/CMSIS/Include -I../FreeRTOS/include -I../FreeRTOS/ARM_CM4F -O0 -ffunction-sections -fdata-sections -Wall -fstack-usage -fcyclomatic-complexity -MMD -MP -MF"FreeRTOS/heap_4.d" -MT"FreeRTOS/heap_4.o" --specs=nano.specs -mfpu=fpv4-sp-d16 -mfloat-abi=hard -mthumb -o "FreeRTOS/heap_4.o"
arm-none-eabi-gcc "../Core/Src/freertos_hooks.c" -mcpu=cortex-m4 -std=gnu11 -g3 -DDEBUG -DUSE_HAL_DRIVER -DSTM32L476xx -c -I../Core/Inc -I../Drivers/STM32L4xx_HAL_Driver/Inc -I../Drivers/STM32L4xx_HAL_Driver/Inc/Legacy -I../Drivers/CMSIS/Device/ST/STM32L4xx/Include -I../Drivers/CMSIS/Include -I../FreeRTOS/include -I../FreeRTOS/ARM_CM4F -O0 -ffunction-sections -fdata-sections -Wall -fstack-usage -fcyclomatic-complexity -MMD -MP -MF"Core/Src/freertos_hooks.d" -MT"Core/Src/freertos_hooks.o" --specs=nano.specs -mfpu=fpv4-sp-d16 -mfloat-abi=hard -mthumb -o "Core/Src/freertos_hooks.o"
arm-none-eabi-gcc "../Core/Src/main.c" -mcpu=cortex-m4 -std=gnu11 -g3 -DDEBUG -DUSE_HAL_DRIVER -DSTM32L476xx -c -I../Core/Inc -I../Drivers/STM32L4xx_HAL_Driver/Inc -I../Drivers/STM32L4xx_HAL_Driver/Inc/Legacy -I../Drivers/CMSIS/Device/ST/STM32L4xx/Include -I../Drivers/CMSIS/Include -I../FreeRTOS/include -I../FreeRTOS/ARM_CM4F -O0 -ffunction-sections -fdata-sections -Wall -fstack-usage -fcyclomatic-complexity -MMD -MP -MF"Core/Src/main.d" -MT"Core/Src/main.o" --specs=nano.specs -mfpu=fpv4-sp-d16 -mfloat-abi=hard -mthumb -o "Core/Src/main.o"
arm-none-eabi-gcc "../Core/Src/stm32l4xx_hal_msp.c" -mcpu=cortex-m4 -std=gnu11 -g3 -DDEBUG -DUSE_HAL_DRIVER -DSTM32L476xx -c -I../Core/Inc -I../Drivers/STM32L4xx_HAL_Driver/Inc -I../Drivers/STM32L4xx_HAL_Driver/Inc/Legacy -I../Drivers/CMSIS/Device/ST/STM32L4xx/Include -I../Drivers/CMSIS/Include -I../FreeRTOS/include -I../FreeRTOS/ARM_CM4F -O0 -ffunction-sections -fdata-sections -Wall -fstack-usage -fcyclomatic-complexity -MMD -MP -MF"Core/Src/stm32l4xx_hal_msp.d" -MT"Core/Src/stm32l4xx_hal_msp.o" --specs=nano.specs -mfpu=fpv4-sp-d16 -mfloat-abi=hard -mthumb -o "Core/Src/stm32l4xx_hal_msp.o"
arm-none-eabi-gcc "../Core/Src/stm32l4xx_it.c" -mcpu=cortex-m4 -std=gnu11 -g3 -DDEBUG -DUSE_HAL_DRIVER -DSTM32L476xx -c -I../Core/Inc -I../Drivers/STM32L4xx_HAL_Driver/Inc -I../Drivers/STM32L4xx_HAL_Driver/Inc/Legacy -I../Drivers/CMSIS/Device/ST/STM32L4xx/Include -I../Drivers/CMSIS/Include -I../FreeRTOS/include -I../FreeRTOS/ARM_CM4F -O0 -ffunction-sections -fdata-sections -Wall -fstack-usage -fcyclomatic-complexity -MMD -MP -MF"Core/Src/stm32l4xx_it.d" -MT"Core/Src/stm32l4xx_it.o" --specs=nano.specs -mfpu=fpv4-sp-d16 -mfloat-abi=hard -mthumb -o "Core/Src/stm32l4xx_it.o"
arm-none-eabi-gcc "../Core/Src/syscalls.c" -mcpu=cortex-m4 -std=gnu11 -g3 -DDEBUG -DUSE_HAL_DRIVER -DSTM32L476xx -c -I../Core/Inc -I../Drivers/STM32L4xx_HAL_Driver/Inc -I../Drivers/STM32L4xx_HAL_Driver/Inc/Legacy -I../Drivers/CMSIS/Device/ST/STM32L4xx/Include -I../Drivers/CMSIS/Include -I../FreeRTOS/include -I../FreeRTOS/ARM_CM4F -O0 -ffunction-sections -fdata-sections -Wall -fstack-usage -fcyclomatic-complexity -MMD -MP -MF"Core/Src/syscalls.d" -MT"Core/Src/syscalls.o" --specs=nano.specs -mfpu=fpv4-sp-d16 -mfloat-abi=hard -mthumb -o "Core/Src/syscalls.o"
arm-none-eabi-gcc "../Core/Src/sysmem.c" -mcpu=cortex-m4 -std=gnu11 -g3 -DDEBUG -DUSE_HAL_DRIVER -DSTM32L476xx -c -I../Core/Inc -I../Drivers/STM32L4xx_HAL_Driver/Inc -I../Drivers/STM32L4xx_HAL_Driver/Inc/Legacy -I../Drivers/CMSIS/Device/ST/STM32L4xx/Include -I../Drivers/CMSIS/Include -I../FreeRTOS/include -I../FreeRTOS/ARM_CM4F -O0 -ffunction-sections -fdata-sections -Wall -fstack-usage -fcyclomatic-complexity -MMD -MP -MF"Core/Src/sysmem.d" -MT"Core/Src/sysmem.o" --specs=nano.specs -mfpu=fpv4-sp-d16 -mfloat-abi=hard -mthumb -o "Core/Src/sysmem.o"
../FreeRTOS/ARM_CM4F/port.c: In function 'xPortStartScheduler':
../FreeRTOS/ARM_CM4F/port.c:327:33: warning: unused variable 'pxVectorTable' [-Wunused-variable]
  327 |         const portISR_t * const pxVectorTable = portSCB_VTOR_REG;
      |                                 ^~~~~~~~~~~~~
arm-none-eabi-gcc "../Core/Src/system_stm32l4xx.c" -mcpu=cortex-m4 -std=gnu11 -g3 -DDEBUG -DUSE_HAL_DRIVER -DSTM32L476xx -c -I../Core/Inc -I../Drivers/STM32L4xx_HAL_Driver/Inc -I../Drivers/STM32L4xx_HAL_Driver/Inc/Legacy -I../Drivers/CMSIS/Device/ST/STM32L4xx/Include -I../Drivers/CMSIS/Include -I../FreeRTOS/include -I../FreeRTOS/ARM_CM4F -O0 -ffunction-sections -fdata-sections -Wall -fstack-usage -fcyclomatic-complexity -MMD -MP -MF"Core/Src/system_stm32l4xx.d" -MT"Core/Src/system_stm32l4xx.o" --specs=nano.specs -mfpu=fpv4-sp-d16 -mfloat-abi=hard -mthumb -o "Core/Src/system_stm32l4xx.o"
arm-none-eabi-gcc -o "IMUTransceiverSTM32L476RG.elf" @"objects.list"   -mcpu=cortex-m4 -T"C:\Users\Jonat\MIRAERTS\MCUs\IMUTransceiverSTM32L476RG\STM32L476RGTX_FLASH.ld" --specs=nosys.specs -Wl,-Map="IMUTransceiverSTM32L476RG.map" -Wl,--gc-sections -static --specs=nano.specs -mfpu=fpv4-sp-d16 -mfloat-abi=hard -mthumb -Wl,--start-group -lc -lm -Wl,--end-group
Finished building target: IMUTransceiverSTM32L476RG.elf
 
arm-none-eabi-size  IMUTransceiverSTM32L476RG.elf 
arm-none-eabi-objdump -h -S IMUTransceiverSTM32L476RG.elf  > "IMUTransceiverSTM32L476RG.list"
   text	   data	    bss	    dec	    hex	filename
   6076	     12	   1708	   7796	   1e74	IMUTransceiverSTM32L476RG.elf
Finished building: default.size.stdout
 
Finished building: IMUTransceiverSTM32L476RG.list
 
16:46:27 **** Incremental Build of configuration Debug for project IMUTransceiverSTM32L476RG ****
make -j14 all 
arm-none-eabi-gcc "../Core/Src/main.c" -mcpu=cortex-m4 -std=gnu11 -g3 -DDEBUG -DUSE_HAL_DRIVER -DSTM32L476xx -c -I../Core/Inc -I../Drivers/STM32L4xx_HAL_Driver/Inc -I../Drivers/STM32L4xx_HAL_Driver/Inc/Legacy -I../Drivers/CMSIS/Device/ST/STM32L4xx/Include -I../Drivers/CMSIS/Include -I../FreeRTOS/include -I../FreeRTOS/ARM_CM4F -O0 -ffunction-sections -fdata-sections -Wall -fstack-usage -fcyclomatic-complexity -MMD -MP -MF"Core/Src/main.d" -MT"Core/Src/main.o" --specs=nano.specs -mfpu=fpv4-sp-d16 -mfloat-abi=hard -mthumb -o "Core/Src/main.o"
../Core/Src/main.c: In function 'main':
../Core/Src/main.c:18:11: warning: implicit declaration of function 'Heartbeat'; did you mean 'vHeartbeat'? [-Wimplicit-function-declaration]
   18 |           Heartbeat();
      |           ^~~~~~~~~
      |           vHeartbeat
../Core/Src/main.c: At top level:
../Core/Src/main.c:22:6: error: conflicting types for 'vHeartbeat'; have 'void(void)'
   22 | void vHeartbeat(void){
      |      ^~~~~~~~~~
../Core/Src/main.c:10:6: note: previous declaration of 'vHeartbeat' with type 'void(void *)'
   10 | void vHeartbeat(void *pvParameters);
      |      ^~~~~~~~~~
make: *** [Core/Src/subdir.mk:37: Core/Src/main.o] Error 1
"make -j14 all" terminated with exit code 2. Build might be incomplete.
16:46:48 **** Incremental Build of configuration Debug for project IMUTransceiverSTM32L476RG ****
make -j14 all 
arm-none-eabi-gcc "../Core/Src/main.c" -mcpu=cortex-m4 -std=gnu11 -g3 -DDEBUG -DUSE_HAL_DRIVER -DSTM32L476xx -c -I../Core/Inc -I../Drivers/STM32L4xx_HAL_Driver/Inc -I../Drivers/STM32L4xx_HAL_Driver/Inc/Legacy -I../Drivers/CMSIS/Device/ST/STM32L4xx/Include -I../Drivers/CMSIS/Include -I../FreeRTOS/include -I../FreeRTOS/ARM_CM4F -O0 -ffunction-sections -fdata-sections -Wall -fstack-usage -fcyclomatic-complexity -MMD -MP -MF"Core/Src/main.d" -MT"Core/Src/main.o" --specs=nano.specs -mfpu=fpv4-sp-d16 -mfloat-abi=hard -mthumb -o "Core/Src/main.o"
../Core/Src/main.c: In function 'main':
../Core/Src/main.c:18:11: warning: implicit declaration of function 'Heartbeat'; did you mean 'vHeartbeat'? [-Wimplicit-function-declaration]
   18 |           Heartbeat();
      |           ^~~~~~~~~
      |           vHeartbeat
arm-none-eabi-gcc -o "IMUTransceiverSTM32L476RG.elf" @"objects.list"   -mcpu=cortex-m4 -T"C:\Users\Jonat\MIRAERTS\MCUs\IMUTransceiverSTM32L476RG\STM32L476RGTX_FLASH.ld" --specs=nosys.specs -Wl,-Map="IMUTransceiverSTM32L476RG.map" -Wl,--gc-sections -static --specs=nano.specs -mfpu=fpv4-sp-d16 -mfloat-abi=hard -mthumb -Wl,--start-group -lc -lm -Wl,--end-group
C:/ST/STM32CubeIDE_1.16.1/STM32CubeIDE/plugins/com.st.stm32cube.ide.mcu.externaltools.gnu-tools-for-stm32.12.3.rel1.win32_1.0.200.202406191623/tools/bin/../lib/gcc/arm-none-eabi/12.3.1/../../../../arm-none-eabi/bin/ld.exe: ./Core/Src/main.o: in function `main':
C:/Users/Jonat/MIRAERTS/MCUs/IMUTransceiverSTM32L476RG/Debug/../Core/Src/main.c:18: undefined reference to `Heartbeat'
collect2.exe: error: ld returned 1 exit status
make: *** [makefile:67: IMUTransceiverSTM32L476RG.elf] Error 1
"make -j14 all" terminated with exit code 2. Build might be incomplete.
16:47:26 **** Incremental Build of configuration Debug for project IMUTransceiverSTM32L476RG ****
make -j14 all 
arm-none-eabi-gcc "../Core/Src/main.c" -mcpu=cortex-m4 -std=gnu11 -g3 -DDEBUG -DUSE_HAL_DRIVER -DSTM32L476xx -c -I../Core/Inc -I../Drivers/STM32L4xx_HAL_Driver/Inc -I../Drivers/STM32L4xx_HAL_Driver/Inc/Legacy -I../Drivers/CMSIS/Device/ST/STM32L4xx/Include -I../Drivers/CMSIS/Include -I../FreeRTOS/include -I../FreeRTOS/ARM_CM4F -O0 -ffunction-sections -fdata-sections -Wall -fstack-usage -fcyclomatic-complexity -MMD -MP -MF"Core/Src/main.d" -MT"Core/Src/main.o" --specs=nano.specs -mfpu=fpv4-sp-d16 -mfloat-abi=hard -mthumb -o "Core/Src/main.o"
../Core/Src/main.c: In function 'main':
../Core/Src/main.c:18:11: warning: implicit declaration of function 'Heartbeat'; did you mean 'vHeartbeat'? [-Wimplicit-function-declaration]
   18 |           Heartbeat();
      |           ^~~~~~~~~
      |           vHeartbeat
arm-none-eabi-gcc -o "IMUTransceiverSTM32L476RG.elf" @"objects.list"   -mcpu=cortex-m4 -T"C:\Users\Jonat\MIRAERTS\MCUs\IMUTransceiverSTM32L476RG\STM32L476RGTX_FLASH.ld" --specs=nosys.specs -Wl,-Map="IMUTransceiverSTM32L476RG.map" -Wl,--gc-sections -static --specs=nano.specs -mfpu=fpv4-sp-d16 -mfloat-abi=hard -mthumb -Wl,--start-group -lc -lm -Wl,--end-group
C:/ST/STM32CubeIDE_1.16.1/STM32CubeIDE/plugins/com.st.stm32cube.ide.mcu.externaltools.gnu-tools-for-stm32.12.3.rel1.win32_1.0.200.202406191623/tools/bin/../lib/gcc/arm-none-eabi/12.3.1/../../../../arm-none-eabi/bin/ld.exe: ./Core/Src/main.o: in function `main':
C:/Users/Jonat/MIRAERTS/MCUs/IMUTransceiverSTM32L476RG/Debug/../Core/Src/main.c:18: undefined reference to `Heartbeat'
collect2.exe: error: ld returned 1 exit status
make: *** [makefile:67: IMUTransceiverSTM32L476RG.elf] Error 1
"make -j14 all" terminated with exit code 2. Build might be incomplete.
16:47:29 **** Incremental Build of configuration Debug for project IMUTransceiverSTM32L476RG ****
make -j14 all 
arm-none-eabi-gcc "../Core/Src/main.c" -mcpu=cortex-m4 -std=gnu11 -g3 -DDEBUG -DUSE_HAL_DRIVER -DSTM32L476xx -c -I../Core/Inc -I../Drivers/STM32L4xx_HAL_Driver/Inc -I../Drivers/STM32L4xx_HAL_Driver/Inc/Legacy -I../Drivers/CMSIS/Device/ST/STM32L4xx/Include -I../Drivers/CMSIS/Include -I../FreeRTOS/include -I../FreeRTOS/ARM_CM4F -O0 -ffunction-sections -fdata-sections -Wall -fstack-usage -fcyclomatic-complexity -MMD -MP -MF"Core/Src/main.d" -MT"Core/Src/main.o" --specs=nano.specs -mfpu=fpv4-sp-d16 -mfloat-abi=hard -mthumb -o "Core/Src/main.o"
../Core/Src/main.c: In function 'main':
../Core/Src/main.c:18:11: error: too few arguments to function 'vHeartbeat'
   18 |           vHeartbeat();
      |           ^~~~~~~~~~
../Core/Src/main.c:10:6: note: declared here
   10 | void vHeartbeat(void *pvParameters);
      |      ^~~~~~~~~~
make: *** [Core/Src/subdir.mk:37: Core/Src/main.o] Error 1
"make -j14 all" terminated with exit code 2. Build might be incomplete.
16:51:38 **** Incremental Build of configuration Debug for project IMUTransceiverSTM32L476RG ****
make -j14 all 
arm-none-eabi-gcc "../Core/Src/main.c" -mcpu=cortex-m4 -std=gnu11 -g3 -DDEBUG -DUSE_HAL_DRIVER -DSTM32L476xx -c -I../Core/Inc -I../Drivers/STM32L4xx_HAL_Driver/Inc -I../Drivers/STM32L4xx_HAL_Driver/Inc/Legacy -I../Drivers/CMSIS/Device/ST/STM32L4xx/Include -I../Drivers/CMSIS/Include -I../FreeRTOS/include -I../FreeRTOS/ARM_CM4F -O0 -ffunction-sections -fdata-sections -Wall -fstack-usage -fcyclomatic-complexity -MMD -MP -MF"Core/Src/main.d" -MT"Core/Src/main.o" --specs=nano.specs -mfpu=fpv4-sp-d16 -mfloat-abi=hard -mthumb -o "Core/Src/main.o"
../Core/Src/main.c: In function 'main':
../Core/Src/main.c:19:11: error: too few arguments to function 'vHeartbeat'
   19 |           vHeartbeat();
      |           ^~~~~~~~~~
../Core/Src/main.c:11:6: note: declared here
   11 | void vHeartbeat(void *pvParameters);
      |      ^~~~~~~~~~
../Core/Src/main.c: At top level:
../Core/Src/main.c:23:13: warning: 'prvCreateTasks' defined but not used [-Wunused-function]
   23 | static void prvCreateTasks(void){
      |             ^~~~~~~~~~~~~~
make: *** [Core/Src/subdir.mk:37: Core/Src/main.o] Error 1
"make -j14 all" terminated with exit code 2. Build might be incomplete.
16:54:02 **** Incremental Build of configuration Debug for project IMUTransceiverSTM32L476RG ****
make -j14 all 
arm-none-eabi-gcc "../Core/Src/main.c" -mcpu=cortex-m4 -std=gnu11 -g3 -DDEBUG -DUSE_HAL_DRIVER -DSTM32L476xx -c -I../Core/Inc -I../Drivers/STM32L4xx_HAL_Driver/Inc -I../Drivers/STM32L4xx_HAL_Driver/Inc/Legacy -I../Drivers/CMSIS/Device/ST/STM32L4xx/Include -I../Drivers/CMSIS/Include -I../FreeRTOS/include -I../FreeRTOS/ARM_CM4F -O0 -ffunction-sections -fdata-sections -Wall -fstack-usage -fcyclomatic-complexity -MMD -MP -MF"Core/Src/main.d" -MT"Core/Src/main.o" --specs=nano.specs -mfpu=fpv4-sp-d16 -mfloat-abi=hard -mthumb -o "Core/Src/main.o"
../Core/Src/main.c: In function 'prvCreateTasks':
../Core/Src/main.c:24:59: error: expected expression before ',' token
   24 |         xTaskCreate(vHeartbeat, "Heartbeat", 128, (void*)&, 1, NULL);
      |                                                           ^
../Core/Src/main.c:23:18: warning: unused variable 'blinkRate' [-Wunused-variable]
   23 |         uint32_t blinkRate = 500;
      |                  ^~~~~~~~~
../Core/Src/main.c: At top level:
../Core/Src/main.c:22:13: warning: 'prvCreateTasks' defined but not used [-Wunused-function]
   22 | static void prvCreateTasks(void){
      |             ^~~~~~~~~~~~~~
make: *** [Core/Src/subdir.mk:37: Core/Src/main.o] Error 1
"make -j14 all" terminated with exit code 2. Build might be incomplete.
16:55:09 **** Incremental Build of configuration Debug for project IMUTransceiverSTM32L476RG ****
make -j14 all 
arm-none-eabi-gcc "../Core/Src/main.c" -mcpu=cortex-m4 -std=gnu11 -g3 -DDEBUG -DUSE_HAL_DRIVER -DSTM32L476xx -c -I../Core/Inc -I../Drivers/STM32L4xx_HAL_Driver/Inc -I../Drivers/STM32L4xx_HAL_Driver/Inc/Legacy -I../Drivers/CMSIS/Device/ST/STM32L4xx/Include -I../Drivers/CMSIS/Include -I../FreeRTOS/include -I../FreeRTOS/ARM_CM4F -O0 -ffunction-sections -fdata-sections -Wall -fstack-usage -fcyclomatic-complexity -MMD -MP -MF"Core/Src/main.d" -MT"Core/Src/main.o" --specs=nano.specs -mfpu=fpv4-sp-d16 -mfloat-abi=hard -mthumb -o "Core/Src/main.o"
../Core/Src/main.c: In function 'vHeartbeat':
../Core/Src/main.c:28:19: warning: unused variable 'rate' [-Wunused-variable]
   28 |         uint32_t *rate = (uint32_t*)pvParameters;
      |                   ^~~~
../Core/Src/main.c: At top level:
../Core/Src/main.c:22:13: warning: 'prvCreateTasks' defined but not used [-Wunused-function]
   22 | static void prvCreateTasks(void){
      |             ^~~~~~~~~~~~~~
arm-none-eabi-gcc -o "IMUTransceiverSTM32L476RG.elf" @"objects.list"   -mcpu=cortex-m4 -T"C:\Users\Jonat\MIRAERTS\MCUs\IMUTransceiverSTM32L476RG\STM32L476RGTX_FLASH.ld" --specs=nosys.specs -Wl,-Map="IMUTransceiverSTM32L476RG.map" -Wl,--gc-sections -static --specs=nano.specs -mfpu=fpv4-sp-d16 -mfloat-abi=hard -mthumb -Wl,--start-group -lc -lm -Wl,--end-group
Finished building target: IMUTransceiverSTM32L476RG.elf
 
arm-none-eabi-size  IMUTransceiverSTM32L476RG.elf 
arm-none-eabi-objdump -h -S IMUTransceiverSTM32L476RG.elf  > "IMUTransceiverSTM32L476RG.list"
   text	   data	    bss	    dec	    hex	filename
   6044	     12	   1708	   7764	   1e54	IMUTransceiverSTM32L476RG.elf
Finished building: default.size.stdout
 
Finished building: IMUTransceiverSTM32L476RG.list
 
16:55:22 **** Incremental Build of configuration Debug for project IMUTransceiverSTM32L476RG ****
make -j14 all 
arm-none-eabi-gcc "../Core/Src/main.c" -mcpu=cortex-m4 -std=gnu11 -g3 -DDEBUG -DUSE_HAL_DRIVER -DSTM32L476xx -c -I../Core/Inc -I../Drivers/STM32L4xx_HAL_Driver/Inc -I../Drivers/STM32L4xx_HAL_Driver/Inc/Legacy -I../Drivers/CMSIS/Device/ST/STM32L4xx/Include -I../Drivers/CMSIS/Include -I../FreeRTOS/include -I../FreeRTOS/ARM_CM4F -O0 -ffunction-sections -fdata-sections -Wall -fstack-usage -fcyclomatic-complexity -MMD -MP -MF"Core/Src/main.d" -MT"Core/Src/main.o" --specs=nano.specs -mfpu=fpv4-sp-d16 -mfloat-abi=hard -mthumb -o "Core/Src/main.o"
../Core/Src/main.c: In function 'vHeartbeat':
../Core/Src/main.c:28:19: warning: unused variable 'rate' [-Wunused-variable]
   28 |         uint32_t *rate = (uint32_t*)pvParameters;
      |                   ^~~~
../Core/Src/main.c: At top level:
../Core/Src/main.c:22:13: warning: 'prvCreateTasks' defined but not used [-Wunused-function]
   22 | static void prvCreateTasks(void){
      |             ^~~~~~~~~~~~~~
arm-none-eabi-gcc -o "IMUTransceiverSTM32L476RG.elf" @"objects.list"   -mcpu=cortex-m4 -T"C:\Users\Jonat\MIRAERTS\MCUs\IMUTransceiverSTM32L476RG\STM32L476RGTX_FLASH.ld" --specs=nosys.specs -Wl,-Map="IMUTransceiverSTM32L476RG.map" -Wl,--gc-sections -static --specs=nano.specs -mfpu=fpv4-sp-d16 -mfloat-abi=hard -mthumb -Wl,--start-group -lc -lm -Wl,--end-group
Finished building target: IMUTransceiverSTM32L476RG.elf
 
arm-none-eabi-size  IMUTransceiverSTM32L476RG.elf 
arm-none-eabi-objdump -h -S IMUTransceiverSTM32L476RG.elf  > "IMUTransceiverSTM32L476RG.list"
   text	   data	    bss	    dec	    hex	filename
   6044	     12	   1708	   7764	   1e54	IMUTransceiverSTM32L476RG.elf
Finished building: default.size.stdout
 
Finished building: IMUTransceiverSTM32L476RG.list
 
16:56:18 **** Incremental Build of configuration Debug for project IMUTransceiverSTM32L476RG ****
make -j14 all 
arm-none-eabi-gcc "../Core/Src/main.c" -mcpu=cortex-m4 -std=gnu11 -g3 -DDEBUG -DUSE_HAL_DRIVER -DSTM32L476xx -c -I../Core/Inc -I../Drivers/STM32L4xx_HAL_Driver/Inc -I../Drivers/STM32L4xx_HAL_Driver/Inc/Legacy -I../Drivers/CMSIS/Device/ST/STM32L4xx/Include -I../Drivers/CMSIS/Include -I../FreeRTOS/include -I../FreeRTOS/ARM_CM4F -O0 -ffunction-sections -fdata-sections -Wall -fstack-usage -fcyclomatic-complexity -MMD -MP -MF"Core/Src/main.d" -MT"Core/Src/main.o" --specs=nano.specs -mfpu=fpv4-sp-d16 -mfloat-abi=hard -mthumb -o "Core/Src/main.o"
../Core/Src/main.c:22:13: warning: 'prvCreateTasks' defined but not used [-Wunused-function]
   22 | static void prvCreateTasks(void){
      |             ^~~~~~~~~~~~~~
arm-none-eabi-gcc -o "IMUTransceiverSTM32L476RG.elf" @"objects.list"   -mcpu=cortex-m4 -T"C:\Users\Jonat\MIRAERTS\MCUs\IMUTransceiverSTM32L476RG\STM32L476RGTX_FLASH.ld" --specs=nosys.specs -Wl,-Map="IMUTransceiverSTM32L476RG.map" -Wl,--gc-sections -static --specs=nano.specs -mfpu=fpv4-sp-d16 -mfloat-abi=hard -mthumb -Wl,--start-group -lc -lm -Wl,--end-group
Finished building target: IMUTransceiverSTM32L476RG.elf
 
arm-none-eabi-size  IMUTransceiverSTM32L476RG.elf 
arm-none-eabi-objdump -h -S IMUTransceiverSTM32L476RG.elf  > "IMUTransceiverSTM32L476RG.list"
   text	   data	    bss	    dec	    hex	filename
   6044	     12	   1708	   7764	   1e54	IMUTransceiverSTM32L476RG.elf
Finished building: default.size.stdout
 
Finished building: IMUTransceiverSTM32L476RG.list
 
16:56:44 **** Incremental Build of configuration Debug for project IMUTransceiverSTM32L476RG ****
make -j14 all 
arm-none-eabi-gcc "../Core/Src/main.c" -mcpu=cortex-m4 -std=gnu11 -g3 -DDEBUG -DUSE_HAL_DRIVER -DSTM32L476xx -c -I../Core/Inc -I../Drivers/STM32L4xx_HAL_Driver/Inc -I../Drivers/STM32L4xx_HAL_Driver/Inc/Legacy -I../Drivers/CMSIS/Device/ST/STM32L4xx/Include -I../Drivers/CMSIS/Include -I../FreeRTOS/include -I../FreeRTOS/ARM_CM4F -O0 -ffunction-sections -fdata-sections -Wall -fstack-usage -fcyclomatic-complexity -MMD -MP -MF"Core/Src/main.d" -MT"Core/Src/main.o" --specs=nano.specs -mfpu=fpv4-sp-d16 -mfloat-abi=hard -mthumb -o "Core/Src/main.o"
arm-none-eabi-gcc -o "IMUTransceiverSTM32L476RG.elf" @"objects.list"   -mcpu=cortex-m4 -T"C:\Users\Jonat\MIRAERTS\MCUs\IMUTransceiverSTM32L476RG\STM32L476RGTX_FLASH.ld" --specs=nosys.specs -Wl,-Map="IMUTransceiverSTM32L476RG.map" -Wl,--gc-sections -static --specs=nano.specs -mfpu=fpv4-sp-d16 -mfloat-abi=hard -mthumb -Wl,--start-group -lc -lm -Wl,--end-group
Finished building target: IMUTransceiverSTM32L476RG.elf
 
arm-none-eabi-size  IMUTransceiverSTM32L476RG.elf 
arm-none-eabi-objdump -h -S IMUTransceiverSTM32L476RG.elf  > "IMUTransceiverSTM32L476RG.list"
   text	   data	    bss	    dec	    hex	filename
  10276	     16	  17208	  27500	   6b6c	IMUTransceiverSTM32L476RG.elf
Finished building: default.size.stdout
 
Finished building: IMUTransceiverSTM32L476RG.list
 
16:56:52 **** Incremental Build of configuration Debug for project IMUTransceiverSTM32L476RG ****
make -j14 all 
arm-none-eabi-size  IMUTransceiverSTM32L476RG.elf 
   text	   data	    bss	    dec	    hex	filename
  10276	     16	  17208	  27500	   6b6c	IMUTransceiverSTM32L476RG.elf
Finished building: default.size.stdout
 
16:57:17 **** Incremental Build of configuration Debug for project IMUTransceiverSTM32L476RG ****
make -j14 all 
arm-none-eabi-size  IMUTransceiverSTM32L476RG.elf 
   text	   data	    bss	    dec	    hex	filename
  10276	     16	  17208	  27500	   6b6c	IMUTransceiverSTM32L476RG.elf
Finished building: default.size.stdout
 
16:59:03 **** Incremental Build of configuration Debug for project IMUTransceiverSTM32L476RG ****
make -j14 all 
arm-none-eabi-gcc "../Core/Src/main.c" -mcpu=cortex-m4 -std=gnu11 -g3 -DDEBUG -DUSE_HAL_DRIVER -DSTM32L476xx -c -I../Core/Inc -I../Drivers/STM32L4xx_HAL_Driver/Inc -I../Drivers/STM32L4xx_HAL_Driver/Inc/Legacy -I../Drivers/CMSIS/Device/ST/STM32L4xx/Include -I../Drivers/CMSIS/Include -I../FreeRTOS/include -I../FreeRTOS/ARM_CM4F -O0 -ffunction-sections -fdata-sections -Wall -fstack-usage -fcyclomatic-complexity -MMD -MP -MF"Core/Src/main.d" -MT"Core/Src/main.o" --specs=nano.specs -mfpu=fpv4-sp-d16 -mfloat-abi=hard -mthumb -o "Core/Src/main.o"
../Core/Src/main.c:25:13: warning: 'prvCreateTasks' defined but not used [-Wunused-function]
   25 | static void prvCreateTasks(void){
      |             ^~~~~~~~~~~~~~
arm-none-eabi-gcc -o "IMUTransceiverSTM32L476RG.elf" @"objects.list"   -mcpu=cortex-m4 -T"C:\Users\Jonat\MIRAERTS\MCUs\IMUTransceiverSTM32L476RG\STM32L476RGTX_FLASH.ld" --specs=nosys.specs -Wl,-Map="IMUTransceiverSTM32L476RG.map" -Wl,--gc-sections -static --specs=nano.specs -mfpu=fpv4-sp-d16 -mfloat-abi=hard -mthumb -Wl,--start-group -lc -lm -Wl,--end-group
Finished building target: IMUTransceiverSTM32L476RG.elf
 
arm-none-eabi-size  IMUTransceiverSTM32L476RG.elf 
arm-none-eabi-objdump -h -S IMUTransceiverSTM32L476RG.elf  > "IMUTransceiverSTM32L476RG.list"
   text	   data	    bss	    dec	    hex	filename
   6076	     12	   1708	   7796	   1e74	IMUTransceiverSTM32L476RG.elf
Finished building: default.size.stdout
 
Finished building: IMUTransceiverSTM32L476RG.list
 
16:59:48 **** Incremental Build of configuration Debug for project IMUTransceiverSTM32L476RG ****
make -j14 all 
arm-none-eabi-gcc "../Core/Src/main.c" -mcpu=cortex-m4 -std=gnu11 -g3 -DDEBUG -DUSE_HAL_DRIVER -DSTM32L476xx -c -I../Core/Inc -I../Drivers/STM32L4xx_HAL_Driver/Inc -I../Drivers/STM32L4xx_HAL_Driver/Inc/Legacy -I../Drivers/CMSIS/Device/ST/STM32L4xx/Include -I../Drivers/CMSIS/Include -I../FreeRTOS/include -I../FreeRTOS/ARM_CM4F -O0 -ffunction-sections -fdata-sections -Wall -fstack-usage -fcyclomatic-complexity -MMD -MP -MF"Core/Src/main.d" -MT"Core/Src/main.o" --specs=nano.specs -mfpu=fpv4-sp-d16 -mfloat-abi=hard -mthumb -o "Core/Src/main.o"
arm-none-eabi-gcc -o "IMUTransceiverSTM32L476RG.elf" @"objects.list"   -mcpu=cortex-m4 -T"C:\Users\Jonat\MIRAERTS\MCUs\IMUTransceiverSTM32L476RG\STM32L476RGTX_FLASH.ld" --specs=nosys.specs -Wl,-Map="IMUTransceiverSTM32L476RG.map" -Wl,--gc-sections -static --specs=nano.specs -mfpu=fpv4-sp-d16 -mfloat-abi=hard -mthumb -Wl,--start-group -lc -lm -Wl,--end-group
Finished building target: IMUTransceiverSTM32L476RG.elf
 
arm-none-eabi-size  IMUTransceiverSTM32L476RG.elf 
arm-none-eabi-objdump -h -S IMUTransceiverSTM32L476RG.elf  > "IMUTransceiverSTM32L476RG.list"
   text	   data	    bss	    dec	    hex	filename
  10276	     16	  17208	  27500	   6b6c	IMUTransceiverSTM32L476RG.elf
Finished building: default.size.stdout
 
Finished building: IMUTransceiverSTM32L476RG.list
 
17:00:37 **** Incremental Build of configuration Debug for project IMUTransceiverSTM32L476RG ****
make -j14 all 
arm-none-eabi-gcc "../Core/Src/main.c" -mcpu=cortex-m4 -std=gnu11 -g3 -DDEBUG -DUSE_HAL_DRIVER -DSTM32L476xx -c -I../Core/Inc -I../Drivers/STM32L4xx_HAL_Driver/Inc -I../Drivers/STM32L4xx_HAL_Driver/Inc/Legacy -I../Drivers/CMSIS/Device/ST/STM32L4xx/Include -I../Drivers/CMSIS/Include -I../FreeRTOS/include -I../FreeRTOS/ARM_CM4F -O0 -ffunction-sections -fdata-sections -Wall -fstack-usage -fcyclomatic-complexity -MMD -MP -MF"Core/Src/main.d" -MT"Core/Src/main.o" --specs=nano.specs -mfpu=fpv4-sp-d16 -mfloat-abi=hard -mthumb -o "Core/Src/main.o"
arm-none-eabi-gcc -o "IMUTransceiverSTM32L476RG.elf" @"objects.list"   -mcpu=cortex-m4 -T"C:\Users\Jonat\MIRAERTS\MCUs\IMUTransceiverSTM32L476RG\STM32L476RGTX_FLASH.ld" --specs=nosys.specs -Wl,-Map="IMUTransceiverSTM32L476RG.map" -Wl,--gc-sections -static --specs=nano.specs -mfpu=fpv4-sp-d16 -mfloat-abi=hard -mthumb -Wl,--start-group -lc -lm -Wl,--end-group
Finished building target: IMUTransceiverSTM32L476RG.elf
 
arm-none-eabi-size  IMUTransceiverSTM32L476RG.elf 
arm-none-eabi-objdump -h -S IMUTransceiverSTM32L476RG.elf  > "IMUTransceiverSTM32L476RG.list"
   text	   data	    bss	    dec	    hex	filename
  10276	     16	  17208	  27500	   6b6c	IMUTransceiverSTM32L476RG.elf
Finished building: default.size.stdout
 
Finished building: IMUTransceiverSTM32L476RG.list
 
17:04:19 **** Incremental Build of configuration Debug for project IMUTransceiverSTM32L476RG ****
make -j14 all 
arm-none-eabi-gcc "../Core/Src/main.c" -mcpu=cortex-m4 -std=gnu11 -g3 -DDEBUG -DUSE_HAL_DRIVER -DSTM32L476xx -c -I../Core/Inc -I../Drivers/STM32L4xx_HAL_Driver/Inc -I../Drivers/STM32L4xx_HAL_Driver/Inc/Legacy -I../Drivers/CMSIS/Device/ST/STM32L4xx/Include -I../Drivers/CMSIS/Include -I../FreeRTOS/include -I../FreeRTOS/ARM_CM4F -O0 -ffunction-sections -fdata-sections -Wall -fstack-usage -fcyclomatic-complexity -MMD -MP -MF"Core/Src/main.d" -MT"Core/Src/main.o" --specs=nano.specs -mfpu=fpv4-sp-d16 -mfloat-abi=hard -mthumb -o "Core/Src/main.o"
arm-none-eabi-gcc -o "IMUTransceiverSTM32L476RG.elf" @"objects.list"   -mcpu=cortex-m4 -T"C:\Users\Jonat\MIRAERTS\MCUs\IMUTransceiverSTM32L476RG\STM32L476RGTX_FLASH.ld" --specs=nosys.specs -Wl,-Map="IMUTransceiverSTM32L476RG.map" -Wl,--gc-sections -static --specs=nano.specs -mfpu=fpv4-sp-d16 -mfloat-abi=hard -mthumb -Wl,--start-group -lc -lm -Wl,--end-group
Finished building target: IMUTransceiverSTM32L476RG.elf
 
arm-none-eabi-size  IMUTransceiverSTM32L476RG.elf 
arm-none-eabi-objdump -h -S IMUTransceiverSTM32L476RG.elf  > "IMUTransceiverSTM32L476RG.list"
   text	   data	    bss	    dec	    hex	filename
  10960	     20	  17220	  28200	   6e28	IMUTransceiverSTM32L476RG.elf
Finished building: default.size.stdout
 
Finished building: IMUTransceiverSTM32L476RG.list
 
17:04:24 **** Incremental Build of configuration Debug for project IMUTransceiverSTM32L476RG ****
make -j14 all 
arm-none-eabi-size  IMUTransceiverSTM32L476RG.elf 
   text	   data	    bss	    dec	    hex	filename
  10960	     20	  17220	  28200	   6e28	IMUTransceiverSTM32L476RG.elf
Finished building: default.size.stdout
 
17:06:49 **** Incremental Build of configuration Debug for project IMUTransceiverSTM32L476RG ****
make -j14 all 
arm-none-eabi-size  IMUTransceiverSTM32L476RG.elf 
   text	   data	    bss	    dec	    hex	filename
  10960	     20	  17220	  28200	   6e28	IMUTransceiverSTM32L476RG.elf
Finished building: default.size.stdout
 
17:09:46 **** Incremental Build of configuration Debug for project IMUTransceiverSTM32L476RG ****
make -j14 all 
arm-none-eabi-size  IMUTransceiverSTM32L476RG.elf 
   text	   data	    bss	    dec	    hex	filename
  10960	     20	  17220	  28200	   6e28	IMUTransceiverSTM32L476RG.elf
Finished building: default.size.stdout
 
17:11:38 **** Incremental Build of configuration Debug for project IMUTransceiverSTM32L476RG ****
make -j14 all 
arm-none-eabi-size  IMUTransceiverSTM32L476RG.elf 
   text	   data	    bss	    dec	    hex	filename
  10960	     20	  17220	  28200	   6e28	IMUTransceiverSTM32L476RG.elf
Finished building: default.size.stdout
 
17:15:11 **** Incremental Build of configuration Debug for project IMUTransceiverSTM32L476RG ****
make -j14 all 
arm-none-eabi-gcc "../Core/Src/main.c" -mcpu=cortex-m4 -std=gnu11 -g3 -DDEBUG -DUSE_HAL_DRIVER -DSTM32L476xx -c -I../Core/Inc -I../Drivers/STM32L4xx_HAL_Driver/Inc -I../Drivers/STM32L4xx_HAL_Driver/Inc/Legacy -I../Drivers/CMSIS/Device/ST/STM32L4xx/Include -I../Drivers/CMSIS/Include -I../FreeRTOS/include -I../FreeRTOS/ARM_CM4F -O0 -ffunction-sections -fdata-sections -Wall -fstack-usage -fcyclomatic-complexity -MMD -MP -MF"Core/Src/main.d" -MT"Core/Src/main.o" --specs=nano.specs -mfpu=fpv4-sp-d16 -mfloat-abi=hard -mthumb -o "Core/Src/main.o"
arm-none-eabi-gcc -o "IMUTransceiverSTM32L476RG.elf" @"objects.list"   -mcpu=cortex-m4 -T"C:\Users\Jonat\MIRAERTS\MCUs\IMUTransceiverSTM32L476RG\STM32L476RGTX_FLASH.ld" --specs=nosys.specs -Wl,-Map="IMUTransceiverSTM32L476RG.map" -Wl,--gc-sections -static --specs=nano.specs -mfpu=fpv4-sp-d16 -mfloat-abi=hard -mthumb -Wl,--start-group -lc -lm -Wl,--end-group
Finished building target: IMUTransceiverSTM32L476RG.elf
 
arm-none-eabi-size  IMUTransceiverSTM32L476RG.elf 
arm-none-eabi-objdump -h -S IMUTransceiverSTM32L476RG.elf  > "IMUTransceiverSTM32L476RG.list"
   text	   data	    bss	    dec	    hex	filename
  10956	     24	  17216	  28196	   6e24	IMUTransceiverSTM32L476RG.elf
Finished building: default.size.stdout
 
Finished building: IMUTransceiverSTM32L476RG.list
 
17:17:15 **** Incremental Build of configuration Debug for project IMUTransceiverSTM32L476RG ****
make -j14 all 
arm-none-eabi-gcc "../Core/Src/main.c" -mcpu=cortex-m4 -std=gnu11 -g3 -DDEBUG -DUSE_HAL_DRIVER -DSTM32L476xx -c -I../Core/Inc -I../Drivers/STM32L4xx_HAL_Driver/Inc -I../Drivers/STM32L4xx_HAL_Driver/Inc/Legacy -I../Drivers/CMSIS/Device/ST/STM32L4xx/Include -I../Drivers/CMSIS/Include -I../FreeRTOS/include -I../FreeRTOS/ARM_CM4F -O0 -ffunction-sections -fdata-sections -Wall -fstack-usage -fcyclomatic-complexity -MMD -MP -MF"Core/Src/main.d" -MT"Core/Src/main.o" --specs=nano.specs -mfpu=fpv4-sp-d16 -mfloat-abi=hard -mthumb -o "Core/Src/main.o"
arm-none-eabi-gcc -o "IMUTransceiverSTM32L476RG.elf" @"objects.list"   -mcpu=cortex-m4 -T"C:\Users\Jonat\MIRAERTS\MCUs\IMUTransceiverSTM32L476RG\STM32L476RGTX_FLASH.ld" --specs=nosys.specs -Wl,-Map="IMUTransceiverSTM32L476RG.map" -Wl,--gc-sections -static --specs=nano.specs -mfpu=fpv4-sp-d16 -mfloat-abi=hard -mthumb -Wl,--start-group -lc -lm -Wl,--end-group
Finished building target: IMUTransceiverSTM32L476RG.elf
 
arm-none-eabi-size  IMUTransceiverSTM32L476RG.elf 
arm-none-eabi-objdump -h -S IMUTransceiverSTM32L476RG.elf  > "IMUTransceiverSTM32L476RG.list"
   text	   data	    bss	    dec	    hex	filename
  10960	     20	  17220	  28200	   6e28	IMUTransceiverSTM32L476RG.elf
Finished building: default.size.stdout
 
Finished building: IMUTransceiverSTM32L476RG.list
 
17:17:23 **** Incremental Build of configuration Debug for project IMUTransceiverSTM32L476RG ****
make -j14 all 
arm-none-eabi-size  IMUTransceiverSTM32L476RG.elf 
   text	   data	    bss	    dec	    hex	filename
  10960	     20	  17220	  28200	   6e28	IMUTransceiverSTM32L476RG.elf
Finished building: default.size.stdout
 
17:18:24 **** Incremental Build of configuration Debug for project IMUTransceiverSTM32L476RG ****
make -j14 all 
arm-none-eabi-gcc "../Core/Src/main.c" -mcpu=cortex-m4 -std=gnu11 -g3 -DDEBUG -DUSE_HAL_DRIVER -DSTM32L476xx -c -I../Core/Inc -I../Drivers/STM32L4xx_HAL_Driver/Inc -I../Drivers/STM32L4xx_HAL_Driver/Inc/Legacy -I../Drivers/CMSIS/Device/ST/STM32L4xx/Include -I../Drivers/CMSIS/Include -I../FreeRTOS/include -I../FreeRTOS/ARM_CM4F -O0 -ffunction-sections -fdata-sections -Wall -fstack-usage -fcyclomatic-complexity -MMD -MP -MF"Core/Src/main.d" -MT"Core/Src/main.o" --specs=nano.specs -mfpu=fpv4-sp-d16 -mfloat-abi=hard -mthumb -o "Core/Src/main.o"
arm-none-eabi-gcc -o "IMUTransceiverSTM32L476RG.elf" @"objects.list"   -mcpu=cortex-m4 -T"C:\Users\Jonat\MIRAERTS\MCUs\IMUTransceiverSTM32L476RG\STM32L476RGTX_FLASH.ld" --specs=nosys.specs -Wl,-Map="IMUTransceiverSTM32L476RG.map" -Wl,--gc-sections -static --specs=nano.specs -mfpu=fpv4-sp-d16 -mfloat-abi=hard -mthumb -Wl,--start-group -lc -lm -Wl,--end-group
Finished building target: IMUTransceiverSTM32L476RG.elf
 
arm-none-eabi-size  IMUTransceiverSTM32L476RG.elf 
arm-none-eabi-objdump -h -S IMUTransceiverSTM32L476RG.elf  > "IMUTransceiverSTM32L476RG.list"
   text	   data	    bss	    dec	    hex	filename
  10956	     24	  17216	  28196	   6e24	IMUTransceiverSTM32L476RG.elf
Finished building: default.size.stdout
 
Finished building: IMUTransceiverSTM32L476RG.list
 
17:20:49 **** Incremental Build of configuration Debug for project IMUTransceiverSTM32L476RG ****
make -j14 all 
arm-none-eabi-gcc "../Core/Src/main.c" -mcpu=cortex-m4 -std=gnu11 -g3 -DDEBUG -DUSE_HAL_DRIVER -DSTM32L476xx -c -I../Core/Inc -I../Drivers/STM32L4xx_HAL_Driver/Inc -I../Drivers/STM32L4xx_HAL_Driver/Inc/Legacy -I../Drivers/CMSIS/Device/ST/STM32L4xx/Include -I../Drivers/CMSIS/Include -I../FreeRTOS/include -I../FreeRTOS/ARM_CM4F -O0 -ffunction-sections -fdata-sections -Wall -fstack-usage -fcyclomatic-complexity -MMD -MP -MF"Core/Src/main.d" -MT"Core/Src/main.o" --specs=nano.specs -mfpu=fpv4-sp-d16 -mfloat-abi=hard -mthumb -o "Core/Src/main.o"
arm-none-eabi-gcc -o "IMUTransceiverSTM32L476RG.elf" @"objects.list"   -mcpu=cortex-m4 -T"C:\Users\Jonat\MIRAERTS\MCUs\IMUTransceiverSTM32L476RG\STM32L476RGTX_FLASH.ld" --specs=nosys.specs -Wl,-Map="IMUTransceiverSTM32L476RG.map" -Wl,--gc-sections -static --specs=nano.specs -mfpu=fpv4-sp-d16 -mfloat-abi=hard -mthumb -Wl,--start-group -lc -lm -Wl,--end-group
Finished building target: IMUTransceiverSTM32L476RG.elf
 
arm-none-eabi-size  IMUTransceiverSTM32L476RG.elf 
arm-none-eabi-objdump -h -S IMUTransceiverSTM32L476RG.elf  > "IMUTransceiverSTM32L476RG.list"
   text	   data	    bss	    dec	    hex	filename
  10956	     24	  17216	  28196	   6e24	IMUTransceiverSTM32L476RG.elf
Finished building: default.size.stdout
 
Finished building: IMUTransceiverSTM32L476RG.list
 
17:23:16 **** Incremental Build of configuration Debug for project IMUTransceiverSTM32L476RG ****
make -j14 all 
arm-none-eabi-gcc "../Core/Src/main.c" -mcpu=cortex-m4 -std=gnu11 -g3 -DDEBUG -DUSE_HAL_DRIVER -DSTM32L476xx -c -I../Core/Inc -I../Drivers/STM32L4xx_HAL_Driver/Inc -I../Drivers/STM32L4xx_HAL_Driver/Inc/Legacy -I../Drivers/CMSIS/Device/ST/STM32L4xx/Include -I../Drivers/CMSIS/Include -I../FreeRTOS/include -I../FreeRTOS/ARM_CM4F -O0 -ffunction-sections -fdata-sections -Wall -fstack-usage -fcyclomatic-complexity -MMD -MP -MF"Core/Src/main.d" -MT"Core/Src/main.o" --specs=nano.specs -mfpu=fpv4-sp-d16 -mfloat-abi=hard -mthumb -o "Core/Src/main.o"
arm-none-eabi-gcc -o "IMUTransceiverSTM32L476RG.elf" @"objects.list"   -mcpu=cortex-m4 -T"C:\Users\Jonat\MIRAERTS\MCUs\IMUTransceiverSTM32L476RG\STM32L476RGTX_FLASH.ld" --specs=nosys.specs -Wl,-Map="IMUTransceiverSTM32L476RG.map" -Wl,--gc-sections -static --specs=nano.specs -mfpu=fpv4-sp-d16 -mfloat-abi=hard -mthumb -Wl,--start-group -lc -lm -Wl,--end-group
Finished building target: IMUTransceiverSTM32L476RG.elf
 
arm-none-eabi-size  IMUTransceiverSTM32L476RG.elf 
arm-none-eabi-objdump -h -S IMUTransceiverSTM32L476RG.elf  > "IMUTransceiverSTM32L476RG.list"
   text	   data	    bss	    dec	    hex	filename
  10956	     24	  17216	  28196	   6e24	IMUTransceiverSTM32L476RG.elf
Finished building: default.size.stdout
 
Finished building: IMUTransceiverSTM32L476RG.list
 
17:40:40 **** Incremental Build of configuration Debug for project IMUTransceiverSTM32L476RG ****
make -j14 all 
arm-none-eabi-size  IMUTransceiverSTM32L476RG.elf 
   text	   data	    bss	    dec	    hex	filename
  10956	     24	  17216	  28196	   6e24	IMUTransceiverSTM32L476RG.elf
Finished building: default.size.stdout
 
17:41:13 **** Incremental Build of configuration Debug for project IMUTransceiverSTM32L476RG ****
make -j14 all 
arm-none-eabi-size  IMUTransceiverSTM32L476RG.elf 
   text	   data	    bss	    dec	    hex	filename
  10956	     24	  17216	  28196	   6e24	IMUTransceiverSTM32L476RG.elf
Finished building: default.size.stdout
 
17:43:14 **** Incremental Build of configuration Debug for project IMUTransceiverSTM32L476RG ****
make -j14 all 
arm-none-eabi-gcc "../Core/Src/main.c" -mcpu=cortex-m4 -std=gnu11 -g3 -DDEBUG -DUSE_HAL_DRIVER -DSTM32L476xx -c -I../Core/Inc -I../Drivers/STM32L4xx_HAL_Driver/Inc -I../Drivers/STM32L4xx_HAL_Driver/Inc/Legacy -I../Drivers/CMSIS/Device/ST/STM32L4xx/Include -I../Drivers/CMSIS/Include -I../FreeRTOS/include -I../FreeRTOS/ARM_CM4F -O0 -ffunction-sections -fdata-sections -Wall -fstack-usage -fcyclomatic-complexity -MMD -MP -MF"Core/Src/main.d" -MT"Core/Src/main.o" --specs=nano.specs -mfpu=fpv4-sp-d16 -mfloat-abi=hard -mthumb -o "Core/Src/main.o"
arm-none-eabi-gcc -o "IMUTransceiverSTM32L476RG.elf" @"objects.list"   -mcpu=cortex-m4 -T"C:\Users\Jonat\MIRAERTS\MCUs\IMUTransceiverSTM32L476RG\STM32L476RGTX_FLASH.ld" --specs=nosys.specs -Wl,-Map="IMUTransceiverSTM32L476RG.map" -Wl,--gc-sections -static --specs=nano.specs -mfpu=fpv4-sp-d16 -mfloat-abi=hard -mthumb -Wl,--start-group -lc -lm -Wl,--end-group
Finished building target: IMUTransceiverSTM32L476RG.elf
 
arm-none-eabi-size  IMUTransceiverSTM32L476RG.elf 
arm-none-eabi-objdump -h -S IMUTransceiverSTM32L476RG.elf  > "IMUTransceiverSTM32L476RG.list"
   text	   data	    bss	    dec	    hex	filename
  10960	     20	  17220	  28200	   6e28	IMUTransceiverSTM32L476RG.elf
Finished building: default.size.stdout
 
Finished building: IMUTransceiverSTM32L476RG.list
 
17:43:23 **** Incremental Build of configuration Debug for project IMUTransceiverSTM32L476RG ****
make -j14 all 
arm-none-eabi-size  IMUTransceiverSTM32L476RG.elf 
   text	   data	    bss	    dec	    hex	filename
  10960	     20	  17220	  28200	   6e28	IMUTransceiverSTM32L476RG.elf
Finished building: default.size.stdout
 
17:50:41 **** Incremental Build of configuration Debug for project IMUTransceiverSTM32L476RG ****
make -j14 all 
arm-none-eabi-gcc "../Core/Src/main.c" -mcpu=cortex-m4 -std=gnu11 -g3 -DDEBUG -DUSE_HAL_DRIVER -DSTM32L476xx -c -I../Core/Inc -I../Drivers/STM32L4xx_HAL_Driver/Inc -I../Drivers/STM32L4xx_HAL_Driver/Inc/Legacy -I../Drivers/CMSIS/Device/ST/STM32L4xx/Include -I../Drivers/CMSIS/Include -I../FreeRTOS/include -I../FreeRTOS/ARM_CM4F -O0 -ffunction-sections -fdata-sections -Wall -fstack-usage -fcyclomatic-complexity -MMD -MP -MF"Core/Src/main.d" -MT"Core/Src/main.o" --specs=nano.specs -mfpu=fpv4-sp-d16 -mfloat-abi=hard -mthumb -o "Core/Src/main.o"
../Core/Src/main.c: In function 'prvCreateTasks':
../Core/Src/main.c:27:21: warning: passing argument 1 of 'xTaskCreate' from incompatible pointer type [-Wincompatible-pointer-types]
   27 |         xTaskCreate(vApplicationTickHook, "test", 1024, NULL, 2, NULL);
      |                     ^~~~~~~~~~~~~~~~~~~~
      |                     |
      |                     void (*)(void)
In file included from ../Core/Src/main.c:5:
../FreeRTOS/include/task.h:385:44: note: expected 'TaskFunction_t' {aka 'void (*)(void *)'} but argument is of type 'void (*)(void)'
  385 |     BaseType_t xTaskCreate( TaskFunction_t pxTaskCode,
      |                             ~~~~~~~~~~~~~~~^~~~~~~~~~
arm-none-eabi-gcc -o "IMUTransceiverSTM32L476RG.elf" @"objects.list"   -mcpu=cortex-m4 -T"C:\Users\Jonat\MIRAERTS\MCUs\IMUTransceiverSTM32L476RG\STM32L476RGTX_FLASH.ld" --specs=nosys.specs -Wl,-Map="IMUTransceiverSTM32L476RG.map" -Wl,--gc-sections -static --specs=nano.specs -mfpu=fpv4-sp-d16 -mfloat-abi=hard -mthumb -Wl,--start-group -lc -lm -Wl,--end-group
C:/ST/STM32CubeIDE_1.16.1/STM32CubeIDE/plugins/com.st.stm32cube.ide.mcu.externaltools.gnu-tools-for-stm32.12.3.rel1.win32_1.0.200.202406191623/tools/bin/../lib/gcc/arm-none-eabi/12.3.1/../../../../arm-none-eabi/bin/ld.exe: ./Core/Src/main.o: in function `vApplicationTickHook':
C:/Users/Jonat/MIRAERTS/MCUs/IMUTransceiverSTM32L476RG/Debug/../Core/Src/main.c:41: multiple definition of `vApplicationTickHook'; ./Core/Src/freertos_hooks.o:C:/Users/Jonat/MIRAERTS/MCUs/IMUTransceiverSTM32L476RG/Debug/../Core/Src/freertos_hooks.c:11: first defined here
collect2.exe: error: ld returned 1 exit status
make: *** [makefile:67: IMUTransceiverSTM32L476RG.elf] Error 1
"make -j14 all" terminated with exit code 2. Build might be incomplete.
17:51:09 **** Incremental Build of configuration Debug for project IMUTransceiverSTM32L476RG ****
make -j14 all 
arm-none-eabi-gcc "../Core/Src/main.c" -mcpu=cortex-m4 -std=gnu11 -g3 -DDEBUG -DUSE_HAL_DRIVER -DSTM32L476xx -c -I../Core/Inc -I../Drivers/STM32L4xx_HAL_Driver/Inc -I../Drivers/STM32L4xx_HAL_Driver/Inc/Legacy -I../Drivers/CMSIS/Device/ST/STM32L4xx/Include -I../Drivers/CMSIS/Include -I../FreeRTOS/include -I../FreeRTOS/ARM_CM4F -O0 -ffunction-sections -fdata-sections -Wall -fstack-usage -fcyclomatic-complexity -MMD -MP -MF"Core/Src/main.d" -MT"Core/Src/main.o" --specs=nano.specs -mfpu=fpv4-sp-d16 -mfloat-abi=hard -mthumb -o "Core/Src/main.o"
../Core/Src/main.c: In function 'prvCreateTasks':
../Core/Src/main.c:28:21: warning: passing argument 1 of 'xTaskCreate' from incompatible pointer type [-Wincompatible-pointer-types]
   28 |         xTaskCreate(vApplicationTickHook, "test", 1024, NULL, 1, NULL);
      |                     ^~~~~~~~~~~~~~~~~~~~
      |                     |
      |                     void (*)(void)
In file included from ../Core/Src/main.c:5:
../FreeRTOS/include/task.h:385:44: note: expected 'TaskFunction_t' {aka 'void (*)(void *)'} but argument is of type 'void (*)(void)'
  385 |     BaseType_t xTaskCreate( TaskFunction_t pxTaskCode,
      |                             ~~~~~~~~~~~~~~~^~~~~~~~~~
../Core/Src/main.c:26:18: warning: unused variable 'rate' [-Wunused-variable]
   26 |         uint32_t rate = 25; //static variables dont live on stack, they get permanent address in .data or .bss section that persists for the whole program
      |                  ^~~~
arm-none-eabi-gcc -o "IMUTransceiverSTM32L476RG.elf" @"objects.list"   -mcpu=cortex-m4 -T"C:\Users\Jonat\MIRAERTS\MCUs\IMUTransceiverSTM32L476RG\STM32L476RGTX_FLASH.ld" --specs=nosys.specs -Wl,-Map="IMUTransceiverSTM32L476RG.map" -Wl,--gc-sections -static --specs=nano.specs -mfpu=fpv4-sp-d16 -mfloat-abi=hard -mthumb -Wl,--start-group -lc -lm -Wl,--end-group
C:/ST/STM32CubeIDE_1.16.1/STM32CubeIDE/plugins/com.st.stm32cube.ide.mcu.externaltools.gnu-tools-for-stm32.12.3.rel1.win32_1.0.200.202406191623/tools/bin/../lib/gcc/arm-none-eabi/12.3.1/../../../../arm-none-eabi/bin/ld.exe: ./Core/Src/main.o: in function `vApplicationTickHook':
C:/Users/Jonat/MIRAERTS/MCUs/IMUTransceiverSTM32L476RG/Debug/../Core/Src/main.c:42: multiple definition of `vApplicationTickHook'; ./Core/Src/freertos_hooks.o:C:/Users/Jonat/MIRAERTS/MCUs/IMUTransceiverSTM32L476RG/Debug/../Core/Src/freertos_hooks.c:11: first defined here
collect2.exe: error: ld returned 1 exit status
make: *** [makefile:67: IMUTransceiverSTM32L476RG.elf] Error 1
"make -j14 all" terminated with exit code 2. Build might be incomplete.
17:51:18 **** Incremental Build of configuration Debug for project IMUTransceiverSTM32L476RG ****
make -j14 all 
arm-none-eabi-gcc -o "IMUTransceiverSTM32L476RG.elf" @"objects.list"   -mcpu=cortex-m4 -T"C:\Users\Jonat\MIRAERTS\MCUs\IMUTransceiverSTM32L476RG\STM32L476RGTX_FLASH.ld" --specs=nosys.specs -Wl,-Map="IMUTransceiverSTM32L476RG.map" -Wl,--gc-sections -static --specs=nano.specs -mfpu=fpv4-sp-d16 -mfloat-abi=hard -mthumb -Wl,--start-group -lc -lm -Wl,--end-group
C:/ST/STM32CubeIDE_1.16.1/STM32CubeIDE/plugins/com.st.stm32cube.ide.mcu.externaltools.gnu-tools-for-stm32.12.3.rel1.win32_1.0.200.202406191623/tools/bin/../lib/gcc/arm-none-eabi/12.3.1/../../../../arm-none-eabi/bin/ld.exe: ./Core/Src/main.o: in function `vApplicationTickHook':
C:/Users/Jonat/MIRAERTS/MCUs/IMUTransceiverSTM32L476RG/Debug/../Core/Src/main.c:42: multiple definition of `vApplicationTickHook'; ./Core/Src/freertos_hooks.o:C:/Users/Jonat/MIRAERTS/MCUs/IMUTransceiverSTM32L476RG/Debug/../Core/Src/freertos_hooks.c:11: first defined here
collect2.exe: error: ld returned 1 exit status
make: *** [makefile:67: IMUTransceiverSTM32L476RG.elf] Error 1
"make -j14 all" terminated with exit code 2. Build might be incomplete.
17:52:16 **** Incremental Build of configuration Debug for project IMUTransceiverSTM32L476RG ****
make -j14 all 
arm-none-eabi-gcc "../Core/Src/main.c" -mcpu=cortex-m4 -std=gnu11 -g3 -DDEBUG -DUSE_HAL_DRIVER -DSTM32L476xx -c -I../Core/Inc -I../Drivers/STM32L4xx_HAL_Driver/Inc -I../Drivers/STM32L4xx_HAL_Driver/Inc/Legacy -I../Drivers/CMSIS/Device/ST/STM32L4xx/Include -I../Drivers/CMSIS/Include -I../FreeRTOS/include -I../FreeRTOS/ARM_CM4F -O0 -ffunction-sections -fdata-sections -Wall -fstack-usage -fcyclomatic-complexity -MMD -MP -MF"Core/Src/main.d" -MT"Core/Src/main.o" --specs=nano.specs -mfpu=fpv4-sp-d16 -mfloat-abi=hard -mthumb -o "Core/Src/main.o"
arm-none-eabi-gcc -o "IMUTransceiverSTM32L476RG.elf" @"objects.list"   -mcpu=cortex-m4 -T"C:\Users\Jonat\MIRAERTS\MCUs\IMUTransceiverSTM32L476RG\STM32L476RGTX_FLASH.ld" --specs=nosys.specs -Wl,-Map="IMUTransceiverSTM32L476RG.map" -Wl,--gc-sections -static --specs=nano.specs -mfpu=fpv4-sp-d16 -mfloat-abi=hard -mthumb -Wl,--start-group -lc -lm -Wl,--end-group
C:/ST/STM32CubeIDE_1.16.1/STM32CubeIDE/plugins/com.st.stm32cube.ide.mcu.externaltools.gnu-tools-for-stm32.12.3.rel1.win32_1.0.200.202406191623/tools/bin/../lib/gcc/arm-none-eabi/12.3.1/../../../../arm-none-eabi/bin/ld.exe: ./Core/Src/main.o: in function `vApplicationTickHook':
C:/Users/Jonat/MIRAERTS/MCUs/IMUTransceiverSTM32L476RG/Debug/../Core/Src/main.c:46: multiple definition of `vApplicationTickHook'; ./Core/Src/freertos_hooks.o:C:/Users/Jonat/MIRAERTS/MCUs/IMUTransceiverSTM32L476RG/Debug/../Core/Src/freertos_hooks.c:11: first defined here
collect2.exe: error: ld returned 1 exit status
make: *** [makefile:67: IMUTransceiverSTM32L476RG.elf] Error 1
"make -j14 all" terminated with exit code 2. Build might be incomplete.
17:52:49 **** Incremental Build of configuration Debug for project IMUTransceiverSTM32L476RG ****
make -j14 all 
arm-none-eabi-gcc "../Core/Src/main.c" -mcpu=cortex-m4 -std=gnu11 -g3 -DDEBUG -DUSE_HAL_DRIVER -DSTM32L476xx -c -I../Core/Inc -I../Drivers/STM32L4xx_HAL_Driver/Inc -I../Drivers/STM32L4xx_HAL_Driver/Inc/Legacy -I../Drivers/CMSIS/Device/ST/STM32L4xx/Include -I../Drivers/CMSIS/Include -I../FreeRTOS/include -I../FreeRTOS/ARM_CM4F -O0 -ffunction-sections -fdata-sections -Wall -fstack-usage -fcyclomatic-complexity -MMD -MP -MF"Core/Src/main.d" -MT"Core/Src/main.o" --specs=nano.specs -mfpu=fpv4-sp-d16 -mfloat-abi=hard -mthumb -o "Core/Src/main.o"
arm-none-eabi-gcc -o "IMUTransceiverSTM32L476RG.elf" @"objects.list"   -mcpu=cortex-m4 -T"C:\Users\Jonat\MIRAERTS\MCUs\IMUTransceiverSTM32L476RG\STM32L476RGTX_FLASH.ld" --specs=nosys.specs -Wl,-Map="IMUTransceiverSTM32L476RG.map" -Wl,--gc-sections -static --specs=nano.specs -mfpu=fpv4-sp-d16 -mfloat-abi=hard -mthumb -Wl,--start-group -lc -lm -Wl,--end-group
Finished building target: IMUTransceiverSTM32L476RG.elf
 
arm-none-eabi-size  IMUTransceiverSTM32L476RG.elf 
arm-none-eabi-objdump -h -S IMUTransceiverSTM32L476RG.elf  > "IMUTransceiverSTM32L476RG.list"
   text	   data	    bss	    dec	    hex	filename
  10960	     20	  17220	  28200	   6e28	IMUTransceiverSTM32L476RG.elf
Finished building: default.size.stdout
 
Finished building: IMUTransceiverSTM32L476RG.list
 
17:52:57 **** Incremental Build of configuration Debug for project IMUTransceiverSTM32L476RG ****
make -j14 all 
arm-none-eabi-gcc "../Core/Src/main.c" -mcpu=cortex-m4 -std=gnu11 -g3 -DDEBUG -DUSE_HAL_DRIVER -DSTM32L476xx -c -I../Core/Inc -I../Drivers/STM32L4xx_HAL_Driver/Inc -I../Drivers/STM32L4xx_HAL_Driver/Inc/Legacy -I../Drivers/CMSIS/Device/ST/STM32L4xx/Include -I../Drivers/CMSIS/Include -I../FreeRTOS/include -I../FreeRTOS/ARM_CM4F -O0 -ffunction-sections -fdata-sections -Wall -fstack-usage -fcyclomatic-complexity -MMD -MP -MF"Core/Src/main.d" -MT"Core/Src/main.o" --specs=nano.specs -mfpu=fpv4-sp-d16 -mfloat-abi=hard -mthumb -o "Core/Src/main.o"
arm-none-eabi-gcc -o "IMUTransceiverSTM32L476RG.elf" @"objects.list"   -mcpu=cortex-m4 -T"C:\Users\Jonat\MIRAERTS\MCUs\IMUTransceiverSTM32L476RG\STM32L476RGTX_FLASH.ld" --specs=nosys.specs -Wl,-Map="IMUTransceiverSTM32L476RG.map" -Wl,--gc-sections -static --specs=nano.specs -mfpu=fpv4-sp-d16 -mfloat-abi=hard -mthumb -Wl,--start-group -lc -lm -Wl,--end-group
C:/ST/STM32CubeIDE_1.16.1/STM32CubeIDE/plugins/com.st.stm32cube.ide.mcu.externaltools.gnu-tools-for-stm32.12.3.rel1.win32_1.0.200.202406191623/tools/bin/../lib/gcc/arm-none-eabi/12.3.1/../../../../arm-none-eabi/bin/ld.exe: ./Core/Src/main.o: in function `vApplicationTickHook':
C:/Users/Jonat/MIRAERTS/MCUs/IMUTransceiverSTM32L476RG/Debug/../Core/Src/main.c:30: multiple definition of `vApplicationTickHook'; ./Core/Src/freertos_hooks.o:C:/Users/Jonat/MIRAERTS/MCUs/IMUTransceiverSTM32L476RG/Debug/../Core/Src/freertos_hooks.c:11: first defined here
collect2.exe: error: ld returned 1 exit status
make: *** [makefile:67: IMUTransceiverSTM32L476RG.elf] Error 1
"make -j14 all" terminated with exit code 2. Build might be incomplete.
17:54:02 **** Incremental Build of configuration Debug for project IMUTransceiverSTM32L476RG ****
make -j14 all 
arm-none-eabi-gcc "../Core/Src/freertos_hooks.c" -mcpu=cortex-m4 -std=gnu11 -g3 -DDEBUG -DUSE_HAL_DRIVER -DSTM32L476xx -c -I../Core/Inc -I../Drivers/STM32L4xx_HAL_Driver/Inc -I../Drivers/STM32L4xx_HAL_Driver/Inc/Legacy -I../Drivers/CMSIS/Device/ST/STM32L4xx/Include -I../Drivers/CMSIS/Include -I../FreeRTOS/include -I../FreeRTOS/ARM_CM4F -O0 -ffunction-sections -fdata-sections -Wall -fstack-usage -fcyclomatic-complexity -MMD -MP -MF"Core/Src/freertos_hooks.d" -MT"Core/Src/freertos_hooks.o" --specs=nano.specs -mfpu=fpv4-sp-d16 -mfloat-abi=hard -mthumb -o "Core/Src/freertos_hooks.o"
[...]
                 from ../Drivers/STM32L4xx_HAL_Driver/Inc/stm32l4xx_hal.h:29,
                 from ../Core/Inc/main.h:30,
                 from ../Core/Src/main.c:8:
../Core/Src/main.c:52:16: error: 'tmpref' undeclared (first use in this function)
   52 |         UNUSED(tmpref);
      |                ^~~~~~
../Drivers/STM32L4xx_HAL_Driver/Inc/stm32l4xx_hal_def.h:58:25: note: in definition of macro 'UNUSED'
   58 | #define UNUSED(X) (void)X      /* To avoid gcc/g++ warnings */
      |                         ^
../Core/Src/main.c:73:21: error: 'I2C_ICR_CLEAR' undeclared (first use in this function); did you mean 'I2C_ISR_BERR'?
   73 |         I2C1->ICR = I2C_ICR_CLEAR; //clear I2C ICR masks
      |                     ^~~~~~~~~~~~~
      |                     I2C_ISR_BERR
../Core/Src/main.c: In function 'GPIOPortConfig':
../Core/Src/main.c:83:9: error: 'tmpreg' undeclared (first use in this function)
   83 |         tmpreg = RCC->AHB2ENR;
      |         ^~~~~~
../Core/Src/main.c:84:16: error: 'tmpref' undeclared (first use in this function)
   84 |         UNUSED(tmpref);
      |                ^~~~~~
../Drivers/STM32L4xx_HAL_Driver/Inc/stm32l4xx_hal_def.h:58:25: note: in definition of macro 'UNUSED'
   58 | #define UNUSED(X) (void)X      /* To avoid gcc/g++ warnings */
      |                         ^
make: *** [Core/Src/subdir.mk:37: Core/Src/main.o] Error 1
"make -j14 all" terminated with exit code 2. Build might be incomplete.
19:08:11 **** Incremental Build of configuration Debug for project IMUTransceiverSTM32L476RG ****
make -j14 all 
arm-none-eabi-gcc "../Core/Src/main.c" -mcpu=cortex-m4 -std=gnu11 -g3 -DDEBUG -DUSE_HAL_DRIVER -DSTM32L476xx -c -I../Core/Inc -I../Drivers/STM32L4xx_HAL_Driver/Inc -I../Drivers/STM32L4xx_HAL_Driver/Inc/Legacy -I../Drivers/CMSIS/Device/ST/STM32L4xx/Include -I../Drivers/CMSIS/Include -I../FreeRTOS/include -I../FreeRTOS/ARM_CM4F -O0 -ffunction-sections -fdata-sections -Wall -fstack-usage -fcyclomatic-complexity -MMD -MP -MF"Core/Src/main.d" -MT"Core/Src/main.o" --specs=nano.specs -mfpu=fpv4-sp-d16 -mfloat-abi=hard -mthumb -o "Core/Src/main.o"
../Core/Src/main.c: In function 'I2CConfig':
../Core/Src/main.c:52:9: error: 'tmpreg' undeclared (first use in this function); did you mean '_mprec'?
   52 |         tmpreg = RCC->APB1ENR1;
      |         ^~~~~~
      |         _mprec
../Core/Src/main.c:52:9: note: each undeclared identifier is reported only once for each function it appears in
In file included from ../Drivers/STM32L4xx_HAL_Driver/Inc/stm32l4xx_hal_rcc.h:27,
                 from ../Core/Inc/stm32l4xx_hal_conf.h:258,
                 from ../Drivers/STM32L4xx_HAL_Driver/Inc/stm32l4xx_hal.h:29,
                 from ../Core/Inc/main.h:30,
                 from ../Core/Src/main.c:8:
../Core/Src/main.c:53:16: error: 'tmpref' undeclared (first use in this function); did you mean '_mprec'?
   53 |         UNUSED(tmpref);
      |                ^~~~~~
../Drivers/STM32L4xx_HAL_Driver/Inc/stm32l4xx_hal_def.h:58:25: note: in definition of macro 'UNUSED'
   58 | #define UNUSED(X) (void)X      /* To avoid gcc/g++ warnings */
      |                         ^
../Core/Src/main.c:74:21: error: 'I2C_ICR_CLEAR' undeclared (first use in this function); did you mean 'I2C_ISR_BERR'?
   74 |         I2C1->ICR = I2C_ICR_CLEAR; //clear I2C ICR masks
      |                     ^~~~~~~~~~~~~
      |                     I2C_ISR_BERR
../Core/Src/main.c: In function 'GPIOPortConfig':
../Core/Src/main.c:84:9: error: 'tmpreg' undeclared (first use in this function); did you mean '_mprec'?
   84 |         tmpreg = RCC->AHB2ENR;
      |         ^~~~~~
      |         _mprec
../Core/Src/main.c:85:16: error: 'tmpref' undeclared (first use in this function); did you mean '_mprec'?
   85 |         UNUSED(tmpref);
      |                ^~~~~~
../Drivers/STM32L4xx_HAL_Driver/Inc/stm32l4xx_hal_def.h:58:25: note: in definition of macro 'UNUSED'
   58 | #define UNUSED(X) (void)X      /* To avoid gcc/g++ warnings */
      |                         ^
make: *** [Core/Src/subdir.mk:37: Core/Src/main.o] Error 1
"make -j14 all" terminated with exit code 2. Build might be incomplete.
19:08:19 **** Incremental Build of configuration Debug for project IMUTransceiverSTM32L476RG ****
make -j14 all 
arm-none-eabi-gcc "../Core/Src/main.c" -mcpu=cortex-m4 -std=gnu11 -g3 -DDEBUG -DUSE_HAL_DRIVER -DSTM32L476xx -c -I../Core/Inc -I../Drivers/STM32L4xx_HAL_Driver/Inc -I../Drivers/STM32L4xx_HAL_Driver/Inc/Legacy -I../Drivers/CMSIS/Device/ST/STM32L4xx/Include -I../Drivers/CMSIS/Include -I../FreeRTOS/include -I../FreeRTOS/ARM_CM4F -O0 -ffunction-sections -fdata-sections -Wall -fstack-usage -fcyclomatic-complexity -MMD -MP -MF"Core/Src/main.d" -MT"Core/Src/main.o" --specs=nano.specs -mfpu=fpv4-sp-d16 -mfloat-abi=hard -mthumb -o "Core/Src/main.o"
../Core/Src/main.c: In function 'I2CConfig':
../Core/Src/main.c:52:9: error: 'tmpreg' undeclared (first use in this function)
   52 |         tmpreg = RCC->APB1ENR1;
      |         ^~~~~~
../Core/Src/main.c:52:9: note: each undeclared identifier is reported only once for each function it appears in
In file included from ../Drivers/STM32L4xx_HAL_Driver/Inc/stm32l4xx_hal_rcc.h:27,
                 from ../Core/Inc/stm32l4xx_hal_conf.h:258,
                 from ../Drivers/STM32L4xx_HAL_Driver/Inc/stm32l4xx_hal.h:29,
                 from ../Core/Inc/main.h:30,
                 from ../Core/Src/main.c:8:
../Core/Src/main.c:53:16: error: 'tmpref' undeclared (first use in this function)
   53 |         UNUSED(tmpref);
      |                ^~~~~~
../Drivers/STM32L4xx_HAL_Driver/Inc/stm32l4xx_hal_def.h:58:25: note: in definition of macro 'UNUSED'
   58 | #define UNUSED(X) (void)X      /* To avoid gcc/g++ warnings */
      |                         ^
../Core/Src/main.c:74:21: error: 'I2C_ICR_CLEAR' undeclared (first use in this function); did you mean 'I2C_ISR_BERR'?
   74 |         I2C1->ICR = I2C_ICR_CLEAR; //clear I2C ICR masks
      |                     ^~~~~~~~~~~~~
      |                     I2C_ISR_BERR
../Core/Src/main.c: In function 'GPIOPortConfig':
../Core/Src/main.c:84:9: error: 'tmpreg' undeclared (first use in this function)
   84 |         tmpreg = RCC->AHB2ENR;
      |         ^~~~~~
../Core/Src/main.c:85:16: error: 'tmpref' undeclared (first use in this function)
   85 |         UNUSED(tmpref);
      |                ^~~~~~
../Drivers/STM32L4xx_HAL_Driver/Inc/stm32l4xx_hal_def.h:58:25: note: in definition of macro 'UNUSED'
   58 | #define UNUSED(X) (void)X      /* To avoid gcc/g++ warnings */
      |                         ^
make: *** [Core/Src/subdir.mk:37: Core/Src/main.o] Error 1
"make -j14 all" terminated with exit code 2. Build might be incomplete.
19:08:24 **** Incremental Build of configuration Debug for project IMUTransceiverSTM32L476RG ****
make -j14 all 
arm-none-eabi-gcc "../Core/Src/main.c" -mcpu=cortex-m4 -std=gnu11 -g3 -DDEBUG -DUSE_HAL_DRIVER -DSTM32L476xx -c -I../Core/Inc -I../Drivers/STM32L4xx_HAL_Driver/Inc -I../Drivers/STM32L4xx_HAL_Driver/Inc/Legacy -I../Drivers/CMSIS/Device/ST/STM32L4xx/Include -I../Drivers/CMSIS/Include -I../FreeRTOS/include -I../FreeRTOS/ARM_CM4F -O0 -ffunction-sections -fdata-sections -Wall -fstack-usage -fcyclomatic-complexity -MMD -MP -MF"Core/Src/main.d" -MT"Core/Src/main.o" --specs=nano.specs -mfpu=fpv4-sp-d16 -mfloat-abi=hard -mthumb -o "Core/Src/main.o"
../Core/Src/main.c: In function 'I2CConfig':
../Core/Src/main.c:52:9: error: 'tmpreg' undeclared (first use in this function)
   52 |         tmpreg = RCC->APB1ENR1;
      |         ^~~~~~
../Core/Src/main.c:52:9: note: each undeclared identifier is reported only once for each function it appears in
In file included from ../Drivers/STM32L4xx_HAL_Driver/Inc/stm32l4xx_hal_rcc.h:27,
                 from ../Core/Inc/stm32l4xx_hal_conf.h:258,
                 from ../Drivers/STM32L4xx_HAL_Driver/Inc/stm32l4xx_hal.h:29,
                 from ../Core/Inc/main.h:30,
                 from ../Core/Src/main.c:8:
../Core/Src/main.c:53:16: error: 'tmpref' undeclared (first use in this function)
   53 |         UNUSED(tmpref);
      |                ^~~~~~
../Drivers/STM32L4xx_HAL_Driver/Inc/stm32l4xx_hal_def.h:58:25: note: in definition of macro 'UNUSED'
   58 | #define UNUSED(X) (void)X      /* To avoid gcc/g++ warnings */
      |                         ^
../Core/Src/main.c:74:21: error: 'I2C_ICR_CLEAR' undeclared (first use in this function); did you mean 'I2C_ISR_BERR'?
   74 |         I2C1->ICR = I2C_ICR_CLEAR; //clear I2C ICR masks
      |                     ^~~~~~~~~~~~~
      |                     I2C_ISR_BERR
../Core/Src/main.c: In function 'GPIOPortConfig':
../Core/Src/main.c:84:9: error: 'tmpreg' undeclared (first use in this function)
   84 |         tmpreg = RCC->AHB2ENR;
      |         ^~~~~~
../Core/Src/main.c:85:16: error: 'tmpref' undeclared (first use in this function)
   85 |         UNUSED(tmpref);
      |                ^~~~~~
../Drivers/STM32L4xx_HAL_Driver/Inc/stm32l4xx_hal_def.h:58:25: note: in definition of macro 'UNUSED'
   58 | #define UNUSED(X) (void)X      /* To avoid gcc/g++ warnings */
      |                         ^
make: *** [Core/Src/subdir.mk:37: Core/Src/main.o] Error 1
"make -j14 all" terminated with exit code 2. Build might be incomplete.
19:08:30 **** Incremental Build of configuration Debug for project IMUTransceiverSTM32L476RG ****
make -j14 all 
arm-none-eabi-gcc "../Core/Src/main.c" -mcpu=cortex-m4 -std=gnu11 -g3 -DDEBUG -DUSE_HAL_DRIVER -DSTM32L476xx -c -I../Core/Inc -I../Drivers/STM32L4xx_HAL_Driver/Inc -I../Drivers/STM32L4xx_HAL_Driver/Inc/Legacy -I../Drivers/CMSIS/Device/ST/STM32L4xx/Include -I../Drivers/CMSIS/Include -I../FreeRTOS/include -I../FreeRTOS/ARM_CM4F -O0 -ffunction-sections -fdata-sections -Wall -fstack-usage -fcyclomatic-complexity -MMD -MP -MF"Core/Src/main.d" -MT"Core/Src/main.o" --specs=nano.specs -mfpu=fpv4-sp-d16 -mfloat-abi=hard -mthumb -o "Core/Src/main.o"
../Core/Src/main.c: In function 'I2CConfig':
../Core/Src/main.c:52:9: error: 'tmpreg' undeclared (first use in this function)
   52 |         tmpreg = RCC->APB1ENR1;
      |         ^~~~~~
../Core/Src/main.c:52:9: note: each undeclared identifier is reported only once for each function it appears in
In file included from ../Drivers/STM32L4xx_HAL_Driver/Inc/stm32l4xx_hal_rcc.h:27,
                 from ../Core/Inc/stm32l4xx_hal_conf.h:258,
                 from ../Drivers/STM32L4xx_HAL_Driver/Inc/stm32l4xx_hal.h:29,
                 from ../Core/Inc/main.h:30,
                 from ../Core/Src/main.c:8:
../Core/Src/main.c:53:16: error: 'tmpref' undeclared (first use in this function)
   53 |         UNUSED(tmpref);
      |                ^~~~~~
../Drivers/STM32L4xx_HAL_Driver/Inc/stm32l4xx_hal_def.h:58:25: note: in definition of macro 'UNUSED'
   58 | #define UNUSED(X) (void)X      /* To avoid gcc/g++ warnings */
      |                         ^
../Core/Src/main.c:74:21: error: 'I2C_ICR_CLEAR' undeclared (first use in this function); did you mean 'I2C_ISR_BERR'?
   74 |         I2C1->ICR = I2C_ICR_CLEAR; //clear I2C ICR masks
      |                     ^~~~~~~~~~~~~
      |                     I2C_ISR_BERR
../Core/Src/main.c: In function 'GPIOPortConfig':
../Core/Src/main.c:84:9: error: 'tmpreg' undeclared (first use in this function)
   84 |         tmpreg = RCC->AHB2ENR;
      |         ^~~~~~
../Core/Src/main.c:85:16: error: 'tmpref' undeclared (first use in this function)
   85 |         UNUSED(tmpref);
      |                ^~~~~~
../Drivers/STM32L4xx_HAL_Driver/Inc/stm32l4xx_hal_def.h:58:25: note: in definition of macro 'UNUSED'
   58 | #define UNUSED(X) (void)X      /* To avoid gcc/g++ warnings */
      |                         ^
make: *** [Core/Src/subdir.mk:37: Core/Src/main.o] Error 1
"make -j14 all" terminated with exit code 2. Build might be incomplete.
19:08:31 **** Incremental Build of configuration Debug for project IMUTransceiverSTM32L476RG ****
make -j14 all 
arm-none-eabi-gcc "../Core/Src/main.c" -mcpu=cortex-m4 -std=gnu11 -g3 -DDEBUG -DUSE_HAL_DRIVER -DSTM32L476xx -c -I../Core/Inc -I../Drivers/STM32L4xx_HAL_Driver/Inc -I../Drivers/STM32L4xx_HAL_Driver/Inc/Legacy -I../Drivers/CMSIS/Device/ST/STM32L4xx/Include -I../Drivers/CMSIS/Include -I../FreeRTOS/include -I../FreeRTOS/ARM_CM4F -O0 -ffunction-sections -fdata-sections -Wall -fstack-usage -fcyclomatic-complexity -MMD -MP -MF"Core/Src/main.d" -MT"Core/Src/main.o" --specs=nano.specs -mfpu=fpv4-sp-d16 -mfloat-abi=hard -mthumb -o "Core/Src/main.o"
../Core/Src/main.c: In function 'I2CConfig':
../Core/Src/main.c:52:9: error: 'tmpreg' undeclared (first use in this function)
   52 |         tmpreg = RCC->APB1ENR1;
      |         ^~~~~~
../Core/Src/main.c:52:9: note: each undeclared identifier is reported only once for each function it appears in
In file included from ../Drivers/STM32L4xx_HAL_Driver/Inc/stm32l4xx_hal_rcc.h:27,
                 from ../Core/Inc/stm32l4xx_hal_conf.h:258,
                 from ../Drivers/STM32L4xx_HAL_Driver/Inc/stm32l4xx_hal.h:29,
                 from ../Core/Inc/main.h:30,
                 from ../Core/Src/main.c:8:
../Core/Src/main.c:53:16: error: 'tmpref' undeclared (first use in this function)
   53 |         UNUSED(tmpref);
      |                ^~~~~~
../Drivers/STM32L4xx_HAL_Driver/Inc/stm32l4xx_hal_def.h:58:25: note: in definition of macro 'UNUSED'
   58 | #define UNUSED(X) (void)X      /* To avoid gcc/g++ warnings */
      |                         ^
../Core/Src/main.c:74:21: error: 'I2C_ICR_CLEAR' undeclared (first use in this function); did you mean 'I2C_ISR_BERR'?
   74 |         I2C1->ICR = I2C_ICR_CLEAR; //clear I2C ICR masks
      |                     ^~~~~~~~~~~~~
      |                     I2C_ISR_BERR
../Core/Src/main.c: In function 'GPIOPortConfig':
../Core/Src/main.c:84:9: error: 'tmpreg' undeclared (first use in this function)
   84 |         tmpreg = RCC->AHB2ENR;
      |         ^~~~~~
../Core/Src/main.c:85:16: error: 'tmpref' undeclared (first use in this function)
   85 |         UNUSED(tmpref);
      |                ^~~~~~
../Drivers/STM32L4xx_HAL_Driver/Inc/stm32l4xx_hal_def.h:58:25: note: in definition of macro 'UNUSED'
   58 | #define UNUSED(X) (void)X      /* To avoid gcc/g++ warnings */
      |                         ^
make: *** [Core/Src/subdir.mk:37: Core/Src/main.o] Error 1
"make -j14 all" terminated with exit code 2. Build might be incomplete.
19:09:32 **** Incremental Build of configuration Debug for project IMUTransceiverSTM32L476RG ****
make -j14 all 
arm-none-eabi-gcc "../Core/Src/main.c" -mcpu=cortex-m4 -std=gnu11 -g3 -DDEBUG -DUSE_HAL_DRIVER -DSTM32L476xx -c -I../Core/Inc -I../Drivers/STM32L4xx_HAL_Driver/Inc -I../Drivers/STM32L4xx_HAL_Driver/Inc/Legacy -I../Drivers/CMSIS/Device/ST/STM32L4xx/Include -I../Drivers/CMSIS/Include -I../FreeRTOS/include -I../FreeRTOS/ARM_CM4F -O0 -ffunction-sections -fdata-sections -Wall -fstack-usage -fcyclomatic-complexity -MMD -MP -MF"Core/Src/main.d" -MT"Core/Src/main.o" --specs=nano.specs -mfpu=fpv4-sp-d16 -mfloat-abi=hard -mthumb -o "Core/Src/main.o"
In file included from ../Drivers/STM32L4xx_HAL_Driver/Inc/stm32l4xx_hal_rcc.h:27,
                 from ../Core/Inc/stm32l4xx_hal_conf.h:258,
                 from ../Drivers/STM32L4xx_HAL_Driver/Inc/stm32l4xx_hal.h:29,
                 from ../Core/Inc/main.h:30,
                 from ../Core/Src/main.c:8:
../Core/Src/main.c: In function 'I2CConfig':
../Core/Src/main.c:55:16: error: 'tmpref' undeclared (first use in this function); did you mean 'tmpreg'?
   55 |         UNUSED(tmpref);
      |                ^~~~~~
../Drivers/STM32L4xx_HAL_Driver/Inc/stm32l4xx_hal_def.h:58:25: note: in definition of macro 'UNUSED'
   58 | #define UNUSED(X) (void)X      /* To avoid gcc/g++ warnings */
      |                         ^
../Core/Src/main.c:55:16: note: each undeclared identifier is reported only once for each function it appears in
   55 |         UNUSED(tmpref);
      |                ^~~~~~
../Drivers/STM32L4xx_HAL_Driver/Inc/stm32l4xx_hal_def.h:58:25: note: in definition of macro 'UNUSED'
   58 | #define UNUSED(X) (void)X      /* To avoid gcc/g++ warnings */
      |                         ^
../Core/Src/main.c:76:21: error: 'I2C_ICR_CLEAR' undeclared (first use in this function); did you mean 'I2C_ISR_BERR'?
   76 |         I2C1->ICR = I2C_ICR_CLEAR; //clear I2C ICR masks
      |                     ^~~~~~~~~~~~~
      |                     I2C_ISR_BERR
../Core/Src/main.c: In function 'GPIOPortConfig':
../Core/Src/main.c:87:16: error: 'tmpref' undeclared (first use in this function); did you mean 'tmpreg'?
   87 |         UNUSED(tmpref);
      |                ^~~~~~
../Drivers/STM32L4xx_HAL_Driver/Inc/stm32l4xx_hal_def.h:58:25: note: in definition of macro 'UNUSED'
   58 | #define UNUSED(X) (void)X      /* To avoid gcc/g++ warnings */
      |                         ^
make: *** [Core/Src/subdir.mk:37: Core/Src/main.o] Error 1
"make -j14 all" terminated with exit code 2. Build might be incomplete.
19:09:52 **** Incremental Build of configuration Debug for project IMUTransceiverSTM32L476RG ****
make -j14 all 
arm-none-eabi-gcc "../Core/Src/main.c" -mcpu=cortex-m4 -std=gnu11 -g3 -DDEBUG -DUSE_HAL_DRIVER -DSTM32L476xx -c -I../Core/Inc -I../Drivers/STM32L4xx_HAL_Driver/Inc -I../Drivers/STM32L4xx_HAL_Driver/Inc/Legacy -I../Drivers/CMSIS/Device/ST/STM32L4xx/Include -I../Drivers/CMSIS/Include -I../FreeRTOS/include -I../FreeRTOS/ARM_CM4F -O0 -ffunction-sections -fdata-sections -Wall -fstack-usage -fcyclomatic-complexity -MMD -MP -MF"Core/Src/main.d" -MT"Core/Src/main.o" --specs=nano.specs -mfpu=fpv4-sp-d16 -mfloat-abi=hard -mthumb -o "Core/Src/main.o"
../Core/Src/main.c: In function 'I2CConfig':
../Core/Src/main.c:76:21: error: 'I2C_ICR_CLEAR' undeclared (first use in this function); did you mean 'I2C_ISR_BERR'?
   76 |         I2C1->ICR = I2C_ICR_CLEAR; //clear I2C ICR masks
      |                     ^~~~~~~~~~~~~
      |                     I2C_ISR_BERR
../Core/Src/main.c:76:21: note: each undeclared identifier is reported only once for each function it appears in
make: *** [Core/Src/subdir.mk:37: Core/Src/main.o] Error 1
"make -j14 all" terminated with exit code 2. Build might be incomplete.
19:10:40 **** Incremental Build of configuration Debug for project IMUTransceiverSTM32L476RG ****
make -j14 all 
arm-none-eabi-gcc "../Core/Src/main.c" -mcpu=cortex-m4 -std=gnu11 -g3 -DDEBUG -DUSE_HAL_DRIVER -DSTM32L476xx -c -I../Core/Inc -I../Drivers/STM32L4xx_HAL_Driver/Inc -I../Drivers/STM32L4xx_HAL_Driver/Inc/Legacy -I../Drivers/CMSIS/Device/ST/STM32L4xx/Include -I../Drivers/CMSIS/Include -I../FreeRTOS/include -I../FreeRTOS/ARM_CM4F -O0 -ffunction-sections -fdata-sections -Wall -fstack-usage -fcyclomatic-complexity -MMD -MP -MF"Core/Src/main.d" -MT"Core/Src/main.o" --specs=nano.specs -mfpu=fpv4-sp-d16 -mfloat-abi=hard -mthumb -o "Core/Src/main.o"
arm-none-eabi-gcc -o "IMUTransceiverSTM32L476RG.elf" @"objects.list"   -mcpu=cortex-m4 -T"C:\Users\Jonat\MIRAERTS\MCUs\IMUTransceiverSTM32L476RG\STM32L476RGTX_FLASH.ld" --specs=nosys.specs -Wl,-Map="IMUTransceiverSTM32L476RG.map" -Wl,--gc-sections -static --specs=nano.specs -mfpu=fpv4-sp-d16 -mfloat-abi=hard -mthumb -Wl,--start-group -lc -lm -Wl,--end-group
Finished building target: IMUTransceiverSTM32L476RG.elf
 
arm-none-eabi-size  IMUTransceiverSTM32L476RG.elf 
arm-none-eabi-objdump -h -S IMUTransceiverSTM32L476RG.elf  > "IMUTransceiverSTM32L476RG.list"
   text	   data	    bss	    dec	    hex	filename
  11252	     24	  17224	  28500	   6f54	IMUTransceiverSTM32L476RG.elf
Finished building: default.size.stdout
 
Finished building: IMUTransceiverSTM32L476RG.list
 
19:10:53 **** Incremental Build of configuration Debug for project IMUTransceiverSTM32L476RG ****
make -j14 all 
arm-none-eabi-size  IMUTransceiverSTM32L476RG.elf 
   text	   data	    bss	    dec	    hex	filename
  11252	     24	  17224	  28500	   6f54	IMUTransceiverSTM32L476RG.elf
Finished building: default.size.stdout
 
