18:01:24 **** Incremental Build of configuration Debug for project IMUTransceiverSTM32L476RG ****
make -j14 all 
arm-none-eabi-gcc "../Core/Src/freertos_hooks.c" -mcpu=cortex-m4 -std=gnu11 -g3 -DDEBUG -DUSE_HAL_DRIVER -DSTM32L476xx -c -I../Core/Inc -I../Drivers/STM32L4xx_HAL_Driver/Inc -I../Drivers/STM32L4xx_HAL_Driver/Inc/Legacy -I../Drivers/CMSIS/Device/ST/STM32L4xx/Include -I../Drivers/CMSIS/Include -I../FreeRTOS/include -I../FreeRTOS/ARM_CM4F -O0 -ffunction-sections -fdata-sections -Wall -fstack-usage -fcyclomatic-complexity -MMD -MP -MF"Core/Src/freertos_hooks.d" -MT"Core/Src/freertos_hooks.o" --specs=nano.specs -mfpu=fpv4-sp-d16 -mfloat-abi=hard -mthumb -o "Core/Src/freertos_hooks.o"
arm-none-eabi-gcc -o "IMUTransceiverSTM32L476RG.elf" @"objects.list"   -mcpu=cortex-m4 -T"C:\Users\Jonat\MIRAERTS\MCUs\IMUTransceiverSTM32L476RG\STM32L476RGTX_FLASH.ld" --specs=nosys.specs -Wl,-Map="IMUTransceiverSTM32L476RG.map" -Wl,--gc-sections -static --specs=nano.specs -mfpu=fpv4-sp-d16 -mfloat-abi=hard -mthumb -Wl,--start-group -lc -lm -Wl,--end-group
Finished building target: IMUTransceiverSTM32L476RG.elf
 
arm-none-eabi-size  IMUTransceiverSTM32L476RG.elf 
arm-none-eabi-objdump -h -S IMUTransceiverSTM32L476RG.elf  > "IMUTransceiverSTM32L476RG.list"
   text	   data	    bss	    dec	    hex	filename
  10960	     20	  17220	  28200	   6e28	IMUTransceiverSTM32L476RG.elf
Finished building: default.size.stdout
 
Finished building: IMUTransceiverSTM32L476RG.list
 

18:01:25 Build Finished. 0 errors, 0 warnings. (took 1s.132ms)

